# Synopsys Constraint Checker(syntax only), version mapact, Build 1346R, built Oct 10 2014
# Copyright (C) 1994-2014, Synopsys, Inc. This software and the associated documentation are proprietary to Synopsys, Inc. This software may only be used in accordance with the terms and conditions of a written license agreement with Synopsys, Inc.  All other use, reproduction, or distribution of this software is strictly prohibited.

# Written on Tue Sep 29 16:26:37 2015


##### DESIGN INFO #######################################################

Top View:                "mytimer"
Constraint File(s):      (none)

#Run constraint checker to find more issues with constraints.
#########################################################################



No issues found in constraint syntax.



Clock Summary
**************

Start     Requested     Requested     Clock     Clock
Clock     Frequency     Period        Type      Group
-----------------------------------------------------
=====================================================
