Target Part: A2F200M3F_FBGA484_STD
Report for cell ants_master.verilog
  Core Cell usage:
              cell count     area count*area
              AND2    55      1.0       55.0
             AND2A    14      1.0       14.0
              AND3    84      1.0       84.0
               AO1    84      1.0       84.0
              AO1A     9      1.0        9.0
              AO1B    12      1.0       12.0
              AO1C    84      1.0       84.0
              AOI1     8      1.0        8.0
             AOI1A    26      1.0       26.0
             AOI1B     9      1.0        9.0
              AX1C    21      1.0       21.0
              BUFF     5      1.0        5.0
            CLKINT     3      0.0        0.0
               GND    14      0.0        0.0
           MSS_APB     1      0.0        0.0
           MSS_CCC     1      0.0        0.0
               MX2    91      1.0       91.0
              MX2A    48      1.0       48.0
              MX2C    32      1.0       32.0
              NOR2    48      1.0       48.0
             NOR2A   107      1.0      107.0
             NOR2B   351      1.0      351.0
              NOR3    22      1.0       22.0
             NOR3A    36      1.0       36.0
             NOR3B   151      1.0      151.0
             NOR3C   190      1.0      190.0
               OA1    26      1.0       26.0
              OA1A    54      1.0       54.0
              OA1B     3      1.0        3.0
              OA1C     2      1.0        2.0
              OAI1     1      1.0        1.0
               OR2    19      1.0       19.0
              OR2A   182      1.0      182.0
              OR2B    10      1.0       10.0
               OR3    35      1.0       35.0
              OR3A     8      1.0        8.0
              OR3B    27      1.0       27.0
              OR3C     2      1.0        2.0
             RCOSC     1      0.0        0.0
               VCC    14      0.0        0.0
               XA1   139      1.0      139.0
              XA1B     7      1.0        7.0
             XNOR2   196      1.0      196.0
               XO1    21      1.0       21.0
              XOR2    81      1.0       81.0


              DFN1   214      1.0      214.0
            DFN1E0     4      1.0        4.0
            DFN1E1   285      1.0      285.0
                   -----          ----------
             TOTAL  2837              2803.0


  IO Cell usage:
              cell count
             BIBUF     1
         BIBUF_MSS     2
           INBUF_A     1
         INBUF_MSS     4
            OUTBUF     2
          OUTBUF_A     1
        OUTBUF_MSS     4
       TRIBUFF_MSS     1
                   -----
             TOTAL    16


Core Cells         : 2803 of 4608 (61%)
IO Cells           : 16

  RAM/ROM Usage Summary
Block Rams : 0 of 8 (0%)

