Target Part: A2F200M3F_FBGA484_STD
Report for cell ants_master.verilog
  Core Cell usage:
              cell count     area count*area
              AND2    52      1.0       52.0
             AND2A    14      1.0       14.0
              AND3    84      1.0       84.0
               AO1    40      1.0       40.0
              AO1A     4      1.0        4.0
              AO1B    13      1.0       13.0
              AO1C    84      1.0       84.0
              AOI1     3      1.0        3.0
             AOI1A    26      1.0       26.0
             AOI1B    15      1.0       15.0
              AX1C    33      1.0       33.0
              BUFF     8      1.0        8.0
            CLKINT     3      0.0        0.0
               GND    16      0.0        0.0
           MSS_APB     1      0.0        0.0
           MSS_CCC     1      0.0        0.0
               MX2   124      1.0      124.0
              MX2A    48      1.0       48.0
              MX2B     1      1.0        1.0
              MX2C    32      1.0       32.0
              NOR2    63      1.0       63.0
             NOR2A   142      1.0      142.0
             NOR2B   413      1.0      413.0
              NOR3    90      1.0       90.0
             NOR3A    40      1.0       40.0
             NOR3B   144      1.0      144.0
             NOR3C   217      1.0      217.0
               OA1    32      1.0       32.0
              OA1A    59      1.0       59.0
              OA1B     2      1.0        2.0
              OA1C     6      1.0        6.0
              OAI1     1      1.0        1.0
               OR2    24      1.0       24.0
              OR2A   185      1.0      185.0
              OR2B     9      1.0        9.0
               OR3    38      1.0       38.0
              OR3A    15      1.0       15.0
              OR3B    28      1.0       28.0
             RCOSC     1      0.0        0.0
               VCC    16      0.0        0.0
               XA1   183      1.0      183.0
              XA1A     2      1.0        2.0
              XA1B     7      1.0        7.0
              XA1C     9      1.0        9.0
             XNOR2   196      1.0      196.0
               XO1    20      1.0       20.0
              XOR2   100      1.0      100.0


              DFN1   271      1.0      271.0
            DFN1E0     4      1.0        4.0
            DFN1E1   317      1.0      317.0
                   -----          ----------
             TOTAL  3236              3198.0


  IO Cell usage:
              cell count
             BIBUF     1
         BIBUF_MSS     2
             INBUF     3
           INBUF_A     1
         INBUF_MSS     4
            OUTBUF     2
          OUTBUF_A     1
        OUTBUF_MSS     4
       TRIBUFF_MSS     1
                   -----
             TOTAL    19


Core Cells         : 3198 of 4608 (69%)
IO Cells           : 19

  RAM/ROM Usage Summary
Block Rams : 0 of 8 (0%)

