Target Part: A2F200M3F_FBGA484_STD
Report for cell ants_master.verilog
  Core Cell usage:
              cell count     area count*area
              AND2    48      1.0       48.0
             AND2A    14      1.0       14.0
              AND3    84      1.0       84.0
               AO1    72      1.0       72.0
              AO1A     6      1.0        6.0
              AO1B    17      1.0       17.0
              AO1C    89      1.0       89.0
              AOI1     3      1.0        3.0
             AOI1A    26      1.0       26.0
             AOI1B    12      1.0       12.0
              AX1C    47      1.0       47.0
              BUFF     4      1.0        4.0
            CLKINT     3      0.0        0.0
               GND    14      0.0        0.0
           MSS_APB     1      0.0        0.0
           MSS_CCC     1      0.0        0.0
               MX2   137      1.0      137.0
              MX2B     1      1.0        1.0
              MX2C    33      1.0       33.0
              NOR2    48      1.0       48.0
             NOR2A   176      1.0      176.0
             NOR2B   277      1.0      277.0
              NOR3    15      1.0       15.0
             NOR3A    47      1.0       47.0
             NOR3B   147      1.0      147.0
             NOR3C   209      1.0      209.0
               OA1    26      1.0       26.0
              OA1A    56      1.0       56.0
              OA1B     1      1.0        1.0
              OA1C     9      1.0        9.0
               OR2    27      1.0       27.0
              OR2A   156      1.0      156.0
              OR2B    12      1.0       12.0
               OR3    21      1.0       21.0
              OR3A    10      1.0       10.0
              OR3B     3      1.0        3.0
             RCOSC     1      0.0        0.0
               VCC    14      0.0        0.0
               XA1   100      1.0      100.0
              XA1B    20      1.0       20.0
             XNOR2   196      1.0      196.0
               XO1    20      1.0       20.0
              XOR2    82      1.0       82.0


              DFN1   212      1.0      212.0
            DFN1E0    68      1.0       68.0
            DFN1E1   220      1.0      220.0
                   -----          ----------
             TOTAL  2785              2751.0


  IO Cell usage:
              cell count
             BIBUF     1
         BIBUF_MSS     2
         INBUF_MSS     4
            OUTBUF     2
        OUTBUF_MSS     4
       TRIBUFF_MSS     1
                   -----
             TOTAL    14


Core Cells         : 2751 of 4608 (60%)
IO Cells           : 14

  RAM/ROM Usage Summary
Block Rams : 0 of 8 (0%)

