Target Part: A2F200M3F_FBGA484_STD
Report for cell andor.verilog
  Core Cell usage:
              cell count     area count*area
              AX1C     1      1.0        1.0
            CLKINT     1      0.0        0.0
               GND     4      0.0        0.0
               INV     3      1.0        3.0
           MSS_CCC     1      0.0        0.0
             NOR2A     1      1.0        1.0
             NOR2B     1      1.0        1.0
             NOR3C     1      1.0        1.0
               OR2     1      1.0        1.0
             RCOSC     1      0.0        0.0
               VCC     4      0.0        0.0
               XA1     1      1.0        1.0
              XOR2     1      1.0        1.0


              DFN1     5      1.0        5.0
                   -----          ----------
             TOTAL    26                15.0


  IO Cell usage:
              cell count
             INBUF     2
            OUTBUF     6
                   -----
             TOTAL     8


Core Cells         : 15 of 4608 (0%)
IO Cells           : 8

  RAM/ROM Usage Summary
Block Rams : 0 of 8 (0%)

