
Memory Configuration

Name             Origin             Length             Attributes
ram              0x20000000         0x00010000         xrw
*default*        0x00000000         0xffffffff

Linker script and memory map

LOAD ./gpio.o
LOAD ./main.o

.text           0x20000000       0x7c
 *(.int_vector)
 .int_vector    0x20000000        0x8 ./main.o
                0x20000000                _start
 *(.text*)
 .text          0x20000008       0x22 ./gpio.o
                0x20000008                initGPIO
                0x2000001e                setGPIO
 .text          0x2000002a       0x52 ./main.o
                0x2000007c                end = .
OUTPUT(lab2 elf32-littlearm)

.data           0x2000007c        0x0
 .data          0x2000007c        0x0 ./gpio.o
 .data          0x2000007c        0x0 ./main.o

.glue_7         0x2000007c        0x0
 .glue_7        0x00000000        0x0 linker stubs

.glue_7t        0x2000007c        0x0
 .glue_7t       0x00000000        0x0 linker stubs

.vfp11_veneer   0x2000007c        0x0
 .vfp11_veneer  0x00000000        0x0 linker stubs

.v4_bx          0x2000007c        0x0
 .v4_bx         0x00000000        0x0 linker stubs

.bss            0x2000007c        0x0
 .bss           0x2000007c        0x0 ./gpio.o
 .bss           0x2000007c        0x0 ./main.o

.ARM.attributes
                0x00000000       0x21
 .ARM.attributes
                0x00000000       0x21 ./gpio.o
 .ARM.attributes
                0x00000021       0x21 ./main.o

.debug_line     0x00000000       0x95
 .debug_line    0x00000000       0x45 ./gpio.o
 .debug_line    0x00000045       0x50 ./main.o

.debug_info     0x00000000       0xb4
 .debug_info    0x00000000       0x5a ./gpio.o
 .debug_info    0x0000005a       0x5a ./main.o

.debug_abbrev   0x00000000       0x28
 .debug_abbrev  0x00000000       0x14 ./gpio.o
 .debug_abbrev  0x00000014       0x14 ./main.o

.debug_aranges  0x00000000       0x40
 .debug_aranges
                0x00000000       0x20 ./gpio.o
 .debug_aranges
                0x00000020       0x20 ./main.o
