Archive member included because of file (symbol)

C:\Users\rpokeefe\repos\373\ants_master\SoftConsole\ants_master_MSS_MSS_CM3_0\ants_master_MSS_MSS_CM3_0_hw_platform\Debug\libants_master_MSS_MSS_CM3_0_hw_platform.a(mss_uart.o)
                              C:/Users/rpokeefe/repos/373/ants_master/SoftConsole/ants_master_MSS_MSS_CM3_0/ants_master_MSS_MSS_CM3_0_hw_platform/Debug/CMSIS/startup_gcc/newlib_stubs.o (g_mss_uart0)
C:\Users\rpokeefe\repos\373\ants_master\SoftConsole\ants_master_MSS_MSS_CM3_0\ants_master_MSS_MSS_CM3_0_hw_platform\Debug\libants_master_MSS_MSS_CM3_0_hw_platform.a(mss_spi.o)
                              ./drivers/Pixy_SPI.o (g_mss_spi1)
C:\Users\rpokeefe\repos\373\ants_master\SoftConsole\ants_master_MSS_MSS_CM3_0\ants_master_MSS_MSS_CM3_0_hw_platform\Debug\libants_master_MSS_MSS_CM3_0_hw_platform.a(mss_gpio.o)
                              ./main.o (MSS_GPIO_init)
C:\Users\rpokeefe\repos\373\ants_master\SoftConsole\ants_master_MSS_MSS_CM3_0\ants_master_MSS_MSS_CM3_0_hw_platform\Debug\libants_master_MSS_MSS_CM3_0_hw_platform.a(mss_ace.o)
                              ./main.o (ACE_init)
C:\Users\rpokeefe\repos\373\ants_master\SoftConsole\ants_master_MSS_MSS_CM3_0\ants_master_MSS_MSS_CM3_0_hw_platform\Debug\libants_master_MSS_MSS_CM3_0_hw_platform.a(system_a2fxxxm3.o)
                              C:\Users\rpokeefe\repos\373\ants_master\SoftConsole\ants_master_MSS_MSS_CM3_0\ants_master_MSS_MSS_CM3_0_hw_platform\Debug\libants_master_MSS_MSS_CM3_0_hw_platform.a(mss_uart.o) (g_FrequencyPCLK0)
C:\Users\rpokeefe\repos\373\ants_master\SoftConsole\ants_master_MSS_MSS_CM3_0\ants_master_MSS_MSS_CM3_0_hw_platform\Debug\libants_master_MSS_MSS_CM3_0_hw_platform.a(ace_config.o)
                              C:\Users\rpokeefe\repos\373\ants_master\SoftConsole\ants_master_MSS_MSS_CM3_0\ants_master_MSS_MSS_CM3_0_hw_platform\Debug\libants_master_MSS_MSS_CM3_0_hw_platform.a(mss_ace.o) (g_ace_channel_desc_table)
C:\Users\rpokeefe\repos\373\ants_master\SoftConsole\ants_master_MSS_MSS_CM3_0\ants_master_MSS_MSS_CM3_0_hw_platform\Debug\libants_master_MSS_MSS_CM3_0_hw_platform.a(ace_convert.o)
                              C:\Users\rpokeefe\repos\373\ants_master\SoftConsole\ants_master_MSS_MSS_CM3_0\ants_master_MSS_MSS_CM3_0_hw_platform\Debug\libants_master_MSS_MSS_CM3_0_hw_platform.a(mss_ace.o) (ace_init_convert)
C:\Users\rpokeefe\repos\373\ants_master\SoftConsole\ants_master_MSS_MSS_CM3_0\ants_master_MSS_MSS_CM3_0_hw_platform\Debug\libants_master_MSS_MSS_CM3_0_hw_platform.a(ace_flags.o)
                              C:\Users\rpokeefe\repos\373\ants_master\SoftConsole\ants_master_MSS_MSS_CM3_0\ants_master_MSS_MSS_CM3_0_hw_platform\Debug\libants_master_MSS_MSS_CM3_0_hw_platform.a(mss_ace.o) (ace_init_flags)
c:/actel/libero_v9.1/softconsole/sourcery-g++/bin/../lib/gcc/arm-none-eabi/4.4.1/thumb2\libgcc.a(_arm_addsubdf3.o)
                              ./main.o (__aeabi_ui2d)
c:/actel/libero_v9.1/softconsole/sourcery-g++/bin/../lib/gcc/arm-none-eabi/4.4.1/thumb2\libgcc.a(_arm_muldivdf3.o)
                              ./main.o (__aeabi_dmul)
c:/actel/libero_v9.1/softconsole/sourcery-g++/bin/../lib/gcc/arm-none-eabi/4.4.1/thumb2\libgcc.a(_arm_fixunsdfsi.o)
                              ./main.o (__aeabi_d2uiz)
c:/actel/libero_v9.1/softconsole/sourcery-g++/bin/../lib/gcc/arm-none-eabi/4.4.1/thumb2\libgcc.a(_arm_truncdfsf2.o)
                              ./drivers/dsensor_driver.o (__aeabi_d2f)
c:/actel/libero_v9.1/softconsole/sourcery-g++/bin/../lib/gcc/arm-none-eabi/4.4.1/thumb2\libgcc.a(_arm_addsubsf3.o)
                              ./drivers/stats_display.o (__aeabi_ui2f)
c:/actel/libero_v9.1/softconsole/sourcery-g++/bin/../lib/gcc/arm-none-eabi/4.4.1/thumb2\libgcc.a(_arm_muldivsf3.o)
                              ./drivers/stats_display.o (__aeabi_fmul)
c:/actel/libero_v9.1/softconsole/sourcery-g++/bin/../lib/gcc/arm-none-eabi/4.4.1/thumb2\libgcc.a(_arm_fixunssfsi.o)
                              ./main.o (__aeabi_f2uiz)
c:/actel/libero_v9.1/softconsole/sourcery-g++/bin/../lib/gcc/arm-none-eabi/4.4.1/../../../../arm-none-eabi/lib/thumb2\libc.a(lib_a-errno.o)
                              C:/Users/rpokeefe/repos/373/ants_master/SoftConsole/ants_master_MSS_MSS_CM3_0/ants_master_MSS_MSS_CM3_0_hw_platform/Debug/CMSIS/startup_gcc/newlib_stubs.o (__errno)
c:/actel/libero_v9.1/softconsole/sourcery-g++/bin/../lib/gcc/arm-none-eabi/4.4.1/../../../../arm-none-eabi/lib/thumb2\libc.a(lib_a-impure.o)
                              c:/actel/libero_v9.1/softconsole/sourcery-g++/bin/../lib/gcc/arm-none-eabi/4.4.1/../../../../arm-none-eabi/lib/thumb2\libc.a(lib_a-errno.o) (_impure_ptr)
c:/actel/libero_v9.1/softconsole/sourcery-g++/bin/../lib/gcc/arm-none-eabi/4.4.1/../../../../arm-none-eabi/lib/thumb2\libc.a(lib_a-init.o)
                              C:/Users/rpokeefe/repos/373/ants_master/SoftConsole/ants_master_MSS_MSS_CM3_0/ants_master_MSS_MSS_CM3_0_hw_platform/Debug/CMSIS/startup_gcc/startup_a2fxxxm3.o (__libc_init_array)
[...]
Memory Configuration

Name             Origin             Length             Attributes
ram              0x20000000         0x00010000         xrw
*default*        0x00000000         0xffffffff

Linker script and memory map

LOAD c:/actel/libero_v9.1/softconsole/sourcery-g++/bin/../lib/gcc/arm-none-eabi/4.4.1/thumb2/crti.o
LOAD c:/actel/libero_v9.1/softconsole/sourcery-g++/bin/../lib/gcc/arm-none-eabi/4.4.1/thumb2/crtbegin.o
LOAD ./main.o
LOAD ./main_lcd.o
LOAD ./drivers/LCD.o
LOAD ./drivers/Pixy_SPI.o
LOAD ./drivers/dsensor_driver.o
LOAD ./drivers/n64_driver.o
LOAD ./drivers/servo_control.o
LOAD ./drivers/stats_display.o
LOAD ./drivers/timer_t.o
LOAD C:/Users/rpokeefe/repos/373/ants_master/SoftConsole/ants_master_MSS_MSS_CM3_0/ants_master_MSS_MSS_CM3_0_hw_platform/Debug/CMSIS/startup_gcc/startup_a2fxxxm3.o
LOAD C:/Users/rpokeefe/repos/373/ants_master/SoftConsole/ants_master_MSS_MSS_CM3_0/ants_master_MSS_MSS_CM3_0_hw_platform/Debug/CMSIS/startup_gcc/newlib_stubs.o
LOAD C:\Users\rpokeefe\repos\373\ants_master\SoftConsole\ants_master_MSS_MSS_CM3_0\ants_master_MSS_MSS_CM3_0_hw_platform\Debug\libants_master_MSS_MSS_CM3_0_hw_platform.a
START GROUP
LOAD c:/actel/libero_v9.1/softconsole/sourcery-g++/bin/../lib/gcc/arm-none-eabi/4.4.1/thumb2\libgcc.a
LOAD c:/actel/libero_v9.1/softconsole/sourcery-g++/bin/../lib/gcc/arm-none-eabi/4.4.1/../../../../arm-none-eabi/lib/thumb2\libc.a
END GROUP
LOAD c:/actel/libero_v9.1/softconsole/sourcery-g++/bin/../lib/gcc/arm-none-eabi/4.4.1/thumb2/crtend.o
LOAD c:/actel/libero_v9.1/softconsole/sourcery-g++/bin/../lib/gcc/arm-none-eabi/4.4.1/thumb2/crtn.o
START GROUP
LOAD c:/actel/libero_v9.1/softconsole/sourcery-g++/bin/../lib/gcc/arm-none-eabi/4.4.1/../../../../arm-none-eabi/lib/thumb2\libc.a
LOAD c:/actel/libero_v9.1/softconsole/sourcery-g++/bin/../lib/gcc/arm-none-eabi/4.4.1/thumb2\libgcc.a
LOAD c:/actel/libero_v9.1/softconsole/sourcery-g++/bin/../lib/gcc/arm-none-eabi/4.4.1/../../../../arm-none-eabi/lib/thumb2\libm.a
END GROUP
                0x00000000                __DYNAMIC = 0x0
                0x20000000                RAM_START_ADDRESS = 0x20000000
                0x00010000                RAM_SIZE = 0x10000
                0x00002000                MAIN_STACK_SIZE = 0x2000
                0x00001000                PROCESS_STACK_SIZE = 0x1000
                0x20010000                PROVIDE (__main_stack_start, (RAM_START_ADDRESS + RAM_SIZE))
                0x2000e000                PROVIDE (__process_stack_start, (__main_stack_start - MAIN_STACK_SIZE))
                0x20010000                PROVIDE (_estack, __main_stack_start)
                0x00000000                PROVIDE (__mirrored_nvm, 0x0)

.text           0x20000000     0xc500
 CREATE_OBJECT_SYMBOLS
                0x20000000                __text_load = LOADADDR (.text)
                0x20000000                __text_start = .
                0x20000000                __vector_table_vma_base_address = .
 *(.isr_vector)
 .isr_vector    0x20000000      0x470 C:/Users/rpokeefe/repos/373/ants_master/SoftConsole/ants_master_MSS_MSS_CM3_0/ants_master_MSS_MSS_CM3_0_hw_platform/Debug/CMSIS/startup_gcc/startup_a2fxxxm3.o
                0x20000000                g_pfnVectors
                0x20000298                Reset_Handler
                0x20000308                NMI_Handler
                0x2000030a                HardFault_Handler
                0x2000030c                MemManage_Handler
                0x2000030e                BusFault_Handler
                0x20000310                UsageFault_Handler
                0x20000312                SVC_Handler
                0x20000314                DebugMon_Handler
                0x20000316                PendSV_Handler
                0x20000318                SysTick_Handler
                0x2000031a                WdogWakeup_IRQHandler
                0x2000031c                BrownOut_1_5V_IRQHandler
                0x2000031e                BrownOut_3_3V_IRQHandler
                0x20000320                RTC_Match_IRQHandler
                0x20000322                RTCIF_Pub_IRQHandler
                0x20000324                EthernetMAC_IRQHandler
                0x20000326                IAP_IRQHandler
                0x20000328                ENVM0_IRQHandler
                0x2000032a                ENVM1_IRQHandler
                0x2000032c                DMA_IRQHandler
                0x20000336                I2C0_IRQHandler
                0x20000338                I2C0_SMBAlert_IRQHandler
                0x2000033a                I2C0_SMBus_IRQHandler
                0x2000033c                I2C1_IRQHandler
                0x2000033e                I2C1_SMBAlert_IRQHandler
                0x20000340                I2C1_SMBus_IRQHandler
                0x20000344                Timer2_IRQHandler
                0x20000346                PLL_Lock_IRQHandler
                0x20000348                PLL_LockLost_IRQHandler
                0x2000034a                CommError_IRQHandler
                0x2000034c                Fabric_IRQHandler
                0x2000034e                GPIO0_IRQHandler
                0x20000350                GPIO1_IRQHandler
                0x20000352                GPIO2_IRQHandler
                0x20000354                GPIO3_IRQHandler
                0x20000356                GPIO4_IRQHandler
                0x20000358                GPIO5_IRQHandler
                0x2000035a                GPIO6_IRQHandler
                0x2000035c                GPIO7_IRQHandler
                0x2000035e                GPIO8_IRQHandler
                0x20000360                GPIO9_IRQHandler
                0x20000362                GPIO10_IRQHandler
                0x20000364                GPIO11_IRQHandler
                0x20000366                GPIO12_IRQHandler
                0x20000368                GPIO13_IRQHandler
                0x2000036a                GPIO14_IRQHandler
                0x2000036c                GPIO15_IRQHandler
                0x2000036e                GPIO16_IRQHandler
                0x20000370                GPIO17_IRQHandler
                0x20000372                GPIO18_IRQHandler
                0x20000374                GPIO19_IRQHandler
                0x20000376                GPIO20_IRQHandler
                0x20000378                GPIO21_IRQHandler
                0x2000037a                GPIO22_IRQHandler
                0x2000037c                GPIO23_IRQHandler
                0x2000037e                GPIO24_IRQHandler
                0x20000380                GPIO25_IRQHandler
                0x20000382                GPIO26_IRQHandler
                0x20000384                GPIO27_IRQHandler
                0x20000386                GPIO28_IRQHandler
                0x20000388                GPIO29_IRQHandler
                0x2000038a                GPIO30_IRQHandler
                0x2000038c                GPIO31_IRQHandler
                0x2000038e                ACE_PC0_Flag0_IRQHandler
                0x20000390                ACE_PC0_Flag1_IRQHandler
                0x20000392                ACE_PC0_Flag2_IRQHandler
                0x20000394                ACE_PC0_Flag3_IRQHandler
                0x20000396                ACE_PC1_Flag0_IRQHandler
                0x20000398                ACE_PC1_Flag1_IRQHandler
                0x2000039a                ACE_PC1_Flag2_IRQHandler
                0x2000039c                ACE_PC1_Flag3_IRQHandler
                0x2000039e                ACE_PC2_Flag0_IRQHandler
                0x200003a0                ACE_PC2_Flag1_IRQHandler
                0x200003a2                ACE_PC2_Flag2_IRQHandler
                0x200003a4                ACE_PC2_Flag3_IRQHandler
                0x200003a6                ACE_ADC0_DataValid_IRQHandler
                0x200003a8                ACE_ADC1_DataValid_IRQHandler
                0x200003aa                ACE_ADC2_DataValid_IRQHandler
                0x200003ac                ACE_ADC0_CalDone_IRQHandler
                0x200003ae                ACE_ADC1_CalDone_IRQHandler
                0x200003b0                ACE_ADC2_CalDone_IRQHandler
                0x200003b2                ACE_ADC0_CalStart_IRQHandler
                0x200003b4                ACE_ADC1_CalStart_IRQHandler
                0x200003b6                ACE_ADC2_CalStart_IRQHandler
                0x200003b8                ACE_Comp0_Fall_IRQHandler
                0x200003ba                ACE_Comp1_Fall_IRQHandler
                0x200003bc                ACE_Comp2_Fall_IRQHandler
                0x200003be                ACE_Comp3_Fall_IRQHandler
                0x200003c0                ACE_Comp4_Fall_IRQHandler
                0x200003c2                ACE_Comp5_Fall_IRQHandler
                0x200003c4                ACE_Comp6_Fall_IRQHandler
                0x200003c6                ACE_Comp7_Fall_IRQHandler
                0x200003c8                ACE_Comp8_Fall_IRQHandler
                0x200003ca                ACE_Comp9_Fall_IRQHandler
                0x200003cc                ACE_Comp10_Fall_IRQHandler
                0x200003ce                ACE_Comp11_Fall_IRQHandler
                0x200003d0                ACE_Comp0_Rise_IRQHandler
                0x200003d2                ACE_Comp1_Rise_IRQHandler
                0x200003d4                ACE_Comp2_Rise_IRQHandler
                0x200003d6                ACE_Comp3_Rise_IRQHandler
                0x200003d8                ACE_Comp4_Rise_IRQHandler
                0x200003da                ACE_Comp5_Rise_IRQHandler
                0x200003dc                ACE_Comp6_Rise_IRQHandler
                0x200003de                ACE_Comp7_Rise_IRQHandler
                0x200003e0                ACE_Comp8_Rise_IRQHandler
                0x200003e2                ACE_Comp9_Rise_IRQHandler
                0x200003e4                ACE_Comp10_Rise_IRQHandler
                0x200003e6                ACE_Comp11_Rise_IRQHandler
                0x200003e8                ACE_ADC0_FifoFull_IRQHandler
                0x200003ea                ACE_ADC0_FifoAFull_IRQHandler
                0x200003ec                ACE_ADC0_FifoEmpty_IRQHandler
                0x200003ee                ACE_ADC1_FifoFull_IRQHandler
                0x200003f0                ACE_ADC1_FifoAFull_IRQHandler
                0x200003f2                ACE_ADC1_FifoEmpty_IRQHandler
                0x200003f4                ACE_ADC2_FifoFull_IRQHandler
                0x200003f6                ACE_ADC2_FifoAFull_IRQHandler
                0x200003f8                ACE_ADC2_FifoEmpty_IRQHandler
 *(.text .text.* .gnu.linkonce.t.*)
 .text          0x20000470       0x30 c:/actel/libero_v9.1/softconsole/sourcery-g++/bin/../lib/gcc/arm-none-eabi/4.4.1/thumb2/crtbegin.o
 .text.lcd_init
                0x200004a0       0x88 ./main.o
                0x200004a0                lcd_init
 .text.do_servos_manual
                0x20000528      0x108 ./main.o
                0x20000528                do_servos_manual
 .text._reload_motion
                0x20000630       0x40 ./main.o
                0x20000630                _reload_motion
 .text.lights_set
                0x20000670       0x4c ./main.o
                0x20000670                lights_set
 .text.do_manual_reload
                0x200006bc       0xf0 ./main.o
                0x200006bc                do_manual_reload
 .text.do_ready_live_fire
                0x200007ac       0x98 ./main.o
                0x200007ac                do_ready_live_fire
 .text.lights_init
                0x20000844       0x38 ./main.o
                0x20000844                lights_init
 .text.trigger_solenoid_activate
                0x2000087c       0x28 ./main.o
                0x2000087c                trigger_solenoid_activate
 .text._fire_dart
                0x200008a4       0x78 ./main.o
                0x200008a4                _fire_dart
 *fill*         0x2000091c        0x4 00
 .text.do_automatic
                0x20000920      0x588 ./main.o
                0x20000920                do_automatic
 .text.do_solenoid
                0x20000ea8       0x38 ./main.o
                0x20000ea8                do_solenoid
 .text.trigger_solenoid_pin_init
                0x20000ee0       0x18 ./main.o
                0x20000ee0                trigger_solenoid_pin_init
 .text.main     0x20000ef8       0xc8 ./main.o
                0x20000ef8                main
 .text.LCD_drawCircle
                0x20000fc0       0x68 ./drivers/LCD.o
                0x20000fc0                LCD_drawCircle
 .text.LCD_drawLine
                0x20001028       0x78 ./drivers/LCD.o
                0x20001028                LCD_drawLine
 .text.LCD_drawBox
                0x200010a0       0xc8 ./drivers/LCD.o
                0x200010a0                LCD_drawBox
 .text.LCD_setY
                0x20001168       0x40 ./drivers/LCD.o
                0x20001168                LCD_setY
 .text.LCD_setX
                0x200011a8       0x40 ./drivers/LCD.o
                0x200011a8                LCD_setX
 .text.LCD_setPos
                0x200011e8       0x14 ./drivers/LCD.o
                0x200011e8                LCD_setPos
 .text.LCD_clearScreen
                0x200011fc       0x30 ./drivers/LCD.o
                0x200011fc                LCD_clearScreen
 .text.LCD_printStr
                0x2000122c       0x10 ./drivers/LCD.o
                0x2000122c                LCD_printStr
 .text.LCD_init
                0x2000123c       0x14 ./drivers/LCD.o
                0x2000123c                LCD_init
 .text.Pixy_init
                0x20001250       0x38 ./drivers/Pixy_SPI.o
                0x20001250                Pixy_init
 .text.getByte  0x20001288       0x2c ./drivers/Pixy_SPI.o
                0x20001288                getByte
 .text.getWord  0x200012b4       0x7c ./drivers/Pixy_SPI.o
 .text.Pixy_get_start
                0x20001330       0x84 ./drivers/Pixy_SPI.o
                0x20001330                Pixy_get_start
 .text.Pixy_get_blocks
                0x200013b4      0x130 ./drivers/Pixy_SPI.o
                0x200013b4                Pixy_get_blocks
 .text.Pixy_get_target_location
                0x200014e4       0x28 ./drivers/Pixy_SPI.o
                0x200014e4                Pixy_get_target_location
 *fill*         0x2000150c        0x4 00
 .text.get_distance
                0x20001510       0x28 ./drivers/dsensor_driver.o
                0x20001510                get_distance
 .text.n64_get_state
                0x20001538       0x14 ./drivers/n64_driver.o
                0x20001538                n64_get_state
 .text.n64_reset
                0x2000154c       0x10 ./drivers/n64_driver.o
                0x2000154c                n64_reset
 .text.n64_enable
                0x2000155c       0x10 ./drivers/n64_driver.o
                0x2000155c                n64_enable
 .text.map_n64_analog_to_servo_pwm
                0x2000156c       0x80 ./drivers/n64_driver.o
                0x2000156c                map_n64_analog_to_servo_pwm
 .text.set_x_servo_analog_pw
                0x200015ec       0x1c ./drivers/servo_control.o
                0x200015ec                set_x_servo_analog_pw
 .text.set_y_servo_analog_pw
                0x20001608       0x1c ./drivers/servo_control.o
                0x20001608                set_y_servo_analog_pw
 .text.disp_upd_finish
                0x20001624       0x10 ./drivers/stats_display.o
                0x20001624                disp_upd_finish
 .text.disp_scale_x
                0x20001634       0x1c ./drivers/stats_display.o
                0x20001634                disp_scale_x
 .text.disp_scale_y
                0x20001650       0x1c ./drivers/stats_display.o
                0x20001650                disp_scale_y
 .text.disp_write_mode
                0x2000166c       0x8c ./drivers/stats_display.o
                0x2000166c                disp_write_mode
 .text.disp_write_shots
                0x200016f8       0x80 ./drivers/stats_display.o
                0x200016f8                disp_write_shots
 .text.disp_write_dist
                0x20001778       0x7c ./drivers/stats_display.o
                0x20001778                disp_write_dist
 .text.disp_write_targ_vals
                0x200017f4       0x98 ./drivers/stats_display.o
                0x200017f4                disp_write_targ_vals
 .text.disp_write_targ_circle
                0x2000188c       0x6c ./drivers/stats_display.o
                0x2000188c                disp_write_targ_circle
 .text.disp_erase_old_targ_circle
                0x200018f8       0x70 ./drivers/stats_display.o
                0x200018f8                disp_erase_old_targ_circle
 .text.disp_update
                0x20001968      0x3e0 ./drivers/stats_display.o
                0x20001968                disp_update
 .text.disp_init
                0x20001d48       0x90 ./drivers/stats_display.o
                0x20001d48                disp_init
 .text.start_hardware_timer
                0x20001dd8       0x88 ./drivers/timer_t.o
                0x20001dd8                start_hardware_timer
 .text.set_clk  0x20001e60        0xc ./drivers/timer_t.o
                0x20001e60                set_clk
 .text.to_ticks
                0x20001e6c       0x18 ./drivers/timer_t.o
                0x20001e6c                to_ticks
 .text._end_delay_timer
                0x20001e84       0x60 ./drivers/timer_t.o
                0x20001e84                _end_delay_timer
 .text.add_timer
                0x20001ee4       0x50 ./drivers/timer_t.o
                0x20001ee4                add_timer
 .text.add_timer_single
                0x20001f34        0x8 ./drivers/timer_t.o
                0x20001f34                add_timer_single
 .text.use_me_carefully_ms_delay_timer
                0x20001f3c       0x84 ./drivers/timer_t.o
                0x20001f3c                use_me_carefully_ms_delay_timer
 .text.update_timers
                0x20001fc0       0xa0 ./drivers/timer_t.o
                0x20001fc0                update_timers
 .text.Timer1_IRQHandler
                0x20002060       0x50 ./drivers/timer_t.o
                0x20002060                Timer1_IRQHandler
 .text._close   0x200020b0       0x18 C:/Users/rpokeefe/repos/373/ants_master/SoftConsole/ants_master_MSS_MSS_CM3_0/ants_master_MSS_MSS_CM3_0_hw_platform/Debug/CMSIS/startup_gcc/newlib_stubs.o
                0x200020b0                _close
 .text._exit    0x200020c8        0xc C:/Users/rpokeefe/repos/373/ants_master/SoftConsole/ants_master_MSS_MSS_CM3_0/ants_master_MSS_MSS_CM3_0_hw_platform/Debug/CMSIS/startup_gcc/newlib_stubs.o
                0x200020c8                _exit
 .text._fstat   0x200020d4       0x24 C:/Users/rpokeefe/repos/373/ants_master/SoftConsole/ants_master_MSS_MSS_CM3_0/ants_master_MSS_MSS_CM3_0_hw_platform/Debug/CMSIS/startup_gcc/newlib_stubs.o
                0x200020d4                _fstat
 .text._isatty  0x200020f8       0x18 C:/Users/rpokeefe/repos/373/ants_master/SoftConsole/ants_master_MSS_MSS_CM3_0/ants_master_MSS_MSS_CM3_0_hw_platform/Debug/CMSIS/startup_gcc/newlib_stubs.o
                0x200020f8                _isatty
 .text._lseek   0x20002110       0x1c C:/Users/rpokeefe/repos/373/ants_master/SoftConsole/ants_master_MSS_MSS_CM3_0/ants_master_MSS_MSS_CM3_0_hw_platform/Debug/CMSIS/startup_gcc/newlib_stubs.o
                0x20002110                _lseek
 .text._read    0x2000212c       0x1c C:/Users/rpokeefe/repos/373/ants_master/SoftConsole/ants_master_MSS_MSS_CM3_0/ants_master_MSS_MSS_CM3_0_hw_platform/Debug/CMSIS/startup_gcc/newlib_stubs.o
                0x2000212c                _read
 .text._write_r
                0x20002148       0x5c C:/Users/rpokeefe/repos/373/ants_master/SoftConsole/ants_master_MSS_MSS_CM3_0/ants_master_MSS_MSS_CM3_0_hw_platform/Debug/CMSIS/startup_gcc/newlib_stubs.o
                0x20002148                _write_r
 .text._sbrk    0x200021a4       0x94 C:/Users/rpokeefe/repos/373/ants_master/SoftConsole/ants_master_MSS_MSS_CM3_0/ants_master_MSS_MSS_CM3_0_hw_platform/Debug/CMSIS/startup_gcc/newlib_stubs.o
                0x200021a4                _sbrk
 .text.NVIC_ClearPendingIRQ
                0x20002238       0x3c C:\Users\rpokeefe\repos\373\ants_master\SoftConsole\ants_master_MSS_MSS_CM3_0\ants_master_MSS_MSS_CM3_0_hw_platform\Debug\libants_master_MSS_MSS_CM3_0_hw_platform.a(mss_uart.o)
 .text.MSS_UART_init
                0x20002274      0x204 C:\Users\rpokeefe\repos\373\ants_master\SoftConsole\ants_master_MSS_MSS_CM3_0\ants_master_MSS_MSS_CM3_0_hw_platform\Debug\libants_master_MSS_MSS_CM3_0_hw_platform.a(mss_uart.o)
                0x20002274                MSS_UART_init
 .text.MSS_UART_polled_tx
                0x20002478       0xe4 C:\Users\rpokeefe\repos\373\ants_master\SoftConsole\ants_master_MSS_MSS_CM3_0\ants_master_MSS_MSS_CM3_0_hw_platform\Debug\libants_master_MSS_MSS_CM3_0_hw_platform.a(mss_uart.o)
                0x20002478                MSS_UART_polled_tx
 .text.MSS_UART_polled_tx_string
                0x2000255c       0xd0 C:\Users\rpokeefe\repos\373\ants_master\SoftConsole\ants_master_MSS_MSS_CM3_0\ants_master_MSS_MSS_CM3_0_hw_platform\Debug\libants_master_MSS_MSS_CM3_0_hw_platform.a(mss_uart.o)
                0x2000255c                MSS_UART_polled_tx_string
 .text.MSS_UART_isr
                0x2000262c      0x11c C:\Users\rpokeefe\repos\373\ants_master\SoftConsole\ants_master_MSS_MSS_CM3_0\ants_master_MSS_MSS_CM3_0_hw_platform\Debug\libants_master_MSS_MSS_CM3_0_hw_platform.a(mss_uart.o)
 .text.default_tx_handler
                0x20002748      0x108 C:\Users\rpokeefe\repos\373\ants_master\SoftConsole\ants_master_MSS_MSS_CM3_0\ants_master_MSS_MSS_CM3_0_hw_platform\Debug\libants_master_MSS_MSS_CM3_0_hw_platform.a(mss_uart.o)
 .text.UART0_IRQHandler
                0x20002850       0x2c C:\Users\rpokeefe\repos\373\ants_master\SoftConsole\ants_master_MSS_MSS_CM3_0\ants_master_MSS_MSS_CM3_0_hw_platform\Debug\libants_master_MSS_MSS_CM3_0_hw_platform.a(mss_uart.o)
                0x20002850                UART0_IRQHandler
 .text.UART1_IRQHandler
                0x2000287c       0x2c C:\Users\rpokeefe\repos\373\ants_master\SoftConsole\ants_master_MSS_MSS_CM3_0\ants_master_MSS_MSS_CM3_0_hw_platform\Debug\libants_master_MSS_MSS_CM3_0_hw_platform.a(mss_uart.o)
                0x2000287c                UART1_IRQHandler
 .text.NVIC_EnableIRQ
                0x200028a8       0x38 C:\Users\rpokeefe\repos\373\ants_master\SoftConsole\ants_master_MSS_MSS_CM3_0\ants_master_MSS_MSS_CM3_0_hw_platform\Debug\libants_master_MSS_MSS_CM3_0_hw_platform.a(mss_spi.o)
 .text.NVIC_DisableIRQ
                0x200028e0       0x3c C:\Users\rpokeefe\repos\373\ants_master\SoftConsole\ants_master_MSS_MSS_CM3_0\ants_master_MSS_MSS_CM3_0_hw_platform\Debug\libants_master_MSS_MSS_CM3_0_hw_platform.a(mss_spi.o)
 .text.NVIC_ClearPendingIRQ
                0x2000291c       0x3c C:\Users\rpokeefe\repos\373\ants_master\SoftConsole\ants_master_MSS_MSS_CM3_0\ants_master_MSS_MSS_CM3_0_hw_platform\Debug\libants_master_MSS_MSS_CM3_0_hw_platform.a(mss_spi.o)
 .text.MSS_SPI_init
                0x20002958      0x134 C:\Users\rpokeefe\repos\373\ants_master\SoftConsole\ants_master_MSS_MSS_CM3_0\ants_master_MSS_MSS_CM3_0_hw_platform\Debug\libants_master_MSS_MSS_CM3_0_hw_platform.a(mss_spi.o)
                0x20002958                MSS_SPI_init
 .text.recover_from_rx_overflow
                0x20002a8c      0x160 C:\Users\rpokeefe\repos\373\ants_master\SoftConsole\ants_master_MSS_MSS_CM3_0\ants_master_MSS_MSS_CM3_0_hw_platform\Debug\libants_master_MSS_MSS_CM3_0_hw_platform.a(mss_spi.o)
 .text.MSS_SPI_configure_master_mode
                0x20002bec      0x120 C:\Users\rpokeefe\repos\373\ants_master\SoftConsole\ants_master_MSS_MSS_CM3_0\ants_master_MSS_MSS_CM3_0_hw_platform\Debug\libants_master_MSS_MSS_CM3_0_hw_platform.a(mss_spi.o)
                0x20002bec                MSS_SPI_configure_master_mode
 .text.MSS_SPI_set_slave_select
                0x20002d0c      0x108 C:\Users\rpokeefe\repos\373\ants_master\SoftConsole\ants_master_MSS_MSS_CM3_0\ants_master_MSS_MSS_CM3_0_hw_platform\Debug\libants_master_MSS_MSS_CM3_0_hw_platform.a(mss_spi.o)
                0x20002d0c                MSS_SPI_set_slave_select
 .text.MSS_SPI_clear_slave_select
                0x20002e14       0x90 C:\Users\rpokeefe\repos\373\ants_master\SoftConsole\ants_master_MSS_MSS_CM3_0\ants_master_MSS_MSS_CM3_0_hw_platform\Debug\libants_master_MSS_MSS_CM3_0_hw_platform.a(mss_spi.o)
                0x20002e14                MSS_SPI_clear_slave_select
 .text.MSS_SPI_transfer_frame
                0x20002ea4       0xec C:\Users\rpokeefe\repos\373\ants_master\SoftConsole\ants_master_MSS_MSS_CM3_0\ants_master_MSS_MSS_CM3_0_hw_platform\Debug\libants_master_MSS_MSS_CM3_0_hw_platform.a(mss_spi.o)
                0x20002ea4                MSS_SPI_transfer_frame
 .text.fill_slave_tx_fifo
                0x20002f90       0xe0 C:\Users\rpokeefe\repos\373\ants_master\SoftConsole\ants_master_MSS_MSS_CM3_0\ants_master_MSS_MSS_CM3_0_hw_platform\Debug\libants_master_MSS_MSS_CM3_0_hw_platform.a(mss_spi.o)
 .text.read_slave_rx_fifo
                0x20003070       0xac C:\Users\rpokeefe\repos\373\ants_master\SoftConsole\ants_master_MSS_MSS_CM3_0\ants_master_MSS_MSS_CM3_0_hw_platform\Debug\libants_master_MSS_MSS_CM3_0_hw_platform.a(mss_spi.o)
 .text.mss_spi_isr
                0x2000311c      0x2b0 C:\Users\rpokeefe\repos\373\ants_master\SoftConsole\ants_master_MSS_MSS_CM3_0\ants_master_MSS_MSS_CM3_0_hw_platform\Debug\libants_master_MSS_MSS_CM3_0_hw_platform.a(mss_spi.o)
 .text.SPI0_IRQHandler
                0x200033cc       0x2c C:\Users\rpokeefe\repos\373\ants_master\SoftConsole\ants_master_MSS_MSS_CM3_0\ants_master_MSS_MSS_CM3_0_hw_platform\Debug\libants_master_MSS_MSS_CM3_0_hw_platform.a(mss_spi.o)
                0x200033cc                SPI0_IRQHandler
 .text.SPI1_IRQHandler
                0x200033f8       0x2c C:\Users\rpokeefe\repos\373\ants_master\SoftConsole\ants_master_MSS_MSS_CM3_0\ants_master_MSS_MSS_CM3_0_hw_platform\Debug\libants_master_MSS_MSS_CM3_0_hw_platform.a(mss_spi.o)
                0x200033f8                SPI1_IRQHandler
 .text.NVIC_ClearPendingIRQ
                0x20003424       0x3c C:\Users\rpokeefe\repos\373\ants_master\SoftConsole\ants_master_MSS_MSS_CM3_0\ants_master_MSS_MSS_CM3_0_hw_platform\Debug\libants_master_MSS_MSS_CM3_0_hw_platform.a(mss_gpio.o)
 .text.MSS_GPIO_init
                0x20003460       0x6c C:\Users\rpokeefe\repos\373\ants_master\SoftConsole\ants_master_MSS_MSS_CM3_0\ants_master_MSS_MSS_CM3_0_hw_platform\Debug\libants_master_MSS_MSS_CM3_0_hw_platform.a(mss_gpio.o)
                0x20003460                MSS_GPIO_init
 .text.MSS_GPIO_config
                0x200034cc       0x3c C:\Users\rpokeefe\repos\373\ants_master\SoftConsole\ants_master_MSS_MSS_CM3_0\ants_master_MSS_MSS_CM3_0_hw_platform\Debug\libants_master_MSS_MSS_CM3_0_hw_platform.a(mss_gpio.o)
                0x200034cc                MSS_GPIO_config
 .text.MSS_GPIO_set_output
                0x20003508       0x40 C:\Users\rpokeefe\repos\373\ants_master\SoftConsole\ants_master_MSS_MSS_CM3_0\ants_master_MSS_MSS_CM3_0_hw_platform\Debug\libants_master_MSS_MSS_CM3_0_hw_platform.a(mss_gpio.o)
                0x20003508                MSS_GPIO_set_output
 .text.SystemInit
                0x20003548        0xc C:\Users\rpokeefe\repos\373\ants_master\SoftConsole\ants_master_MSS_MSS_CM3_0\ants_master_MSS_MSS_CM3_0_hw_platform\Debug\libants_master_MSS_MSS_CM3_0_hw_platform.a(system_a2fxxxm3.o)
                0x20003548                SystemInit
 .text.SystemCoreClockUpdate
                0x20003554      0x150 C:\Users\rpokeefe\repos\373\ants_master\SoftConsole\ants_master_MSS_MSS_CM3_0\ants_master_MSS_MSS_CM3_0_hw_platform\Debug\libants_master_MSS_MSS_CM3_0_hw_platform.a(system_a2fxxxm3.o)
                0x20003554                SystemCoreClockUpdate
 .text.GetSystemClock
                0x200036a4       0xe8 C:\Users\rpokeefe\repos\373\ants_master\SoftConsole\ants_master_MSS_MSS_CM3_0\ants_master_MSS_MSS_CM3_0_hw_platform\Debug\libants_master_MSS_MSS_CM3_0_hw_platform.a(system_a2fxxxm3.o)
 .text.NVIC_ClearPendingIRQ
                0x2000378c       0x3c C:\Users\rpokeefe\repos\373\ants_master\SoftConsole\ants_master_MSS_MSS_CM3_0\ants_master_MSS_MSS_CM3_0_hw_platform\Debug\libants_master_MSS_MSS_CM3_0_hw_platform.a(ace_flags.o)
 .text.process_flag_irq
                0x200037c8       0x14 C:\Users\rpokeefe\repos\373\ants_master\SoftConsole\ants_master_MSS_MSS_CM3_0\ants_master_MSS_MSS_CM3_0_hw_platform\Debug\libants_master_MSS_MSS_CM3_0_hw_platform.a(ace_flags.o)
 .text.ACE_PPE_Flag0_IRQHandler
                0x200037dc       0x28 C:\Users\rpokeefe\repos\373\ants_master\SoftConsole\ants_master_MSS_MSS_CM3_0\ants_master_MSS_MSS_CM3_0_hw_platform\Debug\libants_master_MSS_MSS_CM3_0_hw_platform.a(ace_flags.o)
                0x200037dc                ACE_PPE_Flag0_IRQHandler
 .text.ACE_PPE_Flag1_IRQHandler
                0x20003804       0x28 C:\Users\rpokeefe\repos\373\ants_master\SoftConsole\ants_master_MSS_MSS_CM3_0\ants_master_MSS_MSS_CM3_0_hw_platform\Debug\libants_master_MSS_MSS_CM3_0_hw_platform.a(ace_flags.o)
                0x20003804                ACE_PPE_Flag1_IRQHandler
 .text.ACE_PPE_Flag2_IRQHandler
                0x2000382c       0x28 C:\Users\rpokeefe\repos\373\ants_master\SoftConsole\ants_master_MSS_MSS_CM3_0\ants_master_MSS_MSS_CM3_0_hw_platform\Debug\libants_master_MSS_MSS_CM3_0_hw_platform.a(ace_flags.o)
                0x2000382c                ACE_PPE_Flag2_IRQHandler
 .text.ACE_PPE_Flag3_IRQHandler
                0x20003854       0x28 C:\Users\rpokeefe\repos\373\ants_master\SoftConsole\ants_master_MSS_MSS_CM3_0\ants_master_MSS_MSS_CM3_0_hw_platform\Debug\libants_master_MSS_MSS_CM3_0_hw_platform.a(ace_flags.o)
                0x20003854                ACE_PPE_Flag3_IRQHandler
 .text.ACE_PPE_Flag4_IRQHandler
                0x2000387c       0x28 C:\Users\rpokeefe\repos\373\ants_master\SoftConsole\ants_master_MSS_MSS_CM3_0\ants_master_MSS_MSS_CM3_0_hw_platform\Debug\libants_master_MSS_MSS_CM3_0_hw_platform.a(ace_flags.o)
                0x2000387c                ACE_PPE_Flag4_IRQHandler
 .text.ACE_PPE_Flag5_IRQHandler
                0x200038a4       0x28 C:\Users\rpokeefe\repos\373\ants_master\SoftConsole\ants_master_MSS_MSS_CM3_0\ants_master_MSS_MSS_CM3_0_hw_platform\Debug\libants_master_MSS_MSS_CM3_0_hw_platform.a(ace_flags.o)
                0x200038a4                ACE_PPE_Flag5_IRQHandler
 .text.ACE_PPE_Flag6_IRQHandler
                0x200038cc       0x28 C:\Users\rpokeefe\repos\373\ants_master\SoftConsole\ants_master_MSS_MSS_CM3_0\ants_master_MSS_MSS_CM3_0_hw_platform\Debug\libants_master_MSS_MSS_CM3_0_hw_platform.a(ace_flags.o)
                0x200038cc                ACE_PPE_Flag6_IRQHandler
 .text.ACE_PPE_Flag7_IRQHandler
                0x200038f4       0x28 C:\Users\rpokeefe\repos\373\ants_master\SoftConsole\ants_master_MSS_MSS_CM3_0\ants_master_MSS_MSS_CM3_0_hw_platform\Debug\libants_master_MSS_MSS_CM3_0_hw_platform.a(ace_flags.o)
                0x200038f4                ACE_PPE_Flag7_IRQHandler
 .text.ACE_PPE_Flag8_IRQHandler
                0x2000391c       0x28 C:\Users\rpokeefe\repos\373\ants_master\SoftConsole\ants_master_MSS_MSS_CM3_0\ants_master_MSS_MSS_CM3_0_hw_platform\Debug\libants_master_MSS_MSS_CM3_0_hw_platform.a(ace_flags.o)
                0x2000391c                ACE_PPE_Flag8_IRQHandler
 .text.ACE_PPE_Flag9_IRQHandler
                0x20003944       0x28 C:\Users\rpokeefe\repos\373\ants_master\SoftConsole\ants_master_MSS_MSS_CM3_0\ants_master_MSS_MSS_CM3_0_hw_platform\Debug\libants_master_MSS_MSS_CM3_0_hw_platform.a(ace_flags.o)
                0x20003944                ACE_PPE_Flag9_IRQHandler
 .text.ACE_PPE_Flag10_IRQHandler
                0x2000396c       0x28 C:\Users\rpokeefe\repos\373\ants_master\SoftConsole\ants_master_MSS_MSS_CM3_0\ants_master_MSS_MSS_CM3_0_hw_platform\Debug\libants_master_MSS_MSS_CM3_0_hw_platform.a(ace_flags.o)
                0x2000396c                ACE_PPE_Flag10_IRQHandler
 .text.ACE_PPE_Flag11_IRQHandler
                0x20003994       0x28 C:\Users\rpokeefe\repos\373\ants_master\SoftConsole\ants_master_MSS_MSS_CM3_0\ants_master_MSS_MSS_CM3_0_hw_platform\Debug\libants_master_MSS_MSS_CM3_0_hw_platform.a(ace_flags.o)
                0x20003994                ACE_PPE_Flag11_IRQHandler
 .text.ACE_PPE_Flag12_IRQHandler
                0x200039bc       0x28 C:\Users\rpokeefe\repos\373\ants_master\SoftConsole\ants_master_MSS_MSS_CM3_0\ants_master_MSS_MSS_CM3_0_hw_platform\Debug\libants_master_MSS_MSS_CM3_0_hw_platform.a(ace_flags.o)
                0x200039bc                ACE_PPE_Flag12_IRQHandler
 .text.ACE_PPE_Flag13_IRQHandler
                0x200039e4       0x28 C:\Users\rpokeefe\repos\373\ants_master\SoftConsole\ants_master_MSS_MSS_CM3_0\ants_master_MSS_MSS_CM3_0_hw_platform\Debug\libants_master_MSS_MSS_CM3_0_hw_platform.a(ace_flags.o)
                0x200039e4                ACE_PPE_Flag13_IRQHandler
 .text.ACE_PPE_Flag14_IRQHandler
                0x20003a0c       0x28 C:\Users\rpokeefe\repos\373\ants_master\SoftConsole\ants_master_MSS_MSS_CM3_0\ants_master_MSS_MSS_CM3_0_hw_platform\Debug\libants_master_MSS_MSS_CM3_0_hw_platform.a(ace_flags.o)
                0x20003a0c                ACE_PPE_Flag14_IRQHandler
 .text.ACE_PPE_Flag15_IRQHandler
                0x20003a34       0x28 C:\Users\rpokeefe\repos\373\ants_master\SoftConsole\ants_master_MSS_MSS_CM3_0\ants_master_MSS_MSS_CM3_0_hw_platform\Debug\libants_master_MSS_MSS_CM3_0_hw_platform.a(ace_flags.o)
                0x20003a34                ACE_PPE_Flag15_IRQHandler
 .text.ACE_PPE_Flag16_IRQHandler
                0x20003a5c       0x28 C:\Users\rpokeefe\repos\373\ants_master\SoftConsole\ants_master_MSS_MSS_CM3_0\ants_master_MSS_MSS_CM3_0_hw_platform\Debug\libants_master_MSS_MSS_CM3_0_hw_platform.a(ace_flags.o)
                0x20003a5c                ACE_PPE_Flag16_IRQHandler
 .text.ACE_PPE_Flag17_IRQHandler
                0x20003a84       0x28 C:\Users\rpokeefe\repos\373\ants_master\SoftConsole\ants_master_MSS_MSS_CM3_0\ants_master_MSS_MSS_CM3_0_hw_platform\Debug\libants_master_MSS_MSS_CM3_0_hw_platform.a(ace_flags.o)
                0x20003a84                ACE_PPE_Flag17_IRQHandler
 .text.ACE_PPE_Flag18_IRQHandler
                0x20003aac       0x28 C:\Users\rpokeefe\repos\373\ants_master\SoftConsole\ants_master_MSS_MSS_CM3_0\ants_master_MSS_MSS_CM3_0_hw_platform\Debug\libants_master_MSS_MSS_CM3_0_hw_platform.a(ace_flags.o)
                0x20003aac                ACE_PPE_Flag18_IRQHandler
 .text.ACE_PPE_Flag19_IRQHandler
                0x20003ad4       0x28 C:\Users\rpokeefe\repos\373\ants_master\SoftConsole\ants_master_MSS_MSS_CM3_0\ants_master_MSS_MSS_CM3_0_hw_platform\Debug\libants_master_MSS_MSS_CM3_0_hw_platform.a(ace_flags.o)
                0x20003ad4                ACE_PPE_Flag19_IRQHandler
 .text.ACE_PPE_Flag20_IRQHandler
                0x20003afc       0x28 C:\Users\rpokeefe\repos\373\ants_master\SoftConsole\ants_master_MSS_MSS_CM3_0\ants_master_MSS_MSS_CM3_0_hw_platform\Debug\libants_master_MSS_MSS_CM3_0_hw_platform.a(ace_flags.o)
                0x20003afc                ACE_PPE_Flag20_IRQHandler
 .text.ACE_PPE_Flag21_IRQHandler
                0x20003b24       0x28 C:\Users\rpokeefe\repos\373\ants_master\SoftConsole\ants_master_MSS_MSS_CM3_0\ants_master_MSS_MSS_CM3_0_hw_platform\Debug\libants_master_MSS_MSS_CM3_0_hw_platform.a(ace_flags.o)
                0x20003b24                ACE_PPE_Flag21_IRQHandler
 .text.ACE_PPE_Flag22_IRQHandler
                0x20003b4c       0x28 C:\Users\rpokeefe\repos\373\ants_master\SoftConsole\ants_master_MSS_MSS_CM3_0\ants_master_MSS_MSS_CM3_0_hw_platform\Debug\libants_master_MSS_MSS_CM3_0_hw_platform.a(ace_flags.o)
                0x20003b4c                ACE_PPE_Flag22_IRQHandler
 .text.ACE_PPE_Flag23_IRQHandler
                0x20003b74       0x28 C:\Users\rpokeefe\repos\373\ants_master\SoftConsole\ants_master_MSS_MSS_CM3_0\ants_master_MSS_MSS_CM3_0_hw_platform\Debug\libants_master_MSS_MSS_CM3_0_hw_platform.a(ace_flags.o)
                0x20003b74                ACE_PPE_Flag23_IRQHandler
 .text.ACE_PPE_Flag24_IRQHandler
                0x20003b9c       0x28 C:\Users\rpokeefe\repos\373\ants_master\SoftConsole\ants_master_MSS_MSS_CM3_0\ants_master_MSS_MSS_CM3_0_hw_platform\Debug\libants_master_MSS_MSS_CM3_0_hw_platform.a(ace_flags.o)
                0x20003b9c                ACE_PPE_Flag24_IRQHandler
 .text.ACE_PPE_Flag25_IRQHandler
                0x20003bc4       0x28 C:\Users\rpokeefe\repos\373\ants_master\SoftConsole\ants_master_MSS_MSS_CM3_0\ants_master_MSS_MSS_CM3_0_hw_platform\Debug\libants_master_MSS_MSS_CM3_0_hw_platform.a(ace_flags.o)
                0x20003bc4                ACE_PPE_Flag25_IRQHandler
 .text.ACE_PPE_Flag26_IRQHandler
                0x20003bec       0x28 C:\Users\rpokeefe\repos\373\ants_master\SoftConsole\ants_master_MSS_MSS_CM3_0\ants_master_MSS_MSS_CM3_0_hw_platform\Debug\libants_master_MSS_MSS_CM3_0_hw_platform.a(ace_flags.o)
                0x20003bec                ACE_PPE_Flag26_IRQHandler
 .text.ACE_PPE_Flag27_IRQHandler
                0x20003c14       0x28 C:\Users\rpokeefe\repos\373\ants_master\SoftConsole\ants_master_MSS_MSS_CM3_0\ants_master_MSS_MSS_CM3_0_hw_platform\Debug\libants_master_MSS_MSS_CM3_0_hw_platform.a(ace_flags.o)
                0x20003c14                ACE_PPE_Flag27_IRQHandler
 .text.ACE_PPE_Flag28_IRQHandler
                0x20003c3c       0x28 C:\Users\rpokeefe\repos\373\ants_master\SoftConsole\ants_master_MSS_MSS_CM3_0\ants_master_MSS_MSS_CM3_0_hw_platform\Debug\libants_master_MSS_MSS_CM3_0_hw_platform.a(ace_flags.o)
                0x20003c3c                ACE_PPE_Flag28_IRQHandler
 .text.ACE_PPE_Flag29_IRQHandler
                0x20003c64       0x28 C:\Users\rpokeefe\repos\373\ants_master\SoftConsole\ants_master_MSS_MSS_CM3_0\ants_master_MSS_MSS_CM3_0_hw_platform\Debug\libants_master_MSS_MSS_CM3_0_hw_platform.a(ace_flags.o)
                0x20003c64                ACE_PPE_Flag29_IRQHandler
 .text.ACE_PPE_Flag30_IRQHandler
                0x20003c8c       0x28 C:\Users\rpokeefe\repos\373\ants_master\SoftConsole\ants_master_MSS_MSS_CM3_0\ants_master_MSS_MSS_CM3_0_hw_platform\Debug\libants_master_MSS_MSS_CM3_0_hw_platform.a(ace_flags.o)
                0x20003c8c                ACE_PPE_Flag30_IRQHandler
 .text.ACE_PPE_Flag31_IRQHandler
                0x20003cb4       0x28 C:\Users\rpokeefe\repos\373\ants_master\SoftConsole\ants_master_MSS_MSS_CM3_0\ants_master_MSS_MSS_CM3_0_hw_platform\Debug\libants_master_MSS_MSS_CM3_0_hw_platform.a(ace_flags.o)
                0x20003cb4                ACE_PPE_Flag31_IRQHandler
 .text          0x20003cdc      0x370 c:/actel/libero_v9.1/softconsole/sourcery-g++/bin/../lib/gcc/arm-none-eabi/4.4.1/thumb2\libgcc.a(_arm_addsubdf3.o)
                0x20003cdc                __aeabi_drsub
                0x20003ce4                __aeabi_dsub
                0x20003ce4                __subdf3
                0x20003ce8                __aeabi_dadd
                0x20003ce8                __adddf3
                0x20003f60                __floatunsidf
                0x20003f60                __aeabi_ui2d
                0x20003f80                __floatsidf
                0x20003f80                __aeabi_i2d
                0x20003fa4                __aeabi_f2d
                0x20003fa4                __extendsfdf2
                0x20003fe0                __floatundidf
                0x20003fe0                __aeabi_ul2d
                0x20003ff0                __floatdidf
                0x20003ff0                __aeabi_l2d
 .text          0x2000404c      0x424 c:/actel/libero_v9.1/softconsole/sourcery-g++/bin/../lib/gcc/arm-none-eabi/4.4.1/thumb2\libgcc.a(_arm_muldivdf3.o)
                0x2000404c                __aeabi_dmul
                0x2000404c                __muldf3
                0x200042a0                __divdf3
                0x200042a0                __aeabi_ddiv
 .text          0x20004470       0x40 c:/actel/libero_v9.1/softconsole/sourcery-g++/bin/../lib/gcc/arm-none-eabi/4.4.1/thumb2\libgcc.a(_arm_fixunsdfsi.o)
                0x20004470                __aeabi_d2uiz
                0x20004470                __fixunsdfsi
 .text          0x200044b0       0xa0 c:/actel/libero_v9.1/softconsole/sourcery-g++/bin/../lib/gcc/arm-none-eabi/4.4.1/thumb2\libgcc.a(_arm_truncdfsf2.o)
                0x200044b0                __truncdfsf2
                0x200044b0                __aeabi_d2f
 .text          0x20004550      0x21c c:/actel/libero_v9.1/softconsole/sourcery-g++/bin/../lib/gcc/arm-none-eabi/4.4.1/thumb2\libgcc.a(_arm_addsubsf3.o)
                0x20004550                __aeabi_frsub
                0x20004558                __subsf3
                0x20004558                __aeabi_fsub
                0x2000455c                __aeabi_fadd
                0x2000455c                __addsf3
                0x200046bc                __aeabi_ui2f
                0x200046bc                __floatunsisf
                0x200046c4                __aeabi_i2f
                0x200046c4                __floatsisf
                0x200046e0                __aeabi_ul2f
                0x200046e0                __floatundisf
                0x200046f0                __aeabi_l2f
                0x200046f0                __floatdisf
 .text          0x2000476c      0x2a0 c:/actel/libero_v9.1/softconsole/sourcery-g++/bin/../lib/gcc/arm-none-eabi/4.4.1/thumb2\libgcc.a(_arm_muldivsf3.o)
                0x2000476c                __mulsf3
                0x2000476c                __aeabi_fmul
                0x200048d4                __aeabi_fdiv
                0x200048d4                __divsf3
 .text          0x20004a0c       0x40 c:/actel/libero_v9.1/softconsole/sourcery-g++/bin/../lib/gcc/arm-none-eabi/4.4.1/thumb2\libgcc.a(_arm_fixunssfsi.o)
                0x20004a0c                __fixunssfsi
                0x20004a0c                __aeabi_f2uiz
 .text          0x20004a4c       0x50 c:/actel/libero_v9.1/softconsole/sourcery-g++/bin/../lib/gcc/arm-none-eabi/4.4.1/../../../../arm-none-eabi/lib/thumb2\libc.a(lib_a-init.o)
                0x20004a4c                __libc_init_array
 .text          0x20004a9c       0x20 c:/actel/libero_v9.1/softconsole/sourcery-g++/bin/../lib/gcc/arm-none-eabi/4.4.1/../../../../arm-none-eabi/lib/thumb2\libc.a(lib_a-malloc.o)
                0x20004a9c                free
                0x20004aac                malloc
 .text          0x20004abc      0x5a4 c:/actel/libero_v9.1/softconsole/sourcery-g++/bin/../lib/gcc/arm-none-eabi/4.4.1/../../../../arm-none-eabi/lib/thumb2\libc.a(lib_a-mallocr.o)
                0x20004abc                _malloc_r
 .text          0x20005060      0x190 c:/actel/libero_v9.1/softconsole/sourcery-g++/bin/../lib/gcc/arm-none-eabi/4.4.1/../../../../arm-none-eabi/lib/thumb2\libc.a(lib_a-memcpy.o)
                0x20005060                memcpy
 .text          0x200051f0       0xd4 c:/actel/libero_v9.1/softconsole/sourcery-g++/bin/../lib/gcc/arm-none-eabi/4.4.1/../../../../arm-none-eabi/lib/thumb2\libc.a(lib_a-memset.o)
                0x200051f0                memset
 .text          0x200052c4        0x8 c:/actel/libero_v9.1/softconsole/sourcery-g++/bin/../lib/gcc/arm-none-eabi/4.4.1/../../../../arm-none-eabi/lib/thumb2\libc.a(lib_a-mlock.o)
                0x200052c4                __malloc_lock
                0x200052c8                __malloc_unlock
 .text          0x200052cc       0x64 c:/actel/libero_v9.1/softconsole/sourcery-g++/bin/../lib/gcc/arm-none-eabi/4.4.1/../../../../arm-none-eabi/lib/thumb2\libc.a(lib_a-printf.o)
                0x200052cc                printf
                0x20005304                _printf_r
 .text          0x20005330       0x88 c:/actel/libero_v9.1/softconsole/sourcery-g++/bin/../lib/gcc/arm-none-eabi/4.4.1/../../../../arm-none-eabi/lib/thumb2\libc.a(lib_a-puts.o)
                0x20005330                _puts_r
                0x200053a8                puts
 .text          0x200053b8       0x28 c:/actel/libero_v9.1/softconsole/sourcery-g++/bin/../lib/gcc/arm-none-eabi/4.4.1/../../../../arm-none-eabi/lib/thumb2\libc.a(lib_a-sbrkr.o)
                0x200053b8                _sbrk_r
 .text          0x200053e0       0x94 c:/actel/libero_v9.1/softconsole/sourcery-g++/bin/../lib/gcc/arm-none-eabi/4.4.1/../../../../arm-none-eabi/lib/thumb2\libc.a(lib_a-sprintf.o)
                0x200053e0                sprintf
                0x20005430                _sprintf_r
 .text          0x20005474       0x60 c:/actel/libero_v9.1/softconsole/sourcery-g++/bin/../lib/gcc/arm-none-eabi/4.4.1/../../../../arm-none-eabi/lib/thumb2\libc.a(lib_a-strlen.o)
                0x20005474                strlen
 .text          0x200054d4     0x15a8 c:/actel/libero_v9.1/softconsole/sourcery-g++/bin/../lib/gcc/arm-none-eabi/4.4.1/../../../../arm-none-eabi/lib/thumb2\libc.a(lib_a-svfprintf.o)
                0x200055f0                _svfprintf_r
 .text          0x20006a7c     0x1940 c:/actel/libero_v9.1/softconsole/sourcery-g++/bin/../lib/gcc/arm-none-eabi/4.4.1/../../../../arm-none-eabi/lib/thumb2\libc.a(lib_a-vfprintf.o)
                0x20006a98                _vfprintf_r
                0x200083a0                vfprintf
 .text          0x200083bc      0x104 c:/actel/libero_v9.1/softconsole/sourcery-g++/bin/../lib/gcc/arm-none-eabi/4.4.1/../../../../arm-none-eabi/lib/thumb2\libc.a(lib_a-wsetup.o)
                0x200083bc                __swsetup_r
 .text          0x200084c0      0xfb8 c:/actel/libero_v9.1/softconsole/sourcery-g++/bin/../lib/gcc/arm-none-eabi/4.4.1/../../../../arm-none-eabi/lib/thumb2\libc.a(lib_a-dtoa.o)
                0x200085e0                _dtoa_r
 .text          0x20009478      0x178 c:/actel/libero_v9.1/softconsole/sourcery-g++/bin/../lib/gcc/arm-none-eabi/4.4.1/../../../../arm-none-eabi/lib/thumb2\libc.a(lib_a-fflush.o)
                0x20009478                _fflush_r
                0x200095c8                fflush
 .text          0x200095f0      0x1c8 c:/actel/libero_v9.1/softconsole/sourcery-g++/bin/../lib/gcc/arm-none-eabi/4.4.1/../../../../arm-none-eabi/lib/thumb2\libc.a(lib_a-findfp.o)
                0x200095f0                __sfp_lock_acquire
                0x200095f4                __sfp_lock_release
                0x200095f8                __sinit_lock_acquire
                0x200095fc                __sinit_lock_release
                0x20009608                __fp_unlock_all
                0x20009620                __fp_lock_all
                0x20009638                _cleanup_r
                0x20009644                _cleanup
                0x200096a0                __sfmoreglue
                0x200096d0                __sfp
                0x20009758                __sinit
 .text          0x200097b8      0x268 c:/actel/libero_v9.1/softconsole/sourcery-g++/bin/../lib/gcc/arm-none-eabi/4.4.1/../../../../arm-none-eabi/lib/thumb2\libc.a(lib_a-freer.o)
                0x200097b8                _malloc_trim_r
                0x20009860                _free_r
 .text          0x20009a20      0x334 c:/actel/libero_v9.1/softconsole/sourcery-g++/bin/../lib/gcc/arm-none-eabi/4.4.1/../../../../arm-none-eabi/lib/thumb2\libc.a(lib_a-fvwrite.o)
                0x20009a20                __sfvwrite_r
 .text          0x20009d54       0xa0 c:/actel/libero_v9.1/softconsole/sourcery-g++/bin/../lib/gcc/arm-none-eabi/4.4.1/../../../../arm-none-eabi/lib/thumb2\libc.a(lib_a-fwalk.o)
                0x20009d54                _fwalk_reent
                0x20009da8                _fwalk
 .text          0x20009df4       0x74 c:/actel/libero_v9.1/softconsole/sourcery-g++/bin/../lib/gcc/arm-none-eabi/4.4.1/../../../../arm-none-eabi/lib/thumb2\libc.a(lib_a-locale.o)
                0x20009df4                __locale_charset
                0x20009e00                _localeconv_r
                0x20009e08                localeconv
                0x20009e10                _setlocale_r
                0x20009e58                setlocale
 .text          0x20009e68       0xdc c:/actel/libero_v9.1/softconsole/sourcery-g++/bin/../lib/gcc/arm-none-eabi/4.4.1/../../../../arm-none-eabi/lib/thumb2\libc.a(lib_a-makebuf.o)
                0x20009e68                __smakebuf_r
 .text          0x20009f44       0x74 c:/actel/libero_v9.1/softconsole/sourcery-g++/bin/../lib/gcc/arm-none-eabi/4.4.1/../../../../arm-none-eabi/lib/thumb2\libc.a(lib_a-memchr.o)
                0x20009f44                memchr
 .text          0x20009fb8       0xb8 c:/actel/libero_v9.1/softconsole/sourcery-g++/bin/../lib/gcc/arm-none-eabi/4.4.1/../../../../arm-none-eabi/lib/thumb2\libc.a(lib_a-memmove.o)
                0x20009fb8                memmove
 .text          0x2000a070      0x958 c:/actel/libero_v9.1/softconsole/sourcery-g++/bin/../lib/gcc/arm-none-eabi/4.4.1/../../../../arm-none-eabi/lib/thumb2\libc.a(lib_a-mprec.o)
                0x2000a070                __hi0bits
                0x2000a0b0                __lo0bits
                0x2000a114                __mcmp
                0x2000a154                __ulp
                0x2000a1a0                __b2d
                0x2000a248                __ratio
                0x2000a2a8                _mprec_log10
                0x2000a2e0                __copybits
                0x2000a330                __any_on
                0x2000a388                _Bfree
                0x2000a3c0                _Balloc
                0x2000a42c                __d2b
                0x2000a4fc                __mdiff
                0x2000a5f4                __lshift
                0x2000a6b0                __multiply
                0x2000a7e4                __i2b
                0x2000a7f8                __multadd
                0x2000a880                __pow5mult
                0x2000a92c                __s2b
 .text          0x2000a9c8      0x3b4 c:/actel/libero_v9.1/softconsole/sourcery-g++/bin/../lib/gcc/arm-none-eabi/4.4.1/../../../../arm-none-eabi/lib/thumb2\libc.a(lib_a-reallocr.o)
                0x2000a9c8                _realloc_r
 .text          0x2000ad7c       0x24 c:/actel/libero_v9.1/softconsole/sourcery-g++/bin/../lib/gcc/arm-none-eabi/4.4.1/../../../../arm-none-eabi/lib/thumb2\libc.a(lib_a-s_isinfd.o)
                0x2000ad7c                __isinfd
 .text          0x2000ada0       0x1c c:/actel/libero_v9.1/softconsole/sourcery-g++/bin/../lib/gcc/arm-none-eabi/4.4.1/../../../../arm-none-eabi/lib/thumb2\libc.a(lib_a-s_isnand.o)
                0x2000ada0                __isnand
 .text          0x2000adbc       0x90 c:/actel/libero_v9.1/softconsole/sourcery-g++/bin/../lib/gcc/arm-none-eabi/4.4.1/../../../../arm-none-eabi/lib/thumb2\libc.a(lib_a-stdio.o)
                0x2000adbc                __sclose
                0x2000adc4                __sseek
                0x2000adec                __swrite
                0x2000ae28                __sread
 .text          0x2000ae4c      0x1dc c:/actel/libero_v9.1/softconsole/sourcery-g++/bin/../lib/gcc/arm-none-eabi/4.4.1/../../../../arm-none-eabi/lib/thumb2\libc.a(lib_a-strcmp.o)
                0x2000ae4c                strcmp
 .text          0x2000b028       0x5c c:/actel/libero_v9.1/softconsole/sourcery-g++/bin/../lib/gcc/arm-none-eabi/4.4.1/../../../../arm-none-eabi/lib/thumb2\libc.a(lib_a-callocr.o)
                0x2000b028                _calloc_r
 .text          0x2000b084       0x28 c:/actel/libero_v9.1/softconsole/sourcery-g++/bin/../lib/gcc/arm-none-eabi/4.4.1/../../../../arm-none-eabi/lib/thumb2\libc.a(lib_a-closer.o)
                0x2000b084                _close_r
 .text          0x2000b0ac       0xcc c:/actel/libero_v9.1/softconsole/sourcery-g++/bin/../lib/gcc/arm-none-eabi/4.4.1/../../../../arm-none-eabi/lib/thumb2\libc.a(lib_a-fclose.o)
                0x2000b0ac                _fclose_r
                0x2000b168                fclose
 .text          0x2000b178       0x2c c:/actel/libero_v9.1/softconsole/sourcery-g++/bin/../lib/gcc/arm-none-eabi/4.4.1/../../../../arm-none-eabi/lib/thumb2\libc.a(lib_a-fstatr.o)
                0x2000b178                _fstat_r
 .text          0x2000b1a4       0x28 c:/actel/libero_v9.1/softconsole/sourcery-g++/bin/../lib/gcc/arm-none-eabi/4.4.1/../../../../arm-none-eabi/lib/thumb2\libc.a(lib_a-isattyr.o)
                0x2000b1a4                _isatty_r
 .text          0x2000b1cc       0x2c c:/actel/libero_v9.1/softconsole/sourcery-g++/bin/../lib/gcc/arm-none-eabi/4.4.1/../../../../arm-none-eabi/lib/thumb2\libc.a(lib_a-lseekr.o)
                0x2000b1cc                _lseek_r
 .text          0x2000b1f8       0x2c c:/actel/libero_v9.1/softconsole/sourcery-g++/bin/../lib/gcc/arm-none-eabi/4.4.1/../../../../arm-none-eabi/lib/thumb2\libc.a(lib_a-readr.o)
                0x2000b1f8                _read_r
 *fill*         0x2000b224        0x4 00
 .text          0x2000b228      0x278 c:/actel/libero_v9.1/softconsole/sourcery-g++/bin/../lib/gcc/arm-none-eabi/4.4.1/thumb2\libgcc.a(_udivsi3.o)
                0x2000b228                __aeabi_uidiv
                0x2000b228                __udivsi3
                0x2000b484                __aeabi_uidivmod
 .text          0x2000b4a0        0x4 c:/actel/libero_v9.1/softconsole/sourcery-g++/bin/../lib/gcc/arm-none-eabi/4.4.1/thumb2\libgcc.a(_dvmd_tls.o)
                0x2000b4a0                __aeabi_idiv0
                0x2000b4a0                __aeabi_ldiv0
 .text          0x2000b4a4      0x110 c:/actel/libero_v9.1/softconsole/sourcery-g++/bin/../lib/gcc/arm-none-eabi/4.4.1/thumb2\libgcc.a(_arm_cmpdf2.o)
                0x2000b4a4                __gtdf2
                0x2000b4a4                __gedf2
                0x2000b4ac                __ltdf2
                0x2000b4ac                __ledf2
                0x2000b4b4                __nedf2
                0x2000b4b4                __eqdf2
                0x2000b4b4                __cmpdf2
                0x2000b530                __aeabi_cdrcmple
                0x2000b540                __aeabi_cdcmpeq
                0x2000b540                __aeabi_cdcmple
                0x2000b550                __aeabi_dcmpeq
                0x2000b564                __aeabi_dcmplt
                0x2000b578                __aeabi_dcmple
                0x2000b58c                __aeabi_dcmpge
                0x2000b5a0                __aeabi_dcmpgt
 .text          0x2000b5b4       0x50 c:/actel/libero_v9.1/softconsole/sourcery-g++/bin/../lib/gcc/arm-none-eabi/4.4.1/thumb2\libgcc.a(_arm_fixdfsi.o)
                0x2000b5b4                __aeabi_d2iz
                0x2000b5b4                __fixdfsi
 .text          0x2000b604       0x2c c:/actel/libero_v9.1/softconsole/sourcery-g++/bin/../lib/gcc/arm-none-eabi/4.4.1/thumb2\libgcc.a(_aeabi_uldivmod.o)
                0x2000b604                __aeabi_uldivmod
 .text          0x2000b630       0x58 c:/actel/libero_v9.1/softconsole/sourcery-g++/bin/../lib/gcc/arm-none-eabi/4.4.1/thumb2\libgcc.a(bpabi.o)
                0x2000b630                __gnu_uldivmod_helper
                0x2000b65c                __gnu_ldivmod_helper
 .text          0x2000b688      0x364 c:/actel/libero_v9.1/softconsole/sourcery-g++/bin/../lib/gcc/arm-none-eabi/4.4.1/thumb2\libgcc.a(_divdi3.o)
                0x2000b688                __divdi3
 .text          0x2000b9ec      0x300 c:/actel/libero_v9.1/softconsole/sourcery-g++/bin/../lib/gcc/arm-none-eabi/4.4.1/thumb2\libgcc.a(_udivdi3.o)
                0x2000b9ec                __udivdi3
 *(.plt)
 *(.gnu.warning)
 *(.glue_7t)
 .glue_7t       0x00000000        0x0 linker stubs
 *(.glue_7)
 .glue_7        0x00000000        0x0 linker stubs
 *(.vfp11_veneer)
 .vfp11_veneer  0x00000000        0x0 linker stubs
                0x2000bcec                . = ALIGN (0x4)
 *crtbegin.o(.ctors)
 *(EXCLUDE_FILE(*crtend.o) .ctors)
 *(SORT(.ctors.*))
 *crtend.o(.ctors)
 *crtbegin.o(.dtors)
 *(EXCLUDE_FILE(*crtend.o) .dtors)
 *(SORT(.dtors.*))
 *crtend.o(.dtors)
 *(.rodata .rodata.* .gnu.linkonce.r.*)
 .rodata.str1.4
                0x2000bcec      0x196 ./main.o
                                0x198 (size before relaxing)
 *fill*         0x2000be82        0x2 00
 .rodata.str1.4
                0x2000be84       0x44 ./drivers/Pixy_SPI.o
 .rodata.__func__.4441
                0x2000bec8       0x18 ./drivers/stats_display.o
 .rodata.__func__.4454
                0x2000bee0       0x14 ./drivers/stats_display.o
 .rodata.__func__.4463
                0x2000bef4       0x10 ./drivers/stats_display.o
 .rodata.str1.4
                0x2000bf04      0x1cd ./drivers/stats_display.o
                                0x1d4 (size before relaxing)
 *fill*         0x2000c0d1        0x3 00
 .rodata.__func__.4472
                0x2000c0d4       0x10 ./drivers/stats_display.o
 .rodata.__func__.4372
                0x2000c0e4        0xc ./drivers/stats_display.o
 .rodata.__func__.4419
                0x2000c0f0       0x1c ./drivers/stats_display.o
 .rodata.__func__.4431
                0x2000c10c       0x18 ./drivers/stats_display.o
 .rodata.str1.4
                0x2000c124       0x34 ./drivers/timer_t.o
                                 0x50 (size before relaxing)
 .rodata.__func__.4093
                0x2000c158       0x14 ./drivers/timer_t.o
 .rodata.__func__.4097
                0x2000c16c       0x20 ./drivers/timer_t.o
 .rodata        0x2000c18c       0x1c C:/Users/rpokeefe/repos/373/ants_master/SoftConsole/ants_master_MSS_MSS_CM3_0/ants_master_MSS_MSS_CM3_0_hw_platform/Debug/CMSIS/startup_gcc/newlib_stubs.o
 .rodata.g_config_reg_lut
                0x2000c1a8       0x80 C:\Users\rpokeefe\repos\373\ants_master\SoftConsole\ants_master_MSS_MSS_CM3_0\ants_master_MSS_MSS_CM3_0_hw_platform\Debug\libants_master_MSS_MSS_CM3_0_hw_platform.a(mss_gpio.o)
 .rodata.g_gpio_irqn_lut
                0x2000c228       0x40 C:\Users\rpokeefe\repos\373\ants_master\SoftConsole\ants_master_MSS_MSS_CM3_0\ants_master_MSS_MSS_CM3_0_hw_platform\Debug\libants_master_MSS_MSS_CM3_0_hw_platform.a(mss_gpio.o)
 .rodata.C.18.2576
                0x2000c268       0x10 C:\Users\rpokeefe\repos\373\ants_master\SoftConsole\ants_master_MSS_MSS_CM3_0\ants_master_MSS_MSS_CM3_0_hw_platform\Debug\libants_master_MSS_MSS_CM3_0_hw_platform.a(system_a2fxxxm3.o)
 .rodata        0x2000c278        0x4 c:/actel/libero_v9.1/softconsole/sourcery-g++/bin/../lib/gcc/arm-none-eabi/4.4.1/../../../../arm-none-eabi/lib/thumb2\libc.a(lib_a-impure.o)
                0x2000c278                _global_impure_ptr
 .rodata.str1.4
                0x2000c27c        0x2 c:/actel/libero_v9.1/softconsole/sourcery-g++/bin/../lib/gcc/arm-none-eabi/4.4.1/../../../../arm-none-eabi/lib/thumb2\libc.a(lib_a-impure.o)
                                  0x4 (size before relaxing)
 .rodata.str1.4
                0x00000000        0x2 c:/actel/libero_v9.1/softconsole/sourcery-g++/bin/../lib/gcc/arm-none-eabi/4.4.1/../../../../arm-none-eabi/lib/thumb2\libc.a(lib_a-puts.o)
                                  0x4 (size before relaxing)
 *fill*         0x2000c27e        0x2 00
 .rodata        0x2000c280       0x20 c:/actel/libero_v9.1/softconsole/sourcery-g++/bin/../lib/gcc/arm-none-eabi/4.4.1/../../../../arm-none-eabi/lib/thumb2\libc.a(lib_a-svfprintf.o)
 .rodata.str1.4
                0x2000c2a0       0x42 c:/actel/libero_v9.1/softconsole/sourcery-g++/bin/../lib/gcc/arm-none-eabi/4.4.1/../../../../arm-none-eabi/lib/thumb2\libc.a(lib_a-svfprintf.o)
                                 0x44 (size before relaxing)
 *fill*         0x2000c2e2        0x2 00
 .rodata        0x2000c2e4       0x20 c:/actel/libero_v9.1/softconsole/sourcery-g++/bin/../lib/gcc/arm-none-eabi/4.4.1/../../../../arm-none-eabi/lib/thumb2\libc.a(lib_a-vfprintf.o)
 .rodata.str1.4
                0x00000000       0x44 c:/actel/libero_v9.1/softconsole/sourcery-g++/bin/../lib/gcc/arm-none-eabi/4.4.1/../../../../arm-none-eabi/lib/thumb2\libc.a(lib_a-vfprintf.o)
 .rodata.str1.4
                0x2000c304       0x10 c:/actel/libero_v9.1/softconsole/sourcery-g++/bin/../lib/gcc/arm-none-eabi/4.4.1/../../../../arm-none-eabi/lib/thumb2\libc.a(lib_a-dtoa.o)
                                 0x14 (size before relaxing)
 .rodata        0x2000c314       0x60 c:/actel/libero_v9.1/softconsole/sourcery-g++/bin/../lib/gcc/arm-none-eabi/4.4.1/../../../../arm-none-eabi/lib/thumb2\libc.a(lib_a-findfp.o)
                0x2000c314                __sf_fake_stdin
                0x2000c334                __sf_fake_stdout
                0x2000c354                __sf_fake_stderr
 .rodata        0x2000c374       0x34 c:/actel/libero_v9.1/softconsole/sourcery-g++/bin/../lib/gcc/arm-none-eabi/4.4.1/../../../../arm-none-eabi/lib/thumb2\libc.a(lib_a-locale.o)
 .rodata.str1.4
                0x2000c3a8       0x10 c:/actel/libero_v9.1/softconsole/sourcery-g++/bin/../lib/gcc/arm-none-eabi/4.4.1/../../../../arm-none-eabi/lib/thumb2\libc.a(lib_a-locale.o)
                                 0x18 (size before relaxing)
 .rodata        0x2000c3b8      0x128 c:/actel/libero_v9.1/softconsole/sourcery-g++/bin/../lib/gcc/arm-none-eabi/4.4.1/../../../../arm-none-eabi/lib/thumb2\libc.a(lib_a-mprec.o)
                0x2000c3b8                __mprec_tens
                0x2000c490                __mprec_bigtens
                0x2000c4b8                __mprec_tinytens
 *(.ARM.extab* .gnu.linkonce.armextab.*)
 *(.gcc_except_table)
 *(.eh_frame_hdr)
 *(.eh_frame)
 *(.init)
 .init          0x2000c4e0        0x4 c:/actel/libero_v9.1/softconsole/sourcery-g++/bin/../lib/gcc/arm-none-eabi/4.4.1/thumb2/crti.o
                0x2000c4e0                _init
 .init          0x2000c4e4        0x8 c:/actel/libero_v9.1/softconsole/sourcery-g++/bin/../lib/gcc/arm-none-eabi/4.4.1/thumb2/crtn.o
 *(.fini)
 .fini          0x2000c4ec        0x4 c:/actel/libero_v9.1/softconsole/sourcery-g++/bin/../lib/gcc/arm-none-eabi/4.4.1/thumb2/crti.o
                0x2000c4ec                _fini
 .fini          0x2000c4f0        0x8 c:/actel/libero_v9.1/softconsole/sourcery-g++/bin/../lib/gcc/arm-none-eabi/4.4.1/thumb2/crtn.o
                0x2000c4f8                PROVIDE (__preinit_array_start, .)
 *(.preinit_array)
                0x2000c4f8                PROVIDE (__preinit_array_end, .)
                0x2000c4f8                PROVIDE (__init_array_start, .)
 *(SORT(.init_array.*))
 *(.init_array)
 .init_array    0x2000c4f8        0x4 c:/actel/libero_v9.1/softconsole/sourcery-g++/bin/../lib/gcc/arm-none-eabi/4.4.1/thumb2/crtbegin.o
                0x2000c4fc                PROVIDE (__init_array_end, .)
                0x2000c4fc                PROVIDE (__fini_array_start, .)
 *(.fini_array)
 .fini_array    0x2000c4fc        0x4 c:/actel/libero_v9.1/softconsole/sourcery-g++/bin/../lib/gcc/arm-none-eabi/4.4.1/thumb2/crtbegin.o
 *(SORT(.fini_array.*))
                0x2000c500                PROVIDE (__fini_array_end, .)
                0x2000c500                __exidx_start = .

.v4_bx          0x2000c500        0x0
 .v4_bx         0x00000000        0x0 linker stubs

.ARM.exidx      0x2000c500        0x8
 *(.ARM.exidx* .gnu.linkonce.armexidx.*)
 .ARM.exidx     0x2000c500        0x8 c:/actel/libero_v9.1/softconsole/sourcery-g++/bin/../lib/gcc/arm-none-eabi/4.4.1/thumb2\libgcc.a(_divdi3.o)
 .ARM.exidx     0x2000c508        0x0 c:/actel/libero_v9.1/softconsole/sourcery-g++/bin/../lib/gcc/arm-none-eabi/4.4.1/thumb2\libgcc.a(_udivdi3.o)
                                  0x8 (size before relaxing)
                0x2000c508                __exidx_end = .
                0x2000c508                _etext = .
                0x2000c508                PROVIDE (__text_end, .)

.data           0x2000c508      0x534
                0x2000c508                __data_load = LOADADDR (.data)
                0x2000c508                _sidata = LOADADDR (.data)
                0x2000c508                __data_start = .
                0x2000c508                _sdata = .
 *(.jcr)
 .jcr           0x2000c508        0x0 c:/actel/libero_v9.1/softconsole/sourcery-g++/bin/../lib/gcc/arm-none-eabi/4.4.1/thumb2/crtbegin.o
 .jcr           0x2000c508        0x4 c:/actel/libero_v9.1/softconsole/sourcery-g++/bin/../lib/gcc/arm-none-eabi/4.4.1/thumb2/crtend.o
 *(.got.plt)
 *(.got)
 *(.shdata)
 *(.data .data.* .gnu.linkonce.d.*)
 .data.X_SCALE_PW.5322
                0x2000c50c        0x2 ./main.o
 .data.PIXY_X_DEADZONE.5324
                0x2000c50e        0x2 ./main.o
 .data.PIXY_Y_DEADZONE.5325
                0x2000c510        0x2 ./main.o
 .data.PIXY_X_CENTER.5326
                0x2000c512        0x2 ./main.o
 .data.Y_SCALE_PW.5323
                0x2000c514        0x2 ./main.o
 .data.PIXY_Y_CENTER.5327
                0x2000c516        0x2 ./main.o
 .data.current_pw.2218
                0x2000c518        0x4 ./drivers/servo_control.o
 .data.current_pw.2228
                0x2000c51c        0x4 ./drivers/servo_control.o
 .data.SystemFrequency
                0x2000c520        0x4 C:\Users\rpokeefe\repos\373\ants_master\SoftConsole\ants_master_MSS_MSS_CM3_0\ants_master_MSS_MSS_CM3_0_hw_platform\Debug\libants_master_MSS_MSS_CM3_0_hw_platform.a(system_a2fxxxm3.o)
                0x2000c520                SystemFrequency
 .data.SystemCoreClock
                0x2000c524        0x4 C:\Users\rpokeefe\repos\373\ants_master\SoftConsole\ants_master_MSS_MSS_CM3_0\ants_master_MSS_MSS_CM3_0_hw_platform\Debug\libants_master_MSS_MSS_CM3_0_hw_platform.a(system_a2fxxxm3.o)
                0x2000c524                SystemCoreClock
 .data.g_FrequencyPCLK0
                0x2000c528        0x4 C:\Users\rpokeefe\repos\373\ants_master\SoftConsole\ants_master_MSS_MSS_CM3_0\ants_master_MSS_MSS_CM3_0_hw_platform\Debug\libants_master_MSS_MSS_CM3_0_hw_platform.a(system_a2fxxxm3.o)
                0x2000c528                g_FrequencyPCLK0
 .data.g_FrequencyPCLK1
                0x2000c52c        0x4 C:\Users\rpokeefe\repos\373\ants_master\SoftConsole\ants_master_MSS_MSS_CM3_0\ants_master_MSS_MSS_CM3_0_hw_platform\Debug\libants_master_MSS_MSS_CM3_0_hw_platform.a(system_a2fxxxm3.o)
                0x2000c52c                g_FrequencyPCLK1
 .data.g_FrequencyACE
                0x2000c530        0x4 C:\Users\rpokeefe\repos\373\ants_master\SoftConsole\ants_master_MSS_MSS_CM3_0\ants_master_MSS_MSS_CM3_0_hw_platform\Debug\libants_master_MSS_MSS_CM3_0_hw_platform.a(system_a2fxxxm3.o)
                0x2000c530                g_FrequencyACE
 .data.g_FrequencyFPGA
                0x2000c534        0x4 C:\Users\rpokeefe\repos\373\ants_master\SoftConsole\ants_master_MSS_MSS_CM3_0\ants_master_MSS_MSS_CM3_0_hw_platform\Debug\libants_master_MSS_MSS_CM3_0_hw_platform.a(system_a2fxxxm3.o)
                0x2000c534                g_FrequencyFPGA
 .data          0x2000c538       0xf4 c:/actel/libero_v9.1/softconsole/sourcery-g++/bin/../lib/gcc/arm-none-eabi/4.4.1/../../../../arm-none-eabi/lib/thumb2\libc.a(lib_a-impure.o)
                0x2000c538                _impure_ptr
 .data          0x2000c62c      0x410 c:/actel/libero_v9.1/softconsole/sourcery-g++/bin/../lib/gcc/arm-none-eabi/4.4.1/../../../../arm-none-eabi/lib/thumb2\libc.a(lib_a-mallocr.o)
                0x2000c62c                __malloc_av_
                0x2000ca34                __malloc_sbrk_base
                0x2000ca38                __malloc_trim_threshold
                0x2000ca3c                . = ALIGN (0x4)
                0x2000ca3c                _edata = .

.bss            0x2000ca3c      0x24c
                0x2000ca3c                __bss_start__ = .
                0x2000ca3c                _sbss = .
 *(.shbss)
 *(.bss .bss.* .gnu.linkonce.b.*)
 .bss           0x2000ca3c        0x1 c:/actel/libero_v9.1/softconsole/sourcery-g++/bin/../lib/gcc/arm-none-eabi/4.4.1/thumb2/crtbegin.o
 *fill*         0x2000ca3d        0x3 00
 .bss.analog_pwm_vals.5257
                0x2000ca40        0x8 ./main.o
 .bss.lcd_state
                0x2000ca48        0x8 ./main.o
 .bss.g_live_fire_enabled
                0x2000ca50        0x1 ./main.o
 *fill*         0x2000ca51        0x3 00
 .bss.lcd_last_state
                0x2000ca54        0x8 ./main.o
 .bss.lasttrg   0x2000ca5c        0x4 ./main.o
 .bss.trg       0x2000ca60        0x4 ./main.o
 .bss.REPEATED_FIRING_MODE
                0x2000ca64        0x1 ./main.o
                0x2000ca64                REPEATED_FIRING_MODE
 .bss.in_reload_position.5185
                0x2000ca65        0x1 ./main.o
 .bss.g_outReadIndex
                0x2000ca66        0x1 ./drivers/Pixy_SPI.o
 .bss.g_outLen  0x2000ca67        0x1 ./drivers/Pixy_SPI.o
 .bss.g_skipStart
                0x2000ca68        0x4 ./drivers/Pixy_SPI.o
 .bss.g_outBuf  0x2000ca6c       0x40 ./drivers/Pixy_SPI.o
 .bss.targ      0x2000caac        0x4 ./drivers/stats_display.o
 .bss.d_arg     0x2000cab0        0x4 ./drivers/stats_display.o
 .bss.m_arg     0x2000cab4        0x4 ./drivers/stats_display.o
 .bss.lasttarg  0x2000cab8        0x4 ./drivers/stats_display.o
 .bss.s_arg     0x2000cabc        0x4 ./drivers/stats_display.o
 .bss.t_arg     0x2000cac0        0x8 ./drivers/stats_display.o
 .bss.u_arg     0x2000cac8        0x8 ./drivers/stats_display.o
 .bss.root      0x2000cad0        0x4 ./drivers/timer_t.o
                0x2000cad0                root
 .bss.g_clk_hz  0x2000cad4        0x4 ./drivers/timer_t.o
 .bss.g_stdio_uart_init_done
                0x2000cad8        0x4 C:/Users/rpokeefe/repos/373/ants_master/SoftConsole/ants_master_MSS_MSS_CM3_0/ants_master_MSS_MSS_CM3_0_hw_platform/Debug/CMSIS/startup_gcc/newlib_stubs.o
 .bss.heap_end.3594
                0x2000cadc        0x4 C:/Users/rpokeefe/repos/373/ants_master/SoftConsole/ants_master_MSS_MSS_CM3_0/ants_master_MSS_MSS_CM3_0_hw_platform/Debug/CMSIS/startup_gcc/newlib_stubs.o
 .bss           0x2000cae0       0x34 c:/actel/libero_v9.1/softconsole/sourcery-g++/bin/../lib/gcc/arm-none-eabi/4.4.1/../../../../arm-none-eabi/lib/thumb2\libc.a(lib_a-mallocr.o)
                0x2000cae0                __malloc_top_pad
                0x2000cae4                __malloc_current_mallinfo
                0x2000cb0c                __malloc_max_sbrked_mem
                0x2000cb10                __malloc_max_total_mem
 *(COMMON)
 COMMON         0x2000cb14        0xc ./main.o
                0x2000cb14                g_disp_update_lock
                0x2000cb18                g_disp_update_argument
 COMMON         0x2000cb20        0x5 ./drivers/Pixy_SPI.o
                0x2000cb20                g_blocks
                0x2000cb24                g_blockType
 COMMON         0x2000cb25        0x1 ./drivers/timer_t.o
                0x2000cb25                delay_timer_lock
 *fill*         0x2000cb26        0x2 00
 COMMON         0x2000cb28       0x50 C:\Users\rpokeefe\repos\373\ants_master\SoftConsole\ants_master_MSS_MSS_CM3_0\ants_master_MSS_MSS_CM3_0_hw_platform\Debug\libants_master_MSS_MSS_CM3_0_hw_platform.a(mss_uart.o)
                0x2000cb28                g_mss_uart1
                0x2000cb50                g_mss_uart0
 COMMON         0x2000cb78      0x108 C:\Users\rpokeefe\repos\373\ants_master\SoftConsole\ants_master_MSS_MSS_CM3_0\ants_master_MSS_MSS_CM3_0_hw_platform\Debug\libants_master_MSS_MSS_CM3_0_hw_platform.a(mss_spi.o)
                0x2000cb78                g_mss_spi1
                0x2000cbfc                g_mss_spi0
 COMMON         0x2000cc80        0x4 c:/actel/libero_v9.1/softconsole/sourcery-g++/bin/../lib/gcc/arm-none-eabi/4.4.1/../../../../arm-none-eabi/lib/thumb2\libc.a(lib_a-reent.o)
                0x2000cc80                errno
                0x2000cc88                . = ALIGN (0x8)
 *fill*         0x2000cc84        0x4 00
                0x2000cc88                __bss_end__ = .
                0x2000cc88                _end = .
                0x2000cc88                __end = _end
                0x2000cc88                _ebss = .
                0x2000cc88                PROVIDE (end, .)

.stack          0x2000cc88     0x3000
                0x2000cc88                . = ALIGN (0x4)
                0x2000dc88                . = (. + PROCESS_STACK_SIZE)
 *fill*         0x2000cc88     0x1000 00
                0x2000dc88                . = ALIGN (0x4)
                0x2000fc88                . = (. + MAIN_STACK_SIZE)
 *fill*         0x2000dc88     0x2000 00
                0x2000fc88                . = ALIGN (0x4)

.stab
 *(.stab)

.stabstr
 *(.stabstr)

.debug
 *(.debug)

.line
 *(.line)

.debug_srcinfo
 *(.debug_srcinfo)

.debug_sfnames
 *(.debug_sfnames)

.comment        0x00000000      0x306
 .comment       0x00000000       0x2b ./main.o
 .comment       0x0000002b       0x2b ./main_lcd.o
 .comment       0x00000056       0x2b ./drivers/LCD.o
 .comment       0x00000081       0x2b ./drivers/Pixy_SPI.o
 .comment       0x000000ac       0x2b ./drivers/dsensor_driver.o
 .comment       0x000000d7       0x2b ./drivers/n64_driver.o
 .comment       0x00000102       0x2b ./drivers/servo_control.o
 .comment       0x0000012d       0x2b ./drivers/stats_display.o
 .comment       0x00000158       0x2b ./drivers/timer_t.o
 .comment       0x00000183       0x2b C:/Users/rpokeefe/repos/373/ants_master/SoftConsole/ants_master_MSS_MSS_CM3_0/ants_master_MSS_MSS_CM3_0_hw_platform/Debug/CMSIS/startup_gcc/newlib_stubs.o
 .comment       0x000001ae       0x2b C:\Users\rpokeefe\repos\373\ants_master\SoftConsole\ants_master_MSS_MSS_CM3_0\ants_master_MSS_MSS_CM3_0_hw_platform\Debug\libants_master_MSS_MSS_CM3_0_hw_platform.a(mss_uart.o)
 .comment       0x000001d9       0x2b C:\Users\rpokeefe\repos\373\ants_master\SoftConsole\ants_master_MSS_MSS_CM3_0\ants_master_MSS_MSS_CM3_0_hw_platform\Debug\libants_master_MSS_MSS_CM3_0_hw_platform.a(mss_spi.o)
 .comment       0x00000204       0x2b C:\Users\rpokeefe\repos\373\ants_master\SoftConsole\ants_master_MSS_MSS_CM3_0\ants_master_MSS_MSS_CM3_0_hw_platform\Debug\libants_master_MSS_MSS_CM3_0_hw_platform.a(mss_gpio.o)
 .comment       0x0000022f       0x2b C:\Users\rpokeefe\repos\373\ants_master\SoftConsole\ants_master_MSS_MSS_CM3_0\ants_master_MSS_MSS_CM3_0_hw_platform\Debug\libants_master_MSS_MSS_CM3_0_hw_platform.a(mss_ace.o)
 .comment       0x0000025a       0x2b C:\Users\rpokeefe\repos\373\ants_master\SoftConsole\ants_master_MSS_MSS_CM3_0\ants_master_MSS_MSS_CM3_0_hw_platform\Debug\libants_master_MSS_MSS_CM3_0_hw_platform.a(system_a2fxxxm3.o)
 .comment       0x00000285       0x2b C:\Users\rpokeefe\repos\373\ants_master\SoftConsole\ants_master_MSS_MSS_CM3_0\ants_master_MSS_MSS_CM3_0_hw_platform\Debug\libants_master_MSS_MSS_CM3_0_hw_platform.a(ace_config.o)
 .comment       0x000002b0       0x2b C:\Users\rpokeefe\repos\373\ants_master\SoftConsole\ants_master_MSS_MSS_CM3_0\ants_master_MSS_MSS_CM3_0_hw_platform\Debug\libants_master_MSS_MSS_CM3_0_hw_platform.a(ace_convert.o)
 .comment       0x000002db       0x2b C:\Users\rpokeefe\repos\373\ants_master\SoftConsole\ants_master_MSS_MSS_CM3_0\ants_master_MSS_MSS_CM3_0_hw_platform\Debug\libants_master_MSS_MSS_CM3_0_hw_platform.a(ace_flags.o)

.debug_aranges  0x00000000      0x998
 *(.debug_aranges)
 .debug_aranges
                0x00000000       0xa0 ./main.o
 .debug_aranges
                0x000000a0       0xa8 ./drivers/LCD.o
 .debug_aranges
                0x00000148       0x68 ./drivers/Pixy_SPI.o
 .debug_aranges
                0x000001b0       0x28 ./drivers/dsensor_driver.o
 .debug_aranges
                0x000001d8       0x48 ./drivers/n64_driver.o
 .debug_aranges
                0x00000220       0x28 ./drivers/servo_control.o
 .debug_aranges
                0x00000248       0x78 ./drivers/stats_display.o
 .debug_aranges
                0x000002c0       0x70 ./drivers/timer_t.o
 .debug_aranges
                0x00000330       0xa8 C:/Users/rpokeefe/repos/373/ants_master/SoftConsole/ants_master_MSS_MSS_CM3_0/ants_master_MSS_MSS_CM3_0_hw_platform/Debug/CMSIS/startup_gcc/newlib_stubs.o
 .debug_aranges
                0x000003d8       0xd8 C:\Users\rpokeefe\repos\373\ants_master\SoftConsole\ants_master_MSS_MSS_CM3_0\ants_master_MSS_MSS_CM3_0_hw_platform\Debug\libants_master_MSS_MSS_CM3_0_hw_platform.a(mss_uart.o)
 .debug_aranges
                0x000004b0       0xe0 C:\Users\rpokeefe\repos\373\ants_master\SoftConsole\ants_master_MSS_MSS_CM3_0\ants_master_MSS_MSS_CM3_0_hw_platform\Debug\libants_master_MSS_MSS_CM3_0_hw_platform.a(mss_spi.o)
 .debug_aranges
                0x00000590       0x60 C:\Users\rpokeefe\repos\373\ants_master\SoftConsole\ants_master_MSS_MSS_CM3_0\ants_master_MSS_MSS_CM3_0_hw_platform\Debug\libants_master_MSS_MSS_CM3_0_hw_platform.a(mss_gpio.o)
 .debug_aranges
                0x000005f0       0xe0 C:\Users\rpokeefe\repos\373\ants_master\SoftConsole\ants_master_MSS_MSS_CM3_0\ants_master_MSS_MSS_CM3_0_hw_platform\Debug\libants_master_MSS_MSS_CM3_0_hw_platform.a(mss_ace.o)
 .debug_aranges
                0x000006d0       0x30 C:\Users\rpokeefe\repos\373\ants_master\SoftConsole\ants_master_MSS_MSS_CM3_0\ants_master_MSS_MSS_CM3_0_hw_platform\Debug\libants_master_MSS_MSS_CM3_0_hw_platform.a(system_a2fxxxm3.o)
 .debug_aranges
                0x00000700       0xb0 C:\Users\rpokeefe\repos\373\ants_master\SoftConsole\ants_master_MSS_MSS_CM3_0\ants_master_MSS_MSS_CM3_0_hw_platform\Debug\libants_master_MSS_MSS_CM3_0_hw_platform.a(ace_convert.o)
 .debug_aranges
                0x000007b0      0x1e8 C:\Users\rpokeefe\repos\373\ants_master\SoftConsole\ants_master_MSS_MSS_CM3_0\ants_master_MSS_MSS_CM3_0_hw_platform\Debug\libants_master_MSS_MSS_CM3_0_hw_platform.a(ace_flags.o)

.debug_pubnames
                0x00000000     0x19e4
 *(.debug_pubnames)
 .debug_pubnames
                0x00000000      0x1da ./main.o
 .debug_pubnames
                0x000001da      0x148 ./drivers/LCD.o
 .debug_pubnames
                0x00000322       0xdf ./drivers/Pixy_SPI.o
 .debug_pubnames
                0x00000401       0x36 ./drivers/dsensor_driver.o
 .debug_pubnames
                0x00000437       0x8d ./drivers/n64_driver.o
 .debug_pubnames
                0x000004c4       0x46 ./drivers/servo_control.o
 .debug_pubnames
                0x0000050a      0x11f ./drivers/stats_display.o
 .debug_pubnames
                0x00000629      0x10e ./drivers/timer_t.o
 .debug_pubnames
                0x00000737       0xeb C:/Users/rpokeefe/repos/373/ants_master/SoftConsole/ants_master_MSS_MSS_CM3_0/ants_master_MSS_MSS_CM3_0_hw_platform/Debug/CMSIS/startup_gcc/newlib_stubs.o
 .debug_pubnames
                0x00000822      0x21c C:\Users\rpokeefe\repos\373\ants_master\SoftConsole\ants_master_MSS_MSS_CM3_0\ants_master_MSS_MSS_CM3_0_hw_platform\Debug\libants_master_MSS_MSS_CM3_0_hw_platform.a(mss_uart.o)
 .debug_pubnames
                0x00000a3e      0x21a C:\Users\rpokeefe\repos\373\ants_master\SoftConsole\ants_master_MSS_MSS_CM3_0\ants_master_MSS_MSS_CM3_0_hw_platform\Debug\libants_master_MSS_MSS_CM3_0_hw_platform.a(mss_spi.o)
 .debug_pubnames
                0x00000c58       0xb1 C:\Users\rpokeefe\repos\373\ants_master\SoftConsole\ants_master_MSS_MSS_CM3_0\ants_master_MSS_MSS_CM3_0_hw_platform\Debug\libants_master_MSS_MSS_CM3_0_hw_platform.a(mss_gpio.o)
 .debug_pubnames
                0x00000d09      0x292 C:\Users\rpokeefe\repos\373\ants_master\SoftConsole\ants_master_MSS_MSS_CM3_0\ants_master_MSS_MSS_CM3_0_hw_platform\Debug\libants_master_MSS_MSS_CM3_0_hw_platform.a(mss_ace.o)
 .debug_pubnames
                0x00000f9b       0xb4 C:\Users\rpokeefe\repos\373\ants_master\SoftConsole\ants_master_MSS_MSS_CM3_0\ants_master_MSS_MSS_CM3_0_hw_platform\Debug\libants_master_MSS_MSS_CM3_0_hw_platform.a(system_a2fxxxm3.o)
 .debug_pubnames
                0x0000104f      0x14a C:\Users\rpokeefe\repos\373\ants_master\SoftConsole\ants_master_MSS_MSS_CM3_0\ants_master_MSS_MSS_CM3_0_hw_platform\Debug\libants_master_MSS_MSS_CM3_0_hw_platform.a(ace_config.o)
 .debug_pubnames
                0x00001199      0x1ec C:\Users\rpokeefe\repos\373\ants_master\SoftConsole\ants_master_MSS_MSS_CM3_0\ants_master_MSS_MSS_CM3_0_hw_platform\Debug\libants_master_MSS_MSS_CM3_0_hw_platform.a(ace_convert.o)
 .debug_pubnames
                0x00001385      0x65f C:\Users\rpokeefe\repos\373\ants_master\SoftConsole\ants_master_MSS_MSS_CM3_0\ants_master_MSS_MSS_CM3_0_hw_platform\Debug\libants_master_MSS_MSS_CM3_0_hw_platform.a(ace_flags.o)

.debug_info     0x00000000     0xe1f7
 *(.debug_info .gnu.linkonce.wi.*)
 .debug_info    0x00000000      0xa05 ./main.o
 .debug_info    0x00000a05       0x29 ./main_lcd.o
 .debug_info    0x00000a2e     0x10ef ./drivers/LCD.o
 .debug_info    0x00001b1d      0xd14 ./drivers/Pixy_SPI.o
 .debug_info    0x00002831       0xf9 ./drivers/dsensor_driver.o
 .debug_info    0x0000292a      0x399 ./drivers/n64_driver.o
 .debug_info    0x00002cc3       0xf1 ./drivers/servo_control.o
 .debug_info    0x00002db4      0x763 ./drivers/stats_display.o
 .debug_info    0x00003517     0x12b6 ./drivers/timer_t.o
 .debug_info    0x000047cd     0x10f0 C:/Users/rpokeefe/repos/373/ants_master/SoftConsole/ants_master_MSS_MSS_CM3_0/ants_master_MSS_MSS_CM3_0_hw_platform/Debug/CMSIS/startup_gcc/newlib_stubs.o
 .debug_info    0x000058bd     0x15a4 C:\Users\rpokeefe\repos\373\ants_master\SoftConsole\ants_master_MSS_MSS_CM3_0\ants_master_MSS_MSS_CM3_0_hw_platform\Debug\libants_master_MSS_MSS_CM3_0_hw_platform.a(mss_uart.o)
 .debug_info    0x00006e61     0x1472 C:\Users\rpokeefe\repos\373\ants_master\SoftConsole\ants_master_MSS_MSS_CM3_0\ants_master_MSS_MSS_CM3_0_hw_platform\Debug\libants_master_MSS_MSS_CM3_0_hw_platform.a(mss_spi.o)
 .debug_info    0x000082d3     0x1114 C:\Users\rpokeefe\repos\373\ants_master\SoftConsole\ants_master_MSS_MSS_CM3_0\ants_master_MSS_MSS_CM3_0_hw_platform\Debug\libants_master_MSS_MSS_CM3_0_hw_platform.a(mss_gpio.o)
 .debug_info    0x000093e7     0x1afb C:\Users\rpokeefe\repos\373\ants_master\SoftConsole\ants_master_MSS_MSS_CM3_0\ants_master_MSS_MSS_CM3_0_hw_platform\Debug\libants_master_MSS_MSS_CM3_0_hw_platform.a(mss_ace.o)
 .debug_info    0x0000aee2      0x53c C:\Users\rpokeefe\repos\373\ants_master\SoftConsole\ants_master_MSS_MSS_CM3_0\ants_master_MSS_MSS_CM3_0_hw_platform\Debug\libants_master_MSS_MSS_CM3_0_hw_platform.a(system_a2fxxxm3.o)
 .debug_info    0x0000b41e      0x480 C:\Users\rpokeefe\repos\373\ants_master\SoftConsole\ants_master_MSS_MSS_CM3_0\ants_master_MSS_MSS_CM3_0_hw_platform\Debug\libants_master_MSS_MSS_CM3_0_hw_platform.a(ace_config.o)
 .debug_info    0x0000b89e     0x1aa2 C:\Users\rpokeefe\repos\373\ants_master\SoftConsole\ants_master_MSS_MSS_CM3_0\ants_master_MSS_MSS_CM3_0_hw_platform\Debug\libants_master_MSS_MSS_CM3_0_hw_platform.a(ace_convert.o)
 .debug_info    0x0000d340      0xeb7 C:\Users\rpokeefe\repos\373\ants_master\SoftConsole\ants_master_MSS_MSS_CM3_0\ants_master_MSS_MSS_CM3_0_hw_platform\Debug\libants_master_MSS_MSS_CM3_0_hw_platform.a(ace_flags.o)

.debug_abbrev   0x00000000     0x1dc1
 *(.debug_abbrev)
 .debug_abbrev  0x00000000      0x291 ./main.o
 .debug_abbrev  0x00000291       0x16 ./main_lcd.o
 .debug_abbrev  0x000002a7      0x207 ./drivers/LCD.o
 .debug_abbrev  0x000004ae      0x275 ./drivers/Pixy_SPI.o
 .debug_abbrev  0x00000723       0x8b ./drivers/dsensor_driver.o
 .debug_abbrev  0x000007ae      0x185 ./drivers/n64_driver.o
 .debug_abbrev  0x00000933       0x8e ./drivers/servo_control.o
 .debug_abbrev  0x000009c1      0x22c ./drivers/stats_display.o
 .debug_abbrev  0x00000bed      0x311 ./drivers/timer_t.o
 .debug_abbrev  0x00000efe      0x1f4 C:/Users/rpokeefe/repos/373/ants_master/SoftConsole/ants_master_MSS_MSS_CM3_0/ants_master_MSS_MSS_CM3_0_hw_platform/Debug/CMSIS/startup_gcc/newlib_stubs.o
 .debug_abbrev  0x000010f2      0x245 C:\Users\rpokeefe\repos\373\ants_master\SoftConsole\ants_master_MSS_MSS_CM3_0\ants_master_MSS_MSS_CM3_0_hw_platform\Debug\libants_master_MSS_MSS_CM3_0_hw_platform.a(mss_uart.o)
 .debug_abbrev  0x00001337      0x219 C:\Users\rpokeefe\repos\373\ants_master\SoftConsole\ants_master_MSS_MSS_CM3_0\ants_master_MSS_MSS_CM3_0_hw_platform\Debug\libants_master_MSS_MSS_CM3_0_hw_platform.a(mss_spi.o)
 .debug_abbrev  0x00001550      0x181 C:\Users\rpokeefe\repos\373\ants_master\SoftConsole\ants_master_MSS_MSS_CM3_0\ants_master_MSS_MSS_CM3_0_hw_platform\Debug\libants_master_MSS_MSS_CM3_0_hw_platform.a(mss_gpio.o)
 .debug_abbrev  0x000016d1      0x225 C:\Users\rpokeefe\repos\373\ants_master\SoftConsole\ants_master_MSS_MSS_CM3_0\ants_master_MSS_MSS_CM3_0_hw_platform\Debug\libants_master_MSS_MSS_CM3_0_hw_platform.a(mss_ace.o)
 .debug_abbrev  0x000018f6      0x111 C:\Users\rpokeefe\repos\373\ants_master\SoftConsole\ants_master_MSS_MSS_CM3_0\ants_master_MSS_MSS_CM3_0_hw_platform\Debug\libants_master_MSS_MSS_CM3_0_hw_platform.a(system_a2fxxxm3.o)
 .debug_abbrev  0x00001a07       0xbd C:\Users\rpokeefe\repos\373\ants_master\SoftConsole\ants_master_MSS_MSS_CM3_0\ants_master_MSS_MSS_CM3_0_hw_platform\Debug\libants_master_MSS_MSS_CM3_0_hw_platform.a(ace_config.o)
 .debug_abbrev  0x00001ac4      0x191 C:\Users\rpokeefe\repos\373\ants_master\SoftConsole\ants_master_MSS_MSS_CM3_0\ants_master_MSS_MSS_CM3_0_hw_platform\Debug\libants_master_MSS_MSS_CM3_0_hw_platform.a(ace_convert.o)
 .debug_abbrev  0x00001c55      0x16c C:\Users\rpokeefe\repos\373\ants_master\SoftConsole\ants_master_MSS_MSS_CM3_0\ants_master_MSS_MSS_CM3_0_hw_platform\Debug\libants_master_MSS_MSS_CM3_0_hw_platform.a(ace_flags.o)

.debug_line     0x00000000     0x5d58
 *(.debug_line)
 .debug_line    0x00000000      0xe05 ./main.o
 .debug_line    0x00000e05       0x2e ./main_lcd.o
 .debug_line    0x00000e33      0x471 ./drivers/LCD.o
 .debug_line    0x000012a4      0x63d ./drivers/Pixy_SPI.o
 .debug_line    0x000018e1      0x30f ./drivers/dsensor_driver.o
 .debug_line    0x00001bf0      0x36b ./drivers/n64_driver.o
 .debug_line    0x00001f5b      0x30a ./drivers/servo_control.o
 .debug_line    0x00002265      0x8b7 ./drivers/stats_display.o
 .debug_line    0x00002b1c      0x67b ./drivers/timer_t.o
 .debug_line    0x00003197      0x515 C:/Users/rpokeefe/repos/373/ants_master/SoftConsole/ants_master_MSS_MSS_CM3_0/ants_master_MSS_MSS_CM3_0_hw_platform/Debug/CMSIS/startup_gcc/newlib_stubs.o
 .debug_line    0x000036ac      0x581 C:\Users\rpokeefe\repos\373\ants_master\SoftConsole\ants_master_MSS_MSS_CM3_0\ants_master_MSS_MSS_CM3_0_hw_platform\Debug\libants_master_MSS_MSS_CM3_0_hw_platform.a(mss_uart.o)
 .debug_line    0x00003c2d      0x70a C:\Users\rpokeefe\repos\373\ants_master\SoftConsole\ants_master_MSS_MSS_CM3_0\ants_master_MSS_MSS_CM3_0_hw_platform\Debug\libants_master_MSS_MSS_CM3_0_hw_platform.a(mss_spi.o)
 .debug_line    0x00004337      0x32f C:\Users\rpokeefe\repos\373\ants_master\SoftConsole\ants_master_MSS_MSS_CM3_0\ants_master_MSS_MSS_CM3_0_hw_platform\Debug\libants_master_MSS_MSS_CM3_0_hw_platform.a(mss_gpio.o)
 .debug_line    0x00004666      0x605 C:\Users\rpokeefe\repos\373\ants_master\SoftConsole\ants_master_MSS_MSS_CM3_0\ants_master_MSS_MSS_CM3_0_hw_platform\Debug\libants_master_MSS_MSS_CM3_0_hw_platform.a(mss_ace.o)
 .debug_line    0x00004c6b      0x284 C:\Users\rpokeefe\repos\373\ants_master\SoftConsole\ants_master_MSS_MSS_CM3_0\ants_master_MSS_MSS_CM3_0_hw_platform\Debug\libants_master_MSS_MSS_CM3_0_hw_platform.a(system_a2fxxxm3.o)
 .debug_line    0x00004eef      0x1ac C:\Users\rpokeefe\repos\373\ants_master\SoftConsole\ants_master_MSS_MSS_CM3_0\ants_master_MSS_MSS_CM3_0_hw_platform\Debug\libants_master_MSS_MSS_CM3_0_hw_platform.a(ace_config.o)
 .debug_line    0x0000509b      0x4de C:\Users\rpokeefe\repos\373\ants_master\SoftConsole\ants_master_MSS_MSS_CM3_0\ants_master_MSS_MSS_CM3_0_hw_platform\Debug\libants_master_MSS_MSS_CM3_0_hw_platform.a(ace_convert.o)
 .debug_line    0x00005579      0x7df C:\Users\rpokeefe\repos\373\ants_master\SoftConsole\ants_master_MSS_MSS_CM3_0\ants_master_MSS_MSS_CM3_0_hw_platform\Debug\libants_master_MSS_MSS_CM3_0_hw_platform.a(ace_flags.o)

.debug_frame    0x00000000     0x2bb8
 *(.debug_frame)
 .debug_frame   0x00000000      0x1e0 ./main.o
 .debug_frame   0x000001e0      0x1e8 ./drivers/LCD.o
 .debug_frame   0x000003c8      0x138 ./drivers/Pixy_SPI.o
 .debug_frame   0x00000500       0x40 ./drivers/dsensor_driver.o
 .debug_frame   0x00000540       0x94 ./drivers/n64_driver.o
 .debug_frame   0x000005d4       0x30 ./drivers/servo_control.o
 .debug_frame   0x00000604      0x14c ./drivers/stats_display.o
 .debug_frame   0x00000750      0x118 ./drivers/timer_t.o
 .debug_frame   0x00000868      0x220 C:/Users/rpokeefe/repos/373/ants_master/SoftConsole/ants_master_MSS_MSS_CM3_0/ants_master_MSS_MSS_CM3_0_hw_platform/Debug/CMSIS/startup_gcc/newlib_stubs.o
 .debug_frame   0x00000a88      0x2e4 C:\Users\rpokeefe\repos\373\ants_master\SoftConsole\ants_master_MSS_MSS_CM3_0\ants_master_MSS_MSS_CM3_0_hw_platform\Debug\libants_master_MSS_MSS_CM3_0_hw_platform.a(mss_uart.o)
 .debug_frame   0x00000d6c      0x320 C:\Users\rpokeefe\repos\373\ants_master\SoftConsole\ants_master_MSS_MSS_CM3_0\ants_master_MSS_MSS_CM3_0_hw_platform\Debug\libants_master_MSS_MSS_CM3_0_hw_platform.a(mss_spi.o)
 .debug_frame   0x0000108c      0x118 C:\Users\rpokeefe\repos\373\ants_master\SoftConsole\ants_master_MSS_MSS_CM3_0\ants_master_MSS_MSS_CM3_0_hw_platform\Debug\libants_master_MSS_MSS_CM3_0_hw_platform.a(mss_gpio.o)
 .debug_frame   0x000011a4      0x2cc C:\Users\rpokeefe\repos\373\ants_master\SoftConsole\ants_master_MSS_MSS_CM3_0\ants_master_MSS_MSS_CM3_0_hw_platform\Debug\libants_master_MSS_MSS_CM3_0_hw_platform.a(mss_ace.o)
 .debug_frame   0x00001470       0x64 C:\Users\rpokeefe\repos\373\ants_master\SoftConsole\ants_master_MSS_MSS_CM3_0\ants_master_MSS_MSS_CM3_0_hw_platform\Debug\libants_master_MSS_MSS_CM3_0_hw_platform.a(system_a2fxxxm3.o)
 .debug_frame   0x000014d4      0x24c C:\Users\rpokeefe\repos\373\ants_master\SoftConsole\ants_master_MSS_MSS_CM3_0\ants_master_MSS_MSS_CM3_0_hw_platform\Debug\libants_master_MSS_MSS_CM3_0_hw_platform.a(ace_convert.o)
 .debug_frame   0x00001720      0x764 C:\Users\rpokeefe\repos\373\ants_master\SoftConsole\ants_master_MSS_MSS_CM3_0\ants_master_MSS_MSS_CM3_0_hw_platform\Debug\libants_master_MSS_MSS_CM3_0_hw_platform.a(ace_flags.o)
 .debug_frame   0x00001e84       0x20 c:/actel/libero_v9.1/softconsole/sourcery-g++/bin/../lib/gcc/arm-none-eabi/4.4.1/../../../../arm-none-eabi/lib/thumb2\libc.a(lib_a-errno.o)
 .debug_frame   0x00001ea4       0x2c c:/actel/libero_v9.1/softconsole/sourcery-g++/bin/../lib/gcc/arm-none-eabi/4.4.1/../../../../arm-none-eabi/lib/thumb2\libc.a(lib_a-init.o)
 .debug_frame   0x00001ed0       0x30 c:/actel/libero_v9.1/softconsole/sourcery-g++/bin/../lib/gcc/arm-none-eabi/4.4.1/../../../../arm-none-eabi/lib/thumb2\libc.a(lib_a-malloc.o)
 .debug_frame   0x00001f00       0x3c c:/actel/libero_v9.1/softconsole/sourcery-g++/bin/../lib/gcc/arm-none-eabi/4.4.1/../../../../arm-none-eabi/lib/thumb2\libc.a(lib_a-mallocr.o)
 .debug_frame   0x00001f3c       0x34 c:/actel/libero_v9.1/softconsole/sourcery-g++/bin/../lib/gcc/arm-none-eabi/4.4.1/../../../../arm-none-eabi/lib/thumb2\libc.a(lib_a-memcpy.o)
 .debug_frame   0x00001f70       0x28 c:/actel/libero_v9.1/softconsole/sourcery-g++/bin/../lib/gcc/arm-none-eabi/4.4.1/../../../../arm-none-eabi/lib/thumb2\libc.a(lib_a-memset.o)
 .debug_frame   0x00001f98       0x30 c:/actel/libero_v9.1/softconsole/sourcery-g++/bin/../lib/gcc/arm-none-eabi/4.4.1/../../../../arm-none-eabi/lib/thumb2\libc.a(lib_a-mlock.o)
 .debug_frame   0x00001fc8       0x5c c:/actel/libero_v9.1/softconsole/sourcery-g++/bin/../lib/gcc/arm-none-eabi/4.4.1/../../../../arm-none-eabi/lib/thumb2\libc.a(lib_a-printf.o)
 .debug_frame   0x00002024       0x40 c:/actel/libero_v9.1/softconsole/sourcery-g++/bin/../lib/gcc/arm-none-eabi/4.4.1/../../../../arm-none-eabi/lib/thumb2\libc.a(lib_a-puts.o)
 .debug_frame   0x00002064       0x2c c:/actel/libero_v9.1/softconsole/sourcery-g++/bin/../lib/gcc/arm-none-eabi/4.4.1/../../../../arm-none-eabi/lib/thumb2\libc.a(lib_a-sbrkr.o)
 .debug_frame   0x00002090       0x5c c:/actel/libero_v9.1/softconsole/sourcery-g++/bin/../lib/gcc/arm-none-eabi/4.4.1/../../../../arm-none-eabi/lib/thumb2\libc.a(lib_a-sprintf.o)
 .debug_frame   0x000020ec       0x20 c:/actel/libero_v9.1/softconsole/sourcery-g++/bin/../lib/gcc/arm-none-eabi/4.4.1/../../../../arm-none-eabi/lib/thumb2\libc.a(lib_a-strlen.o)
 .debug_frame   0x0000210c       0x28 c:/actel/libero_v9.1/softconsole/sourcery-g++/bin/../lib/gcc/arm-none-eabi/4.4.1/../../../../arm-none-eabi/lib/thumb2\libc.a(lib_a-strncmp.o)
 .debug_frame   0x00002134       0x68 c:/actel/libero_v9.1/softconsole/sourcery-g++/bin/../lib/gcc/arm-none-eabi/4.4.1/../../../../arm-none-eabi/lib/thumb2\libc.a(lib_a-svfprintf.o)
 .debug_frame   0x0000219c       0x70 c:/actel/libero_v9.1/softconsole/sourcery-g++/bin/../lib/gcc/arm-none-eabi/4.4.1/../../../../arm-none-eabi/lib/thumb2\libc.a(lib_a-vfprintf.o)
 .debug_frame   0x0000220c       0x2c c:/actel/libero_v9.1/softconsole/sourcery-g++/bin/../lib/gcc/arm-none-eabi/4.4.1/../../../../arm-none-eabi/lib/thumb2\libc.a(lib_a-wsetup.o)
 .debug_frame   0x00002238       0x64 c:/actel/libero_v9.1/softconsole/sourcery-g++/bin/../lib/gcc/arm-none-eabi/4.4.1/../../../../arm-none-eabi/lib/thumb2\libc.a(lib_a-dtoa.o)
 .debug_frame   0x0000229c       0x40 c:/actel/libero_v9.1/softconsole/sourcery-g++/bin/../lib/gcc/arm-none-eabi/4.4.1/../../../../arm-none-eabi/lib/thumb2\libc.a(lib_a-fflush.o)
 .debug_frame   0x000022dc      0x11c c:/actel/libero_v9.1/softconsole/sourcery-g++/bin/../lib/gcc/arm-none-eabi/4.4.1/../../../../arm-none-eabi/lib/thumb2\libc.a(lib_a-findfp.o)
 .debug_frame   0x000023f8       0x50 c:/actel/libero_v9.1/softconsole/sourcery-g++/bin/../lib/gcc/arm-none-eabi/4.4.1/../../../../arm-none-eabi/lib/thumb2\libc.a(lib_a-freer.o)
 .debug_frame   0x00002448       0x3c c:/actel/libero_v9.1/softconsole/sourcery-g++/bin/../lib/gcc/arm-none-eabi/4.4.1/../../../../arm-none-eabi/lib/thumb2\libc.a(lib_a-fvwrite.o)
 .debug_frame   0x00002484       0x54 c:/actel/libero_v9.1/softconsole/sourcery-g++/bin/../lib/gcc/arm-none-eabi/4.4.1/../../../../arm-none-eabi/lib/thumb2\libc.a(lib_a-fwalk.o)
 .debug_frame   0x000024d8       0x6c c:/actel/libero_v9.1/softconsole/sourcery-g++/bin/../lib/gcc/arm-none-eabi/4.4.1/../../../../arm-none-eabi/lib/thumb2\libc.a(lib_a-locale.o)
 .debug_frame   0x00002544       0x34 c:/actel/libero_v9.1/softconsole/sourcery-g++/bin/../lib/gcc/arm-none-eabi/4.4.1/../../../../arm-none-eabi/lib/thumb2\libc.a(lib_a-makebuf.o)
 .debug_frame   0x00002578       0x28 c:/actel/libero_v9.1/softconsole/sourcery-g++/bin/../lib/gcc/arm-none-eabi/4.4.1/../../../../arm-none-eabi/lib/thumb2\libc.a(lib_a-memchr.o)