Archive member included because of file (symbol)

C:\Users\rpokeefe\repos\373\ants_master\SoftConsole\ants_master_MSS_MSS_CM3_0\ants_master_MSS_MSS_CM3_0_hw_platform\Debug\libants_master_MSS_MSS_CM3_0_hw_platform.a(mss_uart.o)
                              C:/Users/rpokeefe/repos/373/ants_master/SoftConsole/ants_master_MSS_MSS_CM3_0/ants_master_MSS_MSS_CM3_0_hw_platform/Debug/CMSIS/startup_gcc/newlib_stubs.o (g_mss_uart0)
C:\Users\rpokeefe\repos\373\ants_master\SoftConsole\ants_master_MSS_MSS_CM3_0\ants_master_MSS_MSS_CM3_0_hw_platform\Debug\libants_master_MSS_MSS_CM3_0_hw_platform.a(mss_spi.o)
                              ./drivers/Pixy_SPI.o (g_mss_spi1)
C:\Users\rpokeefe\repos\373\ants_master\SoftConsole\ants_master_MSS_MSS_CM3_0\ants_master_MSS_MSS_CM3_0_hw_platform\Debug\libants_master_MSS_MSS_CM3_0_hw_platform.a(mss_gpio.o)
                              ./main.o (MSS_GPIO_init)
C:\Users\rpokeefe\repos\373\ants_master\SoftConsole\ants_master_MSS_MSS_CM3_0\ants_master_MSS_MSS_CM3_0_hw_platform\Debug\libants_master_MSS_MSS_CM3_0_hw_platform.a(mss_ace.o)
                              ./main.o (ACE_init)
C:\Users\rpokeefe\repos\373\ants_master\SoftConsole\ants_master_MSS_MSS_CM3_0\ants_master_MSS_MSS_CM3_0_hw_platform\Debug\libants_master_MSS_MSS_CM3_0_hw_platform.a(system_a2fxxxm3.o)
                              C:\Users\rpokeefe\repos\373\ants_master\SoftConsole\ants_master_MSS_MSS_CM3_0\ants_master_MSS_MSS_CM3_0_hw_platform\Debug\libants_master_MSS_MSS_CM3_0_hw_platform.a(mss_uart.o) (g_FrequencyPCLK0)
C:\Users\rpokeefe\repos\373\ants_master\SoftConsole\ants_master_MSS_MSS_CM3_0\ants_master_MSS_MSS_CM3_0_hw_platform\Debug\libants_master_MSS_MSS_CM3_0_hw_platform.a(ace_config.o)
                              C:\Users\rpokeefe\repos\373\ants_master\SoftConsole\ants_master_MSS_MSS_CM3_0\ants_master_MSS_MSS_CM3_0_hw_platform\Debug\libants_master_MSS_MSS_CM3_0_hw_platform.a(mss_ace.o) (g_ace_channel_desc_table)
C:\Users\rpokeefe\repos\373\ants_master\SoftConsole\ants_master_MSS_MSS_CM3_0\ants_master_MSS_MSS_CM3_0_hw_platform\Debug\libants_master_MSS_MSS_CM3_0_hw_platform.a(ace_convert.o)
                              C:\Users\rpokeefe\repos\373\ants_master\SoftConsole\ants_master_MSS_MSS_CM3_0\ants_master_MSS_MSS_CM3_0_hw_platform\Debug\libants_master_MSS_MSS_CM3_0_hw_platform.a(mss_ace.o) (ace_init_convert)
C:\Users\rpokeefe\repos\373\ants_master\SoftConsole\ants_master_MSS_MSS_CM3_0\ants_master_MSS_MSS_CM3_0_hw_platform\Debug\libants_master_MSS_MSS_CM3_0_hw_platform.a(ace_flags.o)
                              C:\Users\rpokeefe\repos\373\ants_master\SoftConsole\ants_master_MSS_MSS_CM3_0\ants_master_MSS_MSS_CM3_0_hw_platform\Debug\libants_master_MSS_MSS_CM3_0_hw_platform.a(mss_ace.o) (ace_init_flags)
c:/actel/libero_v9.1/softconsole/sourcery-g++/bin/../lib/gcc/arm-none-eabi/4.4.1/thumb2\libgcc.a(_arm_addsubdf3.o)
                              ./main.o (__aeabi_ui2d)
c:/actel/libero_v9.1/softconsole/sourcery-g++/bin/../lib/gcc/arm-none-eabi/4.4.1/thumb2\libgcc.a(_arm_muldivdf3.o)
                              ./main.o (__aeabi_dmul)
c:/actel/libero_v9.1/softconsole/sourcery-g++/bin/../lib/gcc/arm-none-eabi/4.4.1/thumb2\libgcc.a(_arm_fixunsdfsi.o)
                              ./main.o (__aeabi_d2uiz)
c:/actel/libero_v9.1/softconsole/sourcery-g++/bin/../lib/gcc/arm-none-eabi/4.4.1/thumb2\libgcc.a(_arm_truncdfsf2.o)
                              ./drivers/dsensor_driver.o (__aeabi_d2f)
c:/actel/libero_v9.1/softconsole/sourcery-g++/bin/../lib/gcc/arm-none-eabi/4.4.1/thumb2\libgcc.a(_arm_addsubsf3.o)
                              ./drivers/stats_display.o (__aeabi_ui2f)
c:/actel/libero_v9.1/softconsole/sourcery-g++/bin/../lib/gcc/arm-none-eabi/4.4.1/thumb2\libgcc.a(_arm_muldivsf3.o)
                              ./drivers/stats_display.o (__aeabi_fmul)
c:/actel/libero_v9.1/softconsole/sourcery-g++/bin/../lib/gcc/arm-none-eabi/4.4.1/thumb2\libgcc.a(_arm_fixunssfsi.o)
                              ./drivers/stats_display.o (__aeabi_f2uiz)
c:/actel/libero_v9.1/softconsole/sourcery-g++/bin/../lib/gcc/arm-none-eabi/4.4.1/../../../../arm-none-eabi/lib/thumb2\libc.a(lib_a-errno.o)
                              C:/Users/rpokeefe/repos/373/ants_master/SoftConsole/ants_master_MSS_MSS_CM3_0/ants_master_MSS_MSS_CM3_0_hw_platform/Debug/CMSIS/startup_gcc/newlib_stubs.o (__errno)
c:/actel/libero_v9.1/softconsole/sourcery-g++/bin/../lib/gcc/arm-none-eabi/4.4.1/../../../../arm-none-eabi/lib/thumb2\libc.a(lib_a-impure.o)
                              c:/actel/libero_v9.1/softconsole/sourcery-g++/bin/../lib/gcc/arm-none-eabi/4.4.1/../../../../arm-none-eabi/lib/thumb2\libc.a(lib_a-errno.o) (_impure_ptr)
c:/actel/libero_v9.1/softconsole/sourcery-g++/bin/../lib/gcc/arm-none-eabi/4.4.1/../../../../arm-none-eabi/lib/thumb2\libc.a(lib_a-init.o)
[...]
Memory Configuration

Name             Origin             Length             Attributes
rom              0x60000000         0x00040000         xr
romMirror        0x00000000         0x00040000         xr
ram              0x20000000         0x00010000         xrw
*default*        0x00000000         0xffffffff

Linker script and memory map

LOAD c:/actel/libero_v9.1/softconsole/sourcery-g++/bin/../lib/gcc/arm-none-eabi/4.4.1/thumb2/crti.o
LOAD c:/actel/libero_v9.1/softconsole/sourcery-g++/bin/../lib/gcc/arm-none-eabi/4.4.1/thumb2/crtbegin.o
LOAD ./main.o
LOAD ./main_lcd.o
LOAD ./drivers/LCD.o
LOAD ./drivers/Pixy_SPI.o
LOAD ./drivers/dsensor_driver.o
LOAD ./drivers/n64_driver.o
LOAD ./drivers/servo_control.o
LOAD ./drivers/stats_display.o
LOAD ./drivers/timer_t.o
LOAD C:/Users/rpokeefe/repos/373/ants_master/SoftConsole/ants_master_MSS_MSS_CM3_0/ants_master_MSS_MSS_CM3_0_hw_platform/Debug/CMSIS/startup_gcc/startup_a2fxxxm3.o
LOAD C:/Users/rpokeefe/repos/373/ants_master/SoftConsole/ants_master_MSS_MSS_CM3_0/ants_master_MSS_MSS_CM3_0_hw_platform/Debug/CMSIS/startup_gcc/newlib_stubs.o
LOAD C:\Users\rpokeefe\repos\373\ants_master\SoftConsole\ants_master_MSS_MSS_CM3_0\ants_master_MSS_MSS_CM3_0_hw_platform\Debug\libants_master_MSS_MSS_CM3_0_hw_platform.a
START GROUP
LOAD c:/actel/libero_v9.1/softconsole/sourcery-g++/bin/../lib/gcc/arm-none-eabi/4.4.1/thumb2\libgcc.a
LOAD c:/actel/libero_v9.1/softconsole/sourcery-g++/bin/../lib/gcc/arm-none-eabi/4.4.1/../../../../arm-none-eabi/lib/thumb2\libc.a
END GROUP
LOAD c:/actel/libero_v9.1/softconsole/sourcery-g++/bin/../lib/gcc/arm-none-eabi/4.4.1/thumb2/crtend.o
LOAD c:/actel/libero_v9.1/softconsole/sourcery-g++/bin/../lib/gcc/arm-none-eabi/4.4.1/thumb2/crtn.o
START GROUP
LOAD c:/actel/libero_v9.1/softconsole/sourcery-g++/bin/../lib/gcc/arm-none-eabi/4.4.1/../../../../arm-none-eabi/lib/thumb2\libc.a
LOAD c:/actel/libero_v9.1/softconsole/sourcery-g++/bin/../lib/gcc/arm-none-eabi/4.4.1/thumb2\libgcc.a
LOAD c:/actel/libero_v9.1/softconsole/sourcery-g++/bin/../lib/gcc/arm-none-eabi/4.4.1/../../../../arm-none-eabi/lib/thumb2\libm.a
END GROUP
                0x00000000                __DYNAMIC = 0x0
                0x20000000                RAM_START_ADDRESS = 0x20000000
                0x00010000                RAM_SIZE = 0x10000
                0x00002000                MAIN_STACK_SIZE = 0x2000
                0x00001000                PROCESS_STACK_SIZE = 0x1000
                0x20010000                PROVIDE (__main_stack_start, (RAM_START_ADDRESS + RAM_SIZE))
                0x2000e000                PROVIDE (__process_stack_start, (__main_stack_start - MAIN_STACK_SIZE))
                0x20010000                PROVIDE (_estack, __main_stack_start)
                0x00000001                PROVIDE (__mirrored_nvm, 0x1)

.init           0x00000000      0x470 load address 0x60000000
                0x00000000                __vector_table_vma_base_address = .
 *(.isr_vector)
 .isr_vector    0x00000000      0x470 C:/Users/rpokeefe/repos/373/ants_master/SoftConsole/ants_master_MSS_MSS_CM3_0/ants_master_MSS_MSS_CM3_0_hw_platform/Debug/CMSIS/startup_gcc/startup_a2fxxxm3.o
                0x00000000                g_pfnVectors
                0x00000298                Reset_Handler
                0x00000308                NMI_Handler
                0x0000030a                HardFault_Handler
                0x0000030c                MemManage_Handler
                0x0000030e                BusFault_Handler
                0x00000310                UsageFault_Handler
                0x00000312                SVC_Handler
                0x00000314                DebugMon_Handler
                0x00000316                PendSV_Handler
                0x00000318                SysTick_Handler
                0x0000031a                WdogWakeup_IRQHandler
                0x0000031c                BrownOut_1_5V_IRQHandler
                0x0000031e                BrownOut_3_3V_IRQHandler
                0x00000320                RTC_Match_IRQHandler
                0x00000322                RTCIF_Pub_IRQHandler
                0x00000324                EthernetMAC_IRQHandler
                0x00000326                IAP_IRQHandler
                0x00000328                ENVM0_IRQHandler
                0x0000032a                ENVM1_IRQHandler
                0x0000032c                DMA_IRQHandler
                0x00000336                I2C0_IRQHandler
                0x00000338                I2C0_SMBAlert_IRQHandler
                0x0000033a                I2C0_SMBus_IRQHandler
                0x0000033c                I2C1_IRQHandler
                0x0000033e                I2C1_SMBAlert_IRQHandler
                0x00000340                I2C1_SMBus_IRQHandler
                0x00000344                Timer2_IRQHandler
                0x00000346                PLL_Lock_IRQHandler
                0x00000348                PLL_LockLost_IRQHandler
                0x0000034a                CommError_IRQHandler
                0x0000034c                Fabric_IRQHandler
                0x0000034e                GPIO0_IRQHandler
                0x00000350                GPIO1_IRQHandler
                0x00000352                GPIO2_IRQHandler
                0x00000354                GPIO3_IRQHandler
                0x00000356                GPIO4_IRQHandler
                0x00000358                GPIO5_IRQHandler
                0x0000035a                GPIO6_IRQHandler
                0x0000035c                GPIO7_IRQHandler
                0x0000035e                GPIO8_IRQHandler
                0x00000360                GPIO9_IRQHandler
                0x00000362                GPIO10_IRQHandler
                0x00000364                GPIO11_IRQHandler
                0x00000366                GPIO12_IRQHandler
                0x00000368                GPIO13_IRQHandler
                0x0000036a                GPIO14_IRQHandler
                0x0000036c                GPIO15_IRQHandler
                0x0000036e                GPIO16_IRQHandler
                0x00000370                GPIO17_IRQHandler
                0x00000372                GPIO18_IRQHandler
                0x00000374                GPIO19_IRQHandler
                0x00000376                GPIO20_IRQHandler
                0x00000378                GPIO21_IRQHandler
                0x0000037a                GPIO22_IRQHandler
                0x0000037c                GPIO23_IRQHandler
                0x0000037e                GPIO24_IRQHandler
                0x00000380                GPIO25_IRQHandler
                0x00000382                GPIO26_IRQHandler
                0x00000384                GPIO27_IRQHandler
                0x00000386                GPIO28_IRQHandler
                0x00000388                GPIO29_IRQHandler
                0x0000038a                GPIO30_IRQHandler
                0x0000038c                GPIO31_IRQHandler
                0x0000038e                ACE_PC0_Flag0_IRQHandler
                0x00000390                ACE_PC0_Flag1_IRQHandler
                0x00000392                ACE_PC0_Flag2_IRQHandler
                0x00000394                ACE_PC0_Flag3_IRQHandler
                0x00000396                ACE_PC1_Flag0_IRQHandler
                0x00000398                ACE_PC1_Flag1_IRQHandler
                0x0000039a                ACE_PC1_Flag2_IRQHandler
                0x0000039c                ACE_PC1_Flag3_IRQHandler
                0x0000039e                ACE_PC2_Flag0_IRQHandler
                0x000003a0                ACE_PC2_Flag1_IRQHandler
                0x000003a2                ACE_PC2_Flag2_IRQHandler
                0x000003a4                ACE_PC2_Flag3_IRQHandler
                0x000003a6                ACE_ADC0_DataValid_IRQHandler
                0x000003a8                ACE_ADC1_DataValid_IRQHandler
                0x000003aa                ACE_ADC2_DataValid_IRQHandler
                0x000003ac                ACE_ADC0_CalDone_IRQHandler
                0x000003ae                ACE_ADC1_CalDone_IRQHandler
                0x000003b0                ACE_ADC2_CalDone_IRQHandler
                0x000003b2                ACE_ADC0_CalStart_IRQHandler
                0x000003b4                ACE_ADC1_CalStart_IRQHandler
                0x000003b6                ACE_ADC2_CalStart_IRQHandler
                0x000003b8                ACE_Comp0_Fall_IRQHandler
                0x000003ba                ACE_Comp1_Fall_IRQHandler
                0x000003bc                ACE_Comp2_Fall_IRQHandler
                0x000003be                ACE_Comp3_Fall_IRQHandler
                0x000003c0                ACE_Comp4_Fall_IRQHandler
                0x000003c2                ACE_Comp5_Fall_IRQHandler
                0x000003c4                ACE_Comp6_Fall_IRQHandler
                0x000003c6                ACE_Comp7_Fall_IRQHandler
                0x000003c8                ACE_Comp8_Fall_IRQHandler
                0x000003ca                ACE_Comp9_Fall_IRQHandler
                0x000003cc                ACE_Comp10_Fall_IRQHandler
                0x000003ce                ACE_Comp11_Fall_IRQHandler
                0x000003d0                ACE_Comp0_Rise_IRQHandler
                0x000003d2                ACE_Comp1_Rise_IRQHandler
                0x000003d4                ACE_Comp2_Rise_IRQHandler
                0x000003d6                ACE_Comp3_Rise_IRQHandler
                0x000003d8                ACE_Comp4_Rise_IRQHandler
                0x000003da                ACE_Comp5_Rise_IRQHandler
                0x000003dc                ACE_Comp6_Rise_IRQHandler
                0x000003de                ACE_Comp7_Rise_IRQHandler
                0x000003e0                ACE_Comp8_Rise_IRQHandler
                0x000003e2                ACE_Comp9_Rise_IRQHandler
                0x000003e4                ACE_Comp10_Rise_IRQHandler
                0x000003e6                ACE_Comp11_Rise_IRQHandler
                0x000003e8                ACE_ADC0_FifoFull_IRQHandler
                0x000003ea                ACE_ADC0_FifoAFull_IRQHandler
                0x000003ec                ACE_ADC0_FifoEmpty_IRQHandler
                0x000003ee                ACE_ADC1_FifoFull_IRQHandler
                0x000003f0                ACE_ADC1_FifoAFull_IRQHandler
                0x000003f2                ACE_ADC1_FifoEmpty_IRQHandler
                0x000003f4                ACE_ADC2_FifoFull_IRQHandler
                0x000003f6                ACE_ADC2_FifoAFull_IRQHandler
                0x000003f8                ACE_ADC2_FifoEmpty_IRQHandler
                0x00000470                . = ALIGN (0x4)

.text           0x00000470     0xc6a0 load address 0x60000470
 CREATE_OBJECT_SYMBOLS
                0x60000470                __text_load = LOADADDR (.text)
                0x00000470                __text_start = .
 *(.text .text.* .gnu.linkonce.t.*)
 .text          0x00000470       0x30 c:/actel/libero_v9.1/softconsole/sourcery-g++/bin/../lib/gcc/arm-none-eabi/4.4.1/thumb2/crtbegin.o
 .text._reload_motion
                0x000004a0       0x40 ./main.o
                0x000004a0                _reload_motion
 .text.do_servos_manual
                0x000004e0      0x104 ./main.o
                0x000004e0                do_servos_manual
 .text.lights_set
                0x000005e4       0x38 ./main.o
                0x000005e4                lights_set
 .text.do_manual_reload
                0x0000061c      0x100 ./main.o
                0x0000061c                do_manual_reload
 .text.do_ready_live_fire
                0x0000071c       0xb8 ./main.o
                0x0000071c                do_ready_live_fire
 .text.lights_init
                0x000007d4       0x50 ./main.o
                0x000007d4                lights_init
 .text.trigger_solenoid_activate
                0x00000824       0x2c ./main.o
                0x00000824                trigger_solenoid_activate
 .text._fire_dart
                0x00000850       0x8c ./main.o
                0x00000850                _fire_dart
 .text.trigger_solenoid_pin_init
                0x000008dc       0x20 ./main.o
                0x000008dc                trigger_solenoid_pin_init
 .text.speaker_play
                0x000008fc      0x1e4 ./main.o
                0x000008fc                speaker_play
 .text.do_automatic
                0x00000ae0      0x3b0 ./main.o
                0x00000ae0                do_automatic
 .text.do_solenoid
                0x00000e90       0x3c ./main.o
                0x00000e90                do_solenoid
 .text.speaker_init
                0x00000ecc       0x20 ./main.o
                0x00000ecc                speaker_init
 .text.main     0x00000eec       0xb8 ./main.o
                0x00000eec                main
 .text.LCD_drawCircle
                0x00000fa4       0x78 ./drivers/LCD.o
                0x00000fa4                LCD_drawCircle
 .text.LCD_drawLine
                0x0000101c       0x8c ./drivers/LCD.o
                0x0000101c                LCD_drawLine
 .text.LCD_drawBox
                0x000010a8       0xcc ./drivers/LCD.o
                0x000010a8                LCD_drawBox
 .text.LCD_setY
                0x00001174       0x48 ./drivers/LCD.o
                0x00001174                LCD_setY
 .text.LCD_setX
                0x000011bc       0x48 ./drivers/LCD.o
                0x000011bc                LCD_setX
 .text.LCD_setPos
                0x00001204       0x10 ./drivers/LCD.o
                0x00001204                LCD_setPos
 .text.LCD_clearScreen
                0x00001214       0x38 ./drivers/LCD.o
                0x00001214                LCD_clearScreen
 .text.LCD_printStr
                0x0000124c       0x14 ./drivers/LCD.o
                0x0000124c                LCD_printStr
 .text.LCD_init
                0x00001260       0x18 ./drivers/LCD.o
                0x00001260                LCD_init
 .text.Pixy_init
                0x00001278       0x40 ./drivers/Pixy_SPI.o
                0x00001278                Pixy_init
 .text.getByte  0x000012b8       0x30 ./drivers/Pixy_SPI.o
                0x000012b8                getByte
 .text.getWord  0x000012e8       0x7c ./drivers/Pixy_SPI.o
 .text.Pixy_get_start
                0x00001364       0x90 ./drivers/Pixy_SPI.o
                0x00001364                Pixy_get_start
 .text.Pixy_get_blocks
                0x000013f4      0x150 ./drivers/Pixy_SPI.o
                0x000013f4                Pixy_get_blocks
 .text.Pixy_get_target_location
                0x00001544       0x30 ./drivers/Pixy_SPI.o
                0x00001544                Pixy_get_target_location
 .text.n64_get_state
                0x00001574       0x14 ./drivers/n64_driver.o
                0x00001574                n64_get_state
 .text.n64_reset
                0x00001588       0x10 ./drivers/n64_driver.o
                0x00001588                n64_reset
 .text.n64_enable
                0x00001598       0x10 ./drivers/n64_driver.o
                0x00001598                n64_enable
 .text._map_n64_to_pwm_val
                0x000015a8       0x30 ./drivers/n64_driver.o
                0x000015a8                _map_n64_to_pwm_val
 .text.map_n64_analog_to_servo_pwm
                0x000015d8       0x1c ./drivers/n64_driver.o
                0x000015d8                map_n64_analog_to_servo_pwm
 .text.set_x_servo_analog_pw
                0x000015f4       0x24 ./drivers/servo_control.o
                0x000015f4                set_x_servo_analog_pw
 .text.set_y_servo_analog_pw
                0x00001618       0x24 ./drivers/servo_control.o
                0x00001618                set_y_servo_analog_pw
 .text.disp_scale_x
                0x0000163c       0x1c ./drivers/stats_display.o
                0x0000163c                disp_scale_x
 .text.disp_scale_y
                0x00001658       0x1c ./drivers/stats_display.o
                0x00001658                disp_scale_y
 .text.disp_upd_finish
                0x00001674       0x64 ./drivers/stats_display.o
                0x00001674                disp_upd_finish
 .text.disp_write_mode
                0x000016d8       0x88 ./drivers/stats_display.o
                0x000016d8                disp_write_mode
 .text.disp_write_shots
                0x00001760       0x2c ./drivers/stats_display.o
                0x00001760                disp_write_shots
 .text.disp_write_dist
                0x0000178c       0x30 ./drivers/stats_display.o
                0x0000178c                disp_write_dist
 .text.disp_write_target
                0x000017bc       0xe4 ./drivers/stats_display.o
                0x000017bc                disp_write_target
 .text.disp_update
                0x000018a0      0x3e0 ./drivers/stats_display.o
                0x000018a0                disp_update
 .text.disp_init
                0x00001c80       0x9c ./drivers/stats_display.o
                0x00001c80                disp_init
 .text.start_hardware_timer
                0x00001d1c       0x6c ./drivers/timer_t.o
                0x00001d1c                start_hardware_timer
 .text.set_clk  0x00001d88        0xc ./drivers/timer_t.o
                0x00001d88                set_clk
 .text.to_ticks
                0x00001d94       0x18 ./drivers/timer_t.o
                0x00001d94                to_ticks
 .text._end_delay_timer
                0x00001dac       0x64 ./drivers/timer_t.o
                0x00001dac                _end_delay_timer
 .text.insert_timer
                0x00001e10      0x160 ./drivers/timer_t.o
                0x00001e10                insert_timer
 .text.add_timer
                0x00001f70       0x28 ./drivers/timer_t.o
                0x00001f70                add_timer
 .text.add_timer_single
                0x00001f98        0xc ./drivers/timer_t.o
                0x00001f98                add_timer_single
 .text.use_me_carefully_ms_delay_timer
                0x00001fa4       0x88 ./drivers/timer_t.o
                0x00001fa4                use_me_carefully_ms_delay_timer
 .text.update_timers
                0x0000202c      0x16c ./drivers/timer_t.o
                0x0000202c                update_timers
 .text.Timer1_IRQHandler
                0x00002198       0xac ./drivers/timer_t.o
                0x00002198                Timer1_IRQHandler
 .text._close   0x00002244       0x18 C:/Users/rpokeefe/repos/373/ants_master/SoftConsole/ants_master_MSS_MSS_CM3_0/ants_master_MSS_MSS_CM3_0_hw_platform/Debug/CMSIS/startup_gcc/newlib_stubs.o
                0x00002244                _close
 .text._exit    0x0000225c        0xc C:/Users/rpokeefe/repos/373/ants_master/SoftConsole/ants_master_MSS_MSS_CM3_0/ants_master_MSS_MSS_CM3_0_hw_platform/Debug/CMSIS/startup_gcc/newlib_stubs.o
                0x0000225c                _exit
 .text._fstat   0x00002268       0x24 C:/Users/rpokeefe/repos/373/ants_master/SoftConsole/ants_master_MSS_MSS_CM3_0/ants_master_MSS_MSS_CM3_0_hw_platform/Debug/CMSIS/startup_gcc/newlib_stubs.o
                0x00002268                _fstat
 .text._isatty  0x0000228c       0x18 C:/Users/rpokeefe/repos/373/ants_master/SoftConsole/ants_master_MSS_MSS_CM3_0/ants_master_MSS_MSS_CM3_0_hw_platform/Debug/CMSIS/startup_gcc/newlib_stubs.o
                0x0000228c                _isatty
 .text._lseek   0x000022a4       0x1c C:/Users/rpokeefe/repos/373/ants_master/SoftConsole/ants_master_MSS_MSS_CM3_0/ants_master_MSS_MSS_CM3_0_hw_platform/Debug/CMSIS/startup_gcc/newlib_stubs.o
                0x000022a4                _lseek
 .text._read    0x000022c0       0x1c C:/Users/rpokeefe/repos/373/ants_master/SoftConsole/ants_master_MSS_MSS_CM3_0/ants_master_MSS_MSS_CM3_0_hw_platform/Debug/CMSIS/startup_gcc/newlib_stubs.o
                0x000022c0                _read
 .text._write_r
                0x000022dc       0x5c C:/Users/rpokeefe/repos/373/ants_master/SoftConsole/ants_master_MSS_MSS_CM3_0/ants_master_MSS_MSS_CM3_0_hw_platform/Debug/CMSIS/startup_gcc/newlib_stubs.o
                0x000022dc                _write_r
 .text._sbrk    0x00002338       0x94 C:/Users/rpokeefe/repos/373/ants_master/SoftConsole/ants_master_MSS_MSS_CM3_0/ants_master_MSS_MSS_CM3_0_hw_platform/Debug/CMSIS/startup_gcc/newlib_stubs.o
                0x00002338                _sbrk
 .text.NVIC_ClearPendingIRQ
                0x000023cc       0x3c C:\Users\rpokeefe\repos\373\ants_master\SoftConsole\ants_master_MSS_MSS_CM3_0\ants_master_MSS_MSS_CM3_0_hw_platform\Debug\libants_master_MSS_MSS_CM3_0_hw_platform.a(mss_uart.o)
 .text.MSS_UART_init
                0x00002408      0x204 C:\Users\rpokeefe\repos\373\ants_master\SoftConsole\ants_master_MSS_MSS_CM3_0\ants_master_MSS_MSS_CM3_0_hw_platform\Debug\libants_master_MSS_MSS_CM3_0_hw_platform.a(mss_uart.o)
                0x00002408                MSS_UART_init
 .text.MSS_UART_polled_tx
                0x0000260c       0xe4 C:\Users\rpokeefe\repos\373\ants_master\SoftConsole\ants_master_MSS_MSS_CM3_0\ants_master_MSS_MSS_CM3_0_hw_platform\Debug\libants_master_MSS_MSS_CM3_0_hw_platform.a(mss_uart.o)
                0x0000260c                MSS_UART_polled_tx
 .text.MSS_UART_polled_tx_string
                0x000026f0       0xd0 C:\Users\rpokeefe\repos\373\ants_master\SoftConsole\ants_master_MSS_MSS_CM3_0\ants_master_MSS_MSS_CM3_0_hw_platform\Debug\libants_master_MSS_MSS_CM3_0_hw_platform.a(mss_uart.o)
                0x000026f0                MSS_UART_polled_tx_string
 .text.MSS_UART_isr
                0x000027c0      0x11c C:\Users\rpokeefe\repos\373\ants_master\SoftConsole\ants_master_MSS_MSS_CM3_0\ants_master_MSS_MSS_CM3_0_hw_platform\Debug\libants_master_MSS_MSS_CM3_0_hw_platform.a(mss_uart.o)
 .text.default_tx_handler
                0x000028dc      0x108 C:\Users\rpokeefe\repos\373\ants_master\SoftConsole\ants_master_MSS_MSS_CM3_0\ants_master_MSS_MSS_CM3_0_hw_platform\Debug\libants_master_MSS_MSS_CM3_0_hw_platform.a(mss_uart.o)
 .text.UART0_IRQHandler
                0x000029e4       0x2c C:\Users\rpokeefe\repos\373\ants_master\SoftConsole\ants_master_MSS_MSS_CM3_0\ants_master_MSS_MSS_CM3_0_hw_platform\Debug\libants_master_MSS_MSS_CM3_0_hw_platform.a(mss_uart.o)
                0x000029e4                UART0_IRQHandler
 .text.UART1_IRQHandler
                0x00002a10       0x2c C:\Users\rpokeefe\repos\373\ants_master\SoftConsole\ants_master_MSS_MSS_CM3_0\ants_master_MSS_MSS_CM3_0_hw_platform\Debug\libants_master_MSS_MSS_CM3_0_hw_platform.a(mss_uart.o)
                0x00002a10                UART1_IRQHandler
 .text.NVIC_EnableIRQ
                0x00002a3c       0x38 C:\Users\rpokeefe\repos\373\ants_master\SoftConsole\ants_master_MSS_MSS_CM3_0\ants_master_MSS_MSS_CM3_0_hw_platform\Debug\libants_master_MSS_MSS_CM3_0_hw_platform.a(mss_spi.o)
 .text.NVIC_DisableIRQ
                0x00002a74       0x3c C:\Users\rpokeefe\repos\373\ants_master\SoftConsole\ants_master_MSS_MSS_CM3_0\ants_master_MSS_MSS_CM3_0_hw_platform\Debug\libants_master_MSS_MSS_CM3_0_hw_platform.a(mss_spi.o)
 .text.NVIC_ClearPendingIRQ
                0x00002ab0       0x3c C:\Users\rpokeefe\repos\373\ants_master\SoftConsole\ants_master_MSS_MSS_CM3_0\ants_master_MSS_MSS_CM3_0_hw_platform\Debug\libants_master_MSS_MSS_CM3_0_hw_platform.a(mss_spi.o)
 .text.MSS_SPI_init
                0x00002aec      0x134 C:\Users\rpokeefe\repos\373\ants_master\SoftConsole\ants_master_MSS_MSS_CM3_0\ants_master_MSS_MSS_CM3_0_hw_platform\Debug\libants_master_MSS_MSS_CM3_0_hw_platform.a(mss_spi.o)
                0x00002aec                MSS_SPI_init
 .text.recover_from_rx_overflow
                0x00002c20      0x160 C:\Users\rpokeefe\repos\373\ants_master\SoftConsole\ants_master_MSS_MSS_CM3_0\ants_master_MSS_MSS_CM3_0_hw_platform\Debug\libants_master_MSS_MSS_CM3_0_hw_platform.a(mss_spi.o)
 .text.MSS_SPI_configure_master_mode
                0x00002d80      0x120 C:\Users\rpokeefe\repos\373\ants_master\SoftConsole\ants_master_MSS_MSS_CM3_0\ants_master_MSS_MSS_CM3_0_hw_platform\Debug\libants_master_MSS_MSS_CM3_0_hw_platform.a(mss_spi.o)
                0x00002d80                MSS_SPI_configure_master_mode
 .text.MSS_SPI_set_slave_select
                0x00002ea0      0x108 C:\Users\rpokeefe\repos\373\ants_master\SoftConsole\ants_master_MSS_MSS_CM3_0\ants_master_MSS_MSS_CM3_0_hw_platform\Debug\libants_master_MSS_MSS_CM3_0_hw_platform.a(mss_spi.o)
                0x00002ea0                MSS_SPI_set_slave_select
 .text.MSS_SPI_clear_slave_select
                0x00002fa8       0x90 C:\Users\rpokeefe\repos\373\ants_master\SoftConsole\ants_master_MSS_MSS_CM3_0\ants_master_MSS_MSS_CM3_0_hw_platform\Debug\libants_master_MSS_MSS_CM3_0_hw_platform.a(mss_spi.o)
                0x00002fa8                MSS_SPI_clear_slave_select
 .text.MSS_SPI_transfer_frame
                0x00003038       0xec C:\Users\rpokeefe\repos\373\ants_master\SoftConsole\ants_master_MSS_MSS_CM3_0\ants_master_MSS_MSS_CM3_0_hw_platform\Debug\libants_master_MSS_MSS_CM3_0_hw_platform.a(mss_spi.o)
                0x00003038                MSS_SPI_transfer_frame
 .text.fill_slave_tx_fifo
                0x00003124       0xe0 C:\Users\rpokeefe\repos\373\ants_master\SoftConsole\ants_master_MSS_MSS_CM3_0\ants_master_MSS_MSS_CM3_0_hw_platform\Debug\libants_master_MSS_MSS_CM3_0_hw_platform.a(mss_spi.o)
 .text.read_slave_rx_fifo
                0x00003204       0xac C:\Users\rpokeefe\repos\373\ants_master\SoftConsole\ants_master_MSS_MSS_CM3_0\ants_master_MSS_MSS_CM3_0_hw_platform\Debug\libants_master_MSS_MSS_CM3_0_hw_platform.a(mss_spi.o)
 .text.mss_spi_isr
                0x000032b0      0x2b0 C:\Users\rpokeefe\repos\373\ants_master\SoftConsole\ants_master_MSS_MSS_CM3_0\ants_master_MSS_MSS_CM3_0_hw_platform\Debug\libants_master_MSS_MSS_CM3_0_hw_platform.a(mss_spi.o)
 .text.SPI0_IRQHandler
                0x00003560       0x2c C:\Users\rpokeefe\repos\373\ants_master\SoftConsole\ants_master_MSS_MSS_CM3_0\ants_master_MSS_MSS_CM3_0_hw_platform\Debug\libants_master_MSS_MSS_CM3_0_hw_platform.a(mss_spi.o)
                0x00003560                SPI0_IRQHandler
 .text.SPI1_IRQHandler
                0x0000358c       0x2c C:\Users\rpokeefe\repos\373\ants_master\SoftConsole\ants_master_MSS_MSS_CM3_0\ants_master_MSS_MSS_CM3_0_hw_platform\Debug\libants_master_MSS_MSS_CM3_0_hw_platform.a(mss_spi.o)
                0x0000358c                SPI1_IRQHandler
 .text.NVIC_ClearPendingIRQ
                0x000035b8       0x3c C:\Users\rpokeefe\repos\373\ants_master\SoftConsole\ants_master_MSS_MSS_CM3_0\ants_master_MSS_MSS_CM3_0_hw_platform\Debug\libants_master_MSS_MSS_CM3_0_hw_platform.a(mss_gpio.o)
 .text.MSS_GPIO_init
                0x000035f4       0x6c C:\Users\rpokeefe\repos\373\ants_master\SoftConsole\ants_master_MSS_MSS_CM3_0\ants_master_MSS_MSS_CM3_0_hw_platform\Debug\libants_master_MSS_MSS_CM3_0_hw_platform.a(mss_gpio.o)
                0x000035f4                MSS_GPIO_init
 .text.MSS_GPIO_config
                0x00003660       0x3c C:\Users\rpokeefe\repos\373\ants_master\SoftConsole\ants_master_MSS_MSS_CM3_0\ants_master_MSS_MSS_CM3_0_hw_platform\Debug\libants_master_MSS_MSS_CM3_0_hw_platform.a(mss_gpio.o)
                0x00003660                MSS_GPIO_config
 .text.MSS_GPIO_set_output
                0x0000369c       0x40 C:\Users\rpokeefe\repos\373\ants_master\SoftConsole\ants_master_MSS_MSS_CM3_0\ants_master_MSS_MSS_CM3_0_hw_platform\Debug\libants_master_MSS_MSS_CM3_0_hw_platform.a(mss_gpio.o)
                0x0000369c                MSS_GPIO_set_output
 .text.ACE_init
                0x000036dc       0x10 C:\Users\rpokeefe\repos\373\ants_master\SoftConsole\ants_master_MSS_MSS_CM3_0\ants_master_MSS_MSS_CM3_0_hw_platform\Debug\libants_master_MSS_MSS_CM3_0_hw_platform.a(mss_ace.o)
                0x000036dc                ACE_init
 .text.ACE_configure_sdd
                0x000036ec      0x1a0 C:\Users\rpokeefe\repos\373\ants_master\SoftConsole\ants_master_MSS_MSS_CM3_0\ants_master_MSS_MSS_CM3_0_hw_platform\Debug\libants_master_MSS_MSS_CM3_0_hw_platform.a(mss_ace.o)
                0x000036ec                ACE_configure_sdd
 .text.ACE_enable_sdd
                0x0000388c       0x48 C:\Users\rpokeefe\repos\373\ants_master\SoftConsole\ants_master_MSS_MSS_CM3_0\ants_master_MSS_MSS_CM3_0_hw_platform\Debug\libants_master_MSS_MSS_CM3_0_hw_platform.a(mss_ace.o)
                0x0000388c                ACE_enable_sdd
 .text.ACE_set_sdd_value
                0x000038d4       0x4c C:\Users\rpokeefe\repos\373\ants_master\SoftConsole\ants_master_MSS_MSS_CM3_0\ants_master_MSS_MSS_CM3_0_hw_platform\Debug\libants_master_MSS_MSS_CM3_0_hw_platform.a(mss_ace.o)
                0x000038d4                ACE_set_sdd_value
 .text.SystemInit
                0x00003920        0xc C:\Users\rpokeefe\repos\373\ants_master\SoftConsole\ants_master_MSS_MSS_CM3_0\ants_master_MSS_MSS_CM3_0_hw_platform\Debug\libants_master_MSS_MSS_CM3_0_hw_platform.a(system_a2fxxxm3.o)
                0x00003920                SystemInit
 .text.SystemCoreClockUpdate
                0x0000392c      0x150 C:\Users\rpokeefe\repos\373\ants_master\SoftConsole\ants_master_MSS_MSS_CM3_0\ants_master_MSS_MSS_CM3_0_hw_platform\Debug\libants_master_MSS_MSS_CM3_0_hw_platform.a(system_a2fxxxm3.o)
                0x0000392c                SystemCoreClockUpdate
 .text.GetSystemClock
                0x00003a7c       0xe8 C:\Users\rpokeefe\repos\373\ants_master\SoftConsole\ants_master_MSS_MSS_CM3_0\ants_master_MSS_MSS_CM3_0_hw_platform\Debug\libants_master_MSS_MSS_CM3_0_hw_platform.a(system_a2fxxxm3.o)
 .text.ace_init_convert
                0x00003b64      0x1b4 C:\Users\rpokeefe\repos\373\ants_master\SoftConsole\ants_master_MSS_MSS_CM3_0\ants_master_MSS_MSS_CM3_0_hw_platform\Debug\libants_master_MSS_MSS_CM3_0_hw_platform.a(ace_convert.o)
                0x00003b64                ace_init_convert
 .text.NVIC_ClearPendingIRQ
                0x00003d18       0x3c C:\Users\rpokeefe\repos\373\ants_master\SoftConsole\ants_master_MSS_MSS_CM3_0\ants_master_MSS_MSS_CM3_0_hw_platform\Debug\libants_master_MSS_MSS_CM3_0_hw_platform.a(ace_flags.o)
 .text.ace_init_flags
                0x00003d54        0xc C:\Users\rpokeefe\repos\373\ants_master\SoftConsole\ants_master_MSS_MSS_CM3_0\ants_master_MSS_MSS_CM3_0_hw_platform\Debug\libants_master_MSS_MSS_CM3_0_hw_platform.a(ace_flags.o)
                0x00003d54                ace_init_flags
 .text.process_flag_irq
                0x00003d60       0x14 C:\Users\rpokeefe\repos\373\ants_master\SoftConsole\ants_master_MSS_MSS_CM3_0\ants_master_MSS_MSS_CM3_0_hw_platform\Debug\libants_master_MSS_MSS_CM3_0_hw_platform.a(ace_flags.o)
 .text.ACE_PPE_Flag0_IRQHandler
                0x00003d74       0x28 C:\Users\rpokeefe\repos\373\ants_master\SoftConsole\ants_master_MSS_MSS_CM3_0\ants_master_MSS_MSS_CM3_0_hw_platform\Debug\libants_master_MSS_MSS_CM3_0_hw_platform.a(ace_flags.o)
                0x00003d74                ACE_PPE_Flag0_IRQHandler
 .text.ACE_PPE_Flag1_IRQHandler
                0x00003d9c       0x28 C:\Users\rpokeefe\repos\373\ants_master\SoftConsole\ants_master_MSS_MSS_CM3_0\ants_master_MSS_MSS_CM3_0_hw_platform\Debug\libants_master_MSS_MSS_CM3_0_hw_platform.a(ace_flags.o)
                0x00003d9c                ACE_PPE_Flag1_IRQHandler
 .text.ACE_PPE_Flag2_IRQHandler
                0x00003dc4       0x28 C:\Users\rpokeefe\repos\373\ants_master\SoftConsole\ants_master_MSS_MSS_CM3_0\ants_master_MSS_MSS_CM3_0_hw_platform\Debug\libants_master_MSS_MSS_CM3_0_hw_platform.a(ace_flags.o)
                0x00003dc4                ACE_PPE_Flag2_IRQHandler
 .text.ACE_PPE_Flag3_IRQHandler
                0x00003dec       0x28 C:\Users\rpokeefe\repos\373\ants_master\SoftConsole\ants_master_MSS_MSS_CM3_0\ants_master_MSS_MSS_CM3_0_hw_platform\Debug\libants_master_MSS_MSS_CM3_0_hw_platform.a(ace_flags.o)
                0x00003dec                ACE_PPE_Flag3_IRQHandler
 .text.ACE_PPE_Flag4_IRQHandler
                0x00003e14       0x28 C:\Users\rpokeefe\repos\373\ants_master\SoftConsole\ants_master_MSS_MSS_CM3_0\ants_master_MSS_MSS_CM3_0_hw_platform\Debug\libants_master_MSS_MSS_CM3_0_hw_platform.a(ace_flags.o)
                0x00003e14                ACE_PPE_Flag4_IRQHandler
 .text.ACE_PPE_Flag5_IRQHandler
                0x00003e3c       0x28 C:\Users\rpokeefe\repos\373\ants_master\SoftConsole\ants_master_MSS_MSS_CM3_0\ants_master_MSS_MSS_CM3_0_hw_platform\Debug\libants_master_MSS_MSS_CM3_0_hw_platform.a(ace_flags.o)
                0x00003e3c                ACE_PPE_Flag5_IRQHandler
 .text.ACE_PPE_Flag6_IRQHandler
                0x00003e64       0x28 C:\Users\rpokeefe\repos\373\ants_master\SoftConsole\ants_master_MSS_MSS_CM3_0\ants_master_MSS_MSS_CM3_0_hw_platform\Debug\libants_master_MSS_MSS_CM3_0_hw_platform.a(ace_flags.o)
                0x00003e64                ACE_PPE_Flag6_IRQHandler
 .text.ACE_PPE_Flag7_IRQHandler
                0x00003e8c       0x28 C:\Users\rpokeefe\repos\373\ants_master\SoftConsole\ants_master_MSS_MSS_CM3_0\ants_master_MSS_MSS_CM3_0_hw_platform\Debug\libants_master_MSS_MSS_CM3_0_hw_platform.a(ace_flags.o)
                0x00003e8c                ACE_PPE_Flag7_IRQHandler
 .text.ACE_PPE_Flag8_IRQHandler
                0x00003eb4       0x28 C:\Users\rpokeefe\repos\373\ants_master\SoftConsole\ants_master_MSS_MSS_CM3_0\ants_master_MSS_MSS_CM3_0_hw_platform\Debug\libants_master_MSS_MSS_CM3_0_hw_platform.a(ace_flags.o)
                0x00003eb4                ACE_PPE_Flag8_IRQHandler
 .text.ACE_PPE_Flag9_IRQHandler
                0x00003edc       0x28 C:\Users\rpokeefe\repos\373\ants_master\SoftConsole\ants_master_MSS_MSS_CM3_0\ants_master_MSS_MSS_CM3_0_hw_platform\Debug\libants_master_MSS_MSS_CM3_0_hw_platform.a(ace_flags.o)
                0x00003edc                ACE_PPE_Flag9_IRQHandler
 .text.ACE_PPE_Flag10_IRQHandler
                0x00003f04       0x28 C:\Users\rpokeefe\repos\373\ants_master\SoftConsole\ants_master_MSS_MSS_CM3_0\ants_master_MSS_MSS_CM3_0_hw_platform\Debug\libants_master_MSS_MSS_CM3_0_hw_platform.a(ace_flags.o)
                0x00003f04                ACE_PPE_Flag10_IRQHandler
 .text.ACE_PPE_Flag11_IRQHandler
                0x00003f2c       0x28 C:\Users\rpokeefe\repos\373\ants_master\SoftConsole\ants_master_MSS_MSS_CM3_0\ants_master_MSS_MSS_CM3_0_hw_platform\Debug\libants_master_MSS_MSS_CM3_0_hw_platform.a(ace_flags.o)
                0x00003f2c                ACE_PPE_Flag11_IRQHandler
 .text.ACE_PPE_Flag12_IRQHandler
                0x00003f54       0x28 C:\Users\rpokeefe\repos\373\ants_master\SoftConsole\ants_master_MSS_MSS_CM3_0\ants_master_MSS_MSS_CM3_0_hw_platform\Debug\libants_master_MSS_MSS_CM3_0_hw_platform.a(ace_flags.o)
                0x00003f54                ACE_PPE_Flag12_IRQHandler
 .text.ACE_PPE_Flag13_IRQHandler
                0x00003f7c       0x28 C:\Users\rpokeefe\repos\373\ants_master\SoftConsole\ants_master_MSS_MSS_CM3_0\ants_master_MSS_MSS_CM3_0_hw_platform\Debug\libants_master_MSS_MSS_CM3_0_hw_platform.a(ace_flags.o)
                0x00003f7c                ACE_PPE_Flag13_IRQHandler
 .text.ACE_PPE_Flag14_IRQHandler
                0x00003fa4       0x28 C:\Users\rpokeefe\repos\373\ants_master\SoftConsole\ants_master_MSS_MSS_CM3_0\ants_master_MSS_MSS_CM3_0_hw_platform\Debug\libants_master_MSS_MSS_CM3_0_hw_platform.a(ace_flags.o)
                0x00003fa4                ACE_PPE_Flag14_IRQHandler
 .text.ACE_PPE_Flag15_IRQHandler
                0x00003fcc       0x28 C:\Users\rpokeefe\repos\373\ants_master\SoftConsole\ants_master_MSS_MSS_CM3_0\ants_master_MSS_MSS_CM3_0_hw_platform\Debug\libants_master_MSS_MSS_CM3_0_hw_platform.a(ace_flags.o)
                0x00003fcc                ACE_PPE_Flag15_IRQHandler
 .text.ACE_PPE_Flag16_IRQHandler
                0x00003ff4       0x28 C:\Users\rpokeefe\repos\373\ants_master\SoftConsole\ants_master_MSS_MSS_CM3_0\ants_master_MSS_MSS_CM3_0_hw_platform\Debug\libants_master_MSS_MSS_CM3_0_hw_platform.a(ace_flags.o)
                0x00003ff4                ACE_PPE_Flag16_IRQHandler
 .text.ACE_PPE_Flag17_IRQHandler
                0x0000401c       0x28 C:\Users\rpokeefe\repos\373\ants_master\SoftConsole\ants_master_MSS_MSS_CM3_0\ants_master_MSS_MSS_CM3_0_hw_platform\Debug\libants_master_MSS_MSS_CM3_0_hw_platform.a(ace_flags.o)
                0x0000401c                ACE_PPE_Flag17_IRQHandler
 .text.ACE_PPE_Flag18_IRQHandler
                0x00004044       0x28 C:\Users\rpokeefe\repos\373\ants_master\SoftConsole\ants_master_MSS_MSS_CM3_0\ants_master_MSS_MSS_CM3_0_hw_platform\Debug\libants_master_MSS_MSS_CM3_0_hw_platform.a(ace_flags.o)
                0x00004044                ACE_PPE_Flag18_IRQHandler
 .text.ACE_PPE_Flag19_IRQHandler
                0x0000406c       0x28 C:\Users\rpokeefe\repos\373\ants_master\SoftConsole\ants_master_MSS_MSS_CM3_0\ants_master_MSS_MSS_CM3_0_hw_platform\Debug\libants_master_MSS_MSS_CM3_0_hw_platform.a(ace_flags.o)
                0x0000406c                ACE_PPE_Flag19_IRQHandler
 .text.ACE_PPE_Flag20_IRQHandler
                0x00004094       0x28 C:\Users\rpokeefe\repos\373\ants_master\SoftConsole\ants_master_MSS_MSS_CM3_0\ants_master_MSS_MSS_CM3_0_hw_platform\Debug\libants_master_MSS_MSS_CM3_0_hw_platform.a(ace_flags.o)
                0x00004094                ACE_PPE_Flag20_IRQHandler
 .text.ACE_PPE_Flag21_IRQHandler
                0x000040bc       0x28 C:\Users\rpokeefe\repos\373\ants_master\SoftConsole\ants_master_MSS_MSS_CM3_0\ants_master_MSS_MSS_CM3_0_hw_platform\Debug\libants_master_MSS_MSS_CM3_0_hw_platform.a(ace_flags.o)
                0x000040bc                ACE_PPE_Flag21_IRQHandler
 .text.ACE_PPE_Flag22_IRQHandler
                0x000040e4       0x28 C:\Users\rpokeefe\repos\373\ants_master\SoftConsole\ants_master_MSS_MSS_CM3_0\ants_master_MSS_MSS_CM3_0_hw_platform\Debug\libants_master_MSS_MSS_CM3_0_hw_platform.a(ace_flags.o)
                0x000040e4                ACE_PPE_Flag22_IRQHandler
 .text.ACE_PPE_Flag23_IRQHandler
                0x0000410c       0x28 C:\Users\rpokeefe\repos\373\ants_master\SoftConsole\ants_master_MSS_MSS_CM3_0\ants_master_MSS_MSS_CM3_0_hw_platform\Debug\libants_master_MSS_MSS_CM3_0_hw_platform.a(ace_flags.o)
                0x0000410c                ACE_PPE_Flag23_IRQHandler
 .text.ACE_PPE_Flag24_IRQHandler
                0x00004134       0x28 C:\Users\rpokeefe\repos\373\ants_master\SoftConsole\ants_master_MSS_MSS_CM3_0\ants_master_MSS_MSS_CM3_0_hw_platform\Debug\libants_master_MSS_MSS_CM3_0_hw_platform.a(ace_flags.o)
                0x00004134                ACE_PPE_Flag24_IRQHandler
 .text.ACE_PPE_Flag25_IRQHandler
                0x0000415c       0x28 C:\Users\rpokeefe\repos\373\ants_master\SoftConsole\ants_master_MSS_MSS_CM3_0\ants_master_MSS_MSS_CM3_0_hw_platform\Debug\libants_master_MSS_MSS_CM3_0_hw_platform.a(ace_flags.o)
                0x0000415c                ACE_PPE_Flag25_IRQHandler
 .text.ACE_PPE_Flag26_IRQHandler
                0x00004184       0x28 C:\Users\rpokeefe\repos\373\ants_master\SoftConsole\ants_master_MSS_MSS_CM3_0\ants_master_MSS_MSS_CM3_0_hw_platform\Debug\libants_master_MSS_MSS_CM3_0_hw_platform.a(ace_flags.o)
                0x00004184                ACE_PPE_Flag26_IRQHandler
 .text.ACE_PPE_Flag27_IRQHandler
                0x000041ac       0x28 C:\Users\rpokeefe\repos\373\ants_master\SoftConsole\ants_master_MSS_MSS_CM3_0\ants_master_MSS_MSS_CM3_0_hw_platform\Debug\libants_master_MSS_MSS_CM3_0_hw_platform.a(ace_flags.o)
                0x000041ac                ACE_PPE_Flag27_IRQHandler
 .text.ACE_PPE_Flag28_IRQHandler
                0x000041d4       0x28 C:\Users\rpokeefe\repos\373\ants_master\SoftConsole\ants_master_MSS_MSS_CM3_0\ants_master_MSS_MSS_CM3_0_hw_platform\Debug\libants_master_MSS_MSS_CM3_0_hw_platform.a(ace_flags.o)
                0x000041d4                ACE_PPE_Flag28_IRQHandler
 .text.ACE_PPE_Flag29_IRQHandler
                0x000041fc       0x28 C:\Users\rpokeefe\repos\373\ants_master\SoftConsole\ants_master_MSS_MSS_CM3_0\ants_master_MSS_MSS_CM3_0_hw_platform\Debug\libants_master_MSS_MSS_CM3_0_hw_platform.a(ace_flags.o)
                0x000041fc                ACE_PPE_Flag29_IRQHandler
 .text.ACE_PPE_Flag30_IRQHandler
                0x00004224       0x28 C:\Users\rpokeefe\repos\373\ants_master\SoftConsole\ants_master_MSS_MSS_CM3_0\ants_master_MSS_MSS_CM3_0_hw_platform\Debug\libants_master_MSS_MSS_CM3_0_hw_platform.a(ace_flags.o)
                0x00004224                ACE_PPE_Flag30_IRQHandler
 .text.ACE_PPE_Flag31_IRQHandler
                0x0000424c       0x28 C:\Users\rpokeefe\repos\373\ants_master\SoftConsole\ants_master_MSS_MSS_CM3_0\ants_master_MSS_MSS_CM3_0_hw_platform\Debug\libants_master_MSS_MSS_CM3_0_hw_platform.a(ace_flags.o)
                0x0000424c                ACE_PPE_Flag31_IRQHandler
 .text          0x00004274      0x370 c:/actel/libero_v9.1/softconsole/sourcery-g++/bin/../lib/gcc/arm-none-eabi/4.4.1/thumb2\libgcc.a(_arm_addsubdf3.o)
                0x00004274                __aeabi_drsub
                0x0000427c                __aeabi_dsub
                0x0000427c                __subdf3
                0x00004280                __aeabi_dadd
                0x00004280                __adddf3
                0x000044f8                __floatunsidf
                0x000044f8                __aeabi_ui2d
                0x00004518                __floatsidf
                0x00004518                __aeabi_i2d
                0x0000453c                __aeabi_f2d
                0x0000453c                __extendsfdf2
                0x00004578                __floatundidf
                0x00004578                __aeabi_ul2d
                0x00004588                __floatdidf
                0x00004588                __aeabi_l2d
 .text          0x000045e4      0x424 c:/actel/libero_v9.1/softconsole/sourcery-g++/bin/../lib/gcc/arm-none-eabi/4.4.1/thumb2\libgcc.a(_arm_muldivdf3.o)
                0x000045e4                __aeabi_dmul
                0x000045e4                __muldf3
                0x00004838                __divdf3
                0x00004838                __aeabi_ddiv
 .text          0x00004a08       0x40 c:/actel/libero_v9.1/softconsole/sourcery-g++/bin/../lib/gcc/arm-none-eabi/4.4.1/thumb2\libgcc.a(_arm_fixunsdfsi.o)
                0x00004a08                __aeabi_d2uiz
                0x00004a08                __fixunsdfsi
 .text          0x00004a48      0x21c c:/actel/libero_v9.1/softconsole/sourcery-g++/bin/../lib/gcc/arm-none-eabi/4.4.1/thumb2\libgcc.a(_arm_addsubsf3.o)
                0x00004a48                __aeabi_frsub
                0x00004a50                __subsf3
                0x00004a50                __aeabi_fsub
                0x00004a54                __aeabi_fadd
                0x00004a54                __addsf3
                0x00004bb4                __aeabi_ui2f
                0x00004bb4                __floatunsisf
                0x00004bbc                __aeabi_i2f
                0x00004bbc                __floatsisf
                0x00004bd8                __aeabi_ul2f
                0x00004bd8                __floatundisf
                0x00004be8                __aeabi_l2f
                0x00004be8                __floatdisf
 .text          0x00004c64      0x2a0 c:/actel/libero_v9.1/softconsole/sourcery-g++/bin/../lib/gcc/arm-none-eabi/4.4.1/thumb2\libgcc.a(_arm_muldivsf3.o)
                0x00004c64                __mulsf3
                0x00004c64                __aeabi_fmul
                0x00004dcc                __aeabi_fdiv
                0x00004dcc                __divsf3
 .text          0x00004f04       0x40 c:/actel/libero_v9.1/softconsole/sourcery-g++/bin/../lib/gcc/arm-none-eabi/4.4.1/thumb2\libgcc.a(_arm_fixunssfsi.o)
                0x00004f04                __fixunssfsi
                0x00004f04                __aeabi_f2uiz
 .text          0x00004f44       0x50 c:/actel/libero_v9.1/softconsole/sourcery-g++/bin/../lib/gcc/arm-none-eabi/4.4.1/../../../../arm-none-eabi/lib/thumb2\libc.a(lib_a-init.o)
                0x00004f44                __libc_init_array
 .text          0x00004f94       0x20 c:/actel/libero_v9.1/softconsole/sourcery-g++/bin/../lib/gcc/arm-none-eabi/4.4.1/../../../../arm-none-eabi/lib/thumb2\libc.a(lib_a-malloc.o)
                0x00004f94                free
                0x00004fa4                malloc
 .text          0x00004fb4      0x5a4 c:/actel/libero_v9.1/softconsole/sourcery-g++/bin/../lib/gcc/arm-none-eabi/4.4.1/../../../../arm-none-eabi/lib/thumb2\libc.a(lib_a-mallocr.o)
                0x00004fb4                _malloc_r
 .text          0x00005558      0x190 c:/actel/libero_v9.1/softconsole/sourcery-g++/bin/../lib/gcc/arm-none-eabi/4.4.1/../../../../arm-none-eabi/lib/thumb2\libc.a(lib_a-memcpy.o)
                0x00005558                memcpy
 .text          0x000056e8       0xd4 c:/actel/libero_v9.1/softconsole/sourcery-g++/bin/../lib/gcc/arm-none-eabi/4.4.1/../../../../arm-none-eabi/lib/thumb2\libc.a(lib_a-memset.o)
                0x000056e8                memset
 .text          0x000057bc        0x8 c:/actel/libero_v9.1/softconsole/sourcery-g++/bin/../lib/gcc/arm-none-eabi/4.4.1/../../../../arm-none-eabi/lib/thumb2\libc.a(lib_a-mlock.o)
                0x000057bc                __malloc_lock
                0x000057c0                __malloc_unlock
 .text          0x000057c4       0x64 c:/actel/libero_v9.1/softconsole/sourcery-g++/bin/../lib/gcc/arm-none-eabi/4.4.1/../../../../arm-none-eabi/lib/thumb2\libc.a(lib_a-printf.o)
                0x000057c4                printf
                0x000057fc                _printf_r
 .text          0x00005828       0x88 c:/actel/libero_v9.1/softconsole/sourcery-g++/bin/../lib/gcc/arm-none-eabi/4.4.1/../../../../arm-none-eabi/lib/thumb2\libc.a(lib_a-puts.o)
                0x00005828                _puts_r
                0x000058a0                puts
 .text          0x000058b0       0x28 c:/actel/libero_v9.1/softconsole/sourcery-g++/bin/../lib/gcc/arm-none-eabi/4.4.1/../../../../arm-none-eabi/lib/thumb2\libc.a(lib_a-sbrkr.o)
                0x000058b0                _sbrk_r
 .text          0x000058d8       0x94 c:/actel/libero_v9.1/softconsole/sourcery-g++/bin/../lib/gcc/arm-none-eabi/4.4.1/../../../../arm-none-eabi/lib/thumb2\libc.a(lib_a-sprintf.o)
                0x000058d8                sprintf
                0x00005928                _sprintf_r
 .text          0x0000596c       0x60 c:/actel/libero_v9.1/softconsole/sourcery-g++/bin/../lib/gcc/arm-none-eabi/4.4.1/../../../../arm-none-eabi/lib/thumb2\libc.a(lib_a-strlen.o)
                0x0000596c                strlen
 .text          0x000059cc     0x15a8 c:/actel/libero_v9.1/softconsole/sourcery-g++/bin/../lib/gcc/arm-none-eabi/4.4.1/../../../../arm-none-eabi/lib/thumb2\libc.a(lib_a-svfprintf.o)
                0x00005ae8                _svfprintf_r
 .text          0x00006f74     0x1940 c:/actel/libero_v9.1/softconsole/sourcery-g++/bin/../lib/gcc/arm-none-eabi/4.4.1/../../../../arm-none-eabi/lib/thumb2\libc.a(lib_a-vfprintf.o)
                0x00006f90                _vfprintf_r
                0x00008898                vfprintf
 .text          0x000088b4      0x104 c:/actel/libero_v9.1/softconsole/sourcery-g++/bin/../lib/gcc/arm-none-eabi/4.4.1/../../../../arm-none-eabi/lib/thumb2\libc.a(lib_a-wsetup.o)
                0x000088b4                __swsetup_r
 .text          0x000089b8      0xfb8 c:/actel/libero_v9.1/softconsole/sourcery-g++/bin/../lib/gcc/arm-none-eabi/4.4.1/../../../../arm-none-eabi/lib/thumb2\libc.a(lib_a-dtoa.o)
                0x00008ad8                _dtoa_r
 .text          0x00009970      0x178 c:/actel/libero_v9.1/softconsole/sourcery-g++/bin/../lib/gcc/arm-none-eabi/4.4.1/../../../../arm-none-eabi/lib/thumb2\libc.a(lib_a-fflush.o)
                0x00009970                _fflush_r
                0x00009ac0                fflush
 .text          0x00009ae8      0x1c8 c:/actel/libero_v9.1/softconsole/sourcery-g++/bin/../lib/gcc/arm-none-eabi/4.4.1/../../../../arm-none-eabi/lib/thumb2\libc.a(lib_a-findfp.o)
                0x00009ae8                __sfp_lock_acquire
                0x00009aec                __sfp_lock_release
                0x00009af0                __sinit_lock_acquire
                0x00009af4                __sinit_lock_release
                0x00009b00                __fp_unlock_all
                0x00009b18                __fp_lock_all
                0x00009b30                _cleanup_r
                0x00009b3c                _cleanup
                0x00009b98                __sfmoreglue
                0x00009bc8                __sfp
                0x00009c50                __sinit
 .text          0x00009cb0      0x268 c:/actel/libero_v9.1/softconsole/sourcery-g++/bin/../lib/gcc/arm-none-eabi/4.4.1/../../../../arm-none-eabi/lib/thumb2\libc.a(lib_a-freer.o)
                0x00009cb0                _malloc_trim_r
                0x00009d58                _free_r
 .text          0x00009f18      0x334 c:/actel/libero_v9.1/softconsole/sourcery-g++/bin/../lib/gcc/arm-none-eabi/4.4.1/../../../../arm-none-eabi/lib/thumb2\libc.a(lib_a-fvwrite.o)
                0x00009f18                __sfvwrite_r
 .text          0x0000a24c       0xa0 c:/actel/libero_v9.1/softconsole/sourcery-g++/bin/../lib/gcc/arm-none-eabi/4.4.1/../../../../arm-none-eabi/lib/thumb2\libc.a(lib_a-fwalk.o)
                0x0000a24c                _fwalk_reent
                0x0000a2a0                _fwalk
 .text          0x0000a2ec       0x74 c:/actel/libero_v9.1/softconsole/sourcery-g++/bin/../lib/gcc/arm-none-eabi/4.4.1/../../../../arm-none-eabi/lib/thumb2\libc.a(lib_a-locale.o)
                0x0000a2ec                __locale_charset
                0x0000a2f8                _localeconv_r
                0x0000a300                localeconv
                0x0000a308                _setlocale_r
                0x0000a350                setlocale
 .text          0x0000a360       0xdc c:/actel/libero_v9.1/softconsole/sourcery-g++/bin/../lib/gcc/arm-none-eabi/4.4.1/../../../../arm-none-eabi/lib/thumb2\libc.a(lib_a-makebuf.o)
                0x0000a360                __smakebuf_r
 .text          0x0000a43c       0x74 c:/actel/libero_v9.1/softconsole/sourcery-g++/bin/../lib/gcc/arm-none-eabi/4.4.1/../../../../arm-none-eabi/lib/thumb2\libc.a(lib_a-memchr.o)
                0x0000a43c                memchr
 .text          0x0000a4b0       0xb8 c:/actel/libero_v9.1/softconsole/sourcery-g++/bin/../lib/gcc/arm-none-eabi/4.4.1/../../../../arm-none-eabi/lib/thumb2\libc.a(lib_a-memmove.o)
                0x0000a4b0                memmove
 .text          0x0000a568      0x958 c:/actel/libero_v9.1/softconsole/sourcery-g++/bin/../lib/gcc/arm-none-eabi/4.4.1/../../../../arm-none-eabi/lib/thumb2\libc.a(lib_a-mprec.o)
                0x0000a568                __hi0bits
                0x0000a5a8                __lo0bits
                0x0000a60c                __mcmp
                0x0000a64c                __ulp
                0x0000a698                __b2d
                0x0000a740                __ratio
                0x0000a7a0                _mprec_log10
                0x0000a7d8                __copybits
                0x0000a828                __any_on
                0x0000a880                _Bfree
                0x0000a8b8                _Balloc
                0x0000a924                __d2b
                0x0000a9f4                __mdiff
                0x0000aaec                __lshift
                0x0000aba8                __multiply
                0x0000acdc                __i2b
                0x0000acf0                __multadd
                0x0000ad78                __pow5mult
                0x0000ae24                __s2b
 .text          0x0000aec0      0x3b4 c:/actel/libero_v9.1/softconsole/sourcery-g++/bin/../lib/gcc/arm-none-eabi/4.4.1/../../../../arm-none-eabi/lib/thumb2\libc.a(lib_a-reallocr.o)
                0x0000aec0                _realloc_r
 .text          0x0000b274       0x24 c:/actel/libero_v9.1/softconsole/sourcery-g++/bin/../lib/gcc/arm-none-eabi/4.4.1/../../../../arm-none-eabi/lib/thumb2\libc.a(lib_a-s_isinfd.o)
                0x0000b274                __isinfd
 .text          0x0000b298       0x1c c:/actel/libero_v9.1/softconsole/sourcery-g++/bin/../lib/gcc/arm-none-eabi/4.4.1/../../../../arm-none-eabi/lib/thumb2\libc.a(lib_a-s_isnand.o)
                0x0000b298                __isnand
 .text          0x0000b2b4       0x90 c:/actel/libero_v9.1/softconsole/sourcery-g++/bin/../lib/gcc/arm-none-eabi/4.4.1/../../../../arm-none-eabi/lib/thumb2\libc.a(lib_a-stdio.o)
                0x0000b2b4                __sclose
                0x0000b2bc                __sseek
                0x0000b2e4                __swrite
                0x0000b320                __sread
 .text          0x0000b344      0x1dc c:/actel/libero_v9.1/softconsole/sourcery-g++/bin/../lib/gcc/arm-none-eabi/4.4.1/../../../../arm-none-eabi/lib/thumb2\libc.a(lib_a-strcmp.o)
                0x0000b344                strcmp
 .text          0x0000b520       0x5c c:/actel/libero_v9.1/softconsole/sourcery-g++/bin/../lib/gcc/arm-none-eabi/4.4.1/../../../../arm-none-eabi/lib/thumb2\libc.a(lib_a-callocr.o)
                0x0000b520                _calloc_r
 .text          0x0000b57c       0x28 c:/actel/libero_v9.1/softconsole/sourcery-g++/bin/../lib/gcc/arm-none-eabi/4.4.1/../../../../arm-none-eabi/lib/thumb2\libc.a(lib_a-closer.o)
                0x0000b57c                _close_r
 .text          0x0000b5a4       0xcc c:/actel/libero_v9.1/softconsole/sourcery-g++/bin/../lib/gcc/arm-none-eabi/4.4.1/../../../../arm-none-eabi/lib/thumb2\libc.a(lib_a-fclose.o)
                0x0000b5a4                _fclose_r
                0x0000b660                fclose
 .text          0x0000b670       0x2c c:/actel/libero_v9.1/softconsole/sourcery-g++/bin/../lib/gcc/arm-none-eabi/4.4.1/../../../../arm-none-eabi/lib/thumb2\libc.a(lib_a-fstatr.o)
                0x0000b670                _fstat_r
 .text          0x0000b69c       0x28 c:/actel/libero_v9.1/softconsole/sourcery-g++/bin/../lib/gcc/arm-none-eabi/4.4.1/../../../../arm-none-eabi/lib/thumb2\libc.a(lib_a-isattyr.o)
                0x0000b69c                _isatty_r
 .text          0x0000b6c4       0x2c c:/actel/libero_v9.1/softconsole/sourcery-g++/bin/../lib/gcc/arm-none-eabi/4.4.1/../../../../arm-none-eabi/lib/thumb2\libc.a(lib_a-lseekr.o)
                0x0000b6c4                _lseek_r
 .text          0x0000b6f0       0x2c c:/actel/libero_v9.1/softconsole/sourcery-g++/bin/../lib/gcc/arm-none-eabi/4.4.1/../../../../arm-none-eabi/lib/thumb2\libc.a(lib_a-readr.o)
                0x0000b6f0                _read_r
 *fill*         0x0000b71c        0x4 00
 .text          0x0000b720      0x278 c:/actel/libero_v9.1/softconsole/sourcery-g++/bin/../lib/gcc/arm-none-eabi/4.4.1/thumb2\libgcc.a(_udivsi3.o)
                0x0000b720                __aeabi_uidiv
                0x0000b720                __udivsi3
                0x0000b97c                __aeabi_uidivmod
 .text          0x0000b998        0x4 c:/actel/libero_v9.1/softconsole/sourcery-g++/bin/../lib/gcc/arm-none-eabi/4.4.1/thumb2\libgcc.a(_dvmd_tls.o)
                0x0000b998                __aeabi_idiv0
                0x0000b998                __aeabi_ldiv0
 .text          0x0000b99c      0x110 c:/actel/libero_v9.1/softconsole/sourcery-g++/bin/../lib/gcc/arm-none-eabi/4.4.1/thumb2\libgcc.a(_arm_cmpdf2.o)
                0x0000b99c                __gtdf2
                0x0000b99c                __gedf2
                0x0000b9a4                __ltdf2
                0x0000b9a4                __ledf2
                0x0000b9ac                __nedf2
                0x0000b9ac                __eqdf2
                0x0000b9ac                __cmpdf2
                0x0000ba28                __aeabi_cdrcmple
                0x0000ba38                __aeabi_cdcmpeq
                0x0000ba38                __aeabi_cdcmple
                0x0000ba48                __aeabi_dcmpeq
                0x0000ba5c                __aeabi_dcmplt
                0x0000ba70                __aeabi_dcmple
                0x0000ba84                __aeabi_dcmpge
                0x0000ba98                __aeabi_dcmpgt
 .text          0x0000baac       0x50 c:/actel/libero_v9.1/softconsole/sourcery-g++/bin/../lib/gcc/arm-none-eabi/4.4.1/thumb2\libgcc.a(_arm_fixdfsi.o)
                0x0000baac                __aeabi_d2iz
                0x0000baac                __fixdfsi
 .text          0x0000bafc       0x2c c:/actel/libero_v9.1/softconsole/sourcery-g++/bin/../lib/gcc/arm-none-eabi/4.4.1/thumb2\libgcc.a(_aeabi_uldivmod.o)
                0x0000bafc                __aeabi_uldivmod
 .text          0x0000bb28       0x58 c:/actel/libero_v9.1/softconsole/sourcery-g++/bin/../lib/gcc/arm-none-eabi/4.4.1/thumb2\libgcc.a(bpabi.o)
                0x0000bb28                __gnu_uldivmod_helper
                0x0000bb54                __gnu_ldivmod_helper
 .text          0x0000bb80      0x364 c:/actel/libero_v9.1/softconsole/sourcery-g++/bin/../lib/gcc/arm-none-eabi/4.4.1/thumb2\libgcc.a(_divdi3.o)
                0x0000bb80                __divdi3
 .text          0x0000bee4      0x300 c:/actel/libero_v9.1/softconsole/sourcery-g++/bin/../lib/gcc/arm-none-eabi/4.4.1/thumb2\libgcc.a(_udivdi3.o)
                0x0000bee4                __udivdi3
 *(.plt)
 *(.gnu.warning)
 *(.glue_7t)
 .glue_7t       0x00000000        0x0 linker stubs
 *(.glue_7)
 .glue_7        0x00000000        0x0 linker stubs
 *(.vfp11_veneer)
 .vfp11_veneer  0x00000000        0x0 linker stubs
                0x0000c1e4                . = ALIGN (0x4)
 *crtbegin.o(.ctors)
 *(EXCLUDE_FILE(*crtend.o) .ctors)
 *(SORT(.ctors.*))
 *crtend.o(.ctors)
 *crtbegin.o(.dtors)
 *(EXCLUDE_FILE(*crtend.o) .dtors)
 *(SORT(.dtors.*))
 *crtend.o(.dtors)
 *(.rodata .rodata.* .gnu.linkonce.r.*)
 .rodata.str1.4
                0x0000c1e4      0x17a ./main.o
                                0x17c (size before relaxing)
 *fill*         0x0000c35e        0x2 00
 .rodata.str1.4
                0x0000c360       0x44 ./drivers/Pixy_SPI.o
 .rodata.__func__.4454
                0x0000c3a4       0x10 ./drivers/stats_display.o
 .rodata.__func__.4462
                0x0000c3b4       0x10 ./drivers/stats_display.o
 .rodata.str1.4
                0x0000c3c4      0x1b2 ./drivers/stats_display.o
                                0x1b8 (size before relaxing)
 *fill*         0x0000c576        0x2 00
 .rodata.__func__.4368
                0x0000c578        0xc ./drivers/stats_display.o
 .rodata.__func__.4425
                0x0000c584       0x14 ./drivers/stats_display.o
 .rodata.__func__.4058
                0x0000c598       0x10 ./drivers/timer_t.o
 .rodata.__func__.4010
                0x0000c5a8       0x10 ./drivers/timer_t.o
 .rodata.str1.4
                0x0000c5b8       0xf6 ./drivers/timer_t.o
                                0x114 (size before relaxing)
 *fill*         0x0000c6ae        0x2 00
 .rodata.__func__.4092
                0x0000c6b0       0x14 ./drivers/timer_t.o
 .rodata.__func__.4096
                0x0000c6c4       0x20 ./drivers/timer_t.o
 .rodata.__func__.3990
                0x0000c6e4       0x14 ./drivers/timer_t.o
 .rodata        0x0000c6f8       0x1c C:/Users/rpokeefe/repos/373/ants_master/SoftConsole/ants_master_MSS_MSS_CM3_0/ants_master_MSS_MSS_CM3_0_hw_platform/Debug/CMSIS/startup_gcc/newlib_stubs.o
 .rodata.g_config_reg_lut
                0x0000c714       0x80 C:\Users\rpokeefe\repos\373\ants_master\SoftConsole\ants_master_MSS_MSS_CM3_0\ants_master_MSS_MSS_CM3_0_hw_platform\Debug\libants_master_MSS_MSS_CM3_0_hw_platform.a(mss_gpio.o)
 .rodata.g_gpio_irqn_lut
                0x0000c794       0x40 C:\Users\rpokeefe\repos\373\ants_master\SoftConsole\ants_master_MSS_MSS_CM3_0\ants_master_MSS_MSS_CM3_0_hw_platform\Debug\libants_master_MSS_MSS_CM3_0_hw_platform.a(mss_gpio.o)
 .rodata.dac_ctrl_reg_lut
                0x0000c7d4        0xc C:\Users\rpokeefe\repos\373\ants_master\SoftConsole\ants_master_MSS_MSS_CM3_0\ants_master_MSS_MSS_CM3_0_hw_platform\Debug\libants_master_MSS_MSS_CM3_0_hw_platform.a(mss_ace.o)
 .rodata.dac_enable_masks_lut
                0x0000c7e0        0xc C:\Users\rpokeefe\repos\373\ants_master\SoftConsole\ants_master_MSS_MSS_CM3_0\ants_master_MSS_MSS_CM3_0_hw_platform\Debug\libants_master_MSS_MSS_CM3_0_hw_platform.a(mss_ace.o)
 .rodata.dac_byte01_reg_lut
                0x0000c7ec        0xc C:\Users\rpokeefe\repos\373\ants_master\SoftConsole\ants_master_MSS_MSS_CM3_0\ants_master_MSS_MSS_CM3_0_hw_platform\Debug\libants_master_MSS_MSS_CM3_0_hw_platform.a(mss_ace.o)
 .rodata.dac_byte2_reg_lut
                0x0000c7f8        0xc C:\Users\rpokeefe\repos\373\ants_master\SoftConsole\ants_master_MSS_MSS_CM3_0\ants_master_MSS_MSS_CM3_0_hw_platform\Debug\libants_master_MSS_MSS_CM3_0_hw_platform.a(mss_ace.o)
 .rodata.p_mtd_data
                0x0000c804        0x4 C:\Users\rpokeefe\repos\373\ants_master\SoftConsole\ants_master_MSS_MSS_CM3_0\ants_master_MSS_MSS_CM3_0_hw_platform\Debug\libants_master_MSS_MSS_CM3_0_hw_platform.a(mss_ace.o)
 .rodata.C.18.3510
                0x0000c808        0x4 C:\Users\rpokeefe\repos\373\ants_master\SoftConsole\ants_master_MSS_MSS_CM3_0\ants_master_MSS_MSS_CM3_0_hw_platform\Debug\libants_master_MSS_MSS_CM3_0_hw_platform.a(mss_ace.o)
 .rodata.C.18.2576
                0x0000c80c       0x10 C:\Users\rpokeefe\repos\373\ants_master\SoftConsole\ants_master_MSS_MSS_CM3_0\ants_master_MSS_MSS_CM3_0_hw_platform\Debug\libants_master_MSS_MSS_CM3_0_hw_platform.a(system_a2fxxxm3.o)
 .rodata.g_ace_channel_0_name
                0x0000c81c        0x8 C:\Users\rpokeefe\repos\373\ants_master\SoftConsole\ants_master_MSS_MSS_CM3_0\ants_master_MSS_MSS_CM3_0_hw_platform\Debug\libants_master_MSS_MSS_CM3_0_hw_platform.a(ace_config.o)
                0x0000c81c                g_ace_channel_0_name
 .rodata.channel_type_lut
                0x0000c824       0x30 C:\Users\rpokeefe\repos\373\ants_master\SoftConsole\ants_master_MSS_MSS_CM3_0\ants_master_MSS_MSS_CM3_0_hw_platform\Debug\libants_master_MSS_MSS_CM3_0_hw_platform.a(ace_convert.o)
 .rodata.channel_quad_lut
                0x0000c854       0x30 C:\Users\rpokeefe\repos\373\ants_master\SoftConsole\ants_master_MSS_MSS_CM3_0\ants_master_MSS_MSS_CM3_0_hw_platform\Debug\libants_master_MSS_MSS_CM3_0_hw_platform.a(ace_convert.o)
 .rodata        0x0000c884        0x4 c:/actel/libero_v9.1/softconsole/sourcery-g++/bin/../lib/gcc/arm-none-eabi/4.4.1/../../../../arm-none-eabi/lib/thumb2\libc.a(lib_a-impure.o)
                0x0000c884                _global_impure_ptr
 .rodata.str1.4
                0x0000c888        0x2 c:/actel/libero_v9.1/softconsole/sourcery-g++/bin/../lib/gcc/arm-none-eabi/4.4.1/../../../../arm-none-eabi/lib/thumb2\libc.a(lib_a-impure.o)
                                  0x4 (size before relaxing)
 .rodata.str1.4
                0x00000000        0x2 c:/actel/libero_v9.1/softconsole/sourcery-g++/bin/../lib/gcc/arm-none-eabi/4.4.1/../../../../arm-none-eabi/lib/thumb2\libc.a(lib_a-puts.o)
                                  0x4 (size before relaxing)
 *fill*         0x0000c88a        0x2 00
 .rodata        0x0000c88c       0x20 c:/actel/libero_v9.1/softconsole/sourcery-g++/bin/../lib/gcc/arm-none-eabi/4.4.1/../../../../arm-none-eabi/lib/thumb2\libc.a(lib_a-svfprintf.o)
 .rodata.str1.4
                0x0000c8ac       0x42 c:/actel/libero_v9.1/softconsole/sourcery-g++/bin/../lib/gcc/arm-none-eabi/4.4.1/../../../../arm-none-eabi/lib/thumb2\libc.a(lib_a-svfprintf.o)
                                 0x44 (size before relaxing)
 *fill*         0x0000c8ee        0x2 00
 .rodata        0x0000c8f0       0x20 c:/actel/libero_v9.1/softconsole/sourcery-g++/bin/../lib/gcc/arm-none-eabi/4.4.1/../../../../arm-none-eabi/lib/thumb2\libc.a(lib_a-vfprintf.o)
 .rodata.str1.4
                0x00000000       0x44 c:/actel/libero_v9.1/softconsole/sourcery-g++/bin/../lib/gcc/arm-none-eabi/4.4.1/../../../../arm-none-eabi/lib/thumb2\libc.a(lib_a-vfprintf.o)
 .rodata.str1.4
                0x0000c910       0x10 c:/actel/libero_v9.1/softconsole/sourcery-g++/bin/../lib/gcc/arm-none-eabi/4.4.1/../../../../arm-none-eabi/lib/thumb2\libc.a(lib_a-dtoa.o)
                                 0x14 (size before relaxing)
 .rodata        0x0000c920       0x60 c:/actel/libero_v9.1/softconsole/sourcery-g++/bin/../lib/gcc/arm-none-eabi/4.4.1/../../../../arm-none-eabi/lib/thumb2\libc.a(lib_a-findfp.o)
                0x0000c920                __sf_fake_stdin
                0x0000c940                __sf_fake_stdout
                0x0000c960                __sf_fake_stderr
 .rodata        0x0000c980       0x34 c:/actel/libero_v9.1/softconsole/sourcery-g++/bin/../lib/gcc/arm-none-eabi/4.4.1/../../../../arm-none-eabi/lib/thumb2\libc.a(lib_a-locale.o)
 .rodata.str1.4
                0x0000c9b4       0x10 c:/actel/libero_v9.1/softconsole/sourcery-g++/bin/../lib/gcc/arm-none-eabi/4.4.1/../../../../arm-none-eabi/lib/thumb2\libc.a(lib_a-locale.o)
                                 0x18 (size before relaxing)
 *fill*         0x0000c9c4        0x4 00
 .rodata        0x0000c9c8      0x128 c:/actel/libero_v9.1/softconsole/sourcery-g++/bin/../lib/gcc/arm-none-eabi/4.4.1/../../../../arm-none-eabi/lib/thumb2\libc.a(lib_a-mprec.o)
                0x0000c9c8                __mprec_tens
                0x0000caa0                __mprec_bigtens
                0x0000cac8                __mprec_tinytens
 *(.ARM.extab* .gnu.linkonce.armextab.*)
 *(.gcc_except_table)
 *(.eh_frame_hdr)
 *(.eh_frame)
 *(.init)
 .init          0x0000caf0        0x4 c:/actel/libero_v9.1/softconsole/sourcery-g++/bin/../lib/gcc/arm-none-eabi/4.4.1/thumb2/crti.o
                0x0000caf0                _init
 .init          0x0000caf4        0x8 c:/actel/libero_v9.1/softconsole/sourcery-g++/bin/../lib/gcc/arm-none-eabi/4.4.1/thumb2/crtn.o
 *(.fini)
 .fini          0x0000cafc        0x4 c:/actel/libero_v9.1/softconsole/sourcery-g++/bin/../lib/gcc/arm-none-eabi/4.4.1/thumb2/crti.o
                0x0000cafc                _fini
 .fini          0x0000cb00        0x8 c:/actel/libero_v9.1/softconsole/sourcery-g++/bin/../lib/gcc/arm-none-eabi/4.4.1/thumb2/crtn.o
                0x0000cb08                PROVIDE (__preinit_array_start, .)
 *(.preinit_array)
                0x0000cb08                PROVIDE (__preinit_array_end, .)
                0x0000cb08                PROVIDE (__init_array_start, .)
 *(SORT(.init_array.*))
 *(.init_array)
 .init_array    0x0000cb08        0x4 c:/actel/libero_v9.1/softconsole/sourcery-g++/bin/../lib/gcc/arm-none-eabi/4.4.1/thumb2/crtbegin.o
                0x0000cb0c                PROVIDE (__init_array_end, .)
                0x0000cb0c                PROVIDE (__fini_array_start, .)
 *(.fini_array)
 .fini_array    0x0000cb0c        0x4 c:/actel/libero_v9.1/softconsole/sourcery-g++/bin/../lib/gcc/arm-none-eabi/4.4.1/thumb2/crtbegin.o
 *(SORT(.fini_array.*))
                0x0000cb10                PROVIDE (__fini_array_end, .)
                0x0000cb10                __exidx_start = .

.v4_bx          0x0000cb10        0x0 load address 0x6000cb10
 .v4_bx         0x00000000        0x0 linker stubs

.ARM.exidx      0x20000000        0x8 load address 0x6000cb10
 *(.ARM.exidx* .gnu.linkonce.armexidx.*)
 .ARM.exidx     0x20000000        0x8 c:/actel/libero_v9.1/softconsole/sourcery-g++/bin/../lib/gcc/arm-none-eabi/4.4.1/thumb2\libgcc.a(_divdi3.o)
 .ARM.exidx     0x20000008        0x0 c:/actel/libero_v9.1/softconsole/sourcery-g++/bin/../lib/gcc/arm-none-eabi/4.4.1/thumb2\libgcc.a(_udivdi3.o)
                                  0x8 (size before relaxing)
                0x20000008                __exidx_end = .
                0x20000008                _etext = .

.data           0x20000008     0xe264 load address 0x6000cb18
                0x6000cb18                __data_load = LOADADDR (.data)
                0x6000cb18                _sidata = LOADADDR (.data)
                0x20000008                __data_start = .
                0x20000008                _sdata = .
 *(.jcr)
 .jcr           0x20000008        0x0 c:/actel/libero_v9.1/softconsole/sourcery-g++/bin/../lib/gcc/arm-none-eabi/4.4.1/thumb2/crtbegin.o
 .jcr           0x20000008        0x4 c:/actel/libero_v9.1/softconsole/sourcery-g++/bin/../lib/gcc/arm-none-eabi/4.4.1/thumb2/crtend.o
 *(.got.plt)
 *(.got)
 *(.shdata)
 *(.data .data.* .gnu.linkonce.d.*)
 .data.good_shot
                0x2000000c     0x21a0 ./main.o
                0x2000000c                good_shot
 .data.well     0x200021ac     0x1f58 ./main.o
                0x200021ac                well
 .data.target   0x20004104     0x394c ./main.o
                0x20004104                target
 .data.fire     0x20007a50     0x3714 ./main.o
                0x20007a50                fire
 .data.man_sound_select.4812
                0x2000b164        0x1 ./main.o
 *fill*         0x2000b165        0x3 00
 .data.provoked
                0x2000b168     0x2bd0 ./main.o
                0x2000b168                provoked
 .data.current_pw.2218
                0x2000dd38        0x4 ./drivers/servo_control.o
 .data.current_pw.2228
                0x2000dd3c        0x4 ./drivers/servo_control.o
 .data.SystemFrequency
                0x2000dd40        0x4 C:\Users\rpokeefe\repos\373\ants_master\SoftConsole\ants_master_MSS_MSS_CM3_0\ants_master_MSS_MSS_CM3_0_hw_platform\Debug\libants_master_MSS_MSS_CM3_0_hw_platform.a(system_a2fxxxm3.o)
                0x2000dd40                SystemFrequency
 .data.SystemCoreClock
                0x2000dd44        0x4 C:\Users\rpokeefe\repos\373\ants_master\SoftConsole\ants_master_MSS_MSS_CM3_0\ants_master_MSS_MSS_CM3_0_hw_platform\Debug\libants_master_MSS_MSS_CM3_0_hw_platform.a(system_a2fxxxm3.o)
                0x2000dd44                SystemCoreClock
 .data.g_FrequencyPCLK0
                0x2000dd48        0x4 C:\Users\rpokeefe\repos\373\ants_master\SoftConsole\ants_master_MSS_MSS_CM3_0\ants_master_MSS_MSS_CM3_0_hw_platform\Debug\libants_master_MSS_MSS_CM3_0_hw_platform.a(system_a2fxxxm3.o)
                0x2000dd48                g_FrequencyPCLK0
 .data.g_FrequencyPCLK1
                0x2000dd4c        0x4 C:\Users\rpokeefe\repos\373\ants_master\SoftConsole\ants_master_MSS_MSS_CM3_0\ants_master_MSS_MSS_CM3_0_hw_platform\Debug\libants_master_MSS_MSS_CM3_0_hw_platform.a(system_a2fxxxm3.o)
                0x2000dd4c                g_FrequencyPCLK1
 .data.g_FrequencyACE
                0x2000dd50        0x4 C:\Users\rpokeefe\repos\373\ants_master\SoftConsole\ants_master_MSS_MSS_CM3_0\ants_master_MSS_MSS_CM3_0_hw_platform\Debug\libants_master_MSS_MSS_CM3_0_hw_platform.a(system_a2fxxxm3.o)
                0x2000dd50                g_FrequencyACE
 .data.g_FrequencyFPGA
                0x2000dd54        0x4 C:\Users\rpokeefe\repos\373\ants_master\SoftConsole\ants_master_MSS_MSS_CM3_0\ants_master_MSS_MSS_CM3_0_hw_platform\Debug\libants_master_MSS_MSS_CM3_0_hw_platform.a(system_a2fxxxm3.o)
                0x2000dd54                g_FrequencyFPGA
 .data.g_ace_channel_desc_table
                0x2000dd58       0x10 C:\Users\rpokeefe\repos\373\ants_master\SoftConsole\ants_master_MSS_MSS_CM3_0\ants_master_MSS_MSS_CM3_0_hw_platform\Debug\libants_master_MSS_MSS_CM3_0_hw_platform.a(ace_config.o)
                0x2000dd58                g_ace_channel_desc_table
 .data          0x2000dd68       0xf4 c:/actel/libero_v9.1/softconsole/sourcery-g++/bin/../lib/gcc/arm-none-eabi/4.4.1/../../../../arm-none-eabi/lib/thumb2\libc.a(lib_a-impure.o)
                0x2000dd68                _impure_ptr
 .data          0x2000de5c      0x410 c:/actel/libero_v9.1/softconsole/sourcery-g++/bin/../lib/gcc/arm-none-eabi/4.4.1/../../../../arm-none-eabi/lib/thumb2\libc.a(lib_a-mallocr.o)
                0x2000de5c                __malloc_av_
                0x2000e264                __malloc_sbrk_base
                0x2000e268                __malloc_trim_threshold
                0x2000e26c                . = ALIGN (0x4)
                0x2000e26c                _edata = .

.bss            0x2000e26c      0x264 load address 0x6001ad7c
                0x2000e26c                __bss_start__ = .
                0x2000e26c                _sbss = .
 *(.shbss)
 *(.bss .bss.* .gnu.linkonce.b.*)
 .bss           0x2000e26c        0x1 c:/actel/libero_v9.1/softconsole/sourcery-g++/bin/../lib/gcc/arm-none-eabi/4.4.1/thumb2/crtbegin.o
 *fill*         0x2000e26d        0x3 00
 .bss.lcd_state
                0x2000e270        0x8 ./main.o
 .bss.g_live_fire_enabled
                0x2000e278        0x1 ./main.o
 *fill*         0x2000e279        0x3 00
 .bss.lcd_last_state
                0x2000e27c        0x8 ./main.o
 .bss.lasttrg   0x2000e284        0x4 ./main.o
 .bss.in_reload_position.5174
                0x2000e288        0x1 ./main.o
 *fill*         0x2000e289        0x3 00
 .bss.analog_pwm_vals.5243
                0x2000e28c        0x8 ./main.o
 .bss.REPEATED_FIRING_MODE
                0x2000e294        0x1 ./main.o
                0x2000e294                REPEATED_FIRING_MODE
 *fill*         0x2000e295        0x3 00
 .bss.trg       0x2000e298        0x4 ./main.o
 .bss.g_outReadIndex
                0x2000e29c        0x1 ./drivers/Pixy_SPI.o
 .bss.g_outLen  0x2000e29d        0x1 ./drivers/Pixy_SPI.o
 *fill*         0x2000e29e        0x2 00
 .bss.g_skipStart
                0x2000e2a0        0x4 ./drivers/Pixy_SPI.o
 .bss.g_outBuf  0x2000e2a4       0x40 ./drivers/Pixy_SPI.o
 .bss.targ      0x2000e2e4        0x4 ./drivers/stats_display.o
 .bss.d_arg     0x2000e2e8        0x4 ./drivers/stats_display.o
 .bss.m_arg     0x2000e2ec        0x4 ./drivers/stats_display.o
 .bss.lasttarg  0x2000e2f0        0x4 ./drivers/stats_display.o
 .bss.t_arg     0x2000e2f4        0x8 ./drivers/stats_display.o
 .bss.u_arg     0x2000e2fc        0x8 ./drivers/stats_display.o
 .bss.s_arg     0x2000e304        0x4 ./drivers/stats_display.o
 .bss.root      0x2000e308        0x4 ./drivers/timer_t.o
                0x2000e308                root
 .bss.g_clk_hz  0x2000e30c        0x4 ./drivers/timer_t.o
 .bss.g_stdio_uart_init_done
                0x2000e310        0x4 C:/Users/rpokeefe/repos/373/ants_master/SoftConsole/ants_master_MSS_MSS_CM3_0/ants_master_MSS_MSS_CM3_0_hw_platform/Debug/CMSIS/startup_gcc/newlib_stubs.o
 .bss.heap_end.3594
                0x2000e314        0x4 C:/Users/rpokeefe/repos/373/ants_master/SoftConsole/ants_master_MSS_MSS_CM3_0/ants_master_MSS_MSS_CM3_0_hw_platform/Debug/CMSIS/startup_gcc/newlib_stubs.o
 .bss.g_gdec_lut
                0x2000e318        0xc C:\Users\rpokeefe\repos\373\ants_master\SoftConsole\ants_master_MSS_MSS_CM3_0\ants_master_MSS_MSS_CM3_0_hw_platform\Debug\libants_master_MSS_MSS_CM3_0_hw_platform.a(ace_convert.o)
 .bss.channel_type_lut_h
                0x2000e324        0x4 C:\Users\rpokeefe\repos\373\ants_master\SoftConsole\ants_master_MSS_MSS_CM3_0\ants_master_MSS_MSS_CM3_0_hw_platform\Debug\libants_master_MSS_MSS_CM3_0_hw_platform.a(ace_convert.o)
 .bss           0x2000e328       0x34 c:/actel/libero_v9.1/softconsole/sourcery-g++/bin/../lib/gcc/arm-none-eabi/4.4.1/../../../../arm-none-eabi/lib/thumb2\libc.a(lib_a-mallocr.o)
                0x2000e328                __malloc_top_pad
                0x2000e32c                __malloc_current_mallinfo
                0x2000e354                __malloc_max_sbrked_mem
                0x2000e358                __malloc_max_total_mem
 *(COMMON)
 COMMON         0x2000e35c        0xc ./main.o
                0x2000e35c                g_disp_update_lock
                0x2000e360                g_disp_update_argument
 COMMON         0x2000e368        0x5 ./drivers/Pixy_SPI.o
                0x2000e368                g_blocks
                0x2000e36c                g_blockType
 COMMON         0x2000e36d        0x1 ./drivers/timer_t.o
                0x2000e36d                delay_timer_lock
 *fill*         0x2000e36e        0x2 00
 COMMON         0x2000e370       0x50 C:\Users\rpokeefe\repos\373\ants_master\SoftConsole\ants_master_MSS_MSS_CM3_0\ants_master_MSS_MSS_CM3_0_hw_platform\Debug\libants_master_MSS_MSS_CM3_0_hw_platform.a(mss_uart.o)
                0x2000e370                g_mss_uart1
                0x2000e398                g_mss_uart0
 COMMON         0x2000e3c0      0x108 C:\Users\rpokeefe\repos\373\ants_master\SoftConsole\ants_master_MSS_MSS_CM3_0\ants_master_MSS_MSS_CM3_0_hw_platform\Debug\libants_master_MSS_MSS_CM3_0_hw_platform.a(mss_spi.o)
                0x2000e3c0                g_mss_spi1
                0x2000e444                g_mss_spi0
 COMMON         0x2000e4c8        0x4 c:/actel/libero_v9.1/softconsole/sourcery-g++/bin/../lib/gcc/arm-none-eabi/4.4.1/../../../../arm-none-eabi/lib/thumb2\libc.a(lib_a-reent.o)
                0x2000e4c8                errno
                0x2000e4d0                . = ALIGN (0x8)
 *fill*         0x2000e4cc        0x4 00
                0x2000e4d0                __bss_end__ = .
                0x2000e4d0                _end = .
                0x2000e4d0                __end = _end
                0x2000e4d0                _ebss = .
                0x2000e4d0                PROVIDE (end, .)

.stab
 *(.stab)

.stabstr
 *(.stabstr)

.debug
 *(.debug)

.line
 *(.line)

.debug_srcinfo
 *(.debug_srcinfo)

.debug_sfnames
 *(.debug_sfnames)

.comment        0x00000000      0x306
 .comment       0x00000000       0x2b ./main.o
 .comment       0x0000002b       0x2b ./main_lcd.o
 .comment       0x00000056       0x2b ./drivers/LCD.o
 .comment       0x00000081       0x2b ./drivers/Pixy_SPI.o
 .comment       0x000000ac       0x2b ./drivers/dsensor_driver.o
 .comment       0x000000d7       0x2b ./drivers/n64_driver.o
 .comment       0x00000102       0x2b ./drivers/servo_control.o
 .comment       0x0000012d       0x2b ./drivers/stats_display.o
 .comment       0x00000158       0x2b ./drivers/timer_t.o
 .comment       0x00000183       0x2b C:/Users/rpokeefe/repos/373/ants_master/SoftConsole/ants_master_MSS_MSS_CM3_0/ants_master_MSS_MSS_CM3_0_hw_platform/Debug/CMSIS/startup_gcc/newlib_stubs.o
 .comment       0x000001ae       0x2b C:\Users\rpokeefe\repos\373\ants_master\SoftConsole\ants_master_MSS_MSS_CM3_0\ants_master_MSS_MSS_CM3_0_hw_platform\Debug\libants_master_MSS_MSS_CM3_0_hw_platform.a(mss_uart.o)
 .comment       0x000001d9       0x2b C:\Users\rpokeefe\repos\373\ants_master\SoftConsole\ants_master_MSS_MSS_CM3_0\ants_master_MSS_MSS_CM3_0_hw_platform\Debug\libants_master_MSS_MSS_CM3_0_hw_platform.a(mss_spi.o)
 .comment       0x00000204       0x2b C:\Users\rpokeefe\repos\373\ants_master\SoftConsole\ants_master_MSS_MSS_CM3_0\ants_master_MSS_MSS_CM3_0_hw_platform\Debug\libants_master_MSS_MSS_CM3_0_hw_platform.a(mss_gpio.o)
 .comment       0x0000022f       0x2b C:\Users\rpokeefe\repos\373\ants_master\SoftConsole\ants_master_MSS_MSS_CM3_0\ants_master_MSS_MSS_CM3_0_hw_platform\Debug\libants_master_MSS_MSS_CM3_0_hw_platform.a(mss_ace.o)
 .comment       0x0000025a       0x2b C:\Users\rpokeefe\repos\373\ants_master\SoftConsole\ants_master_MSS_MSS_CM3_0\ants_master_MSS_MSS_CM3_0_hw_platform\Debug\libants_master_MSS_MSS_CM3_0_hw_platform.a(system_a2fxxxm3.o)
 .comment       0x00000285       0x2b C:\Users\rpokeefe\repos\373\ants_master\SoftConsole\ants_master_MSS_MSS_CM3_0\ants_master_MSS_MSS_CM3_0_hw_platform\Debug\libants_master_MSS_MSS_CM3_0_hw_platform.a(ace_config.o)
 .comment       0x000002b0       0x2b C:\Users\rpokeefe\repos\373\ants_master\SoftConsole\ants_master_MSS_MSS_CM3_0\ants_master_MSS_MSS_CM3_0_hw_platform\Debug\libants_master_MSS_MSS_CM3_0_hw_platform.a(ace_convert.o)
 .comment       0x000002db       0x2b C:\Users\rpokeefe\repos\373\ants_master\SoftConsole\ants_master_MSS_MSS_CM3_0\ants_master_MSS_MSS_CM3_0_hw_platform\Debug\libants_master_MSS_MSS_CM3_0_hw_platform.a(ace_flags.o)

.debug_aranges  0x00000000      0x980
 *(.debug_aranges)
 .debug_aranges
                0x00000000       0x90 ./main.o
 .debug_aranges
                0x00000090       0xa8 ./drivers/LCD.o
 .debug_aranges
                0x00000138       0x70 ./drivers/Pixy_SPI.o
 .debug_aranges
                0x000001a8       0x28 ./drivers/dsensor_driver.o
 .debug_aranges
                0x000001d0       0x48 ./drivers/n64_driver.o
 .debug_aranges
                0x00000218       0x28 ./drivers/servo_control.o
 .debug_aranges
                0x00000240       0x68 ./drivers/stats_display.o
 .debug_aranges
                0x000002a8       0x70 ./drivers/timer_t.o
 .debug_aranges
                0x00000318       0xa8 C:/Users/rpokeefe/repos/373/ants_master/SoftConsole/ants_master_MSS_MSS_CM3_0/ants_master_MSS_MSS_CM3_0_hw_platform/Debug/CMSIS/startup_gcc/newlib_stubs.o
 .debug_aranges
                0x000003c0       0xd8 C:\Users\rpokeefe\repos\373\ants_master\SoftConsole\ants_master_MSS_MSS_CM3_0\ants_master_MSS_MSS_CM3_0_hw_platform\Debug\libants_master_MSS_MSS_CM3_0_hw_platform.a(mss_uart.o)
 .debug_aranges
                0x00000498       0xe0 C:\Users\rpokeefe\repos\373\ants_master\SoftConsole\ants_master_MSS_MSS_CM3_0\ants_master_MSS_MSS_CM3_0_hw_platform\Debug\libants_master_MSS_MSS_CM3_0_hw_platform.a(mss_spi.o)
 .debug_aranges
                0x00000578       0x60 C:\Users\rpokeefe\repos\373\ants_master\SoftConsole\ants_master_MSS_MSS_CM3_0\ants_master_MSS_MSS_CM3_0_hw_platform\Debug\libants_master_MSS_MSS_CM3_0_hw_platform.a(mss_gpio.o)
 .debug_aranges
                0x000005d8       0xe0 C:\Users\rpokeefe\repos\373\ants_master\SoftConsole\ants_master_MSS_MSS_CM3_0\ants_master_MSS_MSS_CM3_0_hw_platform\Debug\libants_master_MSS_MSS_CM3_0_hw_platform.a(mss_ace.o)
 .debug_aranges
                0x000006b8       0x30 C:\Users\rpokeefe\repos\373\ants_master\SoftConsole\ants_master_MSS_MSS_CM3_0\ants_master_MSS_MSS_CM3_0_hw_platform\Debug\libants_master_MSS_MSS_CM3_0_hw_platform.a(system_a2fxxxm3.o)
 .debug_aranges
                0x000006e8       0xb0 C:\Users\rpokeefe\repos\373\ants_master\SoftConsole\ants_master_MSS_MSS_CM3_0\ants_master_MSS_MSS_CM3_0_hw_platform\Debug\libants_master_MSS_MSS_CM3_0_hw_platform.a(ace_convert.o)
 .debug_aranges
                0x00000798      0x1e8 C:\Users\rpokeefe\repos\373\ants_master\SoftConsole\ants_master_MSS_MSS_CM3_0\ants_master_MSS_MSS_CM3_0_hw_platform\Debug\libants_master_MSS_MSS_CM3_0_hw_platform.a(ace_flags.o)

.debug_pubnames
                0x00000000     0x197d
 *(.debug_pubnames)
 .debug_pubnames
                0x00000000      0x1b0 ./main.o
 .debug_pubnames
                0x000001b0      0x148 ./drivers/LCD.o
 .debug_pubnames
                0x000002f8       0xdf ./drivers/Pixy_SPI.o
 .debug_pubnames
                0x000003d7       0x36 ./drivers/dsensor_driver.o
 .debug_pubnames
                0x0000040d       0x8d ./drivers/n64_driver.o
 .debug_pubnames
                0x0000049a       0x46 ./drivers/servo_control.o
 .debug_pubnames
                0x000004e0       0xe2 ./drivers/stats_display.o
 .debug_pubnames
                0x000005c2      0x10e ./drivers/timer_t.o
 .debug_pubnames
                0x000006d0       0xeb C:/Users/rpokeefe/repos/373/ants_master/SoftConsole/ants_master_MSS_MSS_CM3_0/ants_master_MSS_MSS_CM3_0_hw_platform/Debug/CMSIS/startup_gcc/newlib_stubs.o
 .debug_pubnames
                0x000007bb      0x21c C:\Users\rpokeefe\repos\373\ants_master\SoftConsole\ants_master_MSS_MSS_CM3_0\ants_master_MSS_MSS_CM3_0_hw_platform\Debug\libants_master_MSS_MSS_CM3_0_hw_platform.a(mss_uart.o)
 .debug_pubnames
                0x000009d7      0x21a C:\Users\rpokeefe\repos\373\ants_master\SoftConsole\ants_master_MSS_MSS_CM3_0\ants_master_MSS_MSS_CM3_0_hw_platform\Debug\libants_master_MSS_MSS_CM3_0_hw_platform.a(mss_spi.o)
 .debug_pubnames
                0x00000bf1       0xb1 C:\Users\rpokeefe\repos\373\ants_master\SoftConsole\ants_master_MSS_MSS_CM3_0\ants_master_MSS_MSS_CM3_0_hw_platform\Debug\libants_master_MSS_MSS_CM3_0_hw_platform.a(mss_gpio.o)
 .debug_pubnames
                0x00000ca2      0x292 C:\Users\rpokeefe\repos\373\ants_master\SoftConsole\ants_master_MSS_MSS_CM3_0\ants_master_MSS_MSS_CM3_0_hw_platform\Debug\libants_master_MSS_MSS_CM3_0_hw_platform.a(mss_ace.o)
 .debug_pubnames
                0x00000f34       0xb4 C:\Users\rpokeefe\repos\373\ants_master\SoftConsole\ants_master_MSS_MSS_CM3_0\ants_master_MSS_MSS_CM3_0_hw_platform\Debug\libants_master_MSS_MSS_CM3_0_hw_platform.a(system_a2fxxxm3.o)
 .debug_pubnames
                0x00000fe8      0x14a C:\Users\rpokeefe\repos\373\ants_master\SoftConsole\ants_master_MSS_MSS_CM3_0\ants_master_MSS_MSS_CM3_0_hw_platform\Debug\libants_master_MSS_MSS_CM3_0_hw_platform.a(ace_config.o)
 .debug_pubnames
                0x00001132      0x1ec C:\Users\rpokeefe\repos\373\ants_master\SoftConsole\ants_master_MSS_MSS_CM3_0\ants_master_MSS_MSS_CM3_0_hw_platform\Debug\libants_master_MSS_MSS_CM3_0_hw_platform.a(ace_convert.o)
 .debug_pubnames
                0x0000131e      0x65f C:\Users\rpokeefe\repos\373\ants_master\SoftConsole\ants_master_MSS_MSS_CM3_0\ants_master_MSS_MSS_CM3_0_hw_platform\Debug\libants_master_MSS_MSS_CM3_0_hw_platform.a(ace_flags.o)

.debug_info     0x00000000     0xdf4f
 *(.debug_info .gnu.linkonce.wi.*)
 .debug_info    0x00000000      0x8fb ./main.o
 .debug_info    0x000008fb       0x29 ./main_lcd.o
 .debug_info    0x00000924     0x10f3 ./drivers/LCD.o
 .debug_info    0x00001a17      0xcd9 ./drivers/Pixy_SPI.o
 .debug_info    0x000026f0       0xf9 ./drivers/dsensor_driver.o
 .debug_info    0x000027e9      0x33c ./drivers/n64_driver.o
 .debug_info    0x00002b25       0xf1 ./drivers/servo_control.o
 .debug_info    0x00002c16      0x65a ./drivers/stats_display.o
 .debug_info    0x00003270     0x12b5 ./drivers/timer_t.o
 .debug_info    0x00004525     0x10f0 C:/Users/rpokeefe/repos/373/ants_master/SoftConsole/ants_master_MSS_MSS_CM3_0/ants_master_MSS_MSS_CM3_0_hw_platform/Debug/CMSIS/startup_gcc/newlib_stubs.o
 .debug_info    0x00005615     0x15a4 C:\Users\rpokeefe\repos\373\ants_master\SoftConsole\ants_master_MSS_MSS_CM3_0\ants_master_MSS_MSS_CM3_0_hw_platform\Debug\libants_master_MSS_MSS_CM3_0_hw_platform.a(mss_uart.o)
 .debug_info    0x00006bb9     0x1472 C:\Users\rpokeefe\repos\373\ants_master\SoftConsole\ants_master_MSS_MSS_CM3_0\ants_master_MSS_MSS_CM3_0_hw_platform\Debug\libants_master_MSS_MSS_CM3_0_hw_platform.a(mss_spi.o)
 .debug_info    0x0000802b     0x1114 C:\Users\rpokeefe\repos\373\ants_master\SoftConsole\ants_master_MSS_MSS_CM3_0\ants_master_MSS_MSS_CM3_0_hw_platform\Debug\libants_master_MSS_MSS_CM3_0_hw_platform.a(mss_gpio.o)
 .debug_info    0x0000913f     0x1afb C:\Users\rpokeefe\repos\373\ants_master\SoftConsole\ants_master_MSS_MSS_CM3_0\ants_master_MSS_MSS_CM3_0_hw_platform\Debug\libants_master_MSS_MSS_CM3_0_hw_platform.a(mss_ace.o)
 .debug_info    0x0000ac3a      0x53c C:\Users\rpokeefe\repos\373\ants_master\SoftConsole\ants_master_MSS_MSS_CM3_0\ants_master_MSS_MSS_CM3_0_hw_platform\Debug\libants_master_MSS_MSS_CM3_0_hw_platform.a(system_a2fxxxm3.o)
 .debug_info    0x0000b176      0x480 C:\Users\rpokeefe\repos\373\ants_master\SoftConsole\ants_master_MSS_MSS_CM3_0\ants_master_MSS_MSS_CM3_0_hw_platform\Debug\libants_master_MSS_MSS_CM3_0_hw_platform.a(ace_config.o)
 .debug_info    0x0000b5f6     0x1aa2 C:\Users\rpokeefe\repos\373\ants_master\SoftConsole\ants_master_MSS_MSS_CM3_0\ants_master_MSS_MSS_CM3_0_hw_platform\Debug\libants_master_MSS_MSS_CM3_0_hw_platform.a(ace_convert.o)
 .debug_info    0x0000d098      0xeb7 C:\Users\rpokeefe\repos\373\ants_master\SoftConsole\ants_master_MSS_MSS_CM3_0\ants_master_MSS_MSS_CM3_0_hw_platform\Debug\libants_master_MSS_MSS_CM3_0_hw_platform.a(ace_flags.o)

.debug_abbrev   0x00000000     0x1bda
 *(.debug_abbrev)
 .debug_abbrev  0x00000000      0x213 ./main.o
 .debug_abbrev  0x00000213       0x16 ./main_lcd.o
 .debug_abbrev  0x00000229      0x203 ./drivers/LCD.o
 .debug_abbrev  0x0000042c      0x239 ./drivers/Pixy_SPI.o
 .debug_abbrev  0x00000665       0x8b ./drivers/dsensor_driver.o
 .debug_abbrev  0x000006f0      0x11f ./drivers/n64_driver.o
 .debug_abbrev  0x0000080f       0x8e ./drivers/servo_control.o
 .debug_abbrev  0x0000089d      0x1b5 ./drivers/stats_display.o
 .debug_abbrev  0x00000a52      0x2c5 ./drivers/timer_t.o
 .debug_abbrev  0x00000d17      0x1f4 C:/Users/rpokeefe/repos/373/ants_master/SoftConsole/ants_master_MSS_MSS_CM3_0/ants_master_MSS_MSS_CM3_0_hw_platform/Debug/CMSIS/startup_gcc/newlib_stubs.o
 .debug_abbrev  0x00000f0b      0x245 C:\Users\rpokeefe\repos\373\ants_master\SoftConsole\ants_master_MSS_MSS_CM3_0\ants_master_MSS_MSS_CM3_0_hw_platform\Debug\libants_master_MSS_MSS_CM3_0_hw_platform.a(mss_uart.o)
 .debug_abbrev  0x00001150      0x219 C:\Users\rpokeefe\repos\373\ants_master\SoftConsole\ants_master_MSS_MSS_CM3_0\ants_master_MSS_MSS_CM3_0_hw_platform\Debug\libants_master_MSS_MSS_CM3_0_hw_platform.a(mss_spi.o)
 .debug_abbrev  0x00001369      0x181 C:\Users\rpokeefe\repos\373\ants_master\SoftConsole\ants_master_MSS_MSS_CM3_0\ants_master_MSS_MSS_CM3_0_hw_platform\Debug\libants_master_MSS_MSS_CM3_0_hw_platform.a(mss_gpio.o)
 .debug_abbrev  0x000014ea      0x225 C:\Users\rpokeefe\repos\373\ants_master\SoftConsole\ants_master_MSS_MSS_CM3_0\ants_master_MSS_MSS_CM3_0_hw_platform\Debug\libants_master_MSS_MSS_CM3_0_hw_platform.a(mss_ace.o)
 .debug_abbrev  0x0000170f      0x111 C:\Users\rpokeefe\repos\373\ants_master\SoftConsole\ants_master_MSS_MSS_CM3_0\ants_master_MSS_MSS_CM3_0_hw_platform\Debug\libants_master_MSS_MSS_CM3_0_hw_platform.a(system_a2fxxxm3.o)
 .debug_abbrev  0x00001820       0xbd C:\Users\rpokeefe\repos\373\ants_master\SoftConsole\ants_master_MSS_MSS_CM3_0\ants_master_MSS_MSS_CM3_0_hw_platform\Debug\libants_master_MSS_MSS_CM3_0_hw_platform.a(ace_config.o)
 .debug_abbrev  0x000018dd      0x191 C:\Users\rpokeefe\repos\373\ants_master\SoftConsole\ants_master_MSS_MSS_CM3_0\ants_master_MSS_MSS_CM3_0_hw_platform\Debug\libants_master_MSS_MSS_CM3_0_hw_platform.a(ace_convert.o)
 .debug_abbrev  0x00001a6e      0x16c C:\Users\rpokeefe\repos\373\ants_master\SoftConsole\ants_master_MSS_MSS_CM3_0\ants_master_MSS_MSS_CM3_0_hw_platform\Debug\libants_master_MSS_MSS_CM3_0_hw_platform.a(ace_flags.o)

.debug_line     0x00000000     0x5973
 *(.debug_line)
 .debug_line    0x00000000      0xc7b ./main.o
 .debug_line    0x00000c7b       0x2e ./main_lcd.o
 .debug_line    0x00000ca9      0x40b ./drivers/LCD.o
 .debug_line    0x000010b4      0x591 ./drivers/Pixy_SPI.o
 .debug_line    0x00001645      0x30c ./drivers/dsensor_driver.o
 .debug_line    0x00001951      0x34f ./drivers/n64_driver.o
 .debug_line    0x00001ca0      0x30a ./drivers/servo_control.o
 .debug_line    0x00001faa      0x831 ./drivers/stats_display.o
 .debug_line    0x000027db      0x5d7 ./drivers/timer_t.o
 .debug_line    0x00002db2      0x515 C:/Users/rpokeefe/repos/373/ants_master/SoftConsole/ants_master_MSS_MSS_CM3_0/ants_master_MSS_MSS_CM3_0_hw_platform/Debug/CMSIS/startup_gcc/newlib_stubs.o
 .debug_line    0x000032c7      0x581 C:\Users\rpokeefe\repos\373\ants_master\SoftConsole\ants_master_MSS_MSS_CM3_0\ants_master_MSS_MSS_CM3_0_hw_platform\Debug\libants_master_MSS_MSS_CM3_0_hw_platform.a(mss_uart.o)
 .debug_line    0x00003848      0x70a C:\Users\rpokeefe\repos\373\ants_master\SoftConsole\ants_master_MSS_MSS_CM3_0\ants_master_MSS_MSS_CM3_0_hw_platform\Debug\libants_master_MSS_MSS_CM3_0_hw_platform.a(mss_spi.o)
 .debug_line    0x00003f52      0x32f C:\Users\rpokeefe\repos\373\ants_master\SoftConsole\ants_master_MSS_MSS_CM3_0\ants_master_MSS_MSS_CM3_0_hw_platform\Debug\libants_master_MSS_MSS_CM3_0_hw_platform.a(mss_gpio.o)
 .debug_line    0x00004281      0x605 C:\Users\rpokeefe\repos\373\ants_master\SoftConsole\ants_master_MSS_MSS_CM3_0\ants_master_MSS_MSS_CM3_0_hw_platform\Debug\libants_master_MSS_MSS_CM3_0_hw_platform.a(mss_ace.o)
 .debug_line    0x00004886      0x284 C:\Users\rpokeefe\repos\373\ants_master\SoftConsole\ants_master_MSS_MSS_CM3_0\ants_master_MSS_MSS_CM3_0_hw_platform\Debug\libants_master_MSS_MSS_CM3_0_hw_platform.a(system_a2fxxxm3.o)
 .debug_line    0x00004b0a      0x1ac C:\Users\rpokeefe\repos\373\ants_master\SoftConsole\ants_master_MSS_MSS_CM3_0\ants_master_MSS_MSS_CM3_0_hw_platform\Debug\libants_master_MSS_MSS_CM3_0_hw_platform.a(ace_config.o)
 .debug_line    0x00004cb6      0x4de C:\Users\rpokeefe\repos\373\ants_master\SoftConsole\ants_master_MSS_MSS_CM3_0\ants_master_MSS_MSS_CM3_0_hw_platform\Debug\libants_master_MSS_MSS_CM3_0_hw_platform.a(ace_convert.o)
 .debug_line    0x00005194      0x7df C:\Users\rpokeefe\repos\373\ants_master\SoftConsole\ants_master_MSS_MSS_CM3_0\ants_master_MSS_MSS_CM3_0_hw_platform\Debug\libants_master_MSS_MSS_CM3_0_hw_platform.a(ace_flags.o)

.debug_frame    0x00000000     0x2ba0
 *(.debug_frame)
 .debug_frame   0x00000000      0x1a4 ./main.o
 .debug_frame   0x000001a4      0x1f8 ./drivers/LCD.o
 .debug_frame   0x0000039c      0x148 ./drivers/Pixy_SPI.o
 .debug_frame   0x000004e4       0x40 ./drivers/dsensor_driver.o
 .debug_frame   0x00000524       0x90 ./drivers/n64_driver.o
 .debug_frame   0x000005b4       0x30 ./drivers/servo_control.o
 .debug_frame   0x000005e4      0x128 ./drivers/stats_display.o
 .debug_frame   0x0000070c      0x144 ./drivers/timer_t.o
 .debug_frame   0x00000850      0x220 C:/Users/rpokeefe/repos/373/ants_master/SoftConsole/ants_master_MSS_MSS_CM3_0/ants_master_MSS_MSS_CM3_0_hw_platform/Debug/CMSIS/startup_gcc/newlib_stubs.o
 .debug_frame   0x00000a70      0x2e4 C:\Users\rpokeefe\repos\373\ants_master\SoftConsole\ants_master_MSS_MSS_CM3_0\ants_master_MSS_MSS_CM3_0_hw_platform\Debug\libants_master_MSS_MSS_CM3_0_hw_platform.a(mss_uart.o)
 .debug_frame   0x00000d54      0x320 C:\Users\rpokeefe\repos\373\ants_master\SoftConsole\ants_master_MSS_MSS_CM3_0\ants_master_MSS_MSS_CM3_0_hw_platform\Debug\libants_master_MSS_MSS_CM3_0_hw_platform.a(mss_spi.o)
 .debug_frame   0x00001074      0x118 C:\Users\rpokeefe\repos\373\ants_master\SoftConsole\ants_master_MSS_MSS_CM3_0\ants_master_MSS_MSS_CM3_0_hw_platform\Debug\libants_master_MSS_MSS_CM3_0_hw_platform.a(mss_gpio.o)
 .debug_frame   0x0000118c      0x2cc C:\Users\rpokeefe\repos\373\ants_master\SoftConsole\ants_master_MSS_MSS_CM3_0\ants_master_MSS_MSS_CM3_0_hw_platform\Debug\libants_master_MSS_MSS_CM3_0_hw_platform.a(mss_ace.o)
 .debug_frame   0x00001458       0x64 C:\Users\rpokeefe\repos\373\ants_master\SoftConsole\ants_master_MSS_MSS_CM3_0\ants_master_MSS_MSS_CM3_0_hw_platform\Debug\libants_master_MSS_MSS_CM3_0_hw_platform.a(system_a2fxxxm3.o)
 .debug_frame   0x000014bc      0x24c C:\Users\rpokeefe\repos\373\ants_master\SoftConsole\ants_master_MSS_MSS_CM3_0\ants_master_MSS_MSS_CM3_0_hw_platform\Debug\libants_master_MSS_MSS_CM3_0_hw_platform.a(ace_convert.o)