Archive member included because of file (symbol)

C:\Users\rpokeefe\repos\373\ants_master\SoftConsole\ants_master_MSS_MSS_CM3_0\ants_master_MSS_MSS_CM3_0_hw_platform\Debug\libants_master_MSS_MSS_CM3_0_hw_platform.a(mss_uart.o)
                              C:/Users/rpokeefe/repos/373/ants_master/SoftConsole/ants_master_MSS_MSS_CM3_0/ants_master_MSS_MSS_CM3_0_hw_platform/Debug/CMSIS/startup_gcc/newlib_stubs.o (g_mss_uart0)
C:\Users\rpokeefe\repos\373\ants_master\SoftConsole\ants_master_MSS_MSS_CM3_0\ants_master_MSS_MSS_CM3_0_hw_platform\Debug\libants_master_MSS_MSS_CM3_0_hw_platform.a(mss_spi.o)
                              ./drivers/Pixy_SPI.o (g_mss_spi1)
C:\Users\rpokeefe\repos\373\ants_master\SoftConsole\ants_master_MSS_MSS_CM3_0\ants_master_MSS_MSS_CM3_0_hw_platform\Debug\libants_master_MSS_MSS_CM3_0_hw_platform.a(mss_gpio.o)
                              ./main.o (MSS_GPIO_init)
C:\Users\rpokeefe\repos\373\ants_master\SoftConsole\ants_master_MSS_MSS_CM3_0\ants_master_MSS_MSS_CM3_0_hw_platform\Debug\libants_master_MSS_MSS_CM3_0_hw_platform.a(mss_ace.o)
                              ./main.o (ACE_init)
C:\Users\rpokeefe\repos\373\ants_master\SoftConsole\ants_master_MSS_MSS_CM3_0\ants_master_MSS_MSS_CM3_0_hw_platform\Debug\libants_master_MSS_MSS_CM3_0_hw_platform.a(system_a2fxxxm3.o)
                              C:\Users\rpokeefe\repos\373\ants_master\SoftConsole\ants_master_MSS_MSS_CM3_0\ants_master_MSS_MSS_CM3_0_hw_platform\Debug\libants_master_MSS_MSS_CM3_0_hw_platform.a(mss_uart.o) (g_FrequencyPCLK0)
C:\Users\rpokeefe\repos\373\ants_master\SoftConsole\ants_master_MSS_MSS_CM3_0\ants_master_MSS_MSS_CM3_0_hw_platform\Debug\libants_master_MSS_MSS_CM3_0_hw_platform.a(ace_config.o)
                              C:\Users\rpokeefe\repos\373\ants_master\SoftConsole\ants_master_MSS_MSS_CM3_0\ants_master_MSS_MSS_CM3_0_hw_platform\Debug\libants_master_MSS_MSS_CM3_0_hw_platform.a(mss_ace.o) (g_ace_channel_desc_table)
C:\Users\rpokeefe\repos\373\ants_master\SoftConsole\ants_master_MSS_MSS_CM3_0\ants_master_MSS_MSS_CM3_0_hw_platform\Debug\libants_master_MSS_MSS_CM3_0_hw_platform.a(ace_convert.o)
                              C:\Users\rpokeefe\repos\373\ants_master\SoftConsole\ants_master_MSS_MSS_CM3_0\ants_master_MSS_MSS_CM3_0_hw_platform\Debug\libants_master_MSS_MSS_CM3_0_hw_platform.a(mss_ace.o) (ace_init_convert)
C:\Users\rpokeefe\repos\373\ants_master\SoftConsole\ants_master_MSS_MSS_CM3_0\ants_master_MSS_MSS_CM3_0_hw_platform\Debug\libants_master_MSS_MSS_CM3_0_hw_platform.a(ace_flags.o)
                              C:\Users\rpokeefe\repos\373\ants_master\SoftConsole\ants_master_MSS_MSS_CM3_0\ants_master_MSS_MSS_CM3_0_hw_platform\Debug\libants_master_MSS_MSS_CM3_0_hw_platform.a(mss_ace.o) (ace_init_flags)
c:/actel/libero_v9.1/softconsole/sourcery-g++/bin/../lib/gcc/arm-none-eabi/4.4.1/thumb2\libgcc.a(_arm_addsubdf3.o)
                              ./main.o (__aeabi_ui2d)
c:/actel/libero_v9.1/softconsole/sourcery-g++/bin/../lib/gcc/arm-none-eabi/4.4.1/thumb2\libgcc.a(_arm_muldivdf3.o)
                              ./main.o (__aeabi_dmul)
c:/actel/libero_v9.1/softconsole/sourcery-g++/bin/../lib/gcc/arm-none-eabi/4.4.1/thumb2\libgcc.a(_arm_fixunsdfsi.o)
                              ./main.o (__aeabi_d2uiz)
c:/actel/libero_v9.1/softconsole/sourcery-g++/bin/../lib/gcc/arm-none-eabi/4.4.1/thumb2\libgcc.a(_arm_truncdfsf2.o)
                              ./drivers/dsensor_driver.o (__aeabi_d2f)
c:/actel/libero_v9.1/softconsole/sourcery-g++/bin/../lib/gcc/arm-none-eabi/4.4.1/../../../../arm-none-eabi/lib/thumb2\libc.a(lib_a-errno.o)
                              C:/Users/rpokeefe/repos/373/ants_master/SoftConsole/ants_master_MSS_MSS_CM3_0/ants_master_MSS_MSS_CM3_0_hw_platform/Debug/CMSIS/startup_gcc/newlib_stubs.o (__errno)
c:/actel/libero_v9.1/softconsole/sourcery-g++/bin/../lib/gcc/arm-none-eabi/4.4.1/../../../../arm-none-eabi/lib/thumb2\libc.a(lib_a-impure.o)
                              c:/actel/libero_v9.1/softconsole/sourcery-g++/bin/../lib/gcc/arm-none-eabi/4.4.1/../../../../arm-none-eabi/lib/thumb2\libc.a(lib_a-errno.o) (_impure_ptr)
c:/actel/libero_v9.1/softconsole/sourcery-g++/bin/../lib/gcc/arm-none-eabi/4.4.1/../../../../arm-none-eabi/lib/thumb2\libc.a(lib_a-init.o)
                              C:/Users/rpokeefe/repos/373/ants_master/SoftConsole/ants_master_MSS_MSS_CM3_0/ants_master_MSS_MSS_CM3_0_hw_platform/Debug/CMSIS/startup_gcc/startup_a2fxxxm3.o (__libc_init_array)
c:/actel/libero_v9.1/softconsole/sourcery-g++/bin/../lib/gcc/arm-none-eabi/4.4.1/../../../../arm-none-eabi/lib/thumb2\libc.a(lib_a-malloc.o)
                              ./drivers/timer_t.o (free)
c:/actel/libero_v9.1/softconsole/sourcery-g++/bin/../lib/gcc/arm-none-eabi/4.4.1/../../../../arm-none-eabi/lib/thumb2\libc.a(lib_a-mallocr.o)
                              c:/actel/libero_v9.1/softconsole/sourcery-g++/bin/../lib/gcc/arm-none-eabi/4.4.1/../../../../arm-none-eabi/lib/thumb2\libc.a(lib_a-malloc.o) (_malloc_r)
[...]
Memory Configuration

Name             Origin             Length             Attributes
ram              0x20000000         0x00010000         xrw
*default*        0x00000000         0xffffffff

Linker script and memory map

LOAD c:/actel/libero_v9.1/softconsole/sourcery-g++/bin/../lib/gcc/arm-none-eabi/4.4.1/thumb2/crti.o
LOAD c:/actel/libero_v9.1/softconsole/sourcery-g++/bin/../lib/gcc/arm-none-eabi/4.4.1/thumb2/crtbegin.o
LOAD ./main.o
LOAD ./main_lcd.o
LOAD ./drivers/LCD.o
LOAD ./drivers/Pixy_SPI.o
LOAD ./drivers/dsensor_driver.o
LOAD ./drivers/n64_driver.o
LOAD ./drivers/servo_control.o
LOAD ./drivers/stats_display.o
LOAD ./drivers/timer_t.o
LOAD C:/Users/rpokeefe/repos/373/ants_master/SoftConsole/ants_master_MSS_MSS_CM3_0/ants_master_MSS_MSS_CM3_0_hw_platform/Debug/CMSIS/startup_gcc/startup_a2fxxxm3.o
LOAD C:/Users/rpokeefe/repos/373/ants_master/SoftConsole/ants_master_MSS_MSS_CM3_0/ants_master_MSS_MSS_CM3_0_hw_platform/Debug/CMSIS/startup_gcc/newlib_stubs.o
LOAD C:\Users\rpokeefe\repos\373\ants_master\SoftConsole\ants_master_MSS_MSS_CM3_0\ants_master_MSS_MSS_CM3_0_hw_platform\Debug\libants_master_MSS_MSS_CM3_0_hw_platform.a
START GROUP
LOAD c:/actel/libero_v9.1/softconsole/sourcery-g++/bin/../lib/gcc/arm-none-eabi/4.4.1/thumb2\libgcc.a
LOAD c:/actel/libero_v9.1/softconsole/sourcery-g++/bin/../lib/gcc/arm-none-eabi/4.4.1/../../../../arm-none-eabi/lib/thumb2\libc.a
END GROUP
LOAD c:/actel/libero_v9.1/softconsole/sourcery-g++/bin/../lib/gcc/arm-none-eabi/4.4.1/thumb2/crtend.o
LOAD c:/actel/libero_v9.1/softconsole/sourcery-g++/bin/../lib/gcc/arm-none-eabi/4.4.1/thumb2/crtn.o
START GROUP
LOAD c:/actel/libero_v9.1/softconsole/sourcery-g++/bin/../lib/gcc/arm-none-eabi/4.4.1/../../../../arm-none-eabi/lib/thumb2\libc.a
LOAD c:/actel/libero_v9.1/softconsole/sourcery-g++/bin/../lib/gcc/arm-none-eabi/4.4.1/thumb2\libgcc.a
LOAD c:/actel/libero_v9.1/softconsole/sourcery-g++/bin/../lib/gcc/arm-none-eabi/4.4.1/../../../../arm-none-eabi/lib/thumb2\libm.a
END GROUP
                0x00000000                __DYNAMIC = 0x0
                0x20000000                RAM_START_ADDRESS = 0x20000000
                0x00010000                RAM_SIZE = 0x10000
                0x00002000                MAIN_STACK_SIZE = 0x2000
                0x00001000                PROCESS_STACK_SIZE = 0x1000
                0x20010000                PROVIDE (__main_stack_start, (RAM_START_ADDRESS + RAM_SIZE))
                0x2000e000                PROVIDE (__process_stack_start, (__main_stack_start - MAIN_STACK_SIZE))
                0x20010000                PROVIDE (_estack, __main_stack_start)
                0x00000000                PROVIDE (__mirrored_nvm, 0x0)

.text           0x20000000     0x9c80
 CREATE_OBJECT_SYMBOLS
                0x20000000                __text_load = LOADADDR (.text)
                0x20000000                __text_start = .
                0x20000000                __vector_table_vma_base_address = .
 *(.isr_vector)
 .isr_vector    0x20000000      0x470 C:/Users/rpokeefe/repos/373/ants_master/SoftConsole/ants_master_MSS_MSS_CM3_0/ants_master_MSS_MSS_CM3_0_hw_platform/Debug/CMSIS/startup_gcc/startup_a2fxxxm3.o
                0x20000000                g_pfnVectors
                0x20000298                Reset_Handler
                0x20000308                NMI_Handler
                0x2000030a                HardFault_Handler
                0x2000030c                MemManage_Handler
                0x2000030e                BusFault_Handler
                0x20000310                UsageFault_Handler
                0x20000312                SVC_Handler
                0x20000314                DebugMon_Handler
                0x20000316                PendSV_Handler
                0x20000318                SysTick_Handler
                0x2000031a                WdogWakeup_IRQHandler
                0x2000031c                BrownOut_1_5V_IRQHandler
                0x2000031e                BrownOut_3_3V_IRQHandler
                0x20000320                RTC_Match_IRQHandler
                0x20000322                RTCIF_Pub_IRQHandler
                0x20000324                EthernetMAC_IRQHandler
                0x20000326                IAP_IRQHandler
                0x20000328                ENVM0_IRQHandler
                0x2000032a                ENVM1_IRQHandler
                0x2000032c                DMA_IRQHandler
                0x20000336                I2C0_IRQHandler
                0x20000338                I2C0_SMBAlert_IRQHandler
                0x2000033a                I2C0_SMBus_IRQHandler
                0x2000033c                I2C1_IRQHandler
                0x2000033e                I2C1_SMBAlert_IRQHandler
                0x20000340                I2C1_SMBus_IRQHandler
                0x20000344                Timer2_IRQHandler
                0x20000346                PLL_Lock_IRQHandler
                0x20000348                PLL_LockLost_IRQHandler
                0x2000034a                CommError_IRQHandler
                0x2000034c                Fabric_IRQHandler
                0x2000034e                GPIO0_IRQHandler
                0x20000350                GPIO1_IRQHandler
                0x20000352                GPIO2_IRQHandler
                0x20000354                GPIO3_IRQHandler
                0x20000356                GPIO4_IRQHandler
                0x20000358                GPIO5_IRQHandler
                0x2000035a                GPIO6_IRQHandler
                0x2000035c                GPIO7_IRQHandler
                0x2000035e                GPIO8_IRQHandler
                0x20000360                GPIO9_IRQHandler
                0x20000362                GPIO10_IRQHandler
                0x20000364                GPIO11_IRQHandler
                0x20000366                GPIO12_IRQHandler
                0x20000368                GPIO13_IRQHandler
                0x2000036a                GPIO14_IRQHandler
                0x2000036c                GPIO15_IRQHandler
                0x2000036e                GPIO16_IRQHandler
                0x20000370                GPIO17_IRQHandler
                0x20000372                GPIO18_IRQHandler
                0x20000374                GPIO19_IRQHandler
                0x20000376                GPIO20_IRQHandler
                0x20000378                GPIO21_IRQHandler
                0x2000037a                GPIO22_IRQHandler
                0x2000037c                GPIO23_IRQHandler
                0x2000037e                GPIO24_IRQHandler
                0x20000380                GPIO25_IRQHandler
                0x20000382                GPIO26_IRQHandler
                0x20000384                GPIO27_IRQHandler
                0x20000386                GPIO28_IRQHandler
                0x20000388                GPIO29_IRQHandler
                0x2000038a                GPIO30_IRQHandler
                0x2000038c                GPIO31_IRQHandler
                0x2000038e                ACE_PC0_Flag0_IRQHandler
                0x20000390                ACE_PC0_Flag1_IRQHandler
                0x20000392                ACE_PC0_Flag2_IRQHandler
                0x20000394                ACE_PC0_Flag3_IRQHandler
                0x20000396                ACE_PC1_Flag0_IRQHandler
                0x20000398                ACE_PC1_Flag1_IRQHandler
                0x2000039a                ACE_PC1_Flag2_IRQHandler
                0x2000039c                ACE_PC1_Flag3_IRQHandler
                0x2000039e                ACE_PC2_Flag0_IRQHandler
                0x200003a0                ACE_PC2_Flag1_IRQHandler
                0x200003a2                ACE_PC2_Flag2_IRQHandler
                0x200003a4                ACE_PC2_Flag3_IRQHandler
                0x200003a6                ACE_ADC0_DataValid_IRQHandler
                0x200003a8                ACE_ADC1_DataValid_IRQHandler
                0x200003aa                ACE_ADC2_DataValid_IRQHandler
                0x200003ac                ACE_ADC0_CalDone_IRQHandler
                0x200003ae                ACE_ADC1_CalDone_IRQHandler
                0x200003b0                ACE_ADC2_CalDone_IRQHandler
                0x200003b2                ACE_ADC0_CalStart_IRQHandler
                0x200003b4                ACE_ADC1_CalStart_IRQHandler
                0x200003b6                ACE_ADC2_CalStart_IRQHandler
                0x200003b8                ACE_Comp0_Fall_IRQHandler
                0x200003ba                ACE_Comp1_Fall_IRQHandler
                0x200003bc                ACE_Comp2_Fall_IRQHandler
                0x200003be                ACE_Comp3_Fall_IRQHandler
                0x200003c0                ACE_Comp4_Fall_IRQHandler
                0x200003c2                ACE_Comp5_Fall_IRQHandler
                0x200003c4                ACE_Comp6_Fall_IRQHandler
                0x200003c6                ACE_Comp7_Fall_IRQHandler
                0x200003c8                ACE_Comp8_Fall_IRQHandler
                0x200003ca                ACE_Comp9_Fall_IRQHandler
                0x200003cc                ACE_Comp10_Fall_IRQHandler
                0x200003ce                ACE_Comp11_Fall_IRQHandler
                0x200003d0                ACE_Comp0_Rise_IRQHandler
                0x200003d2                ACE_Comp1_Rise_IRQHandler
                0x200003d4                ACE_Comp2_Rise_IRQHandler
                0x200003d6                ACE_Comp3_Rise_IRQHandler
                0x200003d8                ACE_Comp4_Rise_IRQHandler
                0x200003da                ACE_Comp5_Rise_IRQHandler
                0x200003dc                ACE_Comp6_Rise_IRQHandler
                0x200003de                ACE_Comp7_Rise_IRQHandler
                0x200003e0                ACE_Comp8_Rise_IRQHandler
                0x200003e2                ACE_Comp9_Rise_IRQHandler
                0x200003e4                ACE_Comp10_Rise_IRQHandler
                0x200003e6                ACE_Comp11_Rise_IRQHandler
                0x200003e8                ACE_ADC0_FifoFull_IRQHandler
                0x200003ea                ACE_ADC0_FifoAFull_IRQHandler
                0x200003ec                ACE_ADC0_FifoEmpty_IRQHandler
                0x200003ee                ACE_ADC1_FifoFull_IRQHandler
                0x200003f0                ACE_ADC1_FifoAFull_IRQHandler
                0x200003f2                ACE_ADC1_FifoEmpty_IRQHandler
                0x200003f4                ACE_ADC2_FifoFull_IRQHandler
                0x200003f6                ACE_ADC2_FifoAFull_IRQHandler
                0x200003f8                ACE_ADC2_FifoEmpty_IRQHandler
 *(.text .text.* .gnu.linkonce.t.*)
 .text          0x20000470       0x30 c:/actel/libero_v9.1/softconsole/sourcery-g++/bin/../lib/gcc/arm-none-eabi/4.4.1/thumb2/crtbegin.o
 .text.trigger_solenoid_pin_init
                0x200004a0       0x24 ./main.o
                0x200004a0                trigger_solenoid_pin_init
 .text.trigger_solenoid_activate
                0x200004c4       0x38 ./main.o
                0x200004c4                trigger_solenoid_activate
 .text.main     0x200004fc       0xa8 ./main.o
                0x200004fc                main
 .text.do_ready_live_fire
                0x200005a4       0x94 ./main.o
                0x200005a4                do_ready_live_fire
 .text.do_manual_reload
                0x20000638      0x148 ./main.o
                0x20000638                do_manual_reload
 .text._reload_motion
                0x20000780       0x40 ./main.o
                0x20000780                _reload_motion
 .text._fire_dart
                0x200007c0       0x48 ./main.o
                0x200007c0                _fire_dart
 .text.do_solenoid
                0x20000808       0x48 ./main.o
                0x20000808                do_solenoid
 .text.do_servos_manual
                0x20000850      0x180 ./main.o
                0x20000850                do_servos_manual
 .text.do_automatic
                0x200009d0      0x3b0 ./main.o
                0x200009d0                do_automatic
 .text.getByte  0x20000d80       0x4c ./drivers/Pixy_SPI.o
                0x20000d80                getByte
 .text.getWord  0x20000dcc       0xc0 ./drivers/Pixy_SPI.o
 .text.Pixy_init
                0x20000e8c       0x54 ./drivers/Pixy_SPI.o
                0x20000e8c                Pixy_init
 .text.Pixy_get_start
                0x20000ee0       0x98 ./drivers/Pixy_SPI.o
                0x20000ee0                Pixy_get_start
 .text.Pixy_get_blocks
                0x20000f78      0x198 ./drivers/Pixy_SPI.o
                0x20000f78                Pixy_get_blocks
 .text.Pixy_get_target_location
                0x20001110       0x50 ./drivers/Pixy_SPI.o
                0x20001110                Pixy_get_target_location
 .text.n64_get_state
                0x20001160       0x30 ./drivers/n64_driver.o
                0x20001160                n64_get_state
 .text.n64_reset
                0x20001190       0x24 ./drivers/n64_driver.o
                0x20001190                n64_reset
 .text.n64_enable
                0x200011b4       0x24 ./drivers/n64_driver.o
                0x200011b4                n64_enable
 .text._map_n64_to_pwm_val
                0x200011d8       0x68 ./drivers/n64_driver.o
                0x200011d8                _map_n64_to_pwm_val
 .text.map_n64_analog_to_servo_pwm
                0x20001240       0x38 ./drivers/n64_driver.o
                0x20001240                map_n64_analog_to_servo_pwm
 .text.set_x_servo_analog_pw
                0x20001278       0x40 ./drivers/servo_control.o
                0x20001278                set_x_servo_analog_pw
 .text.set_y_servo_analog_pw
                0x200012b8       0x40 ./drivers/servo_control.o
                0x200012b8                set_y_servo_analog_pw
 .text.NVIC_EnableIRQ
                0x200012f8       0x38 ./drivers/timer_t.o
 .text.NVIC_DisableIRQ
                0x20001330       0x3c ./drivers/timer_t.o
 .text.NVIC_ClearPendingIRQ
                0x2000136c       0x3c ./drivers/timer_t.o
 .text.MSS_TIM1_init
                0x200013a8       0x84 ./drivers/timer_t.o
 .text.MSS_TIM1_start
                0x2000142c       0x1c ./drivers/timer_t.o
 .text.MSS_TIM1_load_immediate
                0x20001448       0x20 ./drivers/timer_t.o
 .text.MSS_TIM1_enable_irq
                0x20001468       0x20 ./drivers/timer_t.o
 .text.MSS_TIM1_clear_irq
                0x20001488       0x1c ./drivers/timer_t.o
 .text.Timer1_IRQHandler
                0x200014a4       0x64 ./drivers/timer_t.o
                0x200014a4                Timer1_IRQHandler
 .text.start_hardware_timer
                0x20001508       0x28 ./drivers/timer_t.o
                0x20001508                start_hardware_timer
 .text.insert_timer
                0x20001530       0x98 ./drivers/timer_t.o
                0x20001530                insert_timer
 .text.add_timer
                0x200015c8       0x50 ./drivers/timer_t.o
                0x200015c8                add_timer
 .text.add_timer_single
                0x20001618       0x24 ./drivers/timer_t.o
                0x20001618                add_timer_single
 .text.set_clk  0x2000163c       0x20 ./drivers/timer_t.o
                0x2000163c                set_clk
 .text.to_ticks
                0x2000165c       0x30 ./drivers/timer_t.o
                0x2000165c                to_ticks
 .text.update_timers
                0x2000168c       0xec ./drivers/timer_t.o
                0x2000168c                update_timers
 .text._end_delay_timer
                0x20001778       0x20 ./drivers/timer_t.o
                0x20001778                _end_delay_timer
 .text.use_me_carefully_ms_delay_timer
                0x20001798       0x4c ./drivers/timer_t.o
                0x20001798                use_me_carefully_ms_delay_timer
 .text._close   0x200017e4       0x18 C:/Users/rpokeefe/repos/373/ants_master/SoftConsole/ants_master_MSS_MSS_CM3_0/ants_master_MSS_MSS_CM3_0_hw_platform/Debug/CMSIS/startup_gcc/newlib_stubs.o
                0x200017e4                _close
 .text._exit    0x200017fc        0xc C:/Users/rpokeefe/repos/373/ants_master/SoftConsole/ants_master_MSS_MSS_CM3_0/ants_master_MSS_MSS_CM3_0_hw_platform/Debug/CMSIS/startup_gcc/newlib_stubs.o
                0x200017fc                _exit
 .text._fstat   0x20001808       0x24 C:/Users/rpokeefe/repos/373/ants_master/SoftConsole/ants_master_MSS_MSS_CM3_0/ants_master_MSS_MSS_CM3_0_hw_platform/Debug/CMSIS/startup_gcc/newlib_stubs.o
                0x20001808                _fstat
 .text._isatty  0x2000182c       0x18 C:/Users/rpokeefe/repos/373/ants_master/SoftConsole/ants_master_MSS_MSS_CM3_0/ants_master_MSS_MSS_CM3_0_hw_platform/Debug/CMSIS/startup_gcc/newlib_stubs.o
                0x2000182c                _isatty
 .text._lseek   0x20001844       0x1c C:/Users/rpokeefe/repos/373/ants_master/SoftConsole/ants_master_MSS_MSS_CM3_0/ants_master_MSS_MSS_CM3_0_hw_platform/Debug/CMSIS/startup_gcc/newlib_stubs.o
                0x20001844                _lseek
 .text._read    0x20001860       0x1c C:/Users/rpokeefe/repos/373/ants_master/SoftConsole/ants_master_MSS_MSS_CM3_0/ants_master_MSS_MSS_CM3_0_hw_platform/Debug/CMSIS/startup_gcc/newlib_stubs.o
                0x20001860                _read
 .text._write_r
                0x2000187c       0x5c C:/Users/rpokeefe/repos/373/ants_master/SoftConsole/ants_master_MSS_MSS_CM3_0/ants_master_MSS_MSS_CM3_0_hw_platform/Debug/CMSIS/startup_gcc/newlib_stubs.o
                0x2000187c                _write_r
 .text._sbrk    0x200018d8       0x94 C:/Users/rpokeefe/repos/373/ants_master/SoftConsole/ants_master_MSS_MSS_CM3_0/ants_master_MSS_MSS_CM3_0_hw_platform/Debug/CMSIS/startup_gcc/newlib_stubs.o
                0x200018d8                _sbrk
 .text.NVIC_ClearPendingIRQ
                0x2000196c       0x3c C:\Users\rpokeefe\repos\373\ants_master\SoftConsole\ants_master_MSS_MSS_CM3_0\ants_master_MSS_MSS_CM3_0_hw_platform\Debug\libants_master_MSS_MSS_CM3_0_hw_platform.a(mss_uart.o)
 .text.MSS_UART_init
                0x200019a8      0x204 C:\Users\rpokeefe\repos\373\ants_master\SoftConsole\ants_master_MSS_MSS_CM3_0\ants_master_MSS_MSS_CM3_0_hw_platform\Debug\libants_master_MSS_MSS_CM3_0_hw_platform.a(mss_uart.o)
                0x200019a8                MSS_UART_init
 .text.MSS_UART_polled_tx
                0x20001bac       0xe4 C:\Users\rpokeefe\repos\373\ants_master\SoftConsole\ants_master_MSS_MSS_CM3_0\ants_master_MSS_MSS_CM3_0_hw_platform\Debug\libants_master_MSS_MSS_CM3_0_hw_platform.a(mss_uart.o)
                0x20001bac                MSS_UART_polled_tx
 .text.MSS_UART_isr
                0x20001c90      0x11c C:\Users\rpokeefe\repos\373\ants_master\SoftConsole\ants_master_MSS_MSS_CM3_0\ants_master_MSS_MSS_CM3_0_hw_platform\Debug\libants_master_MSS_MSS_CM3_0_hw_platform.a(mss_uart.o)
 .text.default_tx_handler
                0x20001dac      0x108 C:\Users\rpokeefe\repos\373\ants_master\SoftConsole\ants_master_MSS_MSS_CM3_0\ants_master_MSS_MSS_CM3_0_hw_platform\Debug\libants_master_MSS_MSS_CM3_0_hw_platform.a(mss_uart.o)
 .text.UART0_IRQHandler
                0x20001eb4       0x2c C:\Users\rpokeefe\repos\373\ants_master\SoftConsole\ants_master_MSS_MSS_CM3_0\ants_master_MSS_MSS_CM3_0_hw_platform\Debug\libants_master_MSS_MSS_CM3_0_hw_platform.a(mss_uart.o)
                0x20001eb4                UART0_IRQHandler
 .text.UART1_IRQHandler
                0x20001ee0       0x2c C:\Users\rpokeefe\repos\373\ants_master\SoftConsole\ants_master_MSS_MSS_CM3_0\ants_master_MSS_MSS_CM3_0_hw_platform\Debug\libants_master_MSS_MSS_CM3_0_hw_platform.a(mss_uart.o)
                0x20001ee0                UART1_IRQHandler
 .text.NVIC_EnableIRQ
                0x20001f0c       0x38 C:\Users\rpokeefe\repos\373\ants_master\SoftConsole\ants_master_MSS_MSS_CM3_0\ants_master_MSS_MSS_CM3_0_hw_platform\Debug\libants_master_MSS_MSS_CM3_0_hw_platform.a(mss_spi.o)
 .text.NVIC_DisableIRQ
                0x20001f44       0x3c C:\Users\rpokeefe\repos\373\ants_master\SoftConsole\ants_master_MSS_MSS_CM3_0\ants_master_MSS_MSS_CM3_0_hw_platform\Debug\libants_master_MSS_MSS_CM3_0_hw_platform.a(mss_spi.o)
 .text.NVIC_ClearPendingIRQ
                0x20001f80       0x3c C:\Users\rpokeefe\repos\373\ants_master\SoftConsole\ants_master_MSS_MSS_CM3_0\ants_master_MSS_MSS_CM3_0_hw_platform\Debug\libants_master_MSS_MSS_CM3_0_hw_platform.a(mss_spi.o)
 .text.MSS_SPI_init
                0x20001fbc      0x134 C:\Users\rpokeefe\repos\373\ants_master\SoftConsole\ants_master_MSS_MSS_CM3_0\ants_master_MSS_MSS_CM3_0_hw_platform\Debug\libants_master_MSS_MSS_CM3_0_hw_platform.a(mss_spi.o)
                0x20001fbc                MSS_SPI_init
 .text.recover_from_rx_overflow
                0x200020f0      0x160 C:\Users\rpokeefe\repos\373\ants_master\SoftConsole\ants_master_MSS_MSS_CM3_0\ants_master_MSS_MSS_CM3_0_hw_platform\Debug\libants_master_MSS_MSS_CM3_0_hw_platform.a(mss_spi.o)
 .text.MSS_SPI_configure_master_mode
                0x20002250      0x120 C:\Users\rpokeefe\repos\373\ants_master\SoftConsole\ants_master_MSS_MSS_CM3_0\ants_master_MSS_MSS_CM3_0_hw_platform\Debug\libants_master_MSS_MSS_CM3_0_hw_platform.a(mss_spi.o)
                0x20002250                MSS_SPI_configure_master_mode
 .text.MSS_SPI_set_slave_select
                0x20002370      0x108 C:\Users\rpokeefe\repos\373\ants_master\SoftConsole\ants_master_MSS_MSS_CM3_0\ants_master_MSS_MSS_CM3_0_hw_platform\Debug\libants_master_MSS_MSS_CM3_0_hw_platform.a(mss_spi.o)
                0x20002370                MSS_SPI_set_slave_select
 .text.MSS_SPI_clear_slave_select
                0x20002478       0x90 C:\Users\rpokeefe\repos\373\ants_master\SoftConsole\ants_master_MSS_MSS_CM3_0\ants_master_MSS_MSS_CM3_0_hw_platform\Debug\libants_master_MSS_MSS_CM3_0_hw_platform.a(mss_spi.o)
                0x20002478                MSS_SPI_clear_slave_select
 .text.MSS_SPI_transfer_frame
                0x20002508       0xec C:\Users\rpokeefe\repos\373\ants_master\SoftConsole\ants_master_MSS_MSS_CM3_0\ants_master_MSS_MSS_CM3_0_hw_platform\Debug\libants_master_MSS_MSS_CM3_0_hw_platform.a(mss_spi.o)
                0x20002508                MSS_SPI_transfer_frame
 .text.fill_slave_tx_fifo
                0x200025f4       0xe0 C:\Users\rpokeefe\repos\373\ants_master\SoftConsole\ants_master_MSS_MSS_CM3_0\ants_master_MSS_MSS_CM3_0_hw_platform\Debug\libants_master_MSS_MSS_CM3_0_hw_platform.a(mss_spi.o)
 .text.read_slave_rx_fifo
                0x200026d4       0xac C:\Users\rpokeefe\repos\373\ants_master\SoftConsole\ants_master_MSS_MSS_CM3_0\ants_master_MSS_MSS_CM3_0_hw_platform\Debug\libants_master_MSS_MSS_CM3_0_hw_platform.a(mss_spi.o)
 .text.mss_spi_isr
                0x20002780      0x2b0 C:\Users\rpokeefe\repos\373\ants_master\SoftConsole\ants_master_MSS_MSS_CM3_0\ants_master_MSS_MSS_CM3_0_hw_platform\Debug\libants_master_MSS_MSS_CM3_0_hw_platform.a(mss_spi.o)
 .text.SPI0_IRQHandler
                0x20002a30       0x2c C:\Users\rpokeefe\repos\373\ants_master\SoftConsole\ants_master_MSS_MSS_CM3_0\ants_master_MSS_MSS_CM3_0_hw_platform\Debug\libants_master_MSS_MSS_CM3_0_hw_platform.a(mss_spi.o)
                0x20002a30                SPI0_IRQHandler
 .text.SPI1_IRQHandler
                0x20002a5c       0x2c C:\Users\rpokeefe\repos\373\ants_master\SoftConsole\ants_master_MSS_MSS_CM3_0\ants_master_MSS_MSS_CM3_0_hw_platform\Debug\libants_master_MSS_MSS_CM3_0_hw_platform.a(mss_spi.o)
                0x20002a5c                SPI1_IRQHandler
 .text.NVIC_ClearPendingIRQ
                0x20002a88       0x3c C:\Users\rpokeefe\repos\373\ants_master\SoftConsole\ants_master_MSS_MSS_CM3_0\ants_master_MSS_MSS_CM3_0_hw_platform\Debug\libants_master_MSS_MSS_CM3_0_hw_platform.a(mss_gpio.o)
 .text.MSS_GPIO_init
                0x20002ac4       0x6c C:\Users\rpokeefe\repos\373\ants_master\SoftConsole\ants_master_MSS_MSS_CM3_0\ants_master_MSS_MSS_CM3_0_hw_platform\Debug\libants_master_MSS_MSS_CM3_0_hw_platform.a(mss_gpio.o)
                0x20002ac4                MSS_GPIO_init
 .text.MSS_GPIO_config
                0x20002b30       0x3c C:\Users\rpokeefe\repos\373\ants_master\SoftConsole\ants_master_MSS_MSS_CM3_0\ants_master_MSS_MSS_CM3_0_hw_platform\Debug\libants_master_MSS_MSS_CM3_0_hw_platform.a(mss_gpio.o)
                0x20002b30                MSS_GPIO_config
 .text.MSS_GPIO_set_output
                0x20002b6c       0x40 C:\Users\rpokeefe\repos\373\ants_master\SoftConsole\ants_master_MSS_MSS_CM3_0\ants_master_MSS_MSS_CM3_0_hw_platform\Debug\libants_master_MSS_MSS_CM3_0_hw_platform.a(mss_gpio.o)
                0x20002b6c                MSS_GPIO_set_output
 .text.SystemInit
                0x20002bac        0xc C:\Users\rpokeefe\repos\373\ants_master\SoftConsole\ants_master_MSS_MSS_CM3_0\ants_master_MSS_MSS_CM3_0_hw_platform\Debug\libants_master_MSS_MSS_CM3_0_hw_platform.a(system_a2fxxxm3.o)
                0x20002bac                SystemInit
 .text.SystemCoreClockUpdate
                0x20002bb8      0x150 C:\Users\rpokeefe\repos\373\ants_master\SoftConsole\ants_master_MSS_MSS_CM3_0\ants_master_MSS_MSS_CM3_0_hw_platform\Debug\libants_master_MSS_MSS_CM3_0_hw_platform.a(system_a2fxxxm3.o)
                0x20002bb8                SystemCoreClockUpdate
 .text.GetSystemClock
                0x20002d08       0xe8 C:\Users\rpokeefe\repos\373\ants_master\SoftConsole\ants_master_MSS_MSS_CM3_0\ants_master_MSS_MSS_CM3_0_hw_platform\Debug\libants_master_MSS_MSS_CM3_0_hw_platform.a(system_a2fxxxm3.o)
 .text.NVIC_ClearPendingIRQ
                0x20002df0       0x3c C:\Users\rpokeefe\repos\373\ants_master\SoftConsole\ants_master_MSS_MSS_CM3_0\ants_master_MSS_MSS_CM3_0_hw_platform\Debug\libants_master_MSS_MSS_CM3_0_hw_platform.a(ace_flags.o)
 .text.process_flag_irq
                0x20002e2c       0x14 C:\Users\rpokeefe\repos\373\ants_master\SoftConsole\ants_master_MSS_MSS_CM3_0\ants_master_MSS_MSS_CM3_0_hw_platform\Debug\libants_master_MSS_MSS_CM3_0_hw_platform.a(ace_flags.o)
 .text.ACE_PPE_Flag0_IRQHandler
                0x20002e40       0x28 C:\Users\rpokeefe\repos\373\ants_master\SoftConsole\ants_master_MSS_MSS_CM3_0\ants_master_MSS_MSS_CM3_0_hw_platform\Debug\libants_master_MSS_MSS_CM3_0_hw_platform.a(ace_flags.o)
                0x20002e40                ACE_PPE_Flag0_IRQHandler
 .text.ACE_PPE_Flag1_IRQHandler
                0x20002e68       0x28 C:\Users\rpokeefe\repos\373\ants_master\SoftConsole\ants_master_MSS_MSS_CM3_0\ants_master_MSS_MSS_CM3_0_hw_platform\Debug\libants_master_MSS_MSS_CM3_0_hw_platform.a(ace_flags.o)
                0x20002e68                ACE_PPE_Flag1_IRQHandler
 .text.ACE_PPE_Flag2_IRQHandler
                0x20002e90       0x28 C:\Users\rpokeefe\repos\373\ants_master\SoftConsole\ants_master_MSS_MSS_CM3_0\ants_master_MSS_MSS_CM3_0_hw_platform\Debug\libants_master_MSS_MSS_CM3_0_hw_platform.a(ace_flags.o)
                0x20002e90                ACE_PPE_Flag2_IRQHandler
 .text.ACE_PPE_Flag3_IRQHandler
                0x20002eb8       0x28 C:\Users\rpokeefe\repos\373\ants_master\SoftConsole\ants_master_MSS_MSS_CM3_0\ants_master_MSS_MSS_CM3_0_hw_platform\Debug\libants_master_MSS_MSS_CM3_0_hw_platform.a(ace_flags.o)
                0x20002eb8                ACE_PPE_Flag3_IRQHandler
 .text.ACE_PPE_Flag4_IRQHandler
                0x20002ee0       0x28 C:\Users\rpokeefe\repos\373\ants_master\SoftConsole\ants_master_MSS_MSS_CM3_0\ants_master_MSS_MSS_CM3_0_hw_platform\Debug\libants_master_MSS_MSS_CM3_0_hw_platform.a(ace_flags.o)
                0x20002ee0                ACE_PPE_Flag4_IRQHandler
 .text.ACE_PPE_Flag5_IRQHandler
                0x20002f08       0x28 C:\Users\rpokeefe\repos\373\ants_master\SoftConsole\ants_master_MSS_MSS_CM3_0\ants_master_MSS_MSS_CM3_0_hw_platform\Debug\libants_master_MSS_MSS_CM3_0_hw_platform.a(ace_flags.o)
                0x20002f08                ACE_PPE_Flag5_IRQHandler
 .text.ACE_PPE_Flag6_IRQHandler
                0x20002f30       0x28 C:\Users\rpokeefe\repos\373\ants_master\SoftConsole\ants_master_MSS_MSS_CM3_0\ants_master_MSS_MSS_CM3_0_hw_platform\Debug\libants_master_MSS_MSS_CM3_0_hw_platform.a(ace_flags.o)
                0x20002f30                ACE_PPE_Flag6_IRQHandler
 .text.ACE_PPE_Flag7_IRQHandler
                0x20002f58       0x28 C:\Users\rpokeefe\repos\373\ants_master\SoftConsole\ants_master_MSS_MSS_CM3_0\ants_master_MSS_MSS_CM3_0_hw_platform\Debug\libants_master_MSS_MSS_CM3_0_hw_platform.a(ace_flags.o)
                0x20002f58                ACE_PPE_Flag7_IRQHandler
 .text.ACE_PPE_Flag8_IRQHandler
                0x20002f80       0x28 C:\Users\rpokeefe\repos\373\ants_master\SoftConsole\ants_master_MSS_MSS_CM3_0\ants_master_MSS_MSS_CM3_0_hw_platform\Debug\libants_master_MSS_MSS_CM3_0_hw_platform.a(ace_flags.o)
                0x20002f80                ACE_PPE_Flag8_IRQHandler
 .text.ACE_PPE_Flag9_IRQHandler
                0x20002fa8       0x28 C:\Users\rpokeefe\repos\373\ants_master\SoftConsole\ants_master_MSS_MSS_CM3_0\ants_master_MSS_MSS_CM3_0_hw_platform\Debug\libants_master_MSS_MSS_CM3_0_hw_platform.a(ace_flags.o)
                0x20002fa8                ACE_PPE_Flag9_IRQHandler
 .text.ACE_PPE_Flag10_IRQHandler
                0x20002fd0       0x28 C:\Users\rpokeefe\repos\373\ants_master\SoftConsole\ants_master_MSS_MSS_CM3_0\ants_master_MSS_MSS_CM3_0_hw_platform\Debug\libants_master_MSS_MSS_CM3_0_hw_platform.a(ace_flags.o)
                0x20002fd0                ACE_PPE_Flag10_IRQHandler
 .text.ACE_PPE_Flag11_IRQHandler
                0x20002ff8       0x28 C:\Users\rpokeefe\repos\373\ants_master\SoftConsole\ants_master_MSS_MSS_CM3_0\ants_master_MSS_MSS_CM3_0_hw_platform\Debug\libants_master_MSS_MSS_CM3_0_hw_platform.a(ace_flags.o)
                0x20002ff8                ACE_PPE_Flag11_IRQHandler
 .text.ACE_PPE_Flag12_IRQHandler
                0x20003020       0x28 C:\Users\rpokeefe\repos\373\ants_master\SoftConsole\ants_master_MSS_MSS_CM3_0\ants_master_MSS_MSS_CM3_0_hw_platform\Debug\libants_master_MSS_MSS_CM3_0_hw_platform.a(ace_flags.o)
                0x20003020                ACE_PPE_Flag12_IRQHandler
 .text.ACE_PPE_Flag13_IRQHandler
                0x20003048       0x28 C:\Users\rpokeefe\repos\373\ants_master\SoftConsole\ants_master_MSS_MSS_CM3_0\ants_master_MSS_MSS_CM3_0_hw_platform\Debug\libants_master_MSS_MSS_CM3_0_hw_platform.a(ace_flags.o)
                0x20003048                ACE_PPE_Flag13_IRQHandler
 .text.ACE_PPE_Flag14_IRQHandler
                0x20003070       0x28 C:\Users\rpokeefe\repos\373\ants_master\SoftConsole\ants_master_MSS_MSS_CM3_0\ants_master_MSS_MSS_CM3_0_hw_platform\Debug\libants_master_MSS_MSS_CM3_0_hw_platform.a(ace_flags.o)
                0x20003070                ACE_PPE_Flag14_IRQHandler
 .text.ACE_PPE_Flag15_IRQHandler
                0x20003098       0x28 C:\Users\rpokeefe\repos\373\ants_master\SoftConsole\ants_master_MSS_MSS_CM3_0\ants_master_MSS_MSS_CM3_0_hw_platform\Debug\libants_master_MSS_MSS_CM3_0_hw_platform.a(ace_flags.o)
                0x20003098                ACE_PPE_Flag15_IRQHandler
 .text.ACE_PPE_Flag16_IRQHandler
                0x200030c0       0x28 C:\Users\rpokeefe\repos\373\ants_master\SoftConsole\ants_master_MSS_MSS_CM3_0\ants_master_MSS_MSS_CM3_0_hw_platform\Debug\libants_master_MSS_MSS_CM3_0_hw_platform.a(ace_flags.o)
                0x200030c0                ACE_PPE_Flag16_IRQHandler
 .text.ACE_PPE_Flag17_IRQHandler
                0x200030e8       0x28 C:\Users\rpokeefe\repos\373\ants_master\SoftConsole\ants_master_MSS_MSS_CM3_0\ants_master_MSS_MSS_CM3_0_hw_platform\Debug\libants_master_MSS_MSS_CM3_0_hw_platform.a(ace_flags.o)
                0x200030e8                ACE_PPE_Flag17_IRQHandler
 .text.ACE_PPE_Flag18_IRQHandler
                0x20003110       0x28 C:\Users\rpokeefe\repos\373\ants_master\SoftConsole\ants_master_MSS_MSS_CM3_0\ants_master_MSS_MSS_CM3_0_hw_platform\Debug\libants_master_MSS_MSS_CM3_0_hw_platform.a(ace_flags.o)
                0x20003110                ACE_PPE_Flag18_IRQHandler
 .text.ACE_PPE_Flag19_IRQHandler
                0x20003138       0x28 C:\Users\rpokeefe\repos\373\ants_master\SoftConsole\ants_master_MSS_MSS_CM3_0\ants_master_MSS_MSS_CM3_0_hw_platform\Debug\libants_master_MSS_MSS_CM3_0_hw_platform.a(ace_flags.o)
                0x20003138                ACE_PPE_Flag19_IRQHandler
 .text.ACE_PPE_Flag20_IRQHandler
                0x20003160       0x28 C:\Users\rpokeefe\repos\373\ants_master\SoftConsole\ants_master_MSS_MSS_CM3_0\ants_master_MSS_MSS_CM3_0_hw_platform\Debug\libants_master_MSS_MSS_CM3_0_hw_platform.a(ace_flags.o)
                0x20003160                ACE_PPE_Flag20_IRQHandler
 .text.ACE_PPE_Flag21_IRQHandler
                0x20003188       0x28 C:\Users\rpokeefe\repos\373\ants_master\SoftConsole\ants_master_MSS_MSS_CM3_0\ants_master_MSS_MSS_CM3_0_hw_platform\Debug\libants_master_MSS_MSS_CM3_0_hw_platform.a(ace_flags.o)
                0x20003188                ACE_PPE_Flag21_IRQHandler
 .text.ACE_PPE_Flag22_IRQHandler
                0x200031b0       0x28 C:\Users\rpokeefe\repos\373\ants_master\SoftConsole\ants_master_MSS_MSS_CM3_0\ants_master_MSS_MSS_CM3_0_hw_platform\Debug\libants_master_MSS_MSS_CM3_0_hw_platform.a(ace_flags.o)
                0x200031b0                ACE_PPE_Flag22_IRQHandler
 .text.ACE_PPE_Flag23_IRQHandler
                0x200031d8       0x28 C:\Users\rpokeefe\repos\373\ants_master\SoftConsole\ants_master_MSS_MSS_CM3_0\ants_master_MSS_MSS_CM3_0_hw_platform\Debug\libants_master_MSS_MSS_CM3_0_hw_platform.a(ace_flags.o)
                0x200031d8                ACE_PPE_Flag23_IRQHandler
 .text.ACE_PPE_Flag24_IRQHandler
                0x20003200       0x28 C:\Users\rpokeefe\repos\373\ants_master\SoftConsole\ants_master_MSS_MSS_CM3_0\ants_master_MSS_MSS_CM3_0_hw_platform\Debug\libants_master_MSS_MSS_CM3_0_hw_platform.a(ace_flags.o)
                0x20003200                ACE_PPE_Flag24_IRQHandler
 .text.ACE_PPE_Flag25_IRQHandler
                0x20003228       0x28 C:\Users\rpokeefe\repos\373\ants_master\SoftConsole\ants_master_MSS_MSS_CM3_0\ants_master_MSS_MSS_CM3_0_hw_platform\Debug\libants_master_MSS_MSS_CM3_0_hw_platform.a(ace_flags.o)
                0x20003228                ACE_PPE_Flag25_IRQHandler
 .text.ACE_PPE_Flag26_IRQHandler
                0x20003250       0x28 C:\Users\rpokeefe\repos\373\ants_master\SoftConsole\ants_master_MSS_MSS_CM3_0\ants_master_MSS_MSS_CM3_0_hw_platform\Debug\libants_master_MSS_MSS_CM3_0_hw_platform.a(ace_flags.o)
                0x20003250                ACE_PPE_Flag26_IRQHandler
 .text.ACE_PPE_Flag27_IRQHandler
                0x20003278       0x28 C:\Users\rpokeefe\repos\373\ants_master\SoftConsole\ants_master_MSS_MSS_CM3_0\ants_master_MSS_MSS_CM3_0_hw_platform\Debug\libants_master_MSS_MSS_CM3_0_hw_platform.a(ace_flags.o)
                0x20003278                ACE_PPE_Flag27_IRQHandler
 .text.ACE_PPE_Flag28_IRQHandler
                0x200032a0       0x28 C:\Users\rpokeefe\repos\373\ants_master\SoftConsole\ants_master_MSS_MSS_CM3_0\ants_master_MSS_MSS_CM3_0_hw_platform\Debug\libants_master_MSS_MSS_CM3_0_hw_platform.a(ace_flags.o)
                0x200032a0                ACE_PPE_Flag28_IRQHandler
 .text.ACE_PPE_Flag29_IRQHandler
                0x200032c8       0x28 C:\Users\rpokeefe\repos\373\ants_master\SoftConsole\ants_master_MSS_MSS_CM3_0\ants_master_MSS_MSS_CM3_0_hw_platform\Debug\libants_master_MSS_MSS_CM3_0_hw_platform.a(ace_flags.o)
                0x200032c8                ACE_PPE_Flag29_IRQHandler
 .text.ACE_PPE_Flag30_IRQHandler
                0x200032f0       0x28 C:\Users\rpokeefe\repos\373\ants_master\SoftConsole\ants_master_MSS_MSS_CM3_0\ants_master_MSS_MSS_CM3_0_hw_platform\Debug\libants_master_MSS_MSS_CM3_0_hw_platform.a(ace_flags.o)
                0x200032f0                ACE_PPE_Flag30_IRQHandler
 .text.ACE_PPE_Flag31_IRQHandler
                0x20003318       0x28 C:\Users\rpokeefe\repos\373\ants_master\SoftConsole\ants_master_MSS_MSS_CM3_0\ants_master_MSS_MSS_CM3_0_hw_platform\Debug\libants_master_MSS_MSS_CM3_0_hw_platform.a(ace_flags.o)
                0x20003318                ACE_PPE_Flag31_IRQHandler
 .text          0x20003340      0x370 c:/actel/libero_v9.1/softconsole/sourcery-g++/bin/../lib/gcc/arm-none-eabi/4.4.1/thumb2\libgcc.a(_arm_addsubdf3.o)
                0x20003340                __aeabi_drsub
                0x20003348                __aeabi_dsub
                0x20003348                __subdf3
                0x2000334c                __aeabi_dadd
                0x2000334c                __adddf3
                0x200035c4                __floatunsidf
                0x200035c4                __aeabi_ui2d
                0x200035e4                __floatsidf
                0x200035e4                __aeabi_i2d
                0x20003608                __aeabi_f2d
                0x20003608                __extendsfdf2
                0x20003644                __floatundidf
                0x20003644                __aeabi_ul2d
                0x20003654                __floatdidf
                0x20003654                __aeabi_l2d
 .text          0x200036b0      0x424 c:/actel/libero_v9.1/softconsole/sourcery-g++/bin/../lib/gcc/arm-none-eabi/4.4.1/thumb2\libgcc.a(_arm_muldivdf3.o)
                0x200036b0                __aeabi_dmul
                0x200036b0                __muldf3
                0x20003904                __divdf3
                0x20003904                __aeabi_ddiv
 .text          0x20003ad4       0x40 c:/actel/libero_v9.1/softconsole/sourcery-g++/bin/../lib/gcc/arm-none-eabi/4.4.1/thumb2\libgcc.a(_arm_fixunsdfsi.o)
                0x20003ad4                __aeabi_d2uiz
                0x20003ad4                __fixunsdfsi
 .text          0x20003b14       0x50 c:/actel/libero_v9.1/softconsole/sourcery-g++/bin/../lib/gcc/arm-none-eabi/4.4.1/../../../../arm-none-eabi/lib/thumb2\libc.a(lib_a-init.o)
                0x20003b14                __libc_init_array
 .text          0x20003b64       0x20 c:/actel/libero_v9.1/softconsole/sourcery-g++/bin/../lib/gcc/arm-none-eabi/4.4.1/../../../../arm-none-eabi/lib/thumb2\libc.a(lib_a-malloc.o)
                0x20003b64                free
                0x20003b74                malloc
 .text          0x20003b84      0x5a4 c:/actel/libero_v9.1/softconsole/sourcery-g++/bin/../lib/gcc/arm-none-eabi/4.4.1/../../../../arm-none-eabi/lib/thumb2\libc.a(lib_a-mallocr.o)
                0x20003b84                _malloc_r
 .text          0x20004128      0x190 c:/actel/libero_v9.1/softconsole/sourcery-g++/bin/../lib/gcc/arm-none-eabi/4.4.1/../../../../arm-none-eabi/lib/thumb2\libc.a(lib_a-memcpy.o)
                0x20004128                memcpy
 .text          0x200042b8       0xd4 c:/actel/libero_v9.1/softconsole/sourcery-g++/bin/../lib/gcc/arm-none-eabi/4.4.1/../../../../arm-none-eabi/lib/thumb2\libc.a(lib_a-memset.o)
                0x200042b8                memset
 .text          0x2000438c        0x8 c:/actel/libero_v9.1/softconsole/sourcery-g++/bin/../lib/gcc/arm-none-eabi/4.4.1/../../../../arm-none-eabi/lib/thumb2\libc.a(lib_a-mlock.o)
                0x2000438c                __malloc_lock
                0x20004390                __malloc_unlock
 .text          0x20004394       0x64 c:/actel/libero_v9.1/softconsole/sourcery-g++/bin/../lib/gcc/arm-none-eabi/4.4.1/../../../../arm-none-eabi/lib/thumb2\libc.a(lib_a-printf.o)
                0x20004394                printf
                0x200043cc                _printf_r
 .text          0x200043f8       0x88 c:/actel/libero_v9.1/softconsole/sourcery-g++/bin/../lib/gcc/arm-none-eabi/4.4.1/../../../../arm-none-eabi/lib/thumb2\libc.a(lib_a-puts.o)
                0x200043f8                _puts_r
                0x20004470                puts
 .text          0x20004480       0x28 c:/actel/libero_v9.1/softconsole/sourcery-g++/bin/../lib/gcc/arm-none-eabi/4.4.1/../../../../arm-none-eabi/lib/thumb2\libc.a(lib_a-sbrkr.o)
                0x20004480                _sbrk_r
 .text          0x200044a8       0x60 c:/actel/libero_v9.1/softconsole/sourcery-g++/bin/../lib/gcc/arm-none-eabi/4.4.1/../../../../arm-none-eabi/lib/thumb2\libc.a(lib_a-strlen.o)
                0x200044a8                strlen
 .text          0x20004508     0x1940 c:/actel/libero_v9.1/softconsole/sourcery-g++/bin/../lib/gcc/arm-none-eabi/4.4.1/../../../../arm-none-eabi/lib/thumb2\libc.a(lib_a-vfprintf.o)
                0x20004524                _vfprintf_r
                0x20005e2c                vfprintf
 .text          0x20005e48      0x104 c:/actel/libero_v9.1/softconsole/sourcery-g++/bin/../lib/gcc/arm-none-eabi/4.4.1/../../../../arm-none-eabi/lib/thumb2\libc.a(lib_a-wsetup.o)
                0x20005e48                __swsetup_r
 *fill*         0x20005f4c        0x4 00
 .text          0x20005f50      0xfb8 c:/actel/libero_v9.1/softconsole/sourcery-g++/bin/../lib/gcc/arm-none-eabi/4.4.1/../../../../arm-none-eabi/lib/thumb2\libc.a(lib_a-dtoa.o)
                0x20006070                _dtoa_r
 .text          0x20006f08      0x178 c:/actel/libero_v9.1/softconsole/sourcery-g++/bin/../lib/gcc/arm-none-eabi/4.4.1/../../../../arm-none-eabi/lib/thumb2\libc.a(lib_a-fflush.o)
                0x20006f08                _fflush_r
                0x20007058                fflush
 .text          0x20007080      0x1c8 c:/actel/libero_v9.1/softconsole/sourcery-g++/bin/../lib/gcc/arm-none-eabi/4.4.1/../../../../arm-none-eabi/lib/thumb2\libc.a(lib_a-findfp.o)
                0x20007080                __sfp_lock_acquire
                0x20007084                __sfp_lock_release
                0x20007088                __sinit_lock_acquire
                0x2000708c                __sinit_lock_release
                0x20007098                __fp_unlock_all
                0x200070b0                __fp_lock_all
                0x200070c8                _cleanup_r
                0x200070d4                _cleanup
                0x20007130                __sfmoreglue
                0x20007160                __sfp
                0x200071e8                __sinit
 .text          0x20007248      0x268 c:/actel/libero_v9.1/softconsole/sourcery-g++/bin/../lib/gcc/arm-none-eabi/4.4.1/../../../../arm-none-eabi/lib/thumb2\libc.a(lib_a-freer.o)
                0x20007248                _malloc_trim_r
                0x200072f0                _free_r
 .text          0x200074b0      0x334 c:/actel/libero_v9.1/softconsole/sourcery-g++/bin/../lib/gcc/arm-none-eabi/4.4.1/../../../../arm-none-eabi/lib/thumb2\libc.a(lib_a-fvwrite.o)
                0x200074b0                __sfvwrite_r
 .text          0x200077e4       0xa0 c:/actel/libero_v9.1/softconsole/sourcery-g++/bin/../lib/gcc/arm-none-eabi/4.4.1/../../../../arm-none-eabi/lib/thumb2\libc.a(lib_a-fwalk.o)
                0x200077e4                _fwalk_reent
                0x20007838                _fwalk
 .text          0x20007884       0x74 c:/actel/libero_v9.1/softconsole/sourcery-g++/bin/../lib/gcc/arm-none-eabi/4.4.1/../../../../arm-none-eabi/lib/thumb2\libc.a(lib_a-locale.o)
                0x20007884                __locale_charset
                0x20007890                _localeconv_r
                0x20007898                localeconv
                0x200078a0                _setlocale_r
                0x200078e8                setlocale
 .text          0x200078f8       0xdc c:/actel/libero_v9.1/softconsole/sourcery-g++/bin/../lib/gcc/arm-none-eabi/4.4.1/../../../../arm-none-eabi/lib/thumb2\libc.a(lib_a-makebuf.o)
                0x200078f8                __smakebuf_r
 .text          0x200079d4       0x74 c:/actel/libero_v9.1/softconsole/sourcery-g++/bin/../lib/gcc/arm-none-eabi/4.4.1/../../../../arm-none-eabi/lib/thumb2\libc.a(lib_a-memchr.o)
                0x200079d4                memchr
 .text          0x20007a48       0xb8 c:/actel/libero_v9.1/softconsole/sourcery-g++/bin/../lib/gcc/arm-none-eabi/4.4.1/../../../../arm-none-eabi/lib/thumb2\libc.a(lib_a-memmove.o)
                0x20007a48                memmove
 .text          0x20007b00      0x958 c:/actel/libero_v9.1/softconsole/sourcery-g++/bin/../lib/gcc/arm-none-eabi/4.4.1/../../../../arm-none-eabi/lib/thumb2\libc.a(lib_a-mprec.o)
                0x20007b00                __hi0bits
                0x20007b40                __lo0bits
                0x20007ba4                __mcmp
                0x20007be4                __ulp
                0x20007c30                __b2d
                0x20007cd8                __ratio
                0x20007d38                _mprec_log10
                0x20007d70                __copybits
                0x20007dc0                __any_on
                0x20007e18                _Bfree
                0x20007e50                _Balloc
                0x20007ebc                __d2b
                0x20007f8c                __mdiff
                0x20008084                __lshift
                0x20008140                __multiply
                0x20008274                __i2b
                0x20008288                __multadd
                0x20008310                __pow5mult
                0x200083bc                __s2b
 .text          0x20008458      0x3b4 c:/actel/libero_v9.1/softconsole/sourcery-g++/bin/../lib/gcc/arm-none-eabi/4.4.1/../../../../arm-none-eabi/lib/thumb2\libc.a(lib_a-reallocr.o)
                0x20008458                _realloc_r
 .text          0x2000880c       0x24 c:/actel/libero_v9.1/softconsole/sourcery-g++/bin/../lib/gcc/arm-none-eabi/4.4.1/../../../../arm-none-eabi/lib/thumb2\libc.a(lib_a-s_isinfd.o)
                0x2000880c                __isinfd
 .text          0x20008830       0x1c c:/actel/libero_v9.1/softconsole/sourcery-g++/bin/../lib/gcc/arm-none-eabi/4.4.1/../../../../arm-none-eabi/lib/thumb2\libc.a(lib_a-s_isnand.o)
                0x20008830                __isnand
 .text          0x2000884c       0x90 c:/actel/libero_v9.1/softconsole/sourcery-g++/bin/../lib/gcc/arm-none-eabi/4.4.1/../../../../arm-none-eabi/lib/thumb2\libc.a(lib_a-stdio.o)
                0x2000884c                __sclose
                0x20008854                __sseek
                0x2000887c                __swrite
                0x200088b8                __sread
 .text          0x200088dc      0x1dc c:/actel/libero_v9.1/softconsole/sourcery-g++/bin/../lib/gcc/arm-none-eabi/4.4.1/../../../../arm-none-eabi/lib/thumb2\libc.a(lib_a-strcmp.o)
                0x200088dc                strcmp
 .text          0x20008ab8       0x5c c:/actel/libero_v9.1/softconsole/sourcery-g++/bin/../lib/gcc/arm-none-eabi/4.4.1/../../../../arm-none-eabi/lib/thumb2\libc.a(lib_a-callocr.o)
                0x20008ab8                _calloc_r
 .text          0x20008b14       0x28 c:/actel/libero_v9.1/softconsole/sourcery-g++/bin/../lib/gcc/arm-none-eabi/4.4.1/../../../../arm-none-eabi/lib/thumb2\libc.a(lib_a-closer.o)
                0x20008b14                _close_r
 .text          0x20008b3c       0xcc c:/actel/libero_v9.1/softconsole/sourcery-g++/bin/../lib/gcc/arm-none-eabi/4.4.1/../../../../arm-none-eabi/lib/thumb2\libc.a(lib_a-fclose.o)
                0x20008b3c                _fclose_r
                0x20008bf8                fclose
 .text          0x20008c08       0x2c c:/actel/libero_v9.1/softconsole/sourcery-g++/bin/../lib/gcc/arm-none-eabi/4.4.1/../../../../arm-none-eabi/lib/thumb2\libc.a(lib_a-fstatr.o)
                0x20008c08                _fstat_r
 .text          0x20008c34       0x28 c:/actel/libero_v9.1/softconsole/sourcery-g++/bin/../lib/gcc/arm-none-eabi/4.4.1/../../../../arm-none-eabi/lib/thumb2\libc.a(lib_a-isattyr.o)
                0x20008c34                _isatty_r
 .text          0x20008c5c       0x2c c:/actel/libero_v9.1/softconsole/sourcery-g++/bin/../lib/gcc/arm-none-eabi/4.4.1/../../../../arm-none-eabi/lib/thumb2\libc.a(lib_a-lseekr.o)
                0x20008c5c                _lseek_r
 .text          0x20008c88       0x2c c:/actel/libero_v9.1/softconsole/sourcery-g++/bin/../lib/gcc/arm-none-eabi/4.4.1/../../../../arm-none-eabi/lib/thumb2\libc.a(lib_a-readr.o)
                0x20008c88                _read_r
 *fill*         0x20008cb4        0x4 00
 .text          0x20008cb8      0x278 c:/actel/libero_v9.1/softconsole/sourcery-g++/bin/../lib/gcc/arm-none-eabi/4.4.1/thumb2\libgcc.a(_udivsi3.o)
                0x20008cb8                __aeabi_uidiv
                0x20008cb8                __udivsi3
                0x20008f14                __aeabi_uidivmod
 .text          0x20008f30        0x4 c:/actel/libero_v9.1/softconsole/sourcery-g++/bin/../lib/gcc/arm-none-eabi/4.4.1/thumb2\libgcc.a(_dvmd_tls.o)
                0x20008f30                __aeabi_idiv0
                0x20008f30                __aeabi_ldiv0
 .text          0x20008f34      0x110 c:/actel/libero_v9.1/softconsole/sourcery-g++/bin/../lib/gcc/arm-none-eabi/4.4.1/thumb2\libgcc.a(_arm_cmpdf2.o)
                0x20008f34                __gtdf2
                0x20008f34                __gedf2
                0x20008f3c                __ltdf2
                0x20008f3c                __ledf2
                0x20008f44                __nedf2
                0x20008f44                __eqdf2
                0x20008f44                __cmpdf2
                0x20008fc0                __aeabi_cdrcmple
                0x20008fd0                __aeabi_cdcmpeq
                0x20008fd0                __aeabi_cdcmple
                0x20008fe0                __aeabi_dcmpeq
                0x20008ff4                __aeabi_dcmplt
                0x20009008                __aeabi_dcmple
                0x2000901c                __aeabi_dcmpge
                0x20009030                __aeabi_dcmpgt
 .text          0x20009044       0x50 c:/actel/libero_v9.1/softconsole/sourcery-g++/bin/../lib/gcc/arm-none-eabi/4.4.1/thumb2\libgcc.a(_arm_fixdfsi.o)
                0x20009044                __aeabi_d2iz
                0x20009044                __fixdfsi
 .text          0x20009094       0x2c c:/actel/libero_v9.1/softconsole/sourcery-g++/bin/../lib/gcc/arm-none-eabi/4.4.1/thumb2\libgcc.a(_aeabi_uldivmod.o)
                0x20009094                __aeabi_uldivmod
 .text          0x200090c0       0x58 c:/actel/libero_v9.1/softconsole/sourcery-g++/bin/../lib/gcc/arm-none-eabi/4.4.1/thumb2\libgcc.a(bpabi.o)
                0x200090c0                __gnu_uldivmod_helper
                0x200090ec                __gnu_ldivmod_helper
 .text          0x20009118      0x364 c:/actel/libero_v9.1/softconsole/sourcery-g++/bin/../lib/gcc/arm-none-eabi/4.4.1/thumb2\libgcc.a(_divdi3.o)
                0x20009118                __divdi3
 .text          0x2000947c      0x300 c:/actel/libero_v9.1/softconsole/sourcery-g++/bin/../lib/gcc/arm-none-eabi/4.4.1/thumb2\libgcc.a(_udivdi3.o)
                0x2000947c                __udivdi3
 *(.plt)
 *(.gnu.warning)
 *(.glue_7t)
 .glue_7t       0x00000000        0x0 linker stubs
 *(.glue_7)
 .glue_7        0x00000000        0x0 linker stubs
 *(.vfp11_veneer)
 .vfp11_veneer  0x00000000        0x0 linker stubs
                0x2000977c                . = ALIGN (0x4)
 *crtbegin.o(.ctors)
 *(EXCLUDE_FILE(*crtend.o) .ctors)
 *(SORT(.ctors.*))
 *crtend.o(.ctors)
 *crtbegin.o(.dtors)
 *(EXCLUDE_FILE(*crtend.o) .dtors)
 *(SORT(.dtors.*))
 *crtend.o(.dtors)
 *(.rodata .rodata.* .gnu.linkonce.r.*)
 .rodata        0x2000977c      0x168 ./main.o
 .rodata        0x200098e4       0x44 ./drivers/Pixy_SPI.o
 .rodata        0x20009928       0x1c C:/Users/rpokeefe/repos/373/ants_master/SoftConsole/ants_master_MSS_MSS_CM3_0/ants_master_MSS_MSS_CM3_0_hw_platform/Debug/CMSIS/startup_gcc/newlib_stubs.o
 .rodata.g_config_reg_lut
                0x20009944       0x80 C:\Users\rpokeefe\repos\373\ants_master\SoftConsole\ants_master_MSS_MSS_CM3_0\ants_master_MSS_MSS_CM3_0_hw_platform\Debug\libants_master_MSS_MSS_CM3_0_hw_platform.a(mss_gpio.o)
 .rodata.g_gpio_irqn_lut
                0x200099c4       0x40 C:\Users\rpokeefe\repos\373\ants_master\SoftConsole\ants_master_MSS_MSS_CM3_0\ants_master_MSS_MSS_CM3_0_hw_platform\Debug\libants_master_MSS_MSS_CM3_0_hw_platform.a(mss_gpio.o)
 .rodata.C.18.2576
                0x20009a04       0x10 C:\Users\rpokeefe\repos\373\ants_master\SoftConsole\ants_master_MSS_MSS_CM3_0\ants_master_MSS_MSS_CM3_0_hw_platform\Debug\libants_master_MSS_MSS_CM3_0_hw_platform.a(system_a2fxxxm3.o)
 .rodata        0x20009a14        0x4 c:/actel/libero_v9.1/softconsole/sourcery-g++/bin/../lib/gcc/arm-none-eabi/4.4.1/../../../../arm-none-eabi/lib/thumb2\libc.a(lib_a-impure.o)
                0x20009a14                _global_impure_ptr
 .rodata.str1.4
                0x20009a18        0x2 c:/actel/libero_v9.1/softconsole/sourcery-g++/bin/../lib/gcc/arm-none-eabi/4.4.1/../../../../arm-none-eabi/lib/thumb2\libc.a(lib_a-impure.o)
                                  0x4 (size before relaxing)
 *fill*         0x20009a1a        0x2 00
 .rodata.str1.4
                0x20009a1c        0x2 c:/actel/libero_v9.1/softconsole/sourcery-g++/bin/../lib/gcc/arm-none-eabi/4.4.1/../../../../arm-none-eabi/lib/thumb2\libc.a(lib_a-puts.o)
                                  0x4 (size before relaxing)
 *fill*         0x20009a1e        0x2 00
 .rodata        0x20009a20       0x20 c:/actel/libero_v9.1/softconsole/sourcery-g++/bin/../lib/gcc/arm-none-eabi/4.4.1/../../../../arm-none-eabi/lib/thumb2\libc.a(lib_a-vfprintf.o)
 .rodata.str1.4
                0x20009a40       0x42 c:/actel/libero_v9.1/softconsole/sourcery-g++/bin/../lib/gcc/arm-none-eabi/4.4.1/../../../../arm-none-eabi/lib/thumb2\libc.a(lib_a-vfprintf.o)
                                 0x44 (size before relaxing)
 *fill*         0x20009a82        0x2 00
 .rodata.str1.4
                0x20009a84       0x10 c:/actel/libero_v9.1/softconsole/sourcery-g++/bin/../lib/gcc/arm-none-eabi/4.4.1/../../../../arm-none-eabi/lib/thumb2\libc.a(lib_a-dtoa.o)
                                 0x14 (size before relaxing)
 .rodata        0x20009a94       0x60 c:/actel/libero_v9.1/softconsole/sourcery-g++/bin/../lib/gcc/arm-none-eabi/4.4.1/../../../../arm-none-eabi/lib/thumb2\libc.a(lib_a-findfp.o)
                0x20009a94                __sf_fake_stdin
                0x20009ab4                __sf_fake_stdout
                0x20009ad4                __sf_fake_stderr
 .rodata        0x20009af4       0x34 c:/actel/libero_v9.1/softconsole/sourcery-g++/bin/../lib/gcc/arm-none-eabi/4.4.1/../../../../arm-none-eabi/lib/thumb2\libc.a(lib_a-locale.o)
 .rodata.str1.4
                0x20009b28       0x10 c:/actel/libero_v9.1/softconsole/sourcery-g++/bin/../lib/gcc/arm-none-eabi/4.4.1/../../../../arm-none-eabi/lib/thumb2\libc.a(lib_a-locale.o)
                                 0x18 (size before relaxing)
 .rodata        0x20009b38      0x128 c:/actel/libero_v9.1/softconsole/sourcery-g++/bin/../lib/gcc/arm-none-eabi/4.4.1/../../../../arm-none-eabi/lib/thumb2\libc.a(lib_a-mprec.o)
                0x20009b38                __mprec_tens
                0x20009c10                __mprec_bigtens
                0x20009c38                __mprec_tinytens
 *(.ARM.extab* .gnu.linkonce.armextab.*)
 *(.gcc_except_table)
 *(.eh_frame_hdr)
 *(.eh_frame)
 *(.init)
 .init          0x20009c60        0x4 c:/actel/libero_v9.1/softconsole/sourcery-g++/bin/../lib/gcc/arm-none-eabi/4.4.1/thumb2/crti.o
                0x20009c60                _init
 .init          0x20009c64        0x8 c:/actel/libero_v9.1/softconsole/sourcery-g++/bin/../lib/gcc/arm-none-eabi/4.4.1/thumb2/crtn.o
 *(.fini)
 .fini          0x20009c6c        0x4 c:/actel/libero_v9.1/softconsole/sourcery-g++/bin/../lib/gcc/arm-none-eabi/4.4.1/thumb2/crti.o
                0x20009c6c                _fini
 .fini          0x20009c70        0x8 c:/actel/libero_v9.1/softconsole/sourcery-g++/bin/../lib/gcc/arm-none-eabi/4.4.1/thumb2/crtn.o
                0x20009c78                PROVIDE (__preinit_array_start, .)
 *(.preinit_array)
                0x20009c78                PROVIDE (__preinit_array_end, .)
                0x20009c78                PROVIDE (__init_array_start, .)
 *(SORT(.init_array.*))
 *(.init_array)
 .init_array    0x20009c78        0x4 c:/actel/libero_v9.1/softconsole/sourcery-g++/bin/../lib/gcc/arm-none-eabi/4.4.1/thumb2/crtbegin.o
                0x20009c7c                PROVIDE (__init_array_end, .)
                0x20009c7c                PROVIDE (__fini_array_start, .)
 *(.fini_array)
 .fini_array    0x20009c7c        0x4 c:/actel/libero_v9.1/softconsole/sourcery-g++/bin/../lib/gcc/arm-none-eabi/4.4.1/thumb2/crtbegin.o
 *(SORT(.fini_array.*))
                0x20009c80                PROVIDE (__fini_array_end, .)
                0x20009c80                __exidx_start = .

.v4_bx          0x20009c80        0x0
 .v4_bx         0x00000000        0x0 linker stubs

.ARM.exidx      0x20009c80        0x8
 *(.ARM.exidx* .gnu.linkonce.armexidx.*)
 .ARM.exidx     0x20009c80        0x8 c:/actel/libero_v9.1/softconsole/sourcery-g++/bin/../lib/gcc/arm-none-eabi/4.4.1/thumb2\libgcc.a(_divdi3.o)
 .ARM.exidx     0x20009c88        0x0 c:/actel/libero_v9.1/softconsole/sourcery-g++/bin/../lib/gcc/arm-none-eabi/4.4.1/thumb2\libgcc.a(_udivdi3.o)
                                  0x8 (size before relaxing)
                0x20009c88                __exidx_end = .
                0x20009c88                _etext = .
                0x20009c88                PROVIDE (__text_end, .)

.data           0x20009c88      0x530
                0x20009c88                __data_load = LOADADDR (.data)
                0x20009c88                _sidata = LOADADDR (.data)
                0x20009c88                __data_start = .
                0x20009c88                _sdata = .
 *(.jcr)
 .jcr           0x20009c88        0x0 c:/actel/libero_v9.1/softconsole/sourcery-g++/bin/../lib/gcc/arm-none-eabi/4.4.1/thumb2/crtbegin.o
 .jcr           0x20009c88        0x4 c:/actel/libero_v9.1/softconsole/sourcery-g++/bin/../lib/gcc/arm-none-eabi/4.4.1/thumb2/crtend.o
 *(.got.plt)
 *(.got)
 *(.shdata)
 *(.data .data.* .gnu.linkonce.d.*)
 .data.y_return_time.4992
                0x20009c8c        0x4 ./main.o
 .data.x_return_time.4991
                0x20009c90        0x4 ./main.o
 .data.current_pw.2228
                0x20009c94        0x4 ./drivers/servo_control.o
 .data.current_pw.2218
                0x20009c98        0x4 ./drivers/servo_control.o
 .data.SystemFrequency
                0x20009c9c        0x4 C:\Users\rpokeefe\repos\373\ants_master\SoftConsole\ants_master_MSS_MSS_CM3_0\ants_master_MSS_MSS_CM3_0_hw_platform\Debug\libants_master_MSS_MSS_CM3_0_hw_platform.a(system_a2fxxxm3.o)
                0x20009c9c                SystemFrequency
 .data.SystemCoreClock
                0x20009ca0        0x4 C:\Users\rpokeefe\repos\373\ants_master\SoftConsole\ants_master_MSS_MSS_CM3_0\ants_master_MSS_MSS_CM3_0_hw_platform\Debug\libants_master_MSS_MSS_CM3_0_hw_platform.a(system_a2fxxxm3.o)
                0x20009ca0                SystemCoreClock
 .data.g_FrequencyPCLK0
                0x20009ca4        0x4 C:\Users\rpokeefe\repos\373\ants_master\SoftConsole\ants_master_MSS_MSS_CM3_0\ants_master_MSS_MSS_CM3_0_hw_platform\Debug\libants_master_MSS_MSS_CM3_0_hw_platform.a(system_a2fxxxm3.o)
                0x20009ca4                g_FrequencyPCLK0
 .data.g_FrequencyPCLK1
                0x20009ca8        0x4 C:\Users\rpokeefe\repos\373\ants_master\SoftConsole\ants_master_MSS_MSS_CM3_0\ants_master_MSS_MSS_CM3_0_hw_platform\Debug\libants_master_MSS_MSS_CM3_0_hw_platform.a(system_a2fxxxm3.o)
                0x20009ca8                g_FrequencyPCLK1
 .data.g_FrequencyACE
                0x20009cac        0x4 C:\Users\rpokeefe\repos\373\ants_master\SoftConsole\ants_master_MSS_MSS_CM3_0\ants_master_MSS_MSS_CM3_0_hw_platform\Debug\libants_master_MSS_MSS_CM3_0_hw_platform.a(system_a2fxxxm3.o)
                0x20009cac                g_FrequencyACE
 .data.g_FrequencyFPGA
                0x20009cb0        0x4 C:\Users\rpokeefe\repos\373\ants_master\SoftConsole\ants_master_MSS_MSS_CM3_0\ants_master_MSS_MSS_CM3_0_hw_platform\Debug\libants_master_MSS_MSS_CM3_0_hw_platform.a(system_a2fxxxm3.o)
                0x20009cb0                g_FrequencyFPGA
 .data          0x20009cb4       0xf4 c:/actel/libero_v9.1/softconsole/sourcery-g++/bin/../lib/gcc/arm-none-eabi/4.4.1/../../../../arm-none-eabi/lib/thumb2\libc.a(lib_a-impure.o)
                0x20009cb4                _impure_ptr
 .data          0x20009da8      0x410 c:/actel/libero_v9.1/softconsole/sourcery-g++/bin/../lib/gcc/arm-none-eabi/4.4.1/../../../../arm-none-eabi/lib/thumb2\libc.a(lib_a-mallocr.o)
                0x20009da8                __malloc_av_
                0x2000a1b0                __malloc_sbrk_base
                0x2000a1b4                __malloc_trim_threshold
                0x2000a1b8                . = ALIGN (0x4)
                0x2000a1b8                _edata = .

.bss            0x2000a1b8      0x200
                0x2000a1b8                __bss_start__ = .
                0x2000a1b8                _sbss = .
 *(.shbss)
 *(.bss .bss.* .gnu.linkonce.b.*)
 .bss           0x2000a1b8        0x1 c:/actel/libero_v9.1/softconsole/sourcery-g++/bin/../lib/gcc/arm-none-eabi/4.4.1/thumb2/crtbegin.o
 .bss.g_live_fire_enabled
                0x2000a1b9        0x1 ./main.o
 *fill*         0x2000a1ba        0x2 00
 .bss.analog_pwm_vals.5064
                0x2000a1bc        0x8 ./main.o
 .bss.in_reload_position.4990
                0x2000a1c4        0x1 ./main.o
 *fill*         0x2000a1c5        0x3 00
 .bss.g_outBuf  0x2000a1c8       0x40 ./drivers/Pixy_SPI.o
 .bss.g_outLen  0x2000a208        0x1 ./drivers/Pixy_SPI.o
 .bss.g_outReadIndex
                0x2000a209        0x1 ./drivers/Pixy_SPI.o
 *fill*         0x2000a20a        0x2 00
 .bss.g_skipStart
                0x2000a20c        0x4 ./drivers/Pixy_SPI.o
 .bss.root      0x2000a210        0x4 ./drivers/timer_t.o
                0x2000a210                root
 .bss.g_clk_hz  0x2000a214        0x4 ./drivers/timer_t.o
 .bss.g_stdio_uart_init_done
                0x2000a218        0x4 C:/Users/rpokeefe/repos/373/ants_master/SoftConsole/ants_master_MSS_MSS_CM3_0/ants_master_MSS_MSS_CM3_0_hw_platform/Debug/CMSIS/startup_gcc/newlib_stubs.o
 .bss.heap_end.3594
                0x2000a21c        0x4 C:/Users/rpokeefe/repos/373/ants_master/SoftConsole/ants_master_MSS_MSS_CM3_0/ants_master_MSS_MSS_CM3_0_hw_platform/Debug/CMSIS/startup_gcc/newlib_stubs.o
 .bss           0x2000a220       0x34 c:/actel/libero_v9.1/softconsole/sourcery-g++/bin/../lib/gcc/arm-none-eabi/4.4.1/../../../../arm-none-eabi/lib/thumb2\libc.a(lib_a-mallocr.o)
                0x2000a220                __malloc_top_pad
                0x2000a224                __malloc_current_mallinfo
                0x2000a24c                __malloc_max_sbrked_mem
                0x2000a250                __malloc_max_total_mem
 *(COMMON)
 COMMON         0x2000a254        0x5 ./drivers/Pixy_SPI.o
                0x2000a254                g_blocks
                0x2000a258                g_blockType
 COMMON         0x2000a259        0x1 ./drivers/timer_t.o
                0x2000a259                delay_timer_lock
 *fill*         0x2000a25a        0x2 00
 COMMON         0x2000a25c       0x50 C:\Users\rpokeefe\repos\373\ants_master\SoftConsole\ants_master_MSS_MSS_CM3_0\ants_master_MSS_MSS_CM3_0_hw_platform\Debug\libants_master_MSS_MSS_CM3_0_hw_platform.a(mss_uart.o)
                0x2000a25c                g_mss_uart1
                0x2000a284                g_mss_uart0
 COMMON         0x2000a2ac      0x108 C:\Users\rpokeefe\repos\373\ants_master\SoftConsole\ants_master_MSS_MSS_CM3_0\ants_master_MSS_MSS_CM3_0_hw_platform\Debug\libants_master_MSS_MSS_CM3_0_hw_platform.a(mss_spi.o)
                0x2000a2ac                g_mss_spi1
                0x2000a330                g_mss_spi0
 COMMON         0x2000a3b4        0x4 c:/actel/libero_v9.1/softconsole/sourcery-g++/bin/../lib/gcc/arm-none-eabi/4.4.1/../../../../arm-none-eabi/lib/thumb2\libc.a(lib_a-reent.o)
                0x2000a3b4                errno
                0x2000a3b8                . = ALIGN (0x8)
                0x2000a3b8                __bss_end__ = .
                0x2000a3b8                _end = .
                0x2000a3b8                __end = _end
                0x2000a3b8                _ebss = .
                0x2000a3b8                PROVIDE (end, .)

.stack          0x2000a3b8     0x3000
                0x2000a3b8                . = ALIGN (0x4)
                0x2000b3b8                . = (. + PROCESS_STACK_SIZE)
 *fill*         0x2000a3b8     0x1000 00
                0x2000b3b8                . = ALIGN (0x4)
                0x2000d3b8                . = (. + MAIN_STACK_SIZE)
 *fill*         0x2000b3b8     0x2000 00
                0x2000d3b8                . = ALIGN (0x4)

.stab
 *(.stab)

.stabstr
 *(.stabstr)

.debug
 *(.debug)

.line
 *(.line)

.debug_srcinfo
 *(.debug_srcinfo)

.debug_sfnames
 *(.debug_sfnames)

.comment        0x00000000      0x306
 .comment       0x00000000       0x2b ./main.o
 .comment       0x0000002b       0x2b ./main_lcd.o
 .comment       0x00000056       0x2b ./drivers/LCD.o
 .comment       0x00000081       0x2b ./drivers/Pixy_SPI.o
 .comment       0x000000ac       0x2b ./drivers/dsensor_driver.o
 .comment       0x000000d7       0x2b ./drivers/n64_driver.o
 .comment       0x00000102       0x2b ./drivers/servo_control.o
 .comment       0x0000012d       0x2b ./drivers/stats_display.o
 .comment       0x00000158       0x2b ./drivers/timer_t.o
 .comment       0x00000183       0x2b C:/Users/rpokeefe/repos/373/ants_master/SoftConsole/ants_master_MSS_MSS_CM3_0/ants_master_MSS_MSS_CM3_0_hw_platform/Debug/CMSIS/startup_gcc/newlib_stubs.o
 .comment       0x000001ae       0x2b C:\Users\rpokeefe\repos\373\ants_master\SoftConsole\ants_master_MSS_MSS_CM3_0\ants_master_MSS_MSS_CM3_0_hw_platform\Debug\libants_master_MSS_MSS_CM3_0_hw_platform.a(mss_uart.o)
 .comment       0x000001d9       0x2b C:\Users\rpokeefe\repos\373\ants_master\SoftConsole\ants_master_MSS_MSS_CM3_0\ants_master_MSS_MSS_CM3_0_hw_platform\Debug\libants_master_MSS_MSS_CM3_0_hw_platform.a(mss_spi.o)
 .comment       0x00000204       0x2b C:\Users\rpokeefe\repos\373\ants_master\SoftConsole\ants_master_MSS_MSS_CM3_0\ants_master_MSS_MSS_CM3_0_hw_platform\Debug\libants_master_MSS_MSS_CM3_0_hw_platform.a(mss_gpio.o)
 .comment       0x0000022f       0x2b C:\Users\rpokeefe\repos\373\ants_master\SoftConsole\ants_master_MSS_MSS_CM3_0\ants_master_MSS_MSS_CM3_0_hw_platform\Debug\libants_master_MSS_MSS_CM3_0_hw_platform.a(mss_ace.o)
 .comment       0x0000025a       0x2b C:\Users\rpokeefe\repos\373\ants_master\SoftConsole\ants_master_MSS_MSS_CM3_0\ants_master_MSS_MSS_CM3_0_hw_platform\Debug\libants_master_MSS_MSS_CM3_0_hw_platform.a(system_a2fxxxm3.o)
 .comment       0x00000285       0x2b C:\Users\rpokeefe\repos\373\ants_master\SoftConsole\ants_master_MSS_MSS_CM3_0\ants_master_MSS_MSS_CM3_0_hw_platform\Debug\libants_master_MSS_MSS_CM3_0_hw_platform.a(ace_config.o)
 .comment       0x000002b0       0x2b C:\Users\rpokeefe\repos\373\ants_master\SoftConsole\ants_master_MSS_MSS_CM3_0\ants_master_MSS_MSS_CM3_0_hw_platform\Debug\libants_master_MSS_MSS_CM3_0_hw_platform.a(ace_convert.o)
 .comment       0x000002db       0x2b C:\Users\rpokeefe\repos\373\ants_master\SoftConsole\ants_master_MSS_MSS_CM3_0\ants_master_MSS_MSS_CM3_0_hw_platform\Debug\libants_master_MSS_MSS_CM3_0_hw_platform.a(ace_flags.o)

.debug_aranges  0x00000000      0x948
 *(.debug_aranges)
 .debug_aranges
                0x00000000       0x80 ./main.o
 .debug_aranges
                0x00000080       0xa8 ./drivers/LCD.o
 .debug_aranges
                0x00000128       0x70 ./drivers/Pixy_SPI.o
 .debug_aranges
                0x00000198       0x28 ./drivers/dsensor_driver.o
 .debug_aranges
                0x000001c0       0x48 ./drivers/n64_driver.o
 .debug_aranges
                0x00000208       0x28 ./drivers/servo_control.o
 .debug_aranges
                0x00000230       0xb0 ./drivers/timer_t.o
 .debug_aranges
                0x000002e0       0xa8 C:/Users/rpokeefe/repos/373/ants_master/SoftConsole/ants_master_MSS_MSS_CM3_0/ants_master_MSS_MSS_CM3_0_hw_platform/Debug/CMSIS/startup_gcc/newlib_stubs.o
 .debug_aranges
                0x00000388       0xd8 C:\Users\rpokeefe\repos\373\ants_master\SoftConsole\ants_master_MSS_MSS_CM3_0\ants_master_MSS_MSS_CM3_0_hw_platform\Debug\libants_master_MSS_MSS_CM3_0_hw_platform.a(mss_uart.o)
 .debug_aranges
                0x00000460       0xe0 C:\Users\rpokeefe\repos\373\ants_master\SoftConsole\ants_master_MSS_MSS_CM3_0\ants_master_MSS_MSS_CM3_0_hw_platform\Debug\libants_master_MSS_MSS_CM3_0_hw_platform.a(mss_spi.o)
 .debug_aranges
                0x00000540       0x60 C:\Users\rpokeefe\repos\373\ants_master\SoftConsole\ants_master_MSS_MSS_CM3_0\ants_master_MSS_MSS_CM3_0_hw_platform\Debug\libants_master_MSS_MSS_CM3_0_hw_platform.a(mss_gpio.o)
 .debug_aranges
                0x000005a0       0xe0 C:\Users\rpokeefe\repos\373\ants_master\SoftConsole\ants_master_MSS_MSS_CM3_0\ants_master_MSS_MSS_CM3_0_hw_platform\Debug\libants_master_MSS_MSS_CM3_0_hw_platform.a(mss_ace.o)
 .debug_aranges
                0x00000680       0x30 C:\Users\rpokeefe\repos\373\ants_master\SoftConsole\ants_master_MSS_MSS_CM3_0\ants_master_MSS_MSS_CM3_0_hw_platform\Debug\libants_master_MSS_MSS_CM3_0_hw_platform.a(system_a2fxxxm3.o)
 .debug_aranges
                0x000006b0       0xb0 C:\Users\rpokeefe\repos\373\ants_master\SoftConsole\ants_master_MSS_MSS_CM3_0\ants_master_MSS_MSS_CM3_0_hw_platform\Debug\libants_master_MSS_MSS_CM3_0_hw_platform.a(ace_convert.o)
 .debug_aranges
                0x00000760      0x1e8 C:\Users\rpokeefe\repos\373\ants_master\SoftConsole\ants_master_MSS_MSS_CM3_0\ants_master_MSS_MSS_CM3_0_hw_platform\Debug\libants_master_MSS_MSS_CM3_0_hw_platform.a(ace_flags.o)

.debug_pubnames
                0x00000000     0x1831
 *(.debug_pubnames)
 .debug_pubnames
                0x00000000      0x146 ./main.o
 .debug_pubnames
                0x00000146      0x148 ./drivers/LCD.o
 .debug_pubnames
                0x0000028e       0xdf ./drivers/Pixy_SPI.o
 .debug_pubnames
                0x0000036d       0x36 ./drivers/dsensor_driver.o
 .debug_pubnames
                0x000003a3       0x8d ./drivers/n64_driver.o
 .debug_pubnames
                0x00000430       0x46 ./drivers/servo_control.o
 .debug_pubnames
                0x00000476      0x10e ./drivers/timer_t.o
 .debug_pubnames
                0x00000584       0xeb C:/Users/rpokeefe/repos/373/ants_master/SoftConsole/ants_master_MSS_MSS_CM3_0/ants_master_MSS_MSS_CM3_0_hw_platform/Debug/CMSIS/startup_gcc/newlib_stubs.o
 .debug_pubnames
                0x0000066f      0x21c C:\Users\rpokeefe\repos\373\ants_master\SoftConsole\ants_master_MSS_MSS_CM3_0\ants_master_MSS_MSS_CM3_0_hw_platform\Debug\libants_master_MSS_MSS_CM3_0_hw_platform.a(mss_uart.o)
 .debug_pubnames
                0x0000088b      0x21a C:\Users\rpokeefe\repos\373\ants_master\SoftConsole\ants_master_MSS_MSS_CM3_0\ants_master_MSS_MSS_CM3_0_hw_platform\Debug\libants_master_MSS_MSS_CM3_0_hw_platform.a(mss_spi.o)
 .debug_pubnames
                0x00000aa5       0xb1 C:\Users\rpokeefe\repos\373\ants_master\SoftConsole\ants_master_MSS_MSS_CM3_0\ants_master_MSS_MSS_CM3_0_hw_platform\Debug\libants_master_MSS_MSS_CM3_0_hw_platform.a(mss_gpio.o)
 .debug_pubnames
                0x00000b56      0x292 C:\Users\rpokeefe\repos\373\ants_master\SoftConsole\ants_master_MSS_MSS_CM3_0\ants_master_MSS_MSS_CM3_0_hw_platform\Debug\libants_master_MSS_MSS_CM3_0_hw_platform.a(mss_ace.o)
 .debug_pubnames
                0x00000de8       0xb4 C:\Users\rpokeefe\repos\373\ants_master\SoftConsole\ants_master_MSS_MSS_CM3_0\ants_master_MSS_MSS_CM3_0_hw_platform\Debug\libants_master_MSS_MSS_CM3_0_hw_platform.a(system_a2fxxxm3.o)
 .debug_pubnames
                0x00000e9c      0x14a C:\Users\rpokeefe\repos\373\ants_master\SoftConsole\ants_master_MSS_MSS_CM3_0\ants_master_MSS_MSS_CM3_0_hw_platform\Debug\libants_master_MSS_MSS_CM3_0_hw_platform.a(ace_config.o)
 .debug_pubnames
                0x00000fe6      0x1ec C:\Users\rpokeefe\repos\373\ants_master\SoftConsole\ants_master_MSS_MSS_CM3_0\ants_master_MSS_MSS_CM3_0_hw_platform\Debug\libants_master_MSS_MSS_CM3_0_hw_platform.a(ace_convert.o)
 .debug_pubnames
                0x000011d2      0x65f C:\Users\rpokeefe\repos\373\ants_master\SoftConsole\ants_master_MSS_MSS_CM3_0\ants_master_MSS_MSS_CM3_0_hw_platform\Debug\libants_master_MSS_MSS_CM3_0_hw_platform.a(ace_flags.o)

.debug_info     0x00000000     0xd638
 *(.debug_info .gnu.linkonce.wi.*)
 .debug_info    0x00000000      0x776 ./main.o
 .debug_info    0x00000776       0x29 ./main_lcd.o
 .debug_info    0x0000079f     0x10da ./drivers/LCD.o
 .debug_info    0x00001879      0xcd5 ./drivers/Pixy_SPI.o
 .debug_info    0x0000254e      0x105 ./drivers/dsensor_driver.o
 .debug_info    0x00002653      0x34d ./drivers/n64_driver.o
 .debug_info    0x000029a0       0xf7 ./drivers/servo_control.o
 .debug_info    0x00002a97       0x29 ./drivers/stats_display.o
 .debug_info    0x00002ac0     0x114e ./drivers/timer_t.o
 .debug_info    0x00003c0e     0x10f0 C:/Users/rpokeefe/repos/373/ants_master/SoftConsole/ants_master_MSS_MSS_CM3_0/ants_master_MSS_MSS_CM3_0_hw_platform/Debug/CMSIS/startup_gcc/newlib_stubs.o
 .debug_info    0x00004cfe     0x15a4 C:\Users\rpokeefe\repos\373\ants_master\SoftConsole\ants_master_MSS_MSS_CM3_0\ants_master_MSS_MSS_CM3_0_hw_platform\Debug\libants_master_MSS_MSS_CM3_0_hw_platform.a(mss_uart.o)
 .debug_info    0x000062a2     0x1472 C:\Users\rpokeefe\repos\373\ants_master\SoftConsole\ants_master_MSS_MSS_CM3_0\ants_master_MSS_MSS_CM3_0_hw_platform\Debug\libants_master_MSS_MSS_CM3_0_hw_platform.a(mss_spi.o)
 .debug_info    0x00007714     0x1114 C:\Users\rpokeefe\repos\373\ants_master\SoftConsole\ants_master_MSS_MSS_CM3_0\ants_master_MSS_MSS_CM3_0_hw_platform\Debug\libants_master_MSS_MSS_CM3_0_hw_platform.a(mss_gpio.o)
 .debug_info    0x00008828     0x1afb C:\Users\rpokeefe\repos\373\ants_master\SoftConsole\ants_master_MSS_MSS_CM3_0\ants_master_MSS_MSS_CM3_0_hw_platform\Debug\libants_master_MSS_MSS_CM3_0_hw_platform.a(mss_ace.o)
 .debug_info    0x0000a323      0x53c C:\Users\rpokeefe\repos\373\ants_master\SoftConsole\ants_master_MSS_MSS_CM3_0\ants_master_MSS_MSS_CM3_0_hw_platform\Debug\libants_master_MSS_MSS_CM3_0_hw_platform.a(system_a2fxxxm3.o)
 .debug_info    0x0000a85f      0x480 C:\Users\rpokeefe\repos\373\ants_master\SoftConsole\ants_master_MSS_MSS_CM3_0\ants_master_MSS_MSS_CM3_0_hw_platform\Debug\libants_master_MSS_MSS_CM3_0_hw_platform.a(ace_config.o)
 .debug_info    0x0000acdf     0x1aa2 C:\Users\rpokeefe\repos\373\ants_master\SoftConsole\ants_master_MSS_MSS_CM3_0\ants_master_MSS_MSS_CM3_0_hw_platform\Debug\libants_master_MSS_MSS_CM3_0_hw_platform.a(ace_convert.o)
 .debug_info    0x0000c781      0xeb7 C:\Users\rpokeefe\repos\373\ants_master\SoftConsole\ants_master_MSS_MSS_CM3_0\ants_master_MSS_MSS_CM3_0_hw_platform\Debug\libants_master_MSS_MSS_CM3_0_hw_platform.a(ace_flags.o)

.debug_abbrev   0x00000000     0x18bb
 *(.debug_abbrev)
 .debug_abbrev  0x00000000      0x1c1 ./main.o
 .debug_abbrev  0x000001c1       0x16 ./main_lcd.o
 .debug_abbrev  0x000001d7      0x1e1 ./drivers/LCD.o
 .debug_abbrev  0x000003b8      0x1f2 ./drivers/Pixy_SPI.o
 .debug_abbrev  0x000005aa       0x8d ./drivers/dsensor_driver.o
 .debug_abbrev  0x00000637      0x10c ./drivers/n64_driver.o
 .debug_abbrev  0x00000743       0x8e ./drivers/servo_control.o
 .debug_abbrev  0x000007d1       0x16 ./drivers/stats_display.o
 .debug_abbrev  0x000007e7      0x211 ./drivers/timer_t.o
 .debug_abbrev  0x000009f8      0x1f4 C:/Users/rpokeefe/repos/373/ants_master/SoftConsole/ants_master_MSS_MSS_CM3_0/ants_master_MSS_MSS_CM3_0_hw_platform/Debug/CMSIS/startup_gcc/newlib_stubs.o
 .debug_abbrev  0x00000bec      0x245 C:\Users\rpokeefe\repos\373\ants_master\SoftConsole\ants_master_MSS_MSS_CM3_0\ants_master_MSS_MSS_CM3_0_hw_platform\Debug\libants_master_MSS_MSS_CM3_0_hw_platform.a(mss_uart.o)
 .debug_abbrev  0x00000e31      0x219 C:\Users\rpokeefe\repos\373\ants_master\SoftConsole\ants_master_MSS_MSS_CM3_0\ants_master_MSS_MSS_CM3_0_hw_platform\Debug\libants_master_MSS_MSS_CM3_0_hw_platform.a(mss_spi.o)
 .debug_abbrev  0x0000104a      0x181 C:\Users\rpokeefe\repos\373\ants_master\SoftConsole\ants_master_MSS_MSS_CM3_0\ants_master_MSS_MSS_CM3_0_hw_platform\Debug\libants_master_MSS_MSS_CM3_0_hw_platform.a(mss_gpio.o)
 .debug_abbrev  0x000011cb      0x225 C:\Users\rpokeefe\repos\373\ants_master\SoftConsole\ants_master_MSS_MSS_CM3_0\ants_master_MSS_MSS_CM3_0_hw_platform\Debug\libants_master_MSS_MSS_CM3_0_hw_platform.a(mss_ace.o)
 .debug_abbrev  0x000013f0      0x111 C:\Users\rpokeefe\repos\373\ants_master\SoftConsole\ants_master_MSS_MSS_CM3_0\ants_master_MSS_MSS_CM3_0_hw_platform\Debug\libants_master_MSS_MSS_CM3_0_hw_platform.a(system_a2fxxxm3.o)
 .debug_abbrev  0x00001501       0xbd C:\Users\rpokeefe\repos\373\ants_master\SoftConsole\ants_master_MSS_MSS_CM3_0\ants_master_MSS_MSS_CM3_0_hw_platform\Debug\libants_master_MSS_MSS_CM3_0_hw_platform.a(ace_config.o)
 .debug_abbrev  0x000015be      0x191 C:\Users\rpokeefe\repos\373\ants_master\SoftConsole\ants_master_MSS_MSS_CM3_0\ants_master_MSS_MSS_CM3_0_hw_platform\Debug\libants_master_MSS_MSS_CM3_0_hw_platform.a(ace_convert.o)
 .debug_abbrev  0x0000174f      0x16c C:\Users\rpokeefe\repos\373\ants_master\SoftConsole\ants_master_MSS_MSS_CM3_0\ants_master_MSS_MSS_CM3_0_hw_platform\Debug\libants_master_MSS_MSS_CM3_0_hw_platform.a(ace_flags.o)

.debug_line     0x00000000     0x5076
 *(.debug_line)
 .debug_line    0x00000000      0xad4 ./main.o
 .debug_line    0x00000ad4       0x2e ./main_lcd.o
 .debug_line    0x00000b02      0x40b ./drivers/LCD.o
 .debug_line    0x00000f0d      0x597 ./drivers/Pixy_SPI.o
 .debug_line    0x000014a4      0x310 ./drivers/dsensor_driver.o
 .debug_line    0x000017b4      0x39a ./drivers/n64_driver.o
 .debug_line    0x00001b4e      0x30e ./drivers/servo_control.o
 .debug_line    0x00001e5c       0x3b ./drivers/stats_display.o
 .debug_line    0x00001e97      0x61e ./drivers/timer_t.o
 .debug_line    0x000024b5      0x515 C:/Users/rpokeefe/repos/373/ants_master/SoftConsole/ants_master_MSS_MSS_CM3_0/ants_master_MSS_MSS_CM3_0_hw_platform/Debug/CMSIS/startup_gcc/newlib_stubs.o
 .debug_line    0x000029ca      0x581 C:\Users\rpokeefe\repos\373\ants_master\SoftConsole\ants_master_MSS_MSS_CM3_0\ants_master_MSS_MSS_CM3_0_hw_platform\Debug\libants_master_MSS_MSS_CM3_0_hw_platform.a(mss_uart.o)
 .debug_line    0x00002f4b      0x70a C:\Users\rpokeefe\repos\373\ants_master\SoftConsole\ants_master_MSS_MSS_CM3_0\ants_master_MSS_MSS_CM3_0_hw_platform\Debug\libants_master_MSS_MSS_CM3_0_hw_platform.a(mss_spi.o)
 .debug_line    0x00003655      0x32f C:\Users\rpokeefe\repos\373\ants_master\SoftConsole\ants_master_MSS_MSS_CM3_0\ants_master_MSS_MSS_CM3_0_hw_platform\Debug\libants_master_MSS_MSS_CM3_0_hw_platform.a(mss_gpio.o)
 .debug_line    0x00003984      0x605 C:\Users\rpokeefe\repos\373\ants_master\SoftConsole\ants_master_MSS_MSS_CM3_0\ants_master_MSS_MSS_CM3_0_hw_platform\Debug\libants_master_MSS_MSS_CM3_0_hw_platform.a(mss_ace.o)
 .debug_line    0x00003f89      0x284 C:\Users\rpokeefe\repos\373\ants_master\SoftConsole\ants_master_MSS_MSS_CM3_0\ants_master_MSS_MSS_CM3_0_hw_platform\Debug\libants_master_MSS_MSS_CM3_0_hw_platform.a(system_a2fxxxm3.o)
 .debug_line    0x0000420d      0x1ac C:\Users\rpokeefe\repos\373\ants_master\SoftConsole\ants_master_MSS_MSS_CM3_0\ants_master_MSS_MSS_CM3_0_hw_platform\Debug\libants_master_MSS_MSS_CM3_0_hw_platform.a(ace_config.o)
 .debug_line    0x000043b9      0x4de C:\Users\rpokeefe\repos\373\ants_master\SoftConsole\ants_master_MSS_MSS_CM3_0\ants_master_MSS_MSS_CM3_0_hw_platform\Debug\libants_master_MSS_MSS_CM3_0_hw_platform.a(ace_convert.o)
 .debug_line    0x00004897      0x7df C:\Users\rpokeefe\repos\373\ants_master\SoftConsole\ants_master_MSS_MSS_CM3_0\ants_master_MSS_MSS_CM3_0_hw_platform\Debug\libants_master_MSS_MSS_CM3_0_hw_platform.a(ace_flags.o)

.debug_frame    0x00000000     0x2b74
 *(.debug_frame)
 .debug_frame   0x00000000      0x19c ./main.o
 .debug_frame   0x0000019c      0x244 ./drivers/LCD.o
 .debug_frame   0x000003e0      0x168 ./drivers/Pixy_SPI.o
 .debug_frame   0x00000548       0x50 ./drivers/dsensor_driver.o
 .debug_frame   0x00000598       0xd0 ./drivers/n64_driver.o
 .debug_frame   0x00000668       0x48 ./drivers/servo_control.o
 .debug_frame   0x000006b0      0x238 ./drivers/timer_t.o
 .debug_frame   0x000008e8      0x220 C:/Users/rpokeefe/repos/373/ants_master/SoftConsole/ants_master_MSS_MSS_CM3_0/ants_master_MSS_MSS_CM3_0_hw_platform/Debug/CMSIS/startup_gcc/newlib_stubs.o
 .debug_frame   0x00000b08      0x2e4 C:\Users\rpokeefe\repos\373\ants_master\SoftConsole\ants_master_MSS_MSS_CM3_0\ants_master_MSS_MSS_CM3_0_hw_platform\Debug\libants_master_MSS_MSS_CM3_0_hw_platform.a(mss_uart.o)
 .debug_frame   0x00000dec      0x320 C:\Users\rpokeefe\repos\373\ants_master\SoftConsole\ants_master_MSS_MSS_CM3_0\ants_master_MSS_MSS_CM3_0_hw_platform\Debug\libants_master_MSS_MSS_CM3_0_hw_platform.a(mss_spi.o)
 .debug_frame   0x0000110c      0x118 C:\Users\rpokeefe\repos\373\ants_master\SoftConsole\ants_master_MSS_MSS_CM3_0\ants_master_MSS_MSS_CM3_0_hw_platform\Debug\libants_master_MSS_MSS_CM3_0_hw_platform.a(mss_gpio.o)
 .debug_frame   0x00001224      0x2cc C:\Users\rpokeefe\repos\373\ants_master\SoftConsole\ants_master_MSS_MSS_CM3_0\ants_master_MSS_MSS_CM3_0_hw_platform\Debug\libants_master_MSS_MSS_CM3_0_hw_platform.a(mss_ace.o)
 .debug_frame   0x000014f0       0x64 C:\Users\rpokeefe\repos\373\ants_master\SoftConsole\ants_master_MSS_MSS_CM3_0\ants_master_MSS_MSS_CM3_0_hw_platform\Debug\libants_master_MSS_MSS_CM3_0_hw_platform.a(system_a2fxxxm3.o)
 .debug_frame   0x00001554      0x24c C:\Users\rpokeefe\repos\373\ants_master\SoftConsole\ants_master_MSS_MSS_CM3_0\ants_master_MSS_MSS_CM3_0_hw_platform\Debug\libants_master_MSS_MSS_CM3_0_hw_platform.a(ace_convert.o)
 .debug_frame   0x000017a0      0x764 C:\Users\rpokeefe\repos\373\ants_master\SoftConsole\ants_master_MSS_MSS_CM3_0\ants_master_MSS_MSS_CM3_0_hw_platform\Debug\libants_master_MSS_MSS_CM3_0_hw_platform.a(ace_flags.o)
 .debug_frame   0x00001f04       0x20 c:/actel/libero_v9.1/softconsole/sourcery-g++/bin/../lib/gcc/arm-none-eabi/4.4.1/../../../../arm-none-eabi/lib/thumb2\libc.a(lib_a-errno.o)
 .debug_frame   0x00001f24       0x2c c:/actel/libero_v9.1/softconsole/sourcery-g++/bin/../lib/gcc/arm-none-eabi/4.4.1/../../../../arm-none-eabi/lib/thumb2\libc.a(lib_a-init.o)
 .debug_frame   0x00001f50       0x30 c:/actel/libero_v9.1/softconsole/sourcery-g++/bin/../lib/gcc/arm-none-eabi/4.4.1/../../../../arm-none-eabi/lib/thumb2\libc.a(lib_a-malloc.o)
 .debug_frame   0x00001f80       0x3c c:/actel/libero_v9.1/softconsole/sourcery-g++/bin/../lib/gcc/arm-none-eabi/4.4.1/../../../../arm-none-eabi/lib/thumb2\libc.a(lib_a-mallocr.o)
 .debug_frame   0x00001fbc       0x34 c:/actel/libero_v9.1/softconsole/sourcery-g++/bin/../lib/gcc/arm-none-eabi/4.4.1/../../../../arm-none-eabi/lib/thumb2\libc.a(lib_a-memcpy.o)
 .debug_frame   0x00001ff0       0x28 c:/actel/libero_v9.1/softconsole/sourcery-g++/bin/../lib/gcc/arm-none-eabi/4.4.1/../../../../arm-none-eabi/lib/thumb2\libc.a(lib_a-memset.o)
 .debug_frame   0x00002018       0x30 c:/actel/libero_v9.1/softconsole/sourcery-g++/bin/../lib/gcc/arm-none-eabi/4.4.1/../../../../arm-none-eabi/lib/thumb2\libc.a(lib_a-mlock.o)
 .debug_frame   0x00002048       0x5c c:/actel/libero_v9.1/softconsole/sourcery-g++/bin/../lib/gcc/arm-none-eabi/4.4.1/../../../../arm-none-eabi/lib/thumb2\libc.a(lib_a-printf.o)
 .debug_frame   0x000020a4       0x40 c:/actel/libero_v9.1/softconsole/sourcery-g++/bin/../lib/gcc/arm-none-eabi/4.4.1/../../../../arm-none-eabi/lib/thumb2\libc.a(lib_a-puts.o)
 .debug_frame   0x000020e4       0x2c c:/actel/libero_v9.1/softconsole/sourcery-g++/bin/../lib/gcc/arm-none-eabi/4.4.1/../../../../arm-none-eabi/lib/thumb2\libc.a(lib_a-sbrkr.o)
 .debug_frame   0x00002110       0x20 c:/actel/libero_v9.1/softconsole/sourcery-g++/bin/../lib/gcc/arm-none-eabi/4.4.1/../../../../arm-none-eabi/lib/thumb2\libc.a(lib_a-strlen.o)
 .debug_frame   0x00002130       0x28 c:/actel/libero_v9.1/softconsole/sourcery-g++/bin/../lib/gcc/arm-none-eabi/4.4.1/../../../../arm-none-eabi/lib/thumb2\libc.a(lib_a-strncmp.o)
 .debug_frame   0x00002158       0x70 c:/actel/libero_v9.1/softconsole/sourcery-g++/bin/../lib/gcc/arm-none-eabi/4.4.1/../../../../arm-none-eabi/lib/thumb2\libc.a(lib_a-vfprintf.o)
 .debug_frame   0x000021c8       0x2c c:/actel/libero_v9.1/softconsole/sourcery-g++/bin/../lib/gcc/arm-none-eabi/4.4.1/../../../../arm-none-eabi/lib/thumb2\libc.a(lib_a-wsetup.o)
 .debug_frame   0x000021f4       0x64 c:/actel/libero_v9.1/softconsole/sourcery-g++/bin/../lib/gcc/arm-none-eabi/4.4.1/../../../../arm-none-eabi/lib/thumb2\libc.a(lib_a-dtoa.o)
 .debug_frame   0x00002258       0x40 c:/actel/libero_v9.1/softconsole/sourcery-g++/bin/../lib/gcc/arm-none-eabi/4.4.1/../../../../arm-none-eabi/lib/thumb2\libc.a(lib_a-fflush.o)
 .debug_frame   0x00002298      0x11c c:/actel/libero_v9.1/softconsole/sourcery-g++/bin/../lib/gcc/arm-none-eabi/4.4.1/../../../../arm-none-eabi/lib/thumb2\libc.a(lib_a-findfp.o)
 .debug_frame   0x000023b4       0x50 c:/actel/libero_v9.1/softconsole/sourcery-g++/bin/../lib/gcc/arm-none-eabi/4.4.1/../../../../arm-none-eabi/lib/thumb2\libc.a(lib_a-freer.o)
 .debug_frame   0x00002404       0x3c c:/actel/libero_v9.1/softconsole/sourcery-g++/bin/../lib/gcc/arm-none-eabi/4.4.1/../../../../arm-none-eabi/lib/thumb2\libc.a(lib_a-fvwrite.o)
 .debug_frame   0x00002440       0x54 c:/actel/libero_v9.1/softconsole/sourcery-g++/bin/../lib/gcc/arm-none-eabi/4.4.1/../../../../arm-none-eabi/lib/thumb2\libc.a(lib_a-fwalk.o)
 .debug_frame   0x00002494       0x6c c:/actel/libero_v9.1/softconsole/sourcery-g++/bin/../lib/gcc/arm-none-eabi/4.4.1/../../../../arm-none-eabi/lib/thumb2\libc.a(lib_a-locale.o)
 .debug_frame   0x00002500       0x34 c:/actel/libero_v9.1/softconsole/sourcery-g++/bin/../lib/gcc/arm-none-eabi/4.4.1/../../../../arm-none-eabi/lib/thumb2\libc.a(lib_a-makebuf.o)
 .debug_frame   0x00002534       0x28 c:/actel/libero_v9.1/softconsole/sourcery-g++/bin/../lib/gcc/arm-none-eabi/4.4.1/../../../../arm-none-eabi/lib/thumb2\libc.a(lib_a-memchr.o)
 .debug_frame   0x0000255c       0x2c c:/actel/libero_v9.1/softconsole/sourcery-g++/bin/../lib/gcc/arm-none-eabi/4.4.1/../../../../arm-none-eabi/lib/thumb2\libc.a(lib_a-memmove.o)
 .debug_frame   0x00002588      0x240 c:/actel/libero_v9.1/softconsole/sourcery-g++/bin/../lib/gcc/arm-none-eabi/4.4.1/../../../../arm-none-eabi/lib/thumb2\libc.a(lib_a-mprec.o)
 .debug_frame   0x000027c8       0x3c c:/actel/libero_v9.1/softconsole/sourcery-g++/bin/../lib/gcc/arm-none-eabi/4.4.1/../../../../arm-none-eabi/lib/thumb2\libc.a(lib_a-reallocr.o)
 .debug_frame   0x00002804       0x64 c:/actel/libero_v9.1/softconsole/sourcery-g++/bin/../lib/gcc/arm-none-eabi/4.4.1/../../../../arm-none-eabi/lib/thumb2\libc.a(lib_a-reent.o)
 .debug_frame   0x00002868       0x20 c:/actel/libero_v9.1/softconsole/sourcery-g++/bin/../lib/gcc/arm-none-eabi/4.4.1/../../../../arm-none-eabi/lib/thumb2\libc.a(lib_a-s_isinfd.o)
 .debug_frame   0x00002888       0x20 c:/actel/libero_v9.1/softconsole/sourcery-g++/bin/../lib/gcc/arm-none-eabi/4.4.1/../../../../arm-none-eabi/lib/thumb2\libc.a(lib_a-s_isnand.o)
 .debug_frame   0x000028a8       0x70 c:/actel/libero_v9.1/softconsole/sourcery-g++/bin/../lib/gcc/arm-none-eabi/4.4.1/../../../../arm-none-eabi/lib/thumb2\libc.a(lib_a-stdio.o)
 .debug_frame   0x00002918       0x30 c:/actel/libero_v9.1/softconsole/sourcery-g++/bin/../lib/gcc/arm-none-eabi/4.4.1/../../../../arm-none-eabi/lib/thumb2\libc.a(lib_a-strcmp.o)
 .debug_frame   0x00002948       0x2c c:/actel/libero_v9.1/softconsole/sourcery-g++/bin/../lib/gcc/arm-none-eabi/4.4.1/../../../../arm-none-eabi/lib/thumb2\libc.a(lib_a-callocr.o)
 .debug_frame   0x00002974       0x2c c:/actel/libero_v9.1/softconsole/sourcery-g++/bin/../lib/gcc/arm-none-eabi/4.4.1/../../../../arm-none-eabi/lib/thumb2\libc.a(lib_a-closer.o)
 .debug_frame   0x000029a0       0x3c c:/actel/libero_v9.1/softconsole/sourcery-g++/bin/../lib/gcc/arm-none-eabi/4.4.1/../../../../arm-none-eabi/lib/thumb2\libc.a(lib_a-fclose.o)
 .debug_frame   0x000029dc       0x2c c:/actel/libero_v9.1/softconsole/sourcery-g++/bin/../lib/gcc/arm-none-eabi/4.4.1/../../../../arm-none-eabi/lib/thumb2\libc.a(lib_a-fstatr.o)
 .debug_frame   0x00002a08       0x2c c:/actel/libero_v9.1/softconsole/sourcery-g++/bin/../lib/gcc/arm-none-eabi/4.4.1/../../../../arm-none-eabi/lib/thumb2\libc.a(lib_a-isattyr.o)
 .debug_frame   0x00002a34       0x2c c:/actel/libero_v9.1/softconsole/sourcery-g++/bin/../lib/gcc/arm-none-eabi/4.4.1/../../../../arm-none-eabi/lib/thumb2\libc.a(lib_a-lseekr.o)
 .debug_frame   0x00002a60       0x2c c:/actel/libero_v9.1/softconsole/sourcery-g++/bin/../lib/gcc/arm-none-eabi/4.4.1/../../../../arm-none-eabi/lib/thumb2\libc.a(lib_a-readr.o)
 .debug_frame   0x00002a8c       0x20 c:/actel/libero_v9.1/softconsole/sourcery-g++/bin/../lib/gcc/arm-none-eabi/4.4.1/thumb2\libgcc.a(_udivsi3.o)
 .debug_frame   0x00002aac       0x50 c:/actel/libero_v9.1/softconsole/sourcery-g++/bin/../lib/gcc/arm-none-eabi/4.4.1/thumb2\libgcc.a(bpabi.o)
 .debug_frame   0x00002afc       0x3c c:/actel/libero_v9.1/softconsole/sourcery-g++/bin/../lib/gcc/arm-none-eabi/4.4.1/thumb2\libgcc.a(_divdi3.o)
 .debug_frame   0x00002b38       0x3c c:/actel/libero_v9.1/softconsole/sourcery-g++/bin/../lib/gcc/arm-none-eabi/4.4.1/thumb2\libgcc.a(_udivdi3.o)

.debug_str      0x00000000     0x4a03
 *(.debug_str)
 .debug_str     0x00000000      0x55a ./main.o
                                0x5de (size before relaxing)
 .debug_str     0x0000055a        0xe ./main_lcd.o
                                 0x8c (size before relaxing)
 .debug_str     0x00000568      0xe57 ./drivers/LCD.o
                                0xfc3 (size before relaxing)
 .debug_str     0x000013bf      0x5a3 ./drivers/Pixy_SPI.o
                               0x11de (size before relaxing)
 .debug_str     0x00001962       0x4d ./drivers/dsensor_driver.o
                                0x166 (size before relaxing)
 .debug_str     0x000019af       0x92 ./drivers/n64_driver.o
                                0x242 (size before relaxing)
 .debug_str     0x00001a41       0x59 ./drivers/servo_control.o
                                0x169 (size before relaxing)
 .debug_str     0x00001a9a       0x1b ./drivers/stats_display.o
                                 0x99 (size before relaxing)
 .debug_str     0x00001ab5      0x64b ./drivers/timer_t.o
                               0x1257 (size before relaxing)
 .debug_str     0x00002100      0x26e C:/Users/rpokeefe/repos/373/ants_master/SoftConsole/ants_master_MSS_MSS_CM3_0/ants_master_MSS_MSS_CM3_0_hw_platform/Debug/CMSIS/startup_gcc/newlib_stubs.o
                               0x10ba (size before relaxing)
 .debug_str     0x0000236e      0x3a9 C:\Users\rpokeefe\repos\373\ants_master\SoftConsole\ants_master_MSS_MSS_CM3_0\ants_master_MSS_MSS_CM3_0_hw_platform\Debug\libants_master_MSS_MSS_CM3_0_hw_platform.a(mss_uart.o)
                               0x14cb (size before relaxing)
 .debug_str     0x00002717      0x351 C:\Users\rpokeefe\repos\373\ants_master\SoftConsole\ants_master_MSS_MSS_CM3_0\ants_master_MSS_MSS_CM3_0_hw_platform\Debug\libants_master_MSS_MSS_CM3_0_hw_platform.a(mss_spi.o)
                               0x16dc (size before relaxing)
 .debug_str     0x00002a68      0x2df C:\Users\rpokeefe\repos\373\ants_master\SoftConsole\ants_master_MSS_MSS_CM3_0\ants_master_MSS_MSS_CM3_0_hw_platform\Debug\libants_master_MSS_MSS_CM3_0_hw_platform.a(mss_gpio.o)
                               0x12a3 (size before relaxing)
 .debug_str     0x00002d47     0x1023 C:\Users\rpokeefe\repos\373\ants_master\SoftConsole\ants_master_MSS_MSS_CM3_0\ants_master_MSS_MSS_CM3_0_hw_platform\Debug\libants_master_MSS_MSS_CM3_0_hw_platform.a(mss_ace.o)
                               0x12e9 (size before relaxing)
 .debug_str     0x00003d6a       0xf7 C:\Users\rpokeefe\repos\373\ants_master\SoftConsole\ants_master_MSS_MSS_CM3_0\ants_master_MSS_MSS_CM3_0_hw_platform\Debug\libants_master_MSS_MSS_CM3_0_hw_platform.a(system_a2fxxxm3.o)
                                0x46e (size before relaxing)
 .debug_str     0x00003e61      0x1ec C:\Users\rpokeefe\repos\373\ants_master\SoftConsole\ants_master_MSS_MSS_CM3_0\ants_master_MSS_MSS_CM3_0_hw_platform\Debug\libants_master_MSS_MSS_CM3_0_hw_platform.a(ace_config.o)
                                0x454 (size before relaxing)
 .debug_str     0x0000404d      0x32c C:\Users\rpokeefe\repos\373\ants_master\SoftConsole\ants_master_MSS_MSS_CM3_0\ants_master_MSS_MSS_CM3_0_hw_platform\Debug\libants_master_MSS_MSS_CM3_0_hw_platform.a(ace_convert.o)
                                0xfbb (size before relaxing)
 .debug_str     0x00004379      0x68a C:\Users\rpokeefe\repos\373\ants_master\SoftConsole\ants_master_MSS_MSS_CM3_0\ants_master_MSS_MSS_CM3_0_hw_platform\Debug\libants_master_MSS_MSS_CM3_0_hw_platform.a(ace_flags.o)
                               0x1309 (size before relaxing)

.debug_loc      0x00000000     0x3393
 *(.debug_loc)
 .debug_loc     0x00000000      0x28f ./main.o
 .debug_loc     0x0000028f      0x3c6 ./drivers/LCD.o
 .debug_loc     0x00000655      0x251 ./drivers/Pixy_SPI.o
 .debug_loc     0x000008a6       0x6e ./drivers/dsensor_driver.o
 .debug_loc     0x00000914      0x14b ./drivers/n64_driver.o
 .debug_loc     0x00000a5f       0x6e ./drivers/servo_control.o
 .debug_loc     0x00000acd      0x3e5 ./drivers/timer_t.o
 .debug_loc     0x00000eb2      0x3c6 C:/Users/rpokeefe/repos/373/ants_master/SoftConsole/ants_master_MSS_MSS_CM3_0/ants_master_MSS_MSS_CM3_0_hw_platform/Debug/CMSIS/startup_gcc/newlib_stubs.o
 .debug_loc     0x00001278      0x510 C:\Users\rpokeefe\repos\373\ants_master\SoftConsole\ants_master_MSS_MSS_CM3_0\ants_master_MSS_MSS_CM3_0_hw_platform\Debug\libants_master_MSS_MSS_CM3_0_hw_platform.a(mss_uart.o)
 .debug_loc     0x00001788      0x549 C:\Users\rpokeefe\repos\373\ants_master\SoftConsole\ants_master_MSS_MSS_CM3_0\ants_master_MSS_MSS_CM3_0_hw_platform\Debug\libants_master_MSS_MSS_CM3_0_hw_platform.a(mss_spi.o)
 .debug_loc     0x00001cd1      0x1ef C:\Users\rpokeefe\repos\373\ants_master\SoftConsole\ants_master_MSS_MSS_CM3_0\ants_master_MSS_MSS_CM3_0_hw_platform\Debug\libants_master_MSS_MSS_CM3_0_hw_platform.a(mss_gpio.o)
 .debug_loc     0x00001ec0      0x53b C:\Users\rpokeefe\repos\373\ants_master\SoftConsole\ants_master_MSS_MSS_CM3_0\ants_master_MSS_MSS_CM3_0_hw_platform\Debug\libants_master_MSS_MSS_CM3_0_hw_platform.a(mss_ace.o)