Archive member included because of file (symbol)

C:\Users\rpokeefe\repos\373\ants_master\SoftConsole\ants_master_MSS_MSS_CM3_0\ants_master_MSS_MSS_CM3_0_hw_platform\Debug\libants_master_MSS_MSS_CM3_0_hw_platform.a(mss_uart.o)
                              C:/Users/rpokeefe/repos/373/ants_master/SoftConsole/ants_master_MSS_MSS_CM3_0/ants_master_MSS_MSS_CM3_0_hw_platform/Debug/CMSIS/startup_gcc/newlib_stubs.o (g_mss_uart0)
C:\Users\rpokeefe\repos\373\ants_master\SoftConsole\ants_master_MSS_MSS_CM3_0\ants_master_MSS_MSS_CM3_0_hw_platform\Debug\libants_master_MSS_MSS_CM3_0_hw_platform.a(mss_spi.o)
                              ./drivers/Pixy_SPI.o (g_mss_spi1)
C:\Users\rpokeefe\repos\373\ants_master\SoftConsole\ants_master_MSS_MSS_CM3_0\ants_master_MSS_MSS_CM3_0_hw_platform\Debug\libants_master_MSS_MSS_CM3_0_hw_platform.a(mss_gpio.o)
                              ./main.o (MSS_GPIO_init)
C:\Users\rpokeefe\repos\373\ants_master\SoftConsole\ants_master_MSS_MSS_CM3_0\ants_master_MSS_MSS_CM3_0_hw_platform\Debug\libants_master_MSS_MSS_CM3_0_hw_platform.a(mss_ace.o)
                              ./main.o (ACE_init)
C:\Users\rpokeefe\repos\373\ants_master\SoftConsole\ants_master_MSS_MSS_CM3_0\ants_master_MSS_MSS_CM3_0_hw_platform\Debug\libants_master_MSS_MSS_CM3_0_hw_platform.a(system_a2fxxxm3.o)
                              C:\Users\rpokeefe\repos\373\ants_master\SoftConsole\ants_master_MSS_MSS_CM3_0\ants_master_MSS_MSS_CM3_0_hw_platform\Debug\libants_master_MSS_MSS_CM3_0_hw_platform.a(mss_uart.o) (g_FrequencyPCLK0)
C:\Users\rpokeefe\repos\373\ants_master\SoftConsole\ants_master_MSS_MSS_CM3_0\ants_master_MSS_MSS_CM3_0_hw_platform\Debug\libants_master_MSS_MSS_CM3_0_hw_platform.a(ace_config.o)
                              C:\Users\rpokeefe\repos\373\ants_master\SoftConsole\ants_master_MSS_MSS_CM3_0\ants_master_MSS_MSS_CM3_0_hw_platform\Debug\libants_master_MSS_MSS_CM3_0_hw_platform.a(mss_ace.o) (g_ace_channel_desc_table)
C:\Users\rpokeefe\repos\373\ants_master\SoftConsole\ants_master_MSS_MSS_CM3_0\ants_master_MSS_MSS_CM3_0_hw_platform\Debug\libants_master_MSS_MSS_CM3_0_hw_platform.a(ace_convert.o)
                              C:\Users\rpokeefe\repos\373\ants_master\SoftConsole\ants_master_MSS_MSS_CM3_0\ants_master_MSS_MSS_CM3_0_hw_platform\Debug\libants_master_MSS_MSS_CM3_0_hw_platform.a(mss_ace.o) (ace_init_convert)
C:\Users\rpokeefe\repos\373\ants_master\SoftConsole\ants_master_MSS_MSS_CM3_0\ants_master_MSS_MSS_CM3_0_hw_platform\Debug\libants_master_MSS_MSS_CM3_0_hw_platform.a(ace_flags.o)
                              C:\Users\rpokeefe\repos\373\ants_master\SoftConsole\ants_master_MSS_MSS_CM3_0\ants_master_MSS_MSS_CM3_0_hw_platform\Debug\libants_master_MSS_MSS_CM3_0_hw_platform.a(mss_ace.o) (ace_init_flags)
c:/actel/libero_v9.1/softconsole/sourcery-g++/bin/../lib/gcc/arm-none-eabi/4.4.1/thumb2\libgcc.a(_arm_addsubdf3.o)
                              ./main.o (__aeabi_ui2d)
c:/actel/libero_v9.1/softconsole/sourcery-g++/bin/../lib/gcc/arm-none-eabi/4.4.1/thumb2\libgcc.a(_arm_muldivdf3.o)
                              ./main.o (__aeabi_dmul)
c:/actel/libero_v9.1/softconsole/sourcery-g++/bin/../lib/gcc/arm-none-eabi/4.4.1/thumb2\libgcc.a(_arm_fixunsdfsi.o)
                              ./main.o (__aeabi_d2uiz)
c:/actel/libero_v9.1/softconsole/sourcery-g++/bin/../lib/gcc/arm-none-eabi/4.4.1/thumb2\libgcc.a(_arm_truncdfsf2.o)
                              ./drivers/dsensor_driver.o (__aeabi_d2f)
c:/actel/libero_v9.1/softconsole/sourcery-g++/bin/../lib/gcc/arm-none-eabi/4.4.1/thumb2\libgcc.a(_arm_addsubsf3.o)
                              ./drivers/stats_display.o (__aeabi_ui2f)
c:/actel/libero_v9.1/softconsole/sourcery-g++/bin/../lib/gcc/arm-none-eabi/4.4.1/thumb2\libgcc.a(_arm_muldivsf3.o)
                              ./drivers/stats_display.o (__aeabi_fmul)
c:/actel/libero_v9.1/softconsole/sourcery-g++/bin/../lib/gcc/arm-none-eabi/4.4.1/thumb2\libgcc.a(_arm_fixunssfsi.o)
                              ./drivers/stats_display.o (__aeabi_f2uiz)
c:/actel/libero_v9.1/softconsole/sourcery-g++/bin/../lib/gcc/arm-none-eabi/4.4.1/../../../../arm-none-eabi/lib/thumb2\libc.a(lib_a-errno.o)
                              C:/Users/rpokeefe/repos/373/ants_master/SoftConsole/ants_master_MSS_MSS_CM3_0/ants_master_MSS_MSS_CM3_0_hw_platform/Debug/CMSIS/startup_gcc/newlib_stubs.o (__errno)
c:/actel/libero_v9.1/softconsole/sourcery-g++/bin/../lib/gcc/arm-none-eabi/4.4.1/../../../../arm-none-eabi/lib/thumb2\libc.a(lib_a-impure.o)
                              c:/actel/libero_v9.1/softconsole/sourcery-g++/bin/../lib/gcc/arm-none-eabi/4.4.1/../../../../arm-none-eabi/lib/thumb2\libc.a(lib_a-errno.o) (_impure_ptr)
c:/actel/libero_v9.1/softconsole/sourcery-g++/bin/../lib/gcc/arm-none-eabi/4.4.1/../../../../arm-none-eabi/lib/thumb2\libc.a(lib_a-init.o)
[...]
Memory Configuration

Name             Origin             Length             Attributes
ram              0x20000000         0x00010000         xrw
*default*        0x00000000         0xffffffff

Linker script and memory map

LOAD c:/actel/libero_v9.1/softconsole/sourcery-g++/bin/../lib/gcc/arm-none-eabi/4.4.1/thumb2/crti.o
LOAD c:/actel/libero_v9.1/softconsole/sourcery-g++/bin/../lib/gcc/arm-none-eabi/4.4.1/thumb2/crtbegin.o
LOAD ./main.o
LOAD ./main_lcd.o
LOAD ./drivers/LCD.o
LOAD ./drivers/Pixy_SPI.o
LOAD ./drivers/dsensor_driver.o
LOAD ./drivers/n64_driver.o
LOAD ./drivers/servo_control.o
LOAD ./drivers/stats_display.o
LOAD ./drivers/timer_t.o
LOAD C:/Users/rpokeefe/repos/373/ants_master/SoftConsole/ants_master_MSS_MSS_CM3_0/ants_master_MSS_MSS_CM3_0_hw_platform/Debug/CMSIS/startup_gcc/startup_a2fxxxm3.o
LOAD C:/Users/rpokeefe/repos/373/ants_master/SoftConsole/ants_master_MSS_MSS_CM3_0/ants_master_MSS_MSS_CM3_0_hw_platform/Debug/CMSIS/startup_gcc/newlib_stubs.o
LOAD C:\Users\rpokeefe\repos\373\ants_master\SoftConsole\ants_master_MSS_MSS_CM3_0\ants_master_MSS_MSS_CM3_0_hw_platform\Debug\libants_master_MSS_MSS_CM3_0_hw_platform.a
START GROUP
LOAD c:/actel/libero_v9.1/softconsole/sourcery-g++/bin/../lib/gcc/arm-none-eabi/4.4.1/thumb2\libgcc.a
LOAD c:/actel/libero_v9.1/softconsole/sourcery-g++/bin/../lib/gcc/arm-none-eabi/4.4.1/../../../../arm-none-eabi/lib/thumb2\libc.a
END GROUP
LOAD c:/actel/libero_v9.1/softconsole/sourcery-g++/bin/../lib/gcc/arm-none-eabi/4.4.1/thumb2/crtend.o
LOAD c:/actel/libero_v9.1/softconsole/sourcery-g++/bin/../lib/gcc/arm-none-eabi/4.4.1/thumb2/crtn.o
START GROUP
LOAD c:/actel/libero_v9.1/softconsole/sourcery-g++/bin/../lib/gcc/arm-none-eabi/4.4.1/../../../../arm-none-eabi/lib/thumb2\libc.a
LOAD c:/actel/libero_v9.1/softconsole/sourcery-g++/bin/../lib/gcc/arm-none-eabi/4.4.1/thumb2\libgcc.a
LOAD c:/actel/libero_v9.1/softconsole/sourcery-g++/bin/../lib/gcc/arm-none-eabi/4.4.1/../../../../arm-none-eabi/lib/thumb2\libm.a
END GROUP
                0x00000000                __DYNAMIC = 0x0
                0x20000000                RAM_START_ADDRESS = 0x20000000
                0x00010000                RAM_SIZE = 0x10000
                0x00002000                MAIN_STACK_SIZE = 0x2000
                0x00001000                PROCESS_STACK_SIZE = 0x1000
                0x20010000                PROVIDE (__main_stack_start, (RAM_START_ADDRESS + RAM_SIZE))
                0x2000e000                PROVIDE (__process_stack_start, (__main_stack_start - MAIN_STACK_SIZE))
                0x20010000                PROVIDE (_estack, __main_stack_start)
                0x00000000                PROVIDE (__mirrored_nvm, 0x0)

.text           0x20000000     0xbf98
 CREATE_OBJECT_SYMBOLS
                0x20000000                __text_load = LOADADDR (.text)
                0x20000000                __text_start = .
                0x20000000                __vector_table_vma_base_address = .
 *(.isr_vector)
 .isr_vector    0x20000000      0x470 C:/Users/rpokeefe/repos/373/ants_master/SoftConsole/ants_master_MSS_MSS_CM3_0/ants_master_MSS_MSS_CM3_0_hw_platform/Debug/CMSIS/startup_gcc/startup_a2fxxxm3.o
                0x20000000                g_pfnVectors
                0x20000298                Reset_Handler
                0x20000308                NMI_Handler
                0x2000030a                HardFault_Handler
                0x2000030c                MemManage_Handler
                0x2000030e                BusFault_Handler
                0x20000310                UsageFault_Handler
                0x20000312                SVC_Handler
                0x20000314                DebugMon_Handler
                0x20000316                PendSV_Handler
                0x20000318                SysTick_Handler
                0x2000031a                WdogWakeup_IRQHandler
                0x2000031c                BrownOut_1_5V_IRQHandler
                0x2000031e                BrownOut_3_3V_IRQHandler
                0x20000320                RTC_Match_IRQHandler
                0x20000322                RTCIF_Pub_IRQHandler
                0x20000324                EthernetMAC_IRQHandler
                0x20000326                IAP_IRQHandler
                0x20000328                ENVM0_IRQHandler
                0x2000032a                ENVM1_IRQHandler
                0x2000032c                DMA_IRQHandler
                0x20000336                I2C0_IRQHandler
                0x20000338                I2C0_SMBAlert_IRQHandler
                0x2000033a                I2C0_SMBus_IRQHandler
                0x2000033c                I2C1_IRQHandler
                0x2000033e                I2C1_SMBAlert_IRQHandler
                0x20000340                I2C1_SMBus_IRQHandler
                0x20000344                Timer2_IRQHandler
                0x20000346                PLL_Lock_IRQHandler
                0x20000348                PLL_LockLost_IRQHandler
                0x2000034a                CommError_IRQHandler
                0x2000034c                Fabric_IRQHandler
                0x2000034e                GPIO0_IRQHandler
                0x20000350                GPIO1_IRQHandler
                0x20000352                GPIO2_IRQHandler
                0x20000354                GPIO3_IRQHandler
                0x20000356                GPIO4_IRQHandler
                0x20000358                GPIO5_IRQHandler
                0x2000035a                GPIO6_IRQHandler
                0x2000035c                GPIO7_IRQHandler
                0x2000035e                GPIO8_IRQHandler
                0x20000360                GPIO9_IRQHandler
                0x20000362                GPIO10_IRQHandler
                0x20000364                GPIO11_IRQHandler
                0x20000366                GPIO12_IRQHandler
                0x20000368                GPIO13_IRQHandler
                0x2000036a                GPIO14_IRQHandler
                0x2000036c                GPIO15_IRQHandler
                0x2000036e                GPIO16_IRQHandler
                0x20000370                GPIO17_IRQHandler
                0x20000372                GPIO18_IRQHandler
                0x20000374                GPIO19_IRQHandler
                0x20000376                GPIO20_IRQHandler
                0x20000378                GPIO21_IRQHandler
                0x2000037a                GPIO22_IRQHandler
                0x2000037c                GPIO23_IRQHandler
                0x2000037e                GPIO24_IRQHandler
                0x20000380                GPIO25_IRQHandler
                0x20000382                GPIO26_IRQHandler
                0x20000384                GPIO27_IRQHandler
                0x20000386                GPIO28_IRQHandler
                0x20000388                GPIO29_IRQHandler
                0x2000038a                GPIO30_IRQHandler
                0x2000038c                GPIO31_IRQHandler
                0x2000038e                ACE_PC0_Flag0_IRQHandler
                0x20000390                ACE_PC0_Flag1_IRQHandler
                0x20000392                ACE_PC0_Flag2_IRQHandler
                0x20000394                ACE_PC0_Flag3_IRQHandler
                0x20000396                ACE_PC1_Flag0_IRQHandler
                0x20000398                ACE_PC1_Flag1_IRQHandler
                0x2000039a                ACE_PC1_Flag2_IRQHandler
                0x2000039c                ACE_PC1_Flag3_IRQHandler
                0x2000039e                ACE_PC2_Flag0_IRQHandler
                0x200003a0                ACE_PC2_Flag1_IRQHandler
                0x200003a2                ACE_PC2_Flag2_IRQHandler
                0x200003a4                ACE_PC2_Flag3_IRQHandler
                0x200003a6                ACE_ADC0_DataValid_IRQHandler
                0x200003a8                ACE_ADC1_DataValid_IRQHandler
                0x200003aa                ACE_ADC2_DataValid_IRQHandler
                0x200003ac                ACE_ADC0_CalDone_IRQHandler
                0x200003ae                ACE_ADC1_CalDone_IRQHandler
                0x200003b0                ACE_ADC2_CalDone_IRQHandler
                0x200003b2                ACE_ADC0_CalStart_IRQHandler
                0x200003b4                ACE_ADC1_CalStart_IRQHandler
                0x200003b6                ACE_ADC2_CalStart_IRQHandler
                0x200003b8                ACE_Comp0_Fall_IRQHandler
                0x200003ba                ACE_Comp1_Fall_IRQHandler
                0x200003bc                ACE_Comp2_Fall_IRQHandler
                0x200003be                ACE_Comp3_Fall_IRQHandler
                0x200003c0                ACE_Comp4_Fall_IRQHandler
                0x200003c2                ACE_Comp5_Fall_IRQHandler
                0x200003c4                ACE_Comp6_Fall_IRQHandler
                0x200003c6                ACE_Comp7_Fall_IRQHandler
                0x200003c8                ACE_Comp8_Fall_IRQHandler
                0x200003ca                ACE_Comp9_Fall_IRQHandler
                0x200003cc                ACE_Comp10_Fall_IRQHandler
                0x200003ce                ACE_Comp11_Fall_IRQHandler
                0x200003d0                ACE_Comp0_Rise_IRQHandler
                0x200003d2                ACE_Comp1_Rise_IRQHandler
                0x200003d4                ACE_Comp2_Rise_IRQHandler
                0x200003d6                ACE_Comp3_Rise_IRQHandler
                0x200003d8                ACE_Comp4_Rise_IRQHandler
                0x200003da                ACE_Comp5_Rise_IRQHandler
                0x200003dc                ACE_Comp6_Rise_IRQHandler
                0x200003de                ACE_Comp7_Rise_IRQHandler
                0x200003e0                ACE_Comp8_Rise_IRQHandler
                0x200003e2                ACE_Comp9_Rise_IRQHandler
                0x200003e4                ACE_Comp10_Rise_IRQHandler
                0x200003e6                ACE_Comp11_Rise_IRQHandler
                0x200003e8                ACE_ADC0_FifoFull_IRQHandler
                0x200003ea                ACE_ADC0_FifoAFull_IRQHandler
                0x200003ec                ACE_ADC0_FifoEmpty_IRQHandler
                0x200003ee                ACE_ADC1_FifoFull_IRQHandler
                0x200003f0                ACE_ADC1_FifoAFull_IRQHandler
                0x200003f2                ACE_ADC1_FifoEmpty_IRQHandler
                0x200003f4                ACE_ADC2_FifoFull_IRQHandler
                0x200003f6                ACE_ADC2_FifoAFull_IRQHandler
                0x200003f8                ACE_ADC2_FifoEmpty_IRQHandler
 *(.text .text.* .gnu.linkonce.t.*)
 .text          0x20000470       0x30 c:/actel/libero_v9.1/softconsole/sourcery-g++/bin/../lib/gcc/arm-none-eabi/4.4.1/thumb2/crtbegin.o
 .text._reload_motion
                0x200004a0       0x40 ./main.o
                0x200004a0                _reload_motion
 .text.do_servos_manual
                0x200004e0      0x104 ./main.o
                0x200004e0                do_servos_manual
 .text.lights_set
                0x200005e4       0x50 ./main.o
                0x200005e4                lights_set
 .text.do_manual_reload
                0x20000634      0x100 ./main.o
                0x20000634                do_manual_reload
 .text.do_ready_live_fire
                0x20000734       0xb8 ./main.o
                0x20000734                do_ready_live_fire
 .text.lights_init
                0x200007ec       0x50 ./main.o
                0x200007ec                lights_init
 .text.trigger_solenoid_activate
                0x2000083c       0x2c ./main.o
                0x2000083c                trigger_solenoid_activate
 .text._fire_dart
                0x20000868       0x84 ./main.o
                0x20000868                _fire_dart
 *fill*         0x200008ec        0x4 00
 .text.do_automatic
                0x200008f0      0x398 ./main.o
                0x200008f0                do_automatic
 .text.do_solenoid
                0x20000c88       0x34 ./main.o
                0x20000c88                do_solenoid
 .text.trigger_solenoid_pin_init
                0x20000cbc       0x20 ./main.o
                0x20000cbc                trigger_solenoid_pin_init
 .text.speaker_init
                0x20000cdc       0x20 ./main.o
                0x20000cdc                speaker_init
 .text.main     0x20000cfc       0xb0 ./main.o
                0x20000cfc                main
 .text.LCD_drawCircle
                0x20000dac       0x78 ./drivers/LCD.o
                0x20000dac                LCD_drawCircle
 .text.LCD_drawLine
                0x20000e24       0x8c ./drivers/LCD.o
                0x20000e24                LCD_drawLine
 .text.LCD_drawBox
                0x20000eb0       0xcc ./drivers/LCD.o
                0x20000eb0                LCD_drawBox
 .text.LCD_setY
                0x20000f7c       0x48 ./drivers/LCD.o
                0x20000f7c                LCD_setY
 .text.LCD_setX
                0x20000fc4       0x48 ./drivers/LCD.o
                0x20000fc4                LCD_setX
 .text.LCD_setPos
                0x2000100c       0x10 ./drivers/LCD.o
                0x2000100c                LCD_setPos
 .text.LCD_clearScreen
                0x2000101c       0x38 ./drivers/LCD.o
                0x2000101c                LCD_clearScreen
 .text.LCD_printStr
                0x20001054       0x14 ./drivers/LCD.o
                0x20001054                LCD_printStr
 .text.LCD_init
                0x20001068       0x18 ./drivers/LCD.o
                0x20001068                LCD_init
 .text.Pixy_init
                0x20001080       0x40 ./drivers/Pixy_SPI.o
                0x20001080                Pixy_init
 .text.getByte  0x200010c0       0x30 ./drivers/Pixy_SPI.o
                0x200010c0                getByte
 .text.getWord  0x200010f0       0x7c ./drivers/Pixy_SPI.o
 .text.Pixy_get_start
                0x2000116c       0x90 ./drivers/Pixy_SPI.o
                0x2000116c                Pixy_get_start
 .text.Pixy_get_blocks
                0x200011fc      0x150 ./drivers/Pixy_SPI.o
                0x200011fc                Pixy_get_blocks
 .text.Pixy_get_target_location
                0x2000134c       0x30 ./drivers/Pixy_SPI.o
                0x2000134c                Pixy_get_target_location
 .text.n64_get_state
                0x2000137c       0x14 ./drivers/n64_driver.o
                0x2000137c                n64_get_state
 .text.n64_reset
                0x20001390       0x10 ./drivers/n64_driver.o
                0x20001390                n64_reset
 .text.n64_enable
                0x200013a0       0x10 ./drivers/n64_driver.o
                0x200013a0                n64_enable
 .text._map_n64_to_pwm_val
                0x200013b0       0x30 ./drivers/n64_driver.o
                0x200013b0                _map_n64_to_pwm_val
 .text.map_n64_analog_to_servo_pwm
                0x200013e0       0x1c ./drivers/n64_driver.o
                0x200013e0                map_n64_analog_to_servo_pwm
 .text.set_x_servo_analog_pw
                0x200013fc       0x24 ./drivers/servo_control.o
                0x200013fc                set_x_servo_analog_pw
 .text.set_y_servo_analog_pw
                0x20001420       0x24 ./drivers/servo_control.o
                0x20001420                set_y_servo_analog_pw
 .text.disp_upd_finish
                0x20001444       0x10 ./drivers/stats_display.o
                0x20001444                disp_upd_finish
 .text.disp_scale_x
                0x20001454       0x1c ./drivers/stats_display.o
                0x20001454                disp_scale_x
 .text.disp_scale_y
                0x20001470       0x1c ./drivers/stats_display.o
                0x20001470                disp_scale_y
 .text.disp_write_mode
                0x2000148c       0x34 ./drivers/stats_display.o
                0x2000148c                disp_write_mode
 .text.disp_write_shots
                0x200014c0       0x2c ./drivers/stats_display.o
                0x200014c0                disp_write_shots
 .text.disp_write_dist
                0x200014ec       0x30 ./drivers/stats_display.o
                0x200014ec                disp_write_dist
 .text.disp_write_target
                0x2000151c       0x88 ./drivers/stats_display.o
                0x2000151c                disp_write_target
 .text.disp_update
                0x200015a4      0x1a8 ./drivers/stats_display.o
                0x200015a4                disp_update
 .text.disp_init
                0x2000174c       0x9c ./drivers/stats_display.o
                0x2000174c                disp_init
 .text.start_hardware_timer
                0x200017e8       0x6c ./drivers/timer_t.o
                0x200017e8                start_hardware_timer
 .text.insert_timer
                0x20001854       0x44 ./drivers/timer_t.o
                0x20001854                insert_timer
 .text.set_clk  0x20001898        0xc ./drivers/timer_t.o
                0x20001898                set_clk
 .text.to_ticks
                0x200018a4       0x18 ./drivers/timer_t.o
                0x200018a4                to_ticks
 .text._end_delay_timer
                0x200018bc       0x10 ./drivers/timer_t.o
                0x200018bc                _end_delay_timer
 .text.add_timer
                0x200018cc       0x28 ./drivers/timer_t.o
                0x200018cc                add_timer
 .text.add_timer_single
                0x200018f4        0xc ./drivers/timer_t.o
                0x200018f4                add_timer_single
 .text.use_me_carefully_ms_delay_timer
                0x20001900       0x3c ./drivers/timer_t.o
                0x20001900                use_me_carefully_ms_delay_timer
 .text.update_timers
                0x2000193c       0x84 ./drivers/timer_t.o
                0x2000193c                update_timers
 .text.Timer1_IRQHandler
                0x200019c0       0x5c ./drivers/timer_t.o
                0x200019c0                Timer1_IRQHandler
 .text._close   0x20001a1c       0x18 C:/Users/rpokeefe/repos/373/ants_master/SoftConsole/ants_master_MSS_MSS_CM3_0/ants_master_MSS_MSS_CM3_0_hw_platform/Debug/CMSIS/startup_gcc/newlib_stubs.o
                0x20001a1c                _close
 .text._exit    0x20001a34        0xc C:/Users/rpokeefe/repos/373/ants_master/SoftConsole/ants_master_MSS_MSS_CM3_0/ants_master_MSS_MSS_CM3_0_hw_platform/Debug/CMSIS/startup_gcc/newlib_stubs.o
                0x20001a34                _exit
 .text._fstat   0x20001a40       0x24 C:/Users/rpokeefe/repos/373/ants_master/SoftConsole/ants_master_MSS_MSS_CM3_0/ants_master_MSS_MSS_CM3_0_hw_platform/Debug/CMSIS/startup_gcc/newlib_stubs.o
                0x20001a40                _fstat
 .text._isatty  0x20001a64       0x18 C:/Users/rpokeefe/repos/373/ants_master/SoftConsole/ants_master_MSS_MSS_CM3_0/ants_master_MSS_MSS_CM3_0_hw_platform/Debug/CMSIS/startup_gcc/newlib_stubs.o
                0x20001a64                _isatty
 .text._lseek   0x20001a7c       0x1c C:/Users/rpokeefe/repos/373/ants_master/SoftConsole/ants_master_MSS_MSS_CM3_0/ants_master_MSS_MSS_CM3_0_hw_platform/Debug/CMSIS/startup_gcc/newlib_stubs.o
                0x20001a7c                _lseek
 .text._read    0x20001a98       0x1c C:/Users/rpokeefe/repos/373/ants_master/SoftConsole/ants_master_MSS_MSS_CM3_0/ants_master_MSS_MSS_CM3_0_hw_platform/Debug/CMSIS/startup_gcc/newlib_stubs.o
                0x20001a98                _read
 .text._write_r
                0x20001ab4       0x5c C:/Users/rpokeefe/repos/373/ants_master/SoftConsole/ants_master_MSS_MSS_CM3_0/ants_master_MSS_MSS_CM3_0_hw_platform/Debug/CMSIS/startup_gcc/newlib_stubs.o
                0x20001ab4                _write_r
 .text._sbrk    0x20001b10       0x94 C:/Users/rpokeefe/repos/373/ants_master/SoftConsole/ants_master_MSS_MSS_CM3_0/ants_master_MSS_MSS_CM3_0_hw_platform/Debug/CMSIS/startup_gcc/newlib_stubs.o
                0x20001b10                _sbrk
 .text.NVIC_ClearPendingIRQ
                0x20001ba4       0x3c C:\Users\rpokeefe\repos\373\ants_master\SoftConsole\ants_master_MSS_MSS_CM3_0\ants_master_MSS_MSS_CM3_0_hw_platform\Debug\libants_master_MSS_MSS_CM3_0_hw_platform.a(mss_uart.o)
 .text.MSS_UART_init
                0x20001be0      0x204 C:\Users\rpokeefe\repos\373\ants_master\SoftConsole\ants_master_MSS_MSS_CM3_0\ants_master_MSS_MSS_CM3_0_hw_platform\Debug\libants_master_MSS_MSS_CM3_0_hw_platform.a(mss_uart.o)
                0x20001be0                MSS_UART_init
 .text.MSS_UART_polled_tx
                0x20001de4       0xe4 C:\Users\rpokeefe\repos\373\ants_master\SoftConsole\ants_master_MSS_MSS_CM3_0\ants_master_MSS_MSS_CM3_0_hw_platform\Debug\libants_master_MSS_MSS_CM3_0_hw_platform.a(mss_uart.o)
                0x20001de4                MSS_UART_polled_tx
 .text.MSS_UART_polled_tx_string
                0x20001ec8       0xd0 C:\Users\rpokeefe\repos\373\ants_master\SoftConsole\ants_master_MSS_MSS_CM3_0\ants_master_MSS_MSS_CM3_0_hw_platform\Debug\libants_master_MSS_MSS_CM3_0_hw_platform.a(mss_uart.o)
                0x20001ec8                MSS_UART_polled_tx_string
 .text.MSS_UART_isr
                0x20001f98      0x11c C:\Users\rpokeefe\repos\373\ants_master\SoftConsole\ants_master_MSS_MSS_CM3_0\ants_master_MSS_MSS_CM3_0_hw_platform\Debug\libants_master_MSS_MSS_CM3_0_hw_platform.a(mss_uart.o)
 .text.default_tx_handler
                0x200020b4      0x108 C:\Users\rpokeefe\repos\373\ants_master\SoftConsole\ants_master_MSS_MSS_CM3_0\ants_master_MSS_MSS_CM3_0_hw_platform\Debug\libants_master_MSS_MSS_CM3_0_hw_platform.a(mss_uart.o)
 .text.UART0_IRQHandler
                0x200021bc       0x2c C:\Users\rpokeefe\repos\373\ants_master\SoftConsole\ants_master_MSS_MSS_CM3_0\ants_master_MSS_MSS_CM3_0_hw_platform\Debug\libants_master_MSS_MSS_CM3_0_hw_platform.a(mss_uart.o)
                0x200021bc                UART0_IRQHandler
 .text.UART1_IRQHandler
                0x200021e8       0x2c C:\Users\rpokeefe\repos\373\ants_master\SoftConsole\ants_master_MSS_MSS_CM3_0\ants_master_MSS_MSS_CM3_0_hw_platform\Debug\libants_master_MSS_MSS_CM3_0_hw_platform.a(mss_uart.o)
                0x200021e8                UART1_IRQHandler
 .text.NVIC_EnableIRQ
                0x20002214       0x38 C:\Users\rpokeefe\repos\373\ants_master\SoftConsole\ants_master_MSS_MSS_CM3_0\ants_master_MSS_MSS_CM3_0_hw_platform\Debug\libants_master_MSS_MSS_CM3_0_hw_platform.a(mss_spi.o)
 .text.NVIC_DisableIRQ
                0x2000224c       0x3c C:\Users\rpokeefe\repos\373\ants_master\SoftConsole\ants_master_MSS_MSS_CM3_0\ants_master_MSS_MSS_CM3_0_hw_platform\Debug\libants_master_MSS_MSS_CM3_0_hw_platform.a(mss_spi.o)
 .text.NVIC_ClearPendingIRQ
                0x20002288       0x3c C:\Users\rpokeefe\repos\373\ants_master\SoftConsole\ants_master_MSS_MSS_CM3_0\ants_master_MSS_MSS_CM3_0_hw_platform\Debug\libants_master_MSS_MSS_CM3_0_hw_platform.a(mss_spi.o)
 .text.MSS_SPI_init
                0x200022c4      0x134 C:\Users\rpokeefe\repos\373\ants_master\SoftConsole\ants_master_MSS_MSS_CM3_0\ants_master_MSS_MSS_CM3_0_hw_platform\Debug\libants_master_MSS_MSS_CM3_0_hw_platform.a(mss_spi.o)
                0x200022c4                MSS_SPI_init
 .text.recover_from_rx_overflow
                0x200023f8      0x160 C:\Users\rpokeefe\repos\373\ants_master\SoftConsole\ants_master_MSS_MSS_CM3_0\ants_master_MSS_MSS_CM3_0_hw_platform\Debug\libants_master_MSS_MSS_CM3_0_hw_platform.a(mss_spi.o)
 .text.MSS_SPI_configure_master_mode
                0x20002558      0x120 C:\Users\rpokeefe\repos\373\ants_master\SoftConsole\ants_master_MSS_MSS_CM3_0\ants_master_MSS_MSS_CM3_0_hw_platform\Debug\libants_master_MSS_MSS_CM3_0_hw_platform.a(mss_spi.o)
                0x20002558                MSS_SPI_configure_master_mode
 .text.MSS_SPI_set_slave_select
                0x20002678      0x108 C:\Users\rpokeefe\repos\373\ants_master\SoftConsole\ants_master_MSS_MSS_CM3_0\ants_master_MSS_MSS_CM3_0_hw_platform\Debug\libants_master_MSS_MSS_CM3_0_hw_platform.a(mss_spi.o)
                0x20002678                MSS_SPI_set_slave_select
 .text.MSS_SPI_clear_slave_select
                0x20002780       0x90 C:\Users\rpokeefe\repos\373\ants_master\SoftConsole\ants_master_MSS_MSS_CM3_0\ants_master_MSS_MSS_CM3_0_hw_platform\Debug\libants_master_MSS_MSS_CM3_0_hw_platform.a(mss_spi.o)
                0x20002780                MSS_SPI_clear_slave_select
 .text.MSS_SPI_transfer_frame
                0x20002810       0xec C:\Users\rpokeefe\repos\373\ants_master\SoftConsole\ants_master_MSS_MSS_CM3_0\ants_master_MSS_MSS_CM3_0_hw_platform\Debug\libants_master_MSS_MSS_CM3_0_hw_platform.a(mss_spi.o)
                0x20002810                MSS_SPI_transfer_frame
 .text.fill_slave_tx_fifo
                0x200028fc       0xe0 C:\Users\rpokeefe\repos\373\ants_master\SoftConsole\ants_master_MSS_MSS_CM3_0\ants_master_MSS_MSS_CM3_0_hw_platform\Debug\libants_master_MSS_MSS_CM3_0_hw_platform.a(mss_spi.o)
 .text.read_slave_rx_fifo
                0x200029dc       0xac C:\Users\rpokeefe\repos\373\ants_master\SoftConsole\ants_master_MSS_MSS_CM3_0\ants_master_MSS_MSS_CM3_0_hw_platform\Debug\libants_master_MSS_MSS_CM3_0_hw_platform.a(mss_spi.o)
 .text.mss_spi_isr
                0x20002a88      0x2b0 C:\Users\rpokeefe\repos\373\ants_master\SoftConsole\ants_master_MSS_MSS_CM3_0\ants_master_MSS_MSS_CM3_0_hw_platform\Debug\libants_master_MSS_MSS_CM3_0_hw_platform.a(mss_spi.o)
 .text.SPI0_IRQHandler
                0x20002d38       0x2c C:\Users\rpokeefe\repos\373\ants_master\SoftConsole\ants_master_MSS_MSS_CM3_0\ants_master_MSS_MSS_CM3_0_hw_platform\Debug\libants_master_MSS_MSS_CM3_0_hw_platform.a(mss_spi.o)
                0x20002d38                SPI0_IRQHandler
 .text.SPI1_IRQHandler
                0x20002d64       0x2c C:\Users\rpokeefe\repos\373\ants_master\SoftConsole\ants_master_MSS_MSS_CM3_0\ants_master_MSS_MSS_CM3_0_hw_platform\Debug\libants_master_MSS_MSS_CM3_0_hw_platform.a(mss_spi.o)
                0x20002d64                SPI1_IRQHandler
 .text.NVIC_ClearPendingIRQ
                0x20002d90       0x3c C:\Users\rpokeefe\repos\373\ants_master\SoftConsole\ants_master_MSS_MSS_CM3_0\ants_master_MSS_MSS_CM3_0_hw_platform\Debug\libants_master_MSS_MSS_CM3_0_hw_platform.a(mss_gpio.o)
 .text.MSS_GPIO_init
                0x20002dcc       0x6c C:\Users\rpokeefe\repos\373\ants_master\SoftConsole\ants_master_MSS_MSS_CM3_0\ants_master_MSS_MSS_CM3_0_hw_platform\Debug\libants_master_MSS_MSS_CM3_0_hw_platform.a(mss_gpio.o)
                0x20002dcc                MSS_GPIO_init
 .text.MSS_GPIO_config
                0x20002e38       0x3c C:\Users\rpokeefe\repos\373\ants_master\SoftConsole\ants_master_MSS_MSS_CM3_0\ants_master_MSS_MSS_CM3_0_hw_platform\Debug\libants_master_MSS_MSS_CM3_0_hw_platform.a(mss_gpio.o)
                0x20002e38                MSS_GPIO_config
 .text.MSS_GPIO_set_output
                0x20002e74       0x40 C:\Users\rpokeefe\repos\373\ants_master\SoftConsole\ants_master_MSS_MSS_CM3_0\ants_master_MSS_MSS_CM3_0_hw_platform\Debug\libants_master_MSS_MSS_CM3_0_hw_platform.a(mss_gpio.o)
                0x20002e74                MSS_GPIO_set_output
 .text.ACE_init
                0x20002eb4       0x10 C:\Users\rpokeefe\repos\373\ants_master\SoftConsole\ants_master_MSS_MSS_CM3_0\ants_master_MSS_MSS_CM3_0_hw_platform\Debug\libants_master_MSS_MSS_CM3_0_hw_platform.a(mss_ace.o)
                0x20002eb4                ACE_init
 .text.ACE_configure_sdd
                0x20002ec4      0x1a0 C:\Users\rpokeefe\repos\373\ants_master\SoftConsole\ants_master_MSS_MSS_CM3_0\ants_master_MSS_MSS_CM3_0_hw_platform\Debug\libants_master_MSS_MSS_CM3_0_hw_platform.a(mss_ace.o)
                0x20002ec4                ACE_configure_sdd
 .text.ACE_enable_sdd
                0x20003064       0x48 C:\Users\rpokeefe\repos\373\ants_master\SoftConsole\ants_master_MSS_MSS_CM3_0\ants_master_MSS_MSS_CM3_0_hw_platform\Debug\libants_master_MSS_MSS_CM3_0_hw_platform.a(mss_ace.o)
                0x20003064                ACE_enable_sdd
 .text.SystemInit
                0x200030ac        0xc C:\Users\rpokeefe\repos\373\ants_master\SoftConsole\ants_master_MSS_MSS_CM3_0\ants_master_MSS_MSS_CM3_0_hw_platform\Debug\libants_master_MSS_MSS_CM3_0_hw_platform.a(system_a2fxxxm3.o)
                0x200030ac                SystemInit
 .text.SystemCoreClockUpdate
                0x200030b8      0x150 C:\Users\rpokeefe\repos\373\ants_master\SoftConsole\ants_master_MSS_MSS_CM3_0\ants_master_MSS_MSS_CM3_0_hw_platform\Debug\libants_master_MSS_MSS_CM3_0_hw_platform.a(system_a2fxxxm3.o)
                0x200030b8                SystemCoreClockUpdate
 .text.GetSystemClock
                0x20003208       0xe8 C:\Users\rpokeefe\repos\373\ants_master\SoftConsole\ants_master_MSS_MSS_CM3_0\ants_master_MSS_MSS_CM3_0_hw_platform\Debug\libants_master_MSS_MSS_CM3_0_hw_platform.a(system_a2fxxxm3.o)
 .text.ace_init_convert
                0x200032f0      0x1b4 C:\Users\rpokeefe\repos\373\ants_master\SoftConsole\ants_master_MSS_MSS_CM3_0\ants_master_MSS_MSS_CM3_0_hw_platform\Debug\libants_master_MSS_MSS_CM3_0_hw_platform.a(ace_convert.o)
                0x200032f0                ace_init_convert
 .text.NVIC_ClearPendingIRQ
                0x200034a4       0x3c C:\Users\rpokeefe\repos\373\ants_master\SoftConsole\ants_master_MSS_MSS_CM3_0\ants_master_MSS_MSS_CM3_0_hw_platform\Debug\libants_master_MSS_MSS_CM3_0_hw_platform.a(ace_flags.o)
 .text.ace_init_flags
                0x200034e0        0xc C:\Users\rpokeefe\repos\373\ants_master\SoftConsole\ants_master_MSS_MSS_CM3_0\ants_master_MSS_MSS_CM3_0_hw_platform\Debug\libants_master_MSS_MSS_CM3_0_hw_platform.a(ace_flags.o)
                0x200034e0                ace_init_flags
 .text.process_flag_irq
                0x200034ec       0x14 C:\Users\rpokeefe\repos\373\ants_master\SoftConsole\ants_master_MSS_MSS_CM3_0\ants_master_MSS_MSS_CM3_0_hw_platform\Debug\libants_master_MSS_MSS_CM3_0_hw_platform.a(ace_flags.o)
 .text.ACE_PPE_Flag0_IRQHandler
                0x20003500       0x28 C:\Users\rpokeefe\repos\373\ants_master\SoftConsole\ants_master_MSS_MSS_CM3_0\ants_master_MSS_MSS_CM3_0_hw_platform\Debug\libants_master_MSS_MSS_CM3_0_hw_platform.a(ace_flags.o)
                0x20003500                ACE_PPE_Flag0_IRQHandler
 .text.ACE_PPE_Flag1_IRQHandler
                0x20003528       0x28 C:\Users\rpokeefe\repos\373\ants_master\SoftConsole\ants_master_MSS_MSS_CM3_0\ants_master_MSS_MSS_CM3_0_hw_platform\Debug\libants_master_MSS_MSS_CM3_0_hw_platform.a(ace_flags.o)
                0x20003528                ACE_PPE_Flag1_IRQHandler
 .text.ACE_PPE_Flag2_IRQHandler
                0x20003550       0x28 C:\Users\rpokeefe\repos\373\ants_master\SoftConsole\ants_master_MSS_MSS_CM3_0\ants_master_MSS_MSS_CM3_0_hw_platform\Debug\libants_master_MSS_MSS_CM3_0_hw_platform.a(ace_flags.o)
                0x20003550                ACE_PPE_Flag2_IRQHandler
 .text.ACE_PPE_Flag3_IRQHandler
                0x20003578       0x28 C:\Users\rpokeefe\repos\373\ants_master\SoftConsole\ants_master_MSS_MSS_CM3_0\ants_master_MSS_MSS_CM3_0_hw_platform\Debug\libants_master_MSS_MSS_CM3_0_hw_platform.a(ace_flags.o)
                0x20003578                ACE_PPE_Flag3_IRQHandler
 .text.ACE_PPE_Flag4_IRQHandler
                0x200035a0       0x28 C:\Users\rpokeefe\repos\373\ants_master\SoftConsole\ants_master_MSS_MSS_CM3_0\ants_master_MSS_MSS_CM3_0_hw_platform\Debug\libants_master_MSS_MSS_CM3_0_hw_platform.a(ace_flags.o)
                0x200035a0                ACE_PPE_Flag4_IRQHandler
 .text.ACE_PPE_Flag5_IRQHandler
                0x200035c8       0x28 C:\Users\rpokeefe\repos\373\ants_master\SoftConsole\ants_master_MSS_MSS_CM3_0\ants_master_MSS_MSS_CM3_0_hw_platform\Debug\libants_master_MSS_MSS_CM3_0_hw_platform.a(ace_flags.o)
                0x200035c8                ACE_PPE_Flag5_IRQHandler
 .text.ACE_PPE_Flag6_IRQHandler
                0x200035f0       0x28 C:\Users\rpokeefe\repos\373\ants_master\SoftConsole\ants_master_MSS_MSS_CM3_0\ants_master_MSS_MSS_CM3_0_hw_platform\Debug\libants_master_MSS_MSS_CM3_0_hw_platform.a(ace_flags.o)
                0x200035f0                ACE_PPE_Flag6_IRQHandler
 .text.ACE_PPE_Flag7_IRQHandler
                0x20003618       0x28 C:\Users\rpokeefe\repos\373\ants_master\SoftConsole\ants_master_MSS_MSS_CM3_0\ants_master_MSS_MSS_CM3_0_hw_platform\Debug\libants_master_MSS_MSS_CM3_0_hw_platform.a(ace_flags.o)
                0x20003618                ACE_PPE_Flag7_IRQHandler
 .text.ACE_PPE_Flag8_IRQHandler
                0x20003640       0x28 C:\Users\rpokeefe\repos\373\ants_master\SoftConsole\ants_master_MSS_MSS_CM3_0\ants_master_MSS_MSS_CM3_0_hw_platform\Debug\libants_master_MSS_MSS_CM3_0_hw_platform.a(ace_flags.o)
                0x20003640                ACE_PPE_Flag8_IRQHandler
 .text.ACE_PPE_Flag9_IRQHandler
                0x20003668       0x28 C:\Users\rpokeefe\repos\373\ants_master\SoftConsole\ants_master_MSS_MSS_CM3_0\ants_master_MSS_MSS_CM3_0_hw_platform\Debug\libants_master_MSS_MSS_CM3_0_hw_platform.a(ace_flags.o)
                0x20003668                ACE_PPE_Flag9_IRQHandler
 .text.ACE_PPE_Flag10_IRQHandler
                0x20003690       0x28 C:\Users\rpokeefe\repos\373\ants_master\SoftConsole\ants_master_MSS_MSS_CM3_0\ants_master_MSS_MSS_CM3_0_hw_platform\Debug\libants_master_MSS_MSS_CM3_0_hw_platform.a(ace_flags.o)
                0x20003690                ACE_PPE_Flag10_IRQHandler
 .text.ACE_PPE_Flag11_IRQHandler
                0x200036b8       0x28 C:\Users\rpokeefe\repos\373\ants_master\SoftConsole\ants_master_MSS_MSS_CM3_0\ants_master_MSS_MSS_CM3_0_hw_platform\Debug\libants_master_MSS_MSS_CM3_0_hw_platform.a(ace_flags.o)
                0x200036b8                ACE_PPE_Flag11_IRQHandler
 .text.ACE_PPE_Flag12_IRQHandler
                0x200036e0       0x28 C:\Users\rpokeefe\repos\373\ants_master\SoftConsole\ants_master_MSS_MSS_CM3_0\ants_master_MSS_MSS_CM3_0_hw_platform\Debug\libants_master_MSS_MSS_CM3_0_hw_platform.a(ace_flags.o)
                0x200036e0                ACE_PPE_Flag12_IRQHandler
 .text.ACE_PPE_Flag13_IRQHandler
                0x20003708       0x28 C:\Users\rpokeefe\repos\373\ants_master\SoftConsole\ants_master_MSS_MSS_CM3_0\ants_master_MSS_MSS_CM3_0_hw_platform\Debug\libants_master_MSS_MSS_CM3_0_hw_platform.a(ace_flags.o)
                0x20003708                ACE_PPE_Flag13_IRQHandler
 .text.ACE_PPE_Flag14_IRQHandler
                0x20003730       0x28 C:\Users\rpokeefe\repos\373\ants_master\SoftConsole\ants_master_MSS_MSS_CM3_0\ants_master_MSS_MSS_CM3_0_hw_platform\Debug\libants_master_MSS_MSS_CM3_0_hw_platform.a(ace_flags.o)
                0x20003730                ACE_PPE_Flag14_IRQHandler
 .text.ACE_PPE_Flag15_IRQHandler
                0x20003758       0x28 C:\Users\rpokeefe\repos\373\ants_master\SoftConsole\ants_master_MSS_MSS_CM3_0\ants_master_MSS_MSS_CM3_0_hw_platform\Debug\libants_master_MSS_MSS_CM3_0_hw_platform.a(ace_flags.o)
                0x20003758                ACE_PPE_Flag15_IRQHandler
 .text.ACE_PPE_Flag16_IRQHandler
                0x20003780       0x28 C:\Users\rpokeefe\repos\373\ants_master\SoftConsole\ants_master_MSS_MSS_CM3_0\ants_master_MSS_MSS_CM3_0_hw_platform\Debug\libants_master_MSS_MSS_CM3_0_hw_platform.a(ace_flags.o)
                0x20003780                ACE_PPE_Flag16_IRQHandler
 .text.ACE_PPE_Flag17_IRQHandler
                0x200037a8       0x28 C:\Users\rpokeefe\repos\373\ants_master\SoftConsole\ants_master_MSS_MSS_CM3_0\ants_master_MSS_MSS_CM3_0_hw_platform\Debug\libants_master_MSS_MSS_CM3_0_hw_platform.a(ace_flags.o)
                0x200037a8                ACE_PPE_Flag17_IRQHandler
 .text.ACE_PPE_Flag18_IRQHandler
                0x200037d0       0x28 C:\Users\rpokeefe\repos\373\ants_master\SoftConsole\ants_master_MSS_MSS_CM3_0\ants_master_MSS_MSS_CM3_0_hw_platform\Debug\libants_master_MSS_MSS_CM3_0_hw_platform.a(ace_flags.o)
                0x200037d0                ACE_PPE_Flag18_IRQHandler
 .text.ACE_PPE_Flag19_IRQHandler
                0x200037f8       0x28 C:\Users\rpokeefe\repos\373\ants_master\SoftConsole\ants_master_MSS_MSS_CM3_0\ants_master_MSS_MSS_CM3_0_hw_platform\Debug\libants_master_MSS_MSS_CM3_0_hw_platform.a(ace_flags.o)
                0x200037f8                ACE_PPE_Flag19_IRQHandler
 .text.ACE_PPE_Flag20_IRQHandler
                0x20003820       0x28 C:\Users\rpokeefe\repos\373\ants_master\SoftConsole\ants_master_MSS_MSS_CM3_0\ants_master_MSS_MSS_CM3_0_hw_platform\Debug\libants_master_MSS_MSS_CM3_0_hw_platform.a(ace_flags.o)
                0x20003820                ACE_PPE_Flag20_IRQHandler
 .text.ACE_PPE_Flag21_IRQHandler
                0x20003848       0x28 C:\Users\rpokeefe\repos\373\ants_master\SoftConsole\ants_master_MSS_MSS_CM3_0\ants_master_MSS_MSS_CM3_0_hw_platform\Debug\libants_master_MSS_MSS_CM3_0_hw_platform.a(ace_flags.o)
                0x20003848                ACE_PPE_Flag21_IRQHandler
 .text.ACE_PPE_Flag22_IRQHandler
                0x20003870       0x28 C:\Users\rpokeefe\repos\373\ants_master\SoftConsole\ants_master_MSS_MSS_CM3_0\ants_master_MSS_MSS_CM3_0_hw_platform\Debug\libants_master_MSS_MSS_CM3_0_hw_platform.a(ace_flags.o)
                0x20003870                ACE_PPE_Flag22_IRQHandler
 .text.ACE_PPE_Flag23_IRQHandler
                0x20003898       0x28 C:\Users\rpokeefe\repos\373\ants_master\SoftConsole\ants_master_MSS_MSS_CM3_0\ants_master_MSS_MSS_CM3_0_hw_platform\Debug\libants_master_MSS_MSS_CM3_0_hw_platform.a(ace_flags.o)
                0x20003898                ACE_PPE_Flag23_IRQHandler
 .text.ACE_PPE_Flag24_IRQHandler
                0x200038c0       0x28 C:\Users\rpokeefe\repos\373\ants_master\SoftConsole\ants_master_MSS_MSS_CM3_0\ants_master_MSS_MSS_CM3_0_hw_platform\Debug\libants_master_MSS_MSS_CM3_0_hw_platform.a(ace_flags.o)
                0x200038c0                ACE_PPE_Flag24_IRQHandler
 .text.ACE_PPE_Flag25_IRQHandler
                0x200038e8       0x28 C:\Users\rpokeefe\repos\373\ants_master\SoftConsole\ants_master_MSS_MSS_CM3_0\ants_master_MSS_MSS_CM3_0_hw_platform\Debug\libants_master_MSS_MSS_CM3_0_hw_platform.a(ace_flags.o)
                0x200038e8                ACE_PPE_Flag25_IRQHandler
 .text.ACE_PPE_Flag26_IRQHandler
                0x20003910       0x28 C:\Users\rpokeefe\repos\373\ants_master\SoftConsole\ants_master_MSS_MSS_CM3_0\ants_master_MSS_MSS_CM3_0_hw_platform\Debug\libants_master_MSS_MSS_CM3_0_hw_platform.a(ace_flags.o)
                0x20003910                ACE_PPE_Flag26_IRQHandler
 .text.ACE_PPE_Flag27_IRQHandler
                0x20003938       0x28 C:\Users\rpokeefe\repos\373\ants_master\SoftConsole\ants_master_MSS_MSS_CM3_0\ants_master_MSS_MSS_CM3_0_hw_platform\Debug\libants_master_MSS_MSS_CM3_0_hw_platform.a(ace_flags.o)
                0x20003938                ACE_PPE_Flag27_IRQHandler
 .text.ACE_PPE_Flag28_IRQHandler
                0x20003960       0x28 C:\Users\rpokeefe\repos\373\ants_master\SoftConsole\ants_master_MSS_MSS_CM3_0\ants_master_MSS_MSS_CM3_0_hw_platform\Debug\libants_master_MSS_MSS_CM3_0_hw_platform.a(ace_flags.o)
                0x20003960                ACE_PPE_Flag28_IRQHandler
 .text.ACE_PPE_Flag29_IRQHandler
                0x20003988       0x28 C:\Users\rpokeefe\repos\373\ants_master\SoftConsole\ants_master_MSS_MSS_CM3_0\ants_master_MSS_MSS_CM3_0_hw_platform\Debug\libants_master_MSS_MSS_CM3_0_hw_platform.a(ace_flags.o)
                0x20003988                ACE_PPE_Flag29_IRQHandler
 .text.ACE_PPE_Flag30_IRQHandler
                0x200039b0       0x28 C:\Users\rpokeefe\repos\373\ants_master\SoftConsole\ants_master_MSS_MSS_CM3_0\ants_master_MSS_MSS_CM3_0_hw_platform\Debug\libants_master_MSS_MSS_CM3_0_hw_platform.a(ace_flags.o)
                0x200039b0                ACE_PPE_Flag30_IRQHandler
 .text.ACE_PPE_Flag31_IRQHandler
                0x200039d8       0x28 C:\Users\rpokeefe\repos\373\ants_master\SoftConsole\ants_master_MSS_MSS_CM3_0\ants_master_MSS_MSS_CM3_0_hw_platform\Debug\libants_master_MSS_MSS_CM3_0_hw_platform.a(ace_flags.o)
                0x200039d8                ACE_PPE_Flag31_IRQHandler
 .text          0x20003a00      0x370 c:/actel/libero_v9.1/softconsole/sourcery-g++/bin/../lib/gcc/arm-none-eabi/4.4.1/thumb2\libgcc.a(_arm_addsubdf3.o)
                0x20003a00                __aeabi_drsub
                0x20003a08                __aeabi_dsub
                0x20003a08                __subdf3
                0x20003a0c                __aeabi_dadd
                0x20003a0c                __adddf3
                0x20003c84                __floatunsidf
                0x20003c84                __aeabi_ui2d
                0x20003ca4                __floatsidf
                0x20003ca4                __aeabi_i2d
                0x20003cc8                __aeabi_f2d
                0x20003cc8                __extendsfdf2
                0x20003d04                __floatundidf
                0x20003d04                __aeabi_ul2d
                0x20003d14                __floatdidf
                0x20003d14                __aeabi_l2d
 .text          0x20003d70      0x424 c:/actel/libero_v9.1/softconsole/sourcery-g++/bin/../lib/gcc/arm-none-eabi/4.4.1/thumb2\libgcc.a(_arm_muldivdf3.o)
                0x20003d70                __aeabi_dmul
                0x20003d70                __muldf3
                0x20003fc4                __divdf3
                0x20003fc4                __aeabi_ddiv
 .text          0x20004194       0x40 c:/actel/libero_v9.1/softconsole/sourcery-g++/bin/../lib/gcc/arm-none-eabi/4.4.1/thumb2\libgcc.a(_arm_fixunsdfsi.o)
                0x20004194                __aeabi_d2uiz
                0x20004194                __fixunsdfsi
 .text          0x200041d4      0x21c c:/actel/libero_v9.1/softconsole/sourcery-g++/bin/../lib/gcc/arm-none-eabi/4.4.1/thumb2\libgcc.a(_arm_addsubsf3.o)
                0x200041d4                __aeabi_frsub
                0x200041dc                __subsf3
                0x200041dc                __aeabi_fsub
                0x200041e0                __aeabi_fadd
                0x200041e0                __addsf3
                0x20004340                __aeabi_ui2f
                0x20004340                __floatunsisf
                0x20004348                __aeabi_i2f
                0x20004348                __floatsisf
                0x20004364                __aeabi_ul2f
                0x20004364                __floatundisf
                0x20004374                __aeabi_l2f
                0x20004374                __floatdisf
 .text          0x200043f0      0x2a0 c:/actel/libero_v9.1/softconsole/sourcery-g++/bin/../lib/gcc/arm-none-eabi/4.4.1/thumb2\libgcc.a(_arm_muldivsf3.o)
                0x200043f0                __mulsf3
                0x200043f0                __aeabi_fmul
                0x20004558                __aeabi_fdiv
                0x20004558                __divsf3
 .text          0x20004690       0x40 c:/actel/libero_v9.1/softconsole/sourcery-g++/bin/../lib/gcc/arm-none-eabi/4.4.1/thumb2\libgcc.a(_arm_fixunssfsi.o)
                0x20004690                __fixunssfsi
                0x20004690                __aeabi_f2uiz
 .text          0x200046d0       0x50 c:/actel/libero_v9.1/softconsole/sourcery-g++/bin/../lib/gcc/arm-none-eabi/4.4.1/../../../../arm-none-eabi/lib/thumb2\libc.a(lib_a-init.o)
                0x200046d0                __libc_init_array
 .text          0x20004720       0x20 c:/actel/libero_v9.1/softconsole/sourcery-g++/bin/../lib/gcc/arm-none-eabi/4.4.1/../../../../arm-none-eabi/lib/thumb2\libc.a(lib_a-malloc.o)
                0x20004720                free
                0x20004730                malloc
 .text          0x20004740      0x5a4 c:/actel/libero_v9.1/softconsole/sourcery-g++/bin/../lib/gcc/arm-none-eabi/4.4.1/../../../../arm-none-eabi/lib/thumb2\libc.a(lib_a-mallocr.o)
                0x20004740                _malloc_r
 .text          0x20004ce4      0x190 c:/actel/libero_v9.1/softconsole/sourcery-g++/bin/../lib/gcc/arm-none-eabi/4.4.1/../../../../arm-none-eabi/lib/thumb2\libc.a(lib_a-memcpy.o)
                0x20004ce4                memcpy
 .text          0x20004e74       0xd4 c:/actel/libero_v9.1/softconsole/sourcery-g++/bin/../lib/gcc/arm-none-eabi/4.4.1/../../../../arm-none-eabi/lib/thumb2\libc.a(lib_a-memset.o)
                0x20004e74                memset
 .text          0x20004f48        0x8 c:/actel/libero_v9.1/softconsole/sourcery-g++/bin/../lib/gcc/arm-none-eabi/4.4.1/../../../../arm-none-eabi/lib/thumb2\libc.a(lib_a-mlock.o)
                0x20004f48                __malloc_lock
                0x20004f4c                __malloc_unlock
 .text          0x20004f50       0x64 c:/actel/libero_v9.1/softconsole/sourcery-g++/bin/../lib/gcc/arm-none-eabi/4.4.1/../../../../arm-none-eabi/lib/thumb2\libc.a(lib_a-printf.o)
                0x20004f50                printf
                0x20004f88                _printf_r
 .text          0x20004fb4       0x88 c:/actel/libero_v9.1/softconsole/sourcery-g++/bin/../lib/gcc/arm-none-eabi/4.4.1/../../../../arm-none-eabi/lib/thumb2\libc.a(lib_a-puts.o)
                0x20004fb4                _puts_r
                0x2000502c                puts
 .text          0x2000503c       0x28 c:/actel/libero_v9.1/softconsole/sourcery-g++/bin/../lib/gcc/arm-none-eabi/4.4.1/../../../../arm-none-eabi/lib/thumb2\libc.a(lib_a-sbrkr.o)
                0x2000503c                _sbrk_r
 .text          0x20005064       0x94 c:/actel/libero_v9.1/softconsole/sourcery-g++/bin/../lib/gcc/arm-none-eabi/4.4.1/../../../../arm-none-eabi/lib/thumb2\libc.a(lib_a-sprintf.o)
                0x20005064                sprintf
                0x200050b4                _sprintf_r
 .text          0x200050f8       0x60 c:/actel/libero_v9.1/softconsole/sourcery-g++/bin/../lib/gcc/arm-none-eabi/4.4.1/../../../../arm-none-eabi/lib/thumb2\libc.a(lib_a-strlen.o)
                0x200050f8                strlen
 .text          0x20005158     0x15a8 c:/actel/libero_v9.1/softconsole/sourcery-g++/bin/../lib/gcc/arm-none-eabi/4.4.1/../../../../arm-none-eabi/lib/thumb2\libc.a(lib_a-svfprintf.o)
                0x20005274                _svfprintf_r
 .text          0x20006700     0x1940 c:/actel/libero_v9.1/softconsole/sourcery-g++/bin/../lib/gcc/arm-none-eabi/4.4.1/../../../../arm-none-eabi/lib/thumb2\libc.a(lib_a-vfprintf.o)
                0x2000671c                _vfprintf_r
                0x20008024                vfprintf
 .text          0x20008040      0x104 c:/actel/libero_v9.1/softconsole/sourcery-g++/bin/../lib/gcc/arm-none-eabi/4.4.1/../../../../arm-none-eabi/lib/thumb2\libc.a(lib_a-wsetup.o)
                0x20008040                __swsetup_r
 *fill*         0x20008144        0x4 00
 .text          0x20008148      0xfb8 c:/actel/libero_v9.1/softconsole/sourcery-g++/bin/../lib/gcc/arm-none-eabi/4.4.1/../../../../arm-none-eabi/lib/thumb2\libc.a(lib_a-dtoa.o)
                0x20008268                _dtoa_r
 .text          0x20009100      0x178 c:/actel/libero_v9.1/softconsole/sourcery-g++/bin/../lib/gcc/arm-none-eabi/4.4.1/../../../../arm-none-eabi/lib/thumb2\libc.a(lib_a-fflush.o)
                0x20009100                _fflush_r
                0x20009250                fflush
 .text          0x20009278      0x1c8 c:/actel/libero_v9.1/softconsole/sourcery-g++/bin/../lib/gcc/arm-none-eabi/4.4.1/../../../../arm-none-eabi/lib/thumb2\libc.a(lib_a-findfp.o)
                0x20009278                __sfp_lock_acquire
                0x2000927c                __sfp_lock_release
                0x20009280                __sinit_lock_acquire
                0x20009284                __sinit_lock_release
                0x20009290                __fp_unlock_all
                0x200092a8                __fp_lock_all
                0x200092c0                _cleanup_r
                0x200092cc                _cleanup
                0x20009328                __sfmoreglue
                0x20009358                __sfp
                0x200093e0                __sinit
 .text          0x20009440      0x268 c:/actel/libero_v9.1/softconsole/sourcery-g++/bin/../lib/gcc/arm-none-eabi/4.4.1/../../../../arm-none-eabi/lib/thumb2\libc.a(lib_a-freer.o)
                0x20009440                _malloc_trim_r
                0x200094e8                _free_r
 .text          0x200096a8      0x334 c:/actel/libero_v9.1/softconsole/sourcery-g++/bin/../lib/gcc/arm-none-eabi/4.4.1/../../../../arm-none-eabi/lib/thumb2\libc.a(lib_a-fvwrite.o)
                0x200096a8                __sfvwrite_r
 .text          0x200099dc       0xa0 c:/actel/libero_v9.1/softconsole/sourcery-g++/bin/../lib/gcc/arm-none-eabi/4.4.1/../../../../arm-none-eabi/lib/thumb2\libc.a(lib_a-fwalk.o)
                0x200099dc                _fwalk_reent
                0x20009a30                _fwalk
 .text          0x20009a7c       0x74 c:/actel/libero_v9.1/softconsole/sourcery-g++/bin/../lib/gcc/arm-none-eabi/4.4.1/../../../../arm-none-eabi/lib/thumb2\libc.a(lib_a-locale.o)
                0x20009a7c                __locale_charset
                0x20009a88                _localeconv_r
                0x20009a90                localeconv
                0x20009a98                _setlocale_r
                0x20009ae0                setlocale
 .text          0x20009af0       0xdc c:/actel/libero_v9.1/softconsole/sourcery-g++/bin/../lib/gcc/arm-none-eabi/4.4.1/../../../../arm-none-eabi/lib/thumb2\libc.a(lib_a-makebuf.o)
                0x20009af0                __smakebuf_r
 .text          0x20009bcc       0x74 c:/actel/libero_v9.1/softconsole/sourcery-g++/bin/../lib/gcc/arm-none-eabi/4.4.1/../../../../arm-none-eabi/lib/thumb2\libc.a(lib_a-memchr.o)
                0x20009bcc                memchr
 .text          0x20009c40       0xb8 c:/actel/libero_v9.1/softconsole/sourcery-g++/bin/../lib/gcc/arm-none-eabi/4.4.1/../../../../arm-none-eabi/lib/thumb2\libc.a(lib_a-memmove.o)
                0x20009c40                memmove
 .text          0x20009cf8      0x958 c:/actel/libero_v9.1/softconsole/sourcery-g++/bin/../lib/gcc/arm-none-eabi/4.4.1/../../../../arm-none-eabi/lib/thumb2\libc.a(lib_a-mprec.o)
                0x20009cf8                __hi0bits
                0x20009d38                __lo0bits
                0x20009d9c                __mcmp
                0x20009ddc                __ulp
                0x20009e28                __b2d
                0x20009ed0                __ratio
                0x20009f30                _mprec_log10
                0x20009f68                __copybits
                0x20009fb8                __any_on
                0x2000a010                _Bfree
                0x2000a048                _Balloc
                0x2000a0b4                __d2b
                0x2000a184                __mdiff
                0x2000a27c                __lshift
                0x2000a338                __multiply
                0x2000a46c                __i2b
                0x2000a480                __multadd
                0x2000a508                __pow5mult
                0x2000a5b4                __s2b
 .text          0x2000a650      0x3b4 c:/actel/libero_v9.1/softconsole/sourcery-g++/bin/../lib/gcc/arm-none-eabi/4.4.1/../../../../arm-none-eabi/lib/thumb2\libc.a(lib_a-reallocr.o)
                0x2000a650                _realloc_r
 .text          0x2000aa04       0x24 c:/actel/libero_v9.1/softconsole/sourcery-g++/bin/../lib/gcc/arm-none-eabi/4.4.1/../../../../arm-none-eabi/lib/thumb2\libc.a(lib_a-s_isinfd.o)
                0x2000aa04                __isinfd
 .text          0x2000aa28       0x1c c:/actel/libero_v9.1/softconsole/sourcery-g++/bin/../lib/gcc/arm-none-eabi/4.4.1/../../../../arm-none-eabi/lib/thumb2\libc.a(lib_a-s_isnand.o)
                0x2000aa28                __isnand
 .text          0x2000aa44       0x90 c:/actel/libero_v9.1/softconsole/sourcery-g++/bin/../lib/gcc/arm-none-eabi/4.4.1/../../../../arm-none-eabi/lib/thumb2\libc.a(lib_a-stdio.o)
                0x2000aa44                __sclose
                0x2000aa4c                __sseek
                0x2000aa74                __swrite
                0x2000aab0                __sread
 .text          0x2000aad4      0x1dc c:/actel/libero_v9.1/softconsole/sourcery-g++/bin/../lib/gcc/arm-none-eabi/4.4.1/../../../../arm-none-eabi/lib/thumb2\libc.a(lib_a-strcmp.o)
                0x2000aad4                strcmp
 .text          0x2000acb0       0x5c c:/actel/libero_v9.1/softconsole/sourcery-g++/bin/../lib/gcc/arm-none-eabi/4.4.1/../../../../arm-none-eabi/lib/thumb2\libc.a(lib_a-callocr.o)
                0x2000acb0                _calloc_r
 .text          0x2000ad0c       0x28 c:/actel/libero_v9.1/softconsole/sourcery-g++/bin/../lib/gcc/arm-none-eabi/4.4.1/../../../../arm-none-eabi/lib/thumb2\libc.a(lib_a-closer.o)
                0x2000ad0c                _close_r
 .text          0x2000ad34       0xcc c:/actel/libero_v9.1/softconsole/sourcery-g++/bin/../lib/gcc/arm-none-eabi/4.4.1/../../../../arm-none-eabi/lib/thumb2\libc.a(lib_a-fclose.o)
                0x2000ad34                _fclose_r
                0x2000adf0                fclose
 .text          0x2000ae00       0x2c c:/actel/libero_v9.1/softconsole/sourcery-g++/bin/../lib/gcc/arm-none-eabi/4.4.1/../../../../arm-none-eabi/lib/thumb2\libc.a(lib_a-fstatr.o)
                0x2000ae00                _fstat_r
 .text          0x2000ae2c       0x28 c:/actel/libero_v9.1/softconsole/sourcery-g++/bin/../lib/gcc/arm-none-eabi/4.4.1/../../../../arm-none-eabi/lib/thumb2\libc.a(lib_a-isattyr.o)
                0x2000ae2c                _isatty_r
 .text          0x2000ae54       0x2c c:/actel/libero_v9.1/softconsole/sourcery-g++/bin/../lib/gcc/arm-none-eabi/4.4.1/../../../../arm-none-eabi/lib/thumb2\libc.a(lib_a-lseekr.o)
                0x2000ae54                _lseek_r
 .text          0x2000ae80       0x2c c:/actel/libero_v9.1/softconsole/sourcery-g++/bin/../lib/gcc/arm-none-eabi/4.4.1/../../../../arm-none-eabi/lib/thumb2\libc.a(lib_a-readr.o)
                0x2000ae80                _read_r
 *fill*         0x2000aeac        0x4 00
 .text          0x2000aeb0      0x278 c:/actel/libero_v9.1/softconsole/sourcery-g++/bin/../lib/gcc/arm-none-eabi/4.4.1/thumb2\libgcc.a(_udivsi3.o)
                0x2000aeb0                __aeabi_uidiv
                0x2000aeb0                __udivsi3
                0x2000b10c                __aeabi_uidivmod
 .text          0x2000b128        0x4 c:/actel/libero_v9.1/softconsole/sourcery-g++/bin/../lib/gcc/arm-none-eabi/4.4.1/thumb2\libgcc.a(_dvmd_tls.o)
                0x2000b128                __aeabi_idiv0
                0x2000b128                __aeabi_ldiv0
 .text          0x2000b12c      0x110 c:/actel/libero_v9.1/softconsole/sourcery-g++/bin/../lib/gcc/arm-none-eabi/4.4.1/thumb2\libgcc.a(_arm_cmpdf2.o)
                0x2000b12c                __gtdf2
                0x2000b12c                __gedf2
                0x2000b134                __ltdf2
                0x2000b134                __ledf2
                0x2000b13c                __nedf2
                0x2000b13c                __eqdf2
                0x2000b13c                __cmpdf2
                0x2000b1b8                __aeabi_cdrcmple
                0x2000b1c8                __aeabi_cdcmpeq
                0x2000b1c8                __aeabi_cdcmple
                0x2000b1d8                __aeabi_dcmpeq
                0x2000b1ec                __aeabi_dcmplt
                0x2000b200                __aeabi_dcmple
                0x2000b214                __aeabi_dcmpge
                0x2000b228                __aeabi_dcmpgt
 .text          0x2000b23c       0x50 c:/actel/libero_v9.1/softconsole/sourcery-g++/bin/../lib/gcc/arm-none-eabi/4.4.1/thumb2\libgcc.a(_arm_fixdfsi.o)
                0x2000b23c                __aeabi_d2iz
                0x2000b23c                __fixdfsi
 .text          0x2000b28c       0x2c c:/actel/libero_v9.1/softconsole/sourcery-g++/bin/../lib/gcc/arm-none-eabi/4.4.1/thumb2\libgcc.a(_aeabi_uldivmod.o)
                0x2000b28c                __aeabi_uldivmod
 .text          0x2000b2b8       0x58 c:/actel/libero_v9.1/softconsole/sourcery-g++/bin/../lib/gcc/arm-none-eabi/4.4.1/thumb2\libgcc.a(bpabi.o)
                0x2000b2b8                __gnu_uldivmod_helper
                0x2000b2e4                __gnu_ldivmod_helper
 .text          0x2000b310      0x364 c:/actel/libero_v9.1/softconsole/sourcery-g++/bin/../lib/gcc/arm-none-eabi/4.4.1/thumb2\libgcc.a(_divdi3.o)
                0x2000b310                __divdi3
 .text          0x2000b674      0x300 c:/actel/libero_v9.1/softconsole/sourcery-g++/bin/../lib/gcc/arm-none-eabi/4.4.1/thumb2\libgcc.a(_udivdi3.o)
                0x2000b674                __udivdi3
 *(.plt)
 *(.gnu.warning)
 *(.glue_7t)
 .glue_7t       0x00000000        0x0 linker stubs
 *(.glue_7)
 .glue_7        0x00000000        0x0 linker stubs
 *(.vfp11_veneer)
 .vfp11_veneer  0x00000000        0x0 linker stubs
                0x2000b974                . = ALIGN (0x4)
 *crtbegin.o(.ctors)
 *(EXCLUDE_FILE(*crtend.o) .ctors)
 *(SORT(.ctors.*))
 *crtend.o(.ctors)
 *crtbegin.o(.dtors)
 *(EXCLUDE_FILE(*crtend.o) .dtors)
 *(SORT(.dtors.*))
 *crtend.o(.dtors)
 *(.rodata .rodata.* .gnu.linkonce.r.*)
 .rodata.str1.4
                0x2000b974      0x196 ./main.o
                                0x198 (size before relaxing)
 *fill*         0x2000bb0a        0x2 00
 .rodata.str1.4
                0x2000bb0c       0x44 ./drivers/Pixy_SPI.o
 .rodata.str1.4
                0x2000bb50       0x4a ./drivers/stats_display.o
                                 0x4c (size before relaxing)
 *fill*         0x2000bb9a        0x2 00
 .rodata        0x2000bb9c       0x1c C:/Users/rpokeefe/repos/373/ants_master/SoftConsole/ants_master_MSS_MSS_CM3_0/ants_master_MSS_MSS_CM3_0_hw_platform/Debug/CMSIS/startup_gcc/newlib_stubs.o
 .rodata.g_config_reg_lut
                0x2000bbb8       0x80 C:\Users\rpokeefe\repos\373\ants_master\SoftConsole\ants_master_MSS_MSS_CM3_0\ants_master_MSS_MSS_CM3_0_hw_platform\Debug\libants_master_MSS_MSS_CM3_0_hw_platform.a(mss_gpio.o)
 .rodata.g_gpio_irqn_lut
                0x2000bc38       0x40 C:\Users\rpokeefe\repos\373\ants_master\SoftConsole\ants_master_MSS_MSS_CM3_0\ants_master_MSS_MSS_CM3_0_hw_platform\Debug\libants_master_MSS_MSS_CM3_0_hw_platform.a(mss_gpio.o)
 .rodata.dac_ctrl_reg_lut
                0x2000bc78        0xc C:\Users\rpokeefe\repos\373\ants_master\SoftConsole\ants_master_MSS_MSS_CM3_0\ants_master_MSS_MSS_CM3_0_hw_platform\Debug\libants_master_MSS_MSS_CM3_0_hw_platform.a(mss_ace.o)
 .rodata.dac_enable_masks_lut
                0x2000bc84        0xc C:\Users\rpokeefe\repos\373\ants_master\SoftConsole\ants_master_MSS_MSS_CM3_0\ants_master_MSS_MSS_CM3_0_hw_platform\Debug\libants_master_MSS_MSS_CM3_0_hw_platform.a(mss_ace.o)
 .rodata.p_mtd_data
                0x2000bc90        0x4 C:\Users\rpokeefe\repos\373\ants_master\SoftConsole\ants_master_MSS_MSS_CM3_0\ants_master_MSS_MSS_CM3_0_hw_platform\Debug\libants_master_MSS_MSS_CM3_0_hw_platform.a(mss_ace.o)
 .rodata.C.18.3510
                0x2000bc94        0x4 C:\Users\rpokeefe\repos\373\ants_master\SoftConsole\ants_master_MSS_MSS_CM3_0\ants_master_MSS_MSS_CM3_0_hw_platform\Debug\libants_master_MSS_MSS_CM3_0_hw_platform.a(mss_ace.o)
 .rodata.C.18.2576
                0x2000bc98       0x10 C:\Users\rpokeefe\repos\373\ants_master\SoftConsole\ants_master_MSS_MSS_CM3_0\ants_master_MSS_MSS_CM3_0_hw_platform\Debug\libants_master_MSS_MSS_CM3_0_hw_platform.a(system_a2fxxxm3.o)
 .rodata.g_ace_channel_0_name
                0x2000bca8        0x8 C:\Users\rpokeefe\repos\373\ants_master\SoftConsole\ants_master_MSS_MSS_CM3_0\ants_master_MSS_MSS_CM3_0_hw_platform\Debug\libants_master_MSS_MSS_CM3_0_hw_platform.a(ace_config.o)
                0x2000bca8                g_ace_channel_0_name
 .rodata.channel_type_lut
                0x2000bcb0       0x30 C:\Users\rpokeefe\repos\373\ants_master\SoftConsole\ants_master_MSS_MSS_CM3_0\ants_master_MSS_MSS_CM3_0_hw_platform\Debug\libants_master_MSS_MSS_CM3_0_hw_platform.a(ace_convert.o)
 .rodata.channel_quad_lut
                0x2000bce0       0x30 C:\Users\rpokeefe\repos\373\ants_master\SoftConsole\ants_master_MSS_MSS_CM3_0\ants_master_MSS_MSS_CM3_0_hw_platform\Debug\libants_master_MSS_MSS_CM3_0_hw_platform.a(ace_convert.o)
 .rodata        0x2000bd10        0x4 c:/actel/libero_v9.1/softconsole/sourcery-g++/bin/../lib/gcc/arm-none-eabi/4.4.1/../../../../arm-none-eabi/lib/thumb2\libc.a(lib_a-impure.o)
                0x2000bd10                _global_impure_ptr
 .rodata.str1.4
                0x2000bd14        0x2 c:/actel/libero_v9.1/softconsole/sourcery-g++/bin/../lib/gcc/arm-none-eabi/4.4.1/../../../../arm-none-eabi/lib/thumb2\libc.a(lib_a-impure.o)
                                  0x4 (size before relaxing)
 .rodata.str1.4
                0x00000000        0x2 c:/actel/libero_v9.1/softconsole/sourcery-g++/bin/../lib/gcc/arm-none-eabi/4.4.1/../../../../arm-none-eabi/lib/thumb2\libc.a(lib_a-puts.o)
                                  0x4 (size before relaxing)
 *fill*         0x2000bd16        0x2 00
 .rodata        0x2000bd18       0x20 c:/actel/libero_v9.1/softconsole/sourcery-g++/bin/../lib/gcc/arm-none-eabi/4.4.1/../../../../arm-none-eabi/lib/thumb2\libc.a(lib_a-svfprintf.o)
 .rodata.str1.4
                0x2000bd38       0x42 c:/actel/libero_v9.1/softconsole/sourcery-g++/bin/../lib/gcc/arm-none-eabi/4.4.1/../../../../arm-none-eabi/lib/thumb2\libc.a(lib_a-svfprintf.o)
                                 0x44 (size before relaxing)
 *fill*         0x2000bd7a        0x2 00
 .rodata        0x2000bd7c       0x20 c:/actel/libero_v9.1/softconsole/sourcery-g++/bin/../lib/gcc/arm-none-eabi/4.4.1/../../../../arm-none-eabi/lib/thumb2\libc.a(lib_a-vfprintf.o)
 .rodata.str1.4
                0x00000000       0x44 c:/actel/libero_v9.1/softconsole/sourcery-g++/bin/../lib/gcc/arm-none-eabi/4.4.1/../../../../arm-none-eabi/lib/thumb2\libc.a(lib_a-vfprintf.o)
 .rodata.str1.4
                0x2000bd9c       0x10 c:/actel/libero_v9.1/softconsole/sourcery-g++/bin/../lib/gcc/arm-none-eabi/4.4.1/../../../../arm-none-eabi/lib/thumb2\libc.a(lib_a-dtoa.o)
                                 0x14 (size before relaxing)
 .rodata        0x2000bdac       0x60 c:/actel/libero_v9.1/softconsole/sourcery-g++/bin/../lib/gcc/arm-none-eabi/4.4.1/../../../../arm-none-eabi/lib/thumb2\libc.a(lib_a-findfp.o)
                0x2000bdac                __sf_fake_stdin
                0x2000bdcc                __sf_fake_stdout
                0x2000bdec                __sf_fake_stderr
 .rodata        0x2000be0c       0x34 c:/actel/libero_v9.1/softconsole/sourcery-g++/bin/../lib/gcc/arm-none-eabi/4.4.1/../../../../arm-none-eabi/lib/thumb2\libc.a(lib_a-locale.o)
 .rodata.str1.4
                0x2000be40       0x10 c:/actel/libero_v9.1/softconsole/sourcery-g++/bin/../lib/gcc/arm-none-eabi/4.4.1/../../../../arm-none-eabi/lib/thumb2\libc.a(lib_a-locale.o)
                                 0x18 (size before relaxing)
 .rodata        0x2000be50      0x128 c:/actel/libero_v9.1/softconsole/sourcery-g++/bin/../lib/gcc/arm-none-eabi/4.4.1/../../../../arm-none-eabi/lib/thumb2\libc.a(lib_a-mprec.o)
                0x2000be50                __mprec_tens
                0x2000bf28                __mprec_bigtens
                0x2000bf50                __mprec_tinytens
 *(.ARM.extab* .gnu.linkonce.armextab.*)
 *(.gcc_except_table)
 *(.eh_frame_hdr)
 *(.eh_frame)
 *(.init)
 .init          0x2000bf78        0x4 c:/actel/libero_v9.1/softconsole/sourcery-g++/bin/../lib/gcc/arm-none-eabi/4.4.1/thumb2/crti.o
                0x2000bf78                _init
 .init          0x2000bf7c        0x8 c:/actel/libero_v9.1/softconsole/sourcery-g++/bin/../lib/gcc/arm-none-eabi/4.4.1/thumb2/crtn.o
 *(.fini)
 .fini          0x2000bf84        0x4 c:/actel/libero_v9.1/softconsole/sourcery-g++/bin/../lib/gcc/arm-none-eabi/4.4.1/thumb2/crti.o
                0x2000bf84                _fini
 .fini          0x2000bf88        0x8 c:/actel/libero_v9.1/softconsole/sourcery-g++/bin/../lib/gcc/arm-none-eabi/4.4.1/thumb2/crtn.o
                0x2000bf90                PROVIDE (__preinit_array_start, .)
 *(.preinit_array)
                0x2000bf90                PROVIDE (__preinit_array_end, .)
                0x2000bf90                PROVIDE (__init_array_start, .)
 *(SORT(.init_array.*))
 *(.init_array)
 .init_array    0x2000bf90        0x4 c:/actel/libero_v9.1/softconsole/sourcery-g++/bin/../lib/gcc/arm-none-eabi/4.4.1/thumb2/crtbegin.o
                0x2000bf94                PROVIDE (__init_array_end, .)
                0x2000bf94                PROVIDE (__fini_array_start, .)
 *(.fini_array)
 .fini_array    0x2000bf94        0x4 c:/actel/libero_v9.1/softconsole/sourcery-g++/bin/../lib/gcc/arm-none-eabi/4.4.1/thumb2/crtbegin.o
 *(SORT(.fini_array.*))
                0x2000bf98                PROVIDE (__fini_array_end, .)
                0x2000bf98                __exidx_start = .

.v4_bx          0x2000bf98        0x0
 .v4_bx         0x00000000        0x0 linker stubs

.ARM.exidx      0x2000bf98        0x8
 *(.ARM.exidx* .gnu.linkonce.armexidx.*)
 .ARM.exidx     0x2000bf98        0x8 c:/actel/libero_v9.1/softconsole/sourcery-g++/bin/../lib/gcc/arm-none-eabi/4.4.1/thumb2\libgcc.a(_divdi3.o)
 .ARM.exidx     0x2000bfa0        0x0 c:/actel/libero_v9.1/softconsole/sourcery-g++/bin/../lib/gcc/arm-none-eabi/4.4.1/thumb2\libgcc.a(_udivdi3.o)
                                  0x8 (size before relaxing)
                0x2000bfa0                __exidx_end = .
                0x2000bfa0                _etext = .
                0x2000bfa0                PROVIDE (__text_end, .)

.data           0x2000bfa0      0x538
                0x2000bfa0                __data_load = LOADADDR (.data)
                0x2000bfa0                _sidata = LOADADDR (.data)
                0x2000bfa0                __data_start = .
                0x2000bfa0                _sdata = .
 *(.jcr)
 .jcr           0x2000bfa0        0x0 c:/actel/libero_v9.1/softconsole/sourcery-g++/bin/../lib/gcc/arm-none-eabi/4.4.1/thumb2/crtbegin.o
 .jcr           0x2000bfa0        0x4 c:/actel/libero_v9.1/softconsole/sourcery-g++/bin/../lib/gcc/arm-none-eabi/4.4.1/thumb2/crtend.o
 *(.got.plt)
 *(.got)
 *(.shdata)
 *(.data .data.* .gnu.linkonce.d.*)
 .data.current_pw.2218
                0x2000bfa4        0x4 ./drivers/servo_control.o
 .data.current_pw.2228
                0x2000bfa8        0x4 ./drivers/servo_control.o
 .data.SystemFrequency
                0x2000bfac        0x4 C:\Users\rpokeefe\repos\373\ants_master\SoftConsole\ants_master_MSS_MSS_CM3_0\ants_master_MSS_MSS_CM3_0_hw_platform\Debug\libants_master_MSS_MSS_CM3_0_hw_platform.a(system_a2fxxxm3.o)
                0x2000bfac                SystemFrequency
 .data.SystemCoreClock
                0x2000bfb0        0x4 C:\Users\rpokeefe\repos\373\ants_master\SoftConsole\ants_master_MSS_MSS_CM3_0\ants_master_MSS_MSS_CM3_0_hw_platform\Debug\libants_master_MSS_MSS_CM3_0_hw_platform.a(system_a2fxxxm3.o)
                0x2000bfb0                SystemCoreClock
 .data.g_FrequencyPCLK0
                0x2000bfb4        0x4 C:\Users\rpokeefe\repos\373\ants_master\SoftConsole\ants_master_MSS_MSS_CM3_0\ants_master_MSS_MSS_CM3_0_hw_platform\Debug\libants_master_MSS_MSS_CM3_0_hw_platform.a(system_a2fxxxm3.o)
                0x2000bfb4                g_FrequencyPCLK0
 .data.g_FrequencyPCLK1
                0x2000bfb8        0x4 C:\Users\rpokeefe\repos\373\ants_master\SoftConsole\ants_master_MSS_MSS_CM3_0\ants_master_MSS_MSS_CM3_0_hw_platform\Debug\libants_master_MSS_MSS_CM3_0_hw_platform.a(system_a2fxxxm3.o)
                0x2000bfb8                g_FrequencyPCLK1
 .data.g_FrequencyACE
                0x2000bfbc        0x4 C:\Users\rpokeefe\repos\373\ants_master\SoftConsole\ants_master_MSS_MSS_CM3_0\ants_master_MSS_MSS_CM3_0_hw_platform\Debug\libants_master_MSS_MSS_CM3_0_hw_platform.a(system_a2fxxxm3.o)
                0x2000bfbc                g_FrequencyACE
 .data.g_FrequencyFPGA
                0x2000bfc0        0x4 C:\Users\rpokeefe\repos\373\ants_master\SoftConsole\ants_master_MSS_MSS_CM3_0\ants_master_MSS_MSS_CM3_0_hw_platform\Debug\libants_master_MSS_MSS_CM3_0_hw_platform.a(system_a2fxxxm3.o)
                0x2000bfc0                g_FrequencyFPGA
 .data.g_ace_channel_desc_table
                0x2000bfc4       0x10 C:\Users\rpokeefe\repos\373\ants_master\SoftConsole\ants_master_MSS_MSS_CM3_0\ants_master_MSS_MSS_CM3_0_hw_platform\Debug\libants_master_MSS_MSS_CM3_0_hw_platform.a(ace_config.o)
                0x2000bfc4                g_ace_channel_desc_table
 .data          0x2000bfd4       0xf4 c:/actel/libero_v9.1/softconsole/sourcery-g++/bin/../lib/gcc/arm-none-eabi/4.4.1/../../../../arm-none-eabi/lib/thumb2\libc.a(lib_a-impure.o)
                0x2000bfd4                _impure_ptr
 .data          0x2000c0c8      0x410 c:/actel/libero_v9.1/softconsole/sourcery-g++/bin/../lib/gcc/arm-none-eabi/4.4.1/../../../../arm-none-eabi/lib/thumb2\libc.a(lib_a-mallocr.o)
                0x2000c0c8                __malloc_av_
                0x2000c4d0                __malloc_sbrk_base
                0x2000c4d4                __malloc_trim_threshold
                0x2000c4d8                . = ALIGN (0x4)
                0x2000c4d8                _edata = .

.bss            0x2000c4d8      0x258
                0x2000c4d8                __bss_start__ = .
                0x2000c4d8                _sbss = .
 *(.shbss)
 *(.bss .bss.* .gnu.linkonce.b.*)
 .bss           0x2000c4d8        0x1 c:/actel/libero_v9.1/softconsole/sourcery-g++/bin/../lib/gcc/arm-none-eabi/4.4.1/thumb2/crtbegin.o
 *fill*         0x2000c4d9        0x3 00
 .bss.analog_pwm_vals.5248
                0x2000c4dc        0x8 ./main.o
 .bss.lcd_state
                0x2000c4e4        0x8 ./main.o
 .bss.g_live_fire_enabled
                0x2000c4ec        0x1 ./main.o
 *fill*         0x2000c4ed        0x3 00
 .bss.lcd_last_state
                0x2000c4f0        0x8 ./main.o
 .bss.lasttrg   0x2000c4f8        0x4 ./main.o
 .bss.trg       0x2000c4fc        0x4 ./main.o
 .bss.in_reload_position.5179
                0x2000c500        0x1 ./main.o
 .bss.REPEATED_FIRING_MODE
                0x2000c501        0x1 ./main.o
                0x2000c501                REPEATED_FIRING_MODE
 .bss.g_outReadIndex
                0x2000c502        0x1 ./drivers/Pixy_SPI.o
 .bss.g_outLen  0x2000c503        0x1 ./drivers/Pixy_SPI.o
 .bss.g_skipStart
                0x2000c504        0x4 ./drivers/Pixy_SPI.o
 .bss.g_outBuf  0x2000c508       0x40 ./drivers/Pixy_SPI.o
 .bss.targ      0x2000c548        0x4 ./drivers/stats_display.o
 .bss.d_arg     0x2000c54c        0x4 ./drivers/stats_display.o
 .bss.m_arg     0x2000c550        0x4 ./drivers/stats_display.o
 .bss.lasttarg  0x2000c554        0x4 ./drivers/stats_display.o
 .bss.s_arg     0x2000c558        0x4 ./drivers/stats_display.o
 .bss.t_arg     0x2000c55c        0x8 ./drivers/stats_display.o
 .bss.u_arg     0x2000c564        0x8 ./drivers/stats_display.o
 .bss.root      0x2000c56c        0x4 ./drivers/timer_t.o
                0x2000c56c                root
 .bss.g_clk_hz  0x2000c570        0x4 ./drivers/timer_t.o
 .bss.g_stdio_uart_init_done
                0x2000c574        0x4 C:/Users/rpokeefe/repos/373/ants_master/SoftConsole/ants_master_MSS_MSS_CM3_0/ants_master_MSS_MSS_CM3_0_hw_platform/Debug/CMSIS/startup_gcc/newlib_stubs.o
 .bss.heap_end.3594
                0x2000c578        0x4 C:/Users/rpokeefe/repos/373/ants_master/SoftConsole/ants_master_MSS_MSS_CM3_0/ants_master_MSS_MSS_CM3_0_hw_platform/Debug/CMSIS/startup_gcc/newlib_stubs.o
 .bss.g_gdec_lut
                0x2000c57c        0xc C:\Users\rpokeefe\repos\373\ants_master\SoftConsole\ants_master_MSS_MSS_CM3_0\ants_master_MSS_MSS_CM3_0_hw_platform\Debug\libants_master_MSS_MSS_CM3_0_hw_platform.a(ace_convert.o)
 .bss.channel_type_lut_h
                0x2000c588        0x4 C:\Users\rpokeefe\repos\373\ants_master\SoftConsole\ants_master_MSS_MSS_CM3_0\ants_master_MSS_MSS_CM3_0_hw_platform\Debug\libants_master_MSS_MSS_CM3_0_hw_platform.a(ace_convert.o)
 .bss           0x2000c58c       0x34 c:/actel/libero_v9.1/softconsole/sourcery-g++/bin/../lib/gcc/arm-none-eabi/4.4.1/../../../../arm-none-eabi/lib/thumb2\libc.a(lib_a-mallocr.o)
                0x2000c58c                __malloc_top_pad
                0x2000c590                __malloc_current_mallinfo
                0x2000c5b8                __malloc_max_sbrked_mem
                0x2000c5bc                __malloc_max_total_mem
 *(COMMON)
 COMMON         0x2000c5c0        0xc ./main.o
                0x2000c5c0                g_disp_update_lock
                0x2000c5c4                g_disp_update_argument
 COMMON         0x2000c5cc        0x5 ./drivers/Pixy_SPI.o
                0x2000c5cc                g_blocks
                0x2000c5d0                g_blockType
 COMMON         0x2000c5d1        0x1 ./drivers/timer_t.o
                0x2000c5d1                delay_timer_lock
 *fill*         0x2000c5d2        0x2 00
 COMMON         0x2000c5d4       0x50 C:\Users\rpokeefe\repos\373\ants_master\SoftConsole\ants_master_MSS_MSS_CM3_0\ants_master_MSS_MSS_CM3_0_hw_platform\Debug\libants_master_MSS_MSS_CM3_0_hw_platform.a(mss_uart.o)
                0x2000c5d4                g_mss_uart1
                0x2000c5fc                g_mss_uart0
 COMMON         0x2000c624      0x108 C:\Users\rpokeefe\repos\373\ants_master\SoftConsole\ants_master_MSS_MSS_CM3_0\ants_master_MSS_MSS_CM3_0_hw_platform\Debug\libants_master_MSS_MSS_CM3_0_hw_platform.a(mss_spi.o)
                0x2000c624                g_mss_spi1
                0x2000c6a8                g_mss_spi0
 COMMON         0x2000c72c        0x4 c:/actel/libero_v9.1/softconsole/sourcery-g++/bin/../lib/gcc/arm-none-eabi/4.4.1/../../../../arm-none-eabi/lib/thumb2\libc.a(lib_a-reent.o)
                0x2000c72c                errno
                0x2000c730                . = ALIGN (0x8)
                0x2000c730                __bss_end__ = .
                0x2000c730                _end = .
                0x2000c730                __end = _end
                0x2000c730                _ebss = .
                0x2000c730                PROVIDE (end, .)

.stack          0x2000c730     0x3000
                0x2000c730                . = ALIGN (0x4)
                0x2000d730                . = (. + PROCESS_STACK_SIZE)
 *fill*         0x2000c730     0x1000 00
                0x2000d730                . = ALIGN (0x4)
                0x2000f730                . = (. + MAIN_STACK_SIZE)
 *fill*         0x2000d730     0x2000 00
                0x2000f730                . = ALIGN (0x4)

.stab
 *(.stab)

.stabstr
 *(.stabstr)

.debug
 *(.debug)

.line
 *(.line)

.debug_srcinfo
 *(.debug_srcinfo)

.debug_sfnames
 *(.debug_sfnames)

.comment        0x00000000      0x306
 .comment       0x00000000       0x2b ./main.o
 .comment       0x0000002b       0x2b ./main_lcd.o
 .comment       0x00000056       0x2b ./drivers/LCD.o
 .comment       0x00000081       0x2b ./drivers/Pixy_SPI.o
 .comment       0x000000ac       0x2b ./drivers/dsensor_driver.o
 .comment       0x000000d7       0x2b ./drivers/n64_driver.o
 .comment       0x00000102       0x2b ./drivers/servo_control.o
 .comment       0x0000012d       0x2b ./drivers/stats_display.o
 .comment       0x00000158       0x2b ./drivers/timer_t.o
 .comment       0x00000183       0x2b C:/Users/rpokeefe/repos/373/ants_master/SoftConsole/ants_master_MSS_MSS_CM3_0/ants_master_MSS_MSS_CM3_0_hw_platform/Debug/CMSIS/startup_gcc/newlib_stubs.o
 .comment       0x000001ae       0x2b C:\Users\rpokeefe\repos\373\ants_master\SoftConsole\ants_master_MSS_MSS_CM3_0\ants_master_MSS_MSS_CM3_0_hw_platform\Debug\libants_master_MSS_MSS_CM3_0_hw_platform.a(mss_uart.o)
 .comment       0x000001d9       0x2b C:\Users\rpokeefe\repos\373\ants_master\SoftConsole\ants_master_MSS_MSS_CM3_0\ants_master_MSS_MSS_CM3_0_hw_platform\Debug\libants_master_MSS_MSS_CM3_0_hw_platform.a(mss_spi.o)
 .comment       0x00000204       0x2b C:\Users\rpokeefe\repos\373\ants_master\SoftConsole\ants_master_MSS_MSS_CM3_0\ants_master_MSS_MSS_CM3_0_hw_platform\Debug\libants_master_MSS_MSS_CM3_0_hw_platform.a(mss_gpio.o)
 .comment       0x0000022f       0x2b C:\Users\rpokeefe\repos\373\ants_master\SoftConsole\ants_master_MSS_MSS_CM3_0\ants_master_MSS_MSS_CM3_0_hw_platform\Debug\libants_master_MSS_MSS_CM3_0_hw_platform.a(mss_ace.o)
 .comment       0x0000025a       0x2b C:\Users\rpokeefe\repos\373\ants_master\SoftConsole\ants_master_MSS_MSS_CM3_0\ants_master_MSS_MSS_CM3_0_hw_platform\Debug\libants_master_MSS_MSS_CM3_0_hw_platform.a(system_a2fxxxm3.o)
 .comment       0x00000285       0x2b C:\Users\rpokeefe\repos\373\ants_master\SoftConsole\ants_master_MSS_MSS_CM3_0\ants_master_MSS_MSS_CM3_0_hw_platform\Debug\libants_master_MSS_MSS_CM3_0_hw_platform.a(ace_config.o)
 .comment       0x000002b0       0x2b C:\Users\rpokeefe\repos\373\ants_master\SoftConsole\ants_master_MSS_MSS_CM3_0\ants_master_MSS_MSS_CM3_0_hw_platform\Debug\libants_master_MSS_MSS_CM3_0_hw_platform.a(ace_convert.o)
 .comment       0x000002db       0x2b C:\Users\rpokeefe\repos\373\ants_master\SoftConsole\ants_master_MSS_MSS_CM3_0\ants_master_MSS_MSS_CM3_0_hw_platform\Debug\libants_master_MSS_MSS_CM3_0_hw_platform.a(ace_flags.o)

.debug_aranges  0x00000000      0x980
 *(.debug_aranges)
 .debug_aranges
                0x00000000       0x90 ./main.o
 .debug_aranges
                0x00000090       0xa8 ./drivers/LCD.o
 .debug_aranges
                0x00000138       0x70 ./drivers/Pixy_SPI.o
 .debug_aranges
                0x000001a8       0x28 ./drivers/dsensor_driver.o
 .debug_aranges
                0x000001d0       0x48 ./drivers/n64_driver.o
 .debug_aranges
                0x00000218       0x28 ./drivers/servo_control.o
 .debug_aranges
                0x00000240       0x68 ./drivers/stats_display.o
 .debug_aranges
                0x000002a8       0x70 ./drivers/timer_t.o
 .debug_aranges
                0x00000318       0xa8 C:/Users/rpokeefe/repos/373/ants_master/SoftConsole/ants_master_MSS_MSS_CM3_0/ants_master_MSS_MSS_CM3_0_hw_platform/Debug/CMSIS/startup_gcc/newlib_stubs.o
 .debug_aranges
                0x000003c0       0xd8 C:\Users\rpokeefe\repos\373\ants_master\SoftConsole\ants_master_MSS_MSS_CM3_0\ants_master_MSS_MSS_CM3_0_hw_platform\Debug\libants_master_MSS_MSS_CM3_0_hw_platform.a(mss_uart.o)
 .debug_aranges
                0x00000498       0xe0 C:\Users\rpokeefe\repos\373\ants_master\SoftConsole\ants_master_MSS_MSS_CM3_0\ants_master_MSS_MSS_CM3_0_hw_platform\Debug\libants_master_MSS_MSS_CM3_0_hw_platform.a(mss_spi.o)
 .debug_aranges
                0x00000578       0x60 C:\Users\rpokeefe\repos\373\ants_master\SoftConsole\ants_master_MSS_MSS_CM3_0\ants_master_MSS_MSS_CM3_0_hw_platform\Debug\libants_master_MSS_MSS_CM3_0_hw_platform.a(mss_gpio.o)
 .debug_aranges
                0x000005d8       0xe0 C:\Users\rpokeefe\repos\373\ants_master\SoftConsole\ants_master_MSS_MSS_CM3_0\ants_master_MSS_MSS_CM3_0_hw_platform\Debug\libants_master_MSS_MSS_CM3_0_hw_platform.a(mss_ace.o)
 .debug_aranges
                0x000006b8       0x30 C:\Users\rpokeefe\repos\373\ants_master\SoftConsole\ants_master_MSS_MSS_CM3_0\ants_master_MSS_MSS_CM3_0_hw_platform\Debug\libants_master_MSS_MSS_CM3_0_hw_platform.a(system_a2fxxxm3.o)
 .debug_aranges
                0x000006e8       0xb0 C:\Users\rpokeefe\repos\373\ants_master\SoftConsole\ants_master_MSS_MSS_CM3_0\ants_master_MSS_MSS_CM3_0_hw_platform\Debug\libants_master_MSS_MSS_CM3_0_hw_platform.a(ace_convert.o)
 .debug_aranges
                0x00000798      0x1e8 C:\Users\rpokeefe\repos\373\ants_master\SoftConsole\ants_master_MSS_MSS_CM3_0\ants_master_MSS_MSS_CM3_0_hw_platform\Debug\libants_master_MSS_MSS_CM3_0_hw_platform.a(ace_flags.o)

.debug_pubnames
                0x00000000     0x197d
 *(.debug_pubnames)
 .debug_pubnames
                0x00000000      0x1b0 ./main.o
 .debug_pubnames
                0x000001b0      0x148 ./drivers/LCD.o
 .debug_pubnames
                0x000002f8       0xdf ./drivers/Pixy_SPI.o
 .debug_pubnames
                0x000003d7       0x36 ./drivers/dsensor_driver.o
 .debug_pubnames
                0x0000040d       0x8d ./drivers/n64_driver.o
 .debug_pubnames
                0x0000049a       0x46 ./drivers/servo_control.o
 .debug_pubnames
                0x000004e0       0xe2 ./drivers/stats_display.o
 .debug_pubnames
                0x000005c2      0x10e ./drivers/timer_t.o
 .debug_pubnames
                0x000006d0       0xeb C:/Users/rpokeefe/repos/373/ants_master/SoftConsole/ants_master_MSS_MSS_CM3_0/ants_master_MSS_MSS_CM3_0_hw_platform/Debug/CMSIS/startup_gcc/newlib_stubs.o
 .debug_pubnames
                0x000007bb      0x21c C:\Users\rpokeefe\repos\373\ants_master\SoftConsole\ants_master_MSS_MSS_CM3_0\ants_master_MSS_MSS_CM3_0_hw_platform\Debug\libants_master_MSS_MSS_CM3_0_hw_platform.a(mss_uart.o)
 .debug_pubnames
                0x000009d7      0x21a C:\Users\rpokeefe\repos\373\ants_master\SoftConsole\ants_master_MSS_MSS_CM3_0\ants_master_MSS_MSS_CM3_0_hw_platform\Debug\libants_master_MSS_MSS_CM3_0_hw_platform.a(mss_spi.o)
 .debug_pubnames
                0x00000bf1       0xb1 C:\Users\rpokeefe\repos\373\ants_master\SoftConsole\ants_master_MSS_MSS_CM3_0\ants_master_MSS_MSS_CM3_0_hw_platform\Debug\libants_master_MSS_MSS_CM3_0_hw_platform.a(mss_gpio.o)
 .debug_pubnames
                0x00000ca2      0x292 C:\Users\rpokeefe\repos\373\ants_master\SoftConsole\ants_master_MSS_MSS_CM3_0\ants_master_MSS_MSS_CM3_0_hw_platform\Debug\libants_master_MSS_MSS_CM3_0_hw_platform.a(mss_ace.o)
 .debug_pubnames
                0x00000f34       0xb4 C:\Users\rpokeefe\repos\373\ants_master\SoftConsole\ants_master_MSS_MSS_CM3_0\ants_master_MSS_MSS_CM3_0_hw_platform\Debug\libants_master_MSS_MSS_CM3_0_hw_platform.a(system_a2fxxxm3.o)
 .debug_pubnames
                0x00000fe8      0x14a C:\Users\rpokeefe\repos\373\ants_master\SoftConsole\ants_master_MSS_MSS_CM3_0\ants_master_MSS_MSS_CM3_0_hw_platform\Debug\libants_master_MSS_MSS_CM3_0_hw_platform.a(ace_config.o)
 .debug_pubnames
                0x00001132      0x1ec C:\Users\rpokeefe\repos\373\ants_master\SoftConsole\ants_master_MSS_MSS_CM3_0\ants_master_MSS_MSS_CM3_0_hw_platform\Debug\libants_master_MSS_MSS_CM3_0_hw_platform.a(ace_convert.o)
 .debug_pubnames
                0x0000131e      0x65f C:\Users\rpokeefe\repos\373\ants_master\SoftConsole\ants_master_MSS_MSS_CM3_0\ants_master_MSS_MSS_CM3_0_hw_platform\Debug\libants_master_MSS_MSS_CM3_0_hw_platform.a(ace_flags.o)

.debug_info     0x00000000     0xdded
 *(.debug_info .gnu.linkonce.wi.*)
 .debug_info    0x00000000      0x8fd ./main.o
 .debug_info    0x000008fd       0x29 ./main_lcd.o
 .debug_info    0x00000926     0x10f3 ./drivers/LCD.o
 .debug_info    0x00001a19      0xcd9 ./drivers/Pixy_SPI.o
 .debug_info    0x000026f2       0xf9 ./drivers/dsensor_driver.o
 .debug_info    0x000027eb      0x33c ./drivers/n64_driver.o
 .debug_info    0x00002b27       0xf1 ./drivers/servo_control.o
 .debug_info    0x00002c18      0x5d1 ./drivers/stats_display.o
 .debug_info    0x000031e9     0x11da ./drivers/timer_t.o
 .debug_info    0x000043c3     0x10f0 C:/Users/rpokeefe/repos/373/ants_master/SoftConsole/ants_master_MSS_MSS_CM3_0/ants_master_MSS_MSS_CM3_0_hw_platform/Debug/CMSIS/startup_gcc/newlib_stubs.o
 .debug_info    0x000054b3     0x15a4 C:\Users\rpokeefe\repos\373\ants_master\SoftConsole\ants_master_MSS_MSS_CM3_0\ants_master_MSS_MSS_CM3_0_hw_platform\Debug\libants_master_MSS_MSS_CM3_0_hw_platform.a(mss_uart.o)
 .debug_info    0x00006a57     0x1472 C:\Users\rpokeefe\repos\373\ants_master\SoftConsole\ants_master_MSS_MSS_CM3_0\ants_master_MSS_MSS_CM3_0_hw_platform\Debug\libants_master_MSS_MSS_CM3_0_hw_platform.a(mss_spi.o)
 .debug_info    0x00007ec9     0x1114 C:\Users\rpokeefe\repos\373\ants_master\SoftConsole\ants_master_MSS_MSS_CM3_0\ants_master_MSS_MSS_CM3_0_hw_platform\Debug\libants_master_MSS_MSS_CM3_0_hw_platform.a(mss_gpio.o)
 .debug_info    0x00008fdd     0x1afb C:\Users\rpokeefe\repos\373\ants_master\SoftConsole\ants_master_MSS_MSS_CM3_0\ants_master_MSS_MSS_CM3_0_hw_platform\Debug\libants_master_MSS_MSS_CM3_0_hw_platform.a(mss_ace.o)
 .debug_info    0x0000aad8      0x53c C:\Users\rpokeefe\repos\373\ants_master\SoftConsole\ants_master_MSS_MSS_CM3_0\ants_master_MSS_MSS_CM3_0_hw_platform\Debug\libants_master_MSS_MSS_CM3_0_hw_platform.a(system_a2fxxxm3.o)
 .debug_info    0x0000b014      0x480 C:\Users\rpokeefe\repos\373\ants_master\SoftConsole\ants_master_MSS_MSS_CM3_0\ants_master_MSS_MSS_CM3_0_hw_platform\Debug\libants_master_MSS_MSS_CM3_0_hw_platform.a(ace_config.o)
 .debug_info    0x0000b494     0x1aa2 C:\Users\rpokeefe\repos\373\ants_master\SoftConsole\ants_master_MSS_MSS_CM3_0\ants_master_MSS_MSS_CM3_0_hw_platform\Debug\libants_master_MSS_MSS_CM3_0_hw_platform.a(ace_convert.o)
 .debug_info    0x0000cf36      0xeb7 C:\Users\rpokeefe\repos\373\ants_master\SoftConsole\ants_master_MSS_MSS_CM3_0\ants_master_MSS_MSS_CM3_0_hw_platform\Debug\libants_master_MSS_MSS_CM3_0_hw_platform.a(ace_flags.o)

.debug_abbrev   0x00000000     0x1bdf
 *(.debug_abbrev)
 .debug_abbrev  0x00000000      0x213 ./main.o
 .debug_abbrev  0x00000213       0x16 ./main_lcd.o
 .debug_abbrev  0x00000229      0x203 ./drivers/LCD.o
 .debug_abbrev  0x0000042c      0x239 ./drivers/Pixy_SPI.o
 .debug_abbrev  0x00000665       0x8b ./drivers/dsensor_driver.o
 .debug_abbrev  0x000006f0      0x11f ./drivers/n64_driver.o
 .debug_abbrev  0x0000080f       0x8e ./drivers/servo_control.o
 .debug_abbrev  0x0000089d      0x1c7 ./drivers/stats_display.o
 .debug_abbrev  0x00000a64      0x2b8 ./drivers/timer_t.o
 .debug_abbrev  0x00000d1c      0x1f4 C:/Users/rpokeefe/repos/373/ants_master/SoftConsole/ants_master_MSS_MSS_CM3_0/ants_master_MSS_MSS_CM3_0_hw_platform/Debug/CMSIS/startup_gcc/newlib_stubs.o
 .debug_abbrev  0x00000f10      0x245 C:\Users\rpokeefe\repos\373\ants_master\SoftConsole\ants_master_MSS_MSS_CM3_0\ants_master_MSS_MSS_CM3_0_hw_platform\Debug\libants_master_MSS_MSS_CM3_0_hw_platform.a(mss_uart.o)
 .debug_abbrev  0x00001155      0x219 C:\Users\rpokeefe\repos\373\ants_master\SoftConsole\ants_master_MSS_MSS_CM3_0\ants_master_MSS_MSS_CM3_0_hw_platform\Debug\libants_master_MSS_MSS_CM3_0_hw_platform.a(mss_spi.o)
 .debug_abbrev  0x0000136e      0x181 C:\Users\rpokeefe\repos\373\ants_master\SoftConsole\ants_master_MSS_MSS_CM3_0\ants_master_MSS_MSS_CM3_0_hw_platform\Debug\libants_master_MSS_MSS_CM3_0_hw_platform.a(mss_gpio.o)
 .debug_abbrev  0x000014ef      0x225 C:\Users\rpokeefe\repos\373\ants_master\SoftConsole\ants_master_MSS_MSS_CM3_0\ants_master_MSS_MSS_CM3_0_hw_platform\Debug\libants_master_MSS_MSS_CM3_0_hw_platform.a(mss_ace.o)
 .debug_abbrev  0x00001714      0x111 C:\Users\rpokeefe\repos\373\ants_master\SoftConsole\ants_master_MSS_MSS_CM3_0\ants_master_MSS_MSS_CM3_0_hw_platform\Debug\libants_master_MSS_MSS_CM3_0_hw_platform.a(system_a2fxxxm3.o)
 .debug_abbrev  0x00001825       0xbd C:\Users\rpokeefe\repos\373\ants_master\SoftConsole\ants_master_MSS_MSS_CM3_0\ants_master_MSS_MSS_CM3_0_hw_platform\Debug\libants_master_MSS_MSS_CM3_0_hw_platform.a(ace_config.o)
 .debug_abbrev  0x000018e2      0x191 C:\Users\rpokeefe\repos\373\ants_master\SoftConsole\ants_master_MSS_MSS_CM3_0\ants_master_MSS_MSS_CM3_0_hw_platform\Debug\libants_master_MSS_MSS_CM3_0_hw_platform.a(ace_convert.o)
 .debug_abbrev  0x00001a73      0x16c C:\Users\rpokeefe\repos\373\ants_master\SoftConsole\ants_master_MSS_MSS_CM3_0\ants_master_MSS_MSS_CM3_0_hw_platform\Debug\libants_master_MSS_MSS_CM3_0_hw_platform.a(ace_flags.o)

.debug_line     0x00000000     0x5928
 *(.debug_line)
 .debug_line    0x00000000      0xc74 ./main.o
 .debug_line    0x00000c74       0x2e ./main_lcd.o
 .debug_line    0x00000ca2      0x40b ./drivers/LCD.o
 .debug_line    0x000010ad      0x591 ./drivers/Pixy_SPI.o
 .debug_line    0x0000163e      0x30c ./drivers/dsensor_driver.o
 .debug_line    0x0000194a      0x34f ./drivers/n64_driver.o
 .debug_line    0x00001c99      0x30a ./drivers/servo_control.o
 .debug_line    0x00001fa3      0x811 ./drivers/stats_display.o
 .debug_line    0x000027b4      0x5b3 ./drivers/timer_t.o
 .debug_line    0x00002d67      0x515 C:/Users/rpokeefe/repos/373/ants_master/SoftConsole/ants_master_MSS_MSS_CM3_0/ants_master_MSS_MSS_CM3_0_hw_platform/Debug/CMSIS/startup_gcc/newlib_stubs.o
 .debug_line    0x0000327c      0x581 C:\Users\rpokeefe\repos\373\ants_master\SoftConsole\ants_master_MSS_MSS_CM3_0\ants_master_MSS_MSS_CM3_0_hw_platform\Debug\libants_master_MSS_MSS_CM3_0_hw_platform.a(mss_uart.o)
 .debug_line    0x000037fd      0x70a C:\Users\rpokeefe\repos\373\ants_master\SoftConsole\ants_master_MSS_MSS_CM3_0\ants_master_MSS_MSS_CM3_0_hw_platform\Debug\libants_master_MSS_MSS_CM3_0_hw_platform.a(mss_spi.o)
 .debug_line    0x00003f07      0x32f C:\Users\rpokeefe\repos\373\ants_master\SoftConsole\ants_master_MSS_MSS_CM3_0\ants_master_MSS_MSS_CM3_0_hw_platform\Debug\libants_master_MSS_MSS_CM3_0_hw_platform.a(mss_gpio.o)
 .debug_line    0x00004236      0x605 C:\Users\rpokeefe\repos\373\ants_master\SoftConsole\ants_master_MSS_MSS_CM3_0\ants_master_MSS_MSS_CM3_0_hw_platform\Debug\libants_master_MSS_MSS_CM3_0_hw_platform.a(mss_ace.o)
 .debug_line    0x0000483b      0x284 C:\Users\rpokeefe\repos\373\ants_master\SoftConsole\ants_master_MSS_MSS_CM3_0\ants_master_MSS_MSS_CM3_0_hw_platform\Debug\libants_master_MSS_MSS_CM3_0_hw_platform.a(system_a2fxxxm3.o)
 .debug_line    0x00004abf      0x1ac C:\Users\rpokeefe\repos\373\ants_master\SoftConsole\ants_master_MSS_MSS_CM3_0\ants_master_MSS_MSS_CM3_0_hw_platform\Debug\libants_master_MSS_MSS_CM3_0_hw_platform.a(ace_config.o)
 .debug_line    0x00004c6b      0x4de C:\Users\rpokeefe\repos\373\ants_master\SoftConsole\ants_master_MSS_MSS_CM3_0\ants_master_MSS_MSS_CM3_0_hw_platform\Debug\libants_master_MSS_MSS_CM3_0_hw_platform.a(ace_convert.o)
 .debug_line    0x00005149      0x7df C:\Users\rpokeefe\repos\373\ants_master\SoftConsole\ants_master_MSS_MSS_CM3_0\ants_master_MSS_MSS_CM3_0_hw_platform\Debug\libants_master_MSS_MSS_CM3_0_hw_platform.a(ace_flags.o)

.debug_frame    0x00000000     0x2b68
 *(.debug_frame)
 .debug_frame   0x00000000      0x1a8 ./main.o
 .debug_frame   0x000001a8      0x1f8 ./drivers/LCD.o
 .debug_frame   0x000003a0      0x148 ./drivers/Pixy_SPI.o
 .debug_frame   0x000004e8       0x40 ./drivers/dsensor_driver.o
 .debug_frame   0x00000528       0x90 ./drivers/n64_driver.o
 .debug_frame   0x000005b8       0x30 ./drivers/servo_control.o
 .debug_frame   0x000005e8      0x118 ./drivers/stats_display.o
 .debug_frame   0x00000700      0x118 ./drivers/timer_t.o
 .debug_frame   0x00000818      0x220 C:/Users/rpokeefe/repos/373/ants_master/SoftConsole/ants_master_MSS_MSS_CM3_0/ants_master_MSS_MSS_CM3_0_hw_platform/Debug/CMSIS/startup_gcc/newlib_stubs.o
 .debug_frame   0x00000a38      0x2e4 C:\Users\rpokeefe\repos\373\ants_master\SoftConsole\ants_master_MSS_MSS_CM3_0\ants_master_MSS_MSS_CM3_0_hw_platform\Debug\libants_master_MSS_MSS_CM3_0_hw_platform.a(mss_uart.o)
 .debug_frame   0x00000d1c      0x320 C:\Users\rpokeefe\repos\373\ants_master\SoftConsole\ants_master_MSS_MSS_CM3_0\ants_master_MSS_MSS_CM3_0_hw_platform\Debug\libants_master_MSS_MSS_CM3_0_hw_platform.a(mss_spi.o)
 .debug_frame   0x0000103c      0x118 C:\Users\rpokeefe\repos\373\ants_master\SoftConsole\ants_master_MSS_MSS_CM3_0\ants_master_MSS_MSS_CM3_0_hw_platform\Debug\libants_master_MSS_MSS_CM3_0_hw_platform.a(mss_gpio.o)
 .debug_frame   0x00001154      0x2cc C:\Users\rpokeefe\repos\373\ants_master\SoftConsole\ants_master_MSS_MSS_CM3_0\ants_master_MSS_MSS_CM3_0_hw_platform\Debug\libants_master_MSS_MSS_CM3_0_hw_platform.a(mss_ace.o)
 .debug_frame   0x00001420       0x64 C:\Users\rpokeefe\repos\373\ants_master\SoftConsole\ants_master_MSS_MSS_CM3_0\ants_master_MSS_MSS_CM3_0_hw_platform\Debug\libants_master_MSS_MSS_CM3_0_hw_platform.a(system_a2fxxxm3.o)
 .debug_frame   0x00001484      0x24c C:\Users\rpokeefe\repos\373\ants_master\SoftConsole\ants_master_MSS_MSS_CM3_0\ants_master_MSS_MSS_CM3_0_hw_platform\Debug\libants_master_MSS_MSS_CM3_0_hw_platform.a(ace_convert.o)
 .debug_frame   0x000016d0      0x764 C:\Users\rpokeefe\repos\373\ants_master\SoftConsole\ants_master_MSS_MSS_CM3_0\ants_master_MSS_MSS_CM3_0_hw_platform\Debug\libants_master_MSS_MSS_CM3_0_hw_platform.a(ace_flags.o)
 .debug_frame   0x00001e34       0x20 c:/actel/libero_v9.1/softconsole/sourcery-g++/bin/../lib/gcc/arm-none-eabi/4.4.1/../../../../arm-none-eabi/lib/thumb2\libc.a(lib_a-errno.o)
 .debug_frame   0x00001e54       0x2c c:/actel/libero_v9.1/softconsole/sourcery-g++/bin/../lib/gcc/arm-none-eabi/4.4.1/../../../../arm-none-eabi/lib/thumb2\libc.a(lib_a-init.o)
 .debug_frame   0x00001e80       0x30 c:/actel/libero_v9.1/softconsole/sourcery-g++/bin/../lib/gcc/arm-none-eabi/4.4.1/../../../../arm-none-eabi/lib/thumb2\libc.a(lib_a-malloc.o)
 .debug_frame   0x00001eb0       0x3c c:/actel/libero_v9.1/softconsole/sourcery-g++/bin/../lib/gcc/arm-none-eabi/4.4.1/../../../../arm-none-eabi/lib/thumb2\libc.a(lib_a-mallocr.o)
 .debug_frame   0x00001eec       0x34 c:/actel/libero_v9.1/softconsole/sourcery-g++/bin/../lib/gcc/arm-none-eabi/4.4.1/../../../../arm-none-eabi/lib/thumb2\libc.a(lib_a-memcpy.o)
 .debug_frame   0x00001f20       0x28 c:/actel/libero_v9.1/softconsole/sourcery-g++/bin/../lib/gcc/arm-none-eabi/4.4.1/../../../../arm-none-eabi/lib/thumb2\libc.a(lib_a-memset.o)
 .debug_frame   0x00001f48       0x30 c:/actel/libero_v9.1/softconsole/sourcery-g++/bin/../lib/gcc/arm-none-eabi/4.4.1/../../../../arm-none-eabi/lib/thumb2\libc.a(lib_a-mlock.o)
 .debug_frame   0x00001f78       0x5c c:/actel/libero_v9.1/softconsole/sourcery-g++/bin/../lib/gcc/arm-none-eabi/4.4.1/../../../../arm-none-eabi/lib/thumb2\libc.a(lib_a-printf.o)
 .debug_frame   0x00001fd4       0x40 c:/actel/libero_v9.1/softconsole/sourcery-g++/bin/../lib/gcc/arm-none-eabi/4.4.1/../../../../arm-none-eabi/lib/thumb2\libc.a(lib_a-puts.o)
 .debug_frame   0x00002014       0x2c c:/actel/libero_v9.1/softconsole/sourcery-g++/bin/../lib/gcc/arm-none-eabi/4.4.1/../../../../arm-none-eabi/lib/thumb2\libc.a(lib_a-sbrkr.o)
 .debug_frame   0x00002040       0x5c c:/actel/libero_v9.1/softconsole/sourcery-g++/bin/../lib/gcc/arm-none-eabi/4.4.1/../../../../arm-none-eabi/lib/thumb2\libc.a(lib_a-sprintf.o)
 .debug_frame   0x0000209c       0x20 c:/actel/libero_v9.1/softconsole/sourcery-g++/bin/../lib/gcc/arm-none-eabi/4.4.1/../../../../arm-none-eabi/lib/thumb2\libc.a(lib_a-strlen.o)
 .debug_frame   0x000020bc       0x28 c:/actel/libero_v9.1/softconsole/sourcery-g++/bin/../lib/gcc/arm-none-eabi/4.4.1/../../../../arm-none-eabi/lib/thumb2\libc.a(lib_a-strncmp.o)