Archive member included because of file (symbol)

C:\Users\rpokeefe\repos\373\ants_master\SoftConsole\ants_master_MSS_MSS_CM3_0\ants_master_MSS_MSS_CM3_0_hw_platform\Debug\libants_master_MSS_MSS_CM3_0_hw_platform.a(mss_uart.o)
                              C:/Users/rpokeefe/repos/373/ants_master/SoftConsole/ants_master_MSS_MSS_CM3_0/ants_master_MSS_MSS_CM3_0_hw_platform/Debug/CMSIS/startup_gcc/newlib_stubs.o (g_mss_uart0)
C:\Users\rpokeefe\repos\373\ants_master\SoftConsole\ants_master_MSS_MSS_CM3_0\ants_master_MSS_MSS_CM3_0_hw_platform\Debug\libants_master_MSS_MSS_CM3_0_hw_platform.a(mss_spi.o)
                              ./drivers/Pixy_SPI.o (g_mss_spi1)
C:\Users\rpokeefe\repos\373\ants_master\SoftConsole\ants_master_MSS_MSS_CM3_0\ants_master_MSS_MSS_CM3_0_hw_platform\Debug\libants_master_MSS_MSS_CM3_0_hw_platform.a(mss_gpio.o)
                              ./main.o (MSS_GPIO_init)
C:\Users\rpokeefe\repos\373\ants_master\SoftConsole\ants_master_MSS_MSS_CM3_0\ants_master_MSS_MSS_CM3_0_hw_platform\Debug\libants_master_MSS_MSS_CM3_0_hw_platform.a(mss_ace.o)
                              ./main.o (ACE_init)
C:\Users\rpokeefe\repos\373\ants_master\SoftConsole\ants_master_MSS_MSS_CM3_0\ants_master_MSS_MSS_CM3_0_hw_platform\Debug\libants_master_MSS_MSS_CM3_0_hw_platform.a(system_a2fxxxm3.o)
                              C:\Users\rpokeefe\repos\373\ants_master\SoftConsole\ants_master_MSS_MSS_CM3_0\ants_master_MSS_MSS_CM3_0_hw_platform\Debug\libants_master_MSS_MSS_CM3_0_hw_platform.a(mss_uart.o) (g_FrequencyPCLK0)
C:\Users\rpokeefe\repos\373\ants_master\SoftConsole\ants_master_MSS_MSS_CM3_0\ants_master_MSS_MSS_CM3_0_hw_platform\Debug\libants_master_MSS_MSS_CM3_0_hw_platform.a(ace_config.o)
                              C:\Users\rpokeefe\repos\373\ants_master\SoftConsole\ants_master_MSS_MSS_CM3_0\ants_master_MSS_MSS_CM3_0_hw_platform\Debug\libants_master_MSS_MSS_CM3_0_hw_platform.a(mss_ace.o) (g_ace_channel_desc_table)
C:\Users\rpokeefe\repos\373\ants_master\SoftConsole\ants_master_MSS_MSS_CM3_0\ants_master_MSS_MSS_CM3_0_hw_platform\Debug\libants_master_MSS_MSS_CM3_0_hw_platform.a(ace_convert.o)
                              C:\Users\rpokeefe\repos\373\ants_master\SoftConsole\ants_master_MSS_MSS_CM3_0\ants_master_MSS_MSS_CM3_0_hw_platform\Debug\libants_master_MSS_MSS_CM3_0_hw_platform.a(mss_ace.o) (ace_init_convert)
C:\Users\rpokeefe\repos\373\ants_master\SoftConsole\ants_master_MSS_MSS_CM3_0\ants_master_MSS_MSS_CM3_0_hw_platform\Debug\libants_master_MSS_MSS_CM3_0_hw_platform.a(ace_flags.o)
                              C:\Users\rpokeefe\repos\373\ants_master\SoftConsole\ants_master_MSS_MSS_CM3_0\ants_master_MSS_MSS_CM3_0_hw_platform\Debug\libants_master_MSS_MSS_CM3_0_hw_platform.a(mss_ace.o) (ace_init_flags)
c:/actel/libero_v9.1/softconsole/sourcery-g++/bin/../lib/gcc/arm-none-eabi/4.4.1/thumb2\libgcc.a(_arm_addsubdf3.o)
                              ./drivers/dsensor_driver.o (__aeabi_f2d)
c:/actel/libero_v9.1/softconsole/sourcery-g++/bin/../lib/gcc/arm-none-eabi/4.4.1/thumb2\libgcc.a(_arm_muldivdf3.o)
                              ./drivers/dsensor_driver.o (__aeabi_dmul)
c:/actel/libero_v9.1/softconsole/sourcery-g++/bin/../lib/gcc/arm-none-eabi/4.4.1/thumb2\libgcc.a(_arm_truncdfsf2.o)
                              ./drivers/dsensor_driver.o (__aeabi_d2f)
c:/actel/libero_v9.1/softconsole/sourcery-g++/bin/../lib/gcc/arm-none-eabi/4.4.1/thumb2\libgcc.a(_arm_addsubsf3.o)
                              ./drivers/dsensor_driver.o (__aeabi_ui2f)
c:/actel/libero_v9.1/softconsole/sourcery-g++/bin/../lib/gcc/arm-none-eabi/4.4.1/../../../../arm-none-eabi/lib/thumb2\libc.a(lib_a-errno.o)
                              C:/Users/rpokeefe/repos/373/ants_master/SoftConsole/ants_master_MSS_MSS_CM3_0/ants_master_MSS_MSS_CM3_0_hw_platform/Debug/CMSIS/startup_gcc/newlib_stubs.o (__errno)
c:/actel/libero_v9.1/softconsole/sourcery-g++/bin/../lib/gcc/arm-none-eabi/4.4.1/../../../../arm-none-eabi/lib/thumb2\libc.a(lib_a-impure.o)
                              c:/actel/libero_v9.1/softconsole/sourcery-g++/bin/../lib/gcc/arm-none-eabi/4.4.1/../../../../arm-none-eabi/lib/thumb2\libc.a(lib_a-errno.o) (_impure_ptr)
c:/actel/libero_v9.1/softconsole/sourcery-g++/bin/../lib/gcc/arm-none-eabi/4.4.1/../../../../arm-none-eabi/lib/thumb2\libc.a(lib_a-init.o)
                              C:/Users/rpokeefe/repos/373/ants_master/SoftConsole/ants_master_MSS_MSS_CM3_0/ants_master_MSS_MSS_CM3_0_hw_platform/Debug/CMSIS/startup_gcc/startup_a2fxxxm3.o (__libc_init_array)
c:/actel/libero_v9.1/softconsole/sourcery-g++/bin/../lib/gcc/arm-none-eabi/4.4.1/../../../../arm-none-eabi/lib/thumb2\libc.a(lib_a-malloc.o)
                              ./drivers/Pixy_SPI.o (malloc)
c:/actel/libero_v9.1/softconsole/sourcery-g++/bin/../lib/gcc/arm-none-eabi/4.4.1/../../../../arm-none-eabi/lib/thumb2\libc.a(lib_a-mallocr.o)
[...]
Memory Configuration

Name             Origin             Length             Attributes
ram              0x20000000         0x00010000         xrw
*default*        0x00000000         0xffffffff

Linker script and memory map

LOAD c:/actel/libero_v9.1/softconsole/sourcery-g++/bin/../lib/gcc/arm-none-eabi/4.4.1/thumb2/crti.o
LOAD c:/actel/libero_v9.1/softconsole/sourcery-g++/bin/../lib/gcc/arm-none-eabi/4.4.1/thumb2/crtbegin.o
LOAD ./main.o
LOAD ./drivers/Pixy_SPI.o
LOAD ./drivers/dsensor_driver.o
LOAD ./drivers/n64_driver.o
LOAD ./drivers/servo_control.o
LOAD C:/Users/rpokeefe/repos/373/ants_master/SoftConsole/ants_master_MSS_MSS_CM3_0/ants_master_MSS_MSS_CM3_0_hw_platform/Debug/CMSIS/startup_gcc/startup_a2fxxxm3.o
LOAD C:/Users/rpokeefe/repos/373/ants_master/SoftConsole/ants_master_MSS_MSS_CM3_0/ants_master_MSS_MSS_CM3_0_hw_platform/Debug/CMSIS/startup_gcc/newlib_stubs.o
LOAD C:\Users\rpokeefe\repos\373\ants_master\SoftConsole\ants_master_MSS_MSS_CM3_0\ants_master_MSS_MSS_CM3_0_hw_platform\Debug\libants_master_MSS_MSS_CM3_0_hw_platform.a
START GROUP
LOAD c:/actel/libero_v9.1/softconsole/sourcery-g++/bin/../lib/gcc/arm-none-eabi/4.4.1/thumb2\libgcc.a
LOAD c:/actel/libero_v9.1/softconsole/sourcery-g++/bin/../lib/gcc/arm-none-eabi/4.4.1/../../../../arm-none-eabi/lib/thumb2\libc.a
END GROUP
LOAD c:/actel/libero_v9.1/softconsole/sourcery-g++/bin/../lib/gcc/arm-none-eabi/4.4.1/thumb2/crtend.o
LOAD c:/actel/libero_v9.1/softconsole/sourcery-g++/bin/../lib/gcc/arm-none-eabi/4.4.1/thumb2/crtn.o
START GROUP
LOAD c:/actel/libero_v9.1/softconsole/sourcery-g++/bin/../lib/gcc/arm-none-eabi/4.4.1/../../../../arm-none-eabi/lib/thumb2\libc.a
LOAD c:/actel/libero_v9.1/softconsole/sourcery-g++/bin/../lib/gcc/arm-none-eabi/4.4.1/thumb2\libgcc.a
LOAD c:/actel/libero_v9.1/softconsole/sourcery-g++/bin/../lib/gcc/arm-none-eabi/4.4.1/../../../../arm-none-eabi/lib/thumb2\libm.a
END GROUP
                0x00000000                __DYNAMIC = 0x0
                0x20000000                RAM_START_ADDRESS = 0x20000000
                0x00010000                RAM_SIZE = 0x10000
                0x00002000                MAIN_STACK_SIZE = 0x2000
                0x00001000                PROCESS_STACK_SIZE = 0x1000
                0x20010000                PROVIDE (__main_stack_start, (RAM_START_ADDRESS + RAM_SIZE))
                0x2000e000                PROVIDE (__process_stack_start, (__main_stack_start - MAIN_STACK_SIZE))
                0x20010000                PROVIDE (_estack, __main_stack_start)
                0x00000000                PROVIDE (__mirrored_nvm, 0x0)

.text           0x20000000     0x9560
 CREATE_OBJECT_SYMBOLS
                0x20000000                __text_load = LOADADDR (.text)
                0x20000000                __text_start = .
                0x20000000                __vector_table_vma_base_address = .
 *(.isr_vector)
 .isr_vector    0x20000000      0x470 C:/Users/rpokeefe/repos/373/ants_master/SoftConsole/ants_master_MSS_MSS_CM3_0/ants_master_MSS_MSS_CM3_0_hw_platform/Debug/CMSIS/startup_gcc/startup_a2fxxxm3.o
                0x20000000                g_pfnVectors
                0x20000298                Reset_Handler
                0x20000308                NMI_Handler
                0x2000030a                HardFault_Handler
                0x2000030c                MemManage_Handler
                0x2000030e                BusFault_Handler
                0x20000310                UsageFault_Handler
                0x20000312                SVC_Handler
                0x20000314                DebugMon_Handler
                0x20000316                PendSV_Handler
                0x20000318                SysTick_Handler
                0x2000031a                WdogWakeup_IRQHandler
                0x2000031c                BrownOut_1_5V_IRQHandler
                0x2000031e                BrownOut_3_3V_IRQHandler
                0x20000320                RTC_Match_IRQHandler
                0x20000322                RTCIF_Pub_IRQHandler
                0x20000324                EthernetMAC_IRQHandler
                0x20000326                IAP_IRQHandler
                0x20000328                ENVM0_IRQHandler
                0x2000032a                ENVM1_IRQHandler
                0x2000032c                DMA_IRQHandler
                0x20000336                I2C0_IRQHandler
                0x20000338                I2C0_SMBAlert_IRQHandler
                0x2000033a                I2C0_SMBus_IRQHandler
                0x2000033c                I2C1_IRQHandler
                0x2000033e                I2C1_SMBAlert_IRQHandler
                0x20000340                I2C1_SMBus_IRQHandler
                0x20000342                Timer1_IRQHandler
                0x20000344                Timer2_IRQHandler
                0x20000346                PLL_Lock_IRQHandler
                0x20000348                PLL_LockLost_IRQHandler
                0x2000034a                CommError_IRQHandler
                0x2000034c                Fabric_IRQHandler
                0x2000034e                GPIO0_IRQHandler
                0x20000350                GPIO1_IRQHandler
                0x20000352                GPIO2_IRQHandler
                0x20000354                GPIO3_IRQHandler
                0x20000356                GPIO4_IRQHandler
                0x20000358                GPIO5_IRQHandler
                0x2000035a                GPIO6_IRQHandler
                0x2000035c                GPIO7_IRQHandler
                0x2000035e                GPIO8_IRQHandler
                0x20000360                GPIO9_IRQHandler
                0x20000362                GPIO10_IRQHandler
                0x20000364                GPIO11_IRQHandler
                0x20000366                GPIO12_IRQHandler
                0x20000368                GPIO13_IRQHandler
                0x2000036a                GPIO14_IRQHandler
                0x2000036c                GPIO15_IRQHandler
                0x2000036e                GPIO16_IRQHandler
                0x20000370                GPIO17_IRQHandler
                0x20000372                GPIO18_IRQHandler
                0x20000374                GPIO19_IRQHandler
                0x20000376                GPIO20_IRQHandler
                0x20000378                GPIO21_IRQHandler
                0x2000037a                GPIO22_IRQHandler
                0x2000037c                GPIO23_IRQHandler
                0x2000037e                GPIO24_IRQHandler
                0x20000380                GPIO25_IRQHandler
                0x20000382                GPIO26_IRQHandler
                0x20000384                GPIO27_IRQHandler
                0x20000386                GPIO28_IRQHandler
                0x20000388                GPIO29_IRQHandler
                0x2000038a                GPIO30_IRQHandler
                0x2000038c                GPIO31_IRQHandler
                0x2000038e                ACE_PC0_Flag0_IRQHandler
                0x20000390                ACE_PC0_Flag1_IRQHandler
                0x20000392                ACE_PC0_Flag2_IRQHandler
                0x20000394                ACE_PC0_Flag3_IRQHandler
                0x20000396                ACE_PC1_Flag0_IRQHandler
                0x20000398                ACE_PC1_Flag1_IRQHandler
                0x2000039a                ACE_PC1_Flag2_IRQHandler
                0x2000039c                ACE_PC1_Flag3_IRQHandler
                0x2000039e                ACE_PC2_Flag0_IRQHandler
                0x200003a0                ACE_PC2_Flag1_IRQHandler
                0x200003a2                ACE_PC2_Flag2_IRQHandler
                0x200003a4                ACE_PC2_Flag3_IRQHandler
                0x200003a6                ACE_ADC0_DataValid_IRQHandler
                0x200003a8                ACE_ADC1_DataValid_IRQHandler
                0x200003aa                ACE_ADC2_DataValid_IRQHandler
                0x200003ac                ACE_ADC0_CalDone_IRQHandler
                0x200003ae                ACE_ADC1_CalDone_IRQHandler
                0x200003b0                ACE_ADC2_CalDone_IRQHandler
                0x200003b2                ACE_ADC0_CalStart_IRQHandler
                0x200003b4                ACE_ADC1_CalStart_IRQHandler
                0x200003b6                ACE_ADC2_CalStart_IRQHandler
                0x200003b8                ACE_Comp0_Fall_IRQHandler
                0x200003ba                ACE_Comp1_Fall_IRQHandler
                0x200003bc                ACE_Comp2_Fall_IRQHandler
                0x200003be                ACE_Comp3_Fall_IRQHandler
                0x200003c0                ACE_Comp4_Fall_IRQHandler
                0x200003c2                ACE_Comp5_Fall_IRQHandler
                0x200003c4                ACE_Comp6_Fall_IRQHandler
                0x200003c6                ACE_Comp7_Fall_IRQHandler
                0x200003c8                ACE_Comp8_Fall_IRQHandler
                0x200003ca                ACE_Comp9_Fall_IRQHandler
                0x200003cc                ACE_Comp10_Fall_IRQHandler
                0x200003ce                ACE_Comp11_Fall_IRQHandler
                0x200003d0                ACE_Comp0_Rise_IRQHandler
                0x200003d2                ACE_Comp1_Rise_IRQHandler
                0x200003d4                ACE_Comp2_Rise_IRQHandler
                0x200003d6                ACE_Comp3_Rise_IRQHandler
                0x200003d8                ACE_Comp4_Rise_IRQHandler
                0x200003da                ACE_Comp5_Rise_IRQHandler
                0x200003dc                ACE_Comp6_Rise_IRQHandler
                0x200003de                ACE_Comp7_Rise_IRQHandler
                0x200003e0                ACE_Comp8_Rise_IRQHandler
                0x200003e2                ACE_Comp9_Rise_IRQHandler
                0x200003e4                ACE_Comp10_Rise_IRQHandler
                0x200003e6                ACE_Comp11_Rise_IRQHandler
                0x200003e8                ACE_ADC0_FifoFull_IRQHandler
                0x200003ea                ACE_ADC0_FifoAFull_IRQHandler
                0x200003ec                ACE_ADC0_FifoEmpty_IRQHandler
                0x200003ee                ACE_ADC1_FifoFull_IRQHandler
                0x200003f0                ACE_ADC1_FifoAFull_IRQHandler
                0x200003f2                ACE_ADC1_FifoEmpty_IRQHandler
                0x200003f4                ACE_ADC2_FifoFull_IRQHandler
                0x200003f6                ACE_ADC2_FifoAFull_IRQHandler
                0x200003f8                ACE_ADC2_FifoEmpty_IRQHandler
 *(.text .text.* .gnu.linkonce.t.*)
 .text          0x20000470       0x30 c:/actel/libero_v9.1/softconsole/sourcery-g++/bin/../lib/gcc/arm-none-eabi/4.4.1/thumb2/crtbegin.o
 .text.trigger_solenoid_pin_init
                0x200004a0       0x24 ./main.o
                0x200004a0                trigger_solenoid_pin_init
 .text.trigger_solenoid_activate
                0x200004c4       0x48 ./main.o
                0x200004c4                trigger_solenoid_activate
 .text.main     0x2000050c       0x90 ./main.o
                0x2000050c                main
 .text.do_solenoid
                0x2000059c      0x11c ./main.o
                0x2000059c                do_solenoid
 .text.do_servos_manual
                0x200006b8      0x220 ./main.o
                0x200006b8                do_servos_manual
 .text.do_automatic
                0x200008d8      0x18c ./main.o
                0x200008d8                do_automatic
 .text.getByte  0x20000a64       0x4c ./drivers/Pixy_SPI.o
                0x20000a64                getByte
 .text.getWord  0x20000ab0       0xc0 ./drivers/Pixy_SPI.o
 .text.Pixy_init
                0x20000b70       0x54 ./drivers/Pixy_SPI.o
                0x20000b70                Pixy_init
 .text.Pixy_get_start
                0x20000bc4       0x98 ./drivers/Pixy_SPI.o
                0x20000bc4                Pixy_get_start
 .text.Pixy_get_blocks
                0x20000c5c      0x198 ./drivers/Pixy_SPI.o
                0x20000c5c                Pixy_get_blocks
 .text.Pixy_get_target_location
                0x20000df4       0x50 ./drivers/Pixy_SPI.o
                0x20000df4                Pixy_get_target_location
 .text.n64_get_state
                0x20000e44       0x30 ./drivers/n64_driver.o
                0x20000e44                n64_get_state
 .text.n64_reset
                0x20000e74       0x24 ./drivers/n64_driver.o
                0x20000e74                n64_reset
 .text.n64_enable
                0x20000e98       0x24 ./drivers/n64_driver.o
                0x20000e98                n64_enable
 .text._map_n64_to_pwm_val
                0x20000ebc       0x68 ./drivers/n64_driver.o
                0x20000ebc                _map_n64_to_pwm_val
 .text.map_n64_analog_to_servo_pwm
                0x20000f24       0x38 ./drivers/n64_driver.o
                0x20000f24                map_n64_analog_to_servo_pwm
 .text.set_x_servo_analog_pw
                0x20000f5c       0x58 ./drivers/servo_control.o
                0x20000f5c                set_x_servo_analog_pw
 .text.set_y_servo_analog_pw
                0x20000fb4       0x58 ./drivers/servo_control.o
                0x20000fb4                set_y_servo_analog_pw
 .text.servos_print_counts
                0x2000100c       0x50 ./drivers/servo_control.o
                0x2000100c                servos_print_counts
 .text._close   0x2000105c       0x18 C:/Users/rpokeefe/repos/373/ants_master/SoftConsole/ants_master_MSS_MSS_CM3_0/ants_master_MSS_MSS_CM3_0_hw_platform/Debug/CMSIS/startup_gcc/newlib_stubs.o
                0x2000105c                _close
 .text._exit    0x20001074        0xc C:/Users/rpokeefe/repos/373/ants_master/SoftConsole/ants_master_MSS_MSS_CM3_0/ants_master_MSS_MSS_CM3_0_hw_platform/Debug/CMSIS/startup_gcc/newlib_stubs.o
                0x20001074                _exit
 .text._fstat   0x20001080       0x24 C:/Users/rpokeefe/repos/373/ants_master/SoftConsole/ants_master_MSS_MSS_CM3_0/ants_master_MSS_MSS_CM3_0_hw_platform/Debug/CMSIS/startup_gcc/newlib_stubs.o
                0x20001080                _fstat
 .text._isatty  0x200010a4       0x18 C:/Users/rpokeefe/repos/373/ants_master/SoftConsole/ants_master_MSS_MSS_CM3_0/ants_master_MSS_MSS_CM3_0_hw_platform/Debug/CMSIS/startup_gcc/newlib_stubs.o
                0x200010a4                _isatty
 .text._lseek   0x200010bc       0x1c C:/Users/rpokeefe/repos/373/ants_master/SoftConsole/ants_master_MSS_MSS_CM3_0/ants_master_MSS_MSS_CM3_0_hw_platform/Debug/CMSIS/startup_gcc/newlib_stubs.o
                0x200010bc                _lseek
 .text._read    0x200010d8       0x1c C:/Users/rpokeefe/repos/373/ants_master/SoftConsole/ants_master_MSS_MSS_CM3_0/ants_master_MSS_MSS_CM3_0_hw_platform/Debug/CMSIS/startup_gcc/newlib_stubs.o
                0x200010d8                _read
 .text._write_r
                0x200010f4       0x5c C:/Users/rpokeefe/repos/373/ants_master/SoftConsole/ants_master_MSS_MSS_CM3_0/ants_master_MSS_MSS_CM3_0_hw_platform/Debug/CMSIS/startup_gcc/newlib_stubs.o
                0x200010f4                _write_r
 .text._sbrk    0x20001150       0x94 C:/Users/rpokeefe/repos/373/ants_master/SoftConsole/ants_master_MSS_MSS_CM3_0/ants_master_MSS_MSS_CM3_0_hw_platform/Debug/CMSIS/startup_gcc/newlib_stubs.o
                0x20001150                _sbrk
 .text.NVIC_ClearPendingIRQ
                0x200011e4       0x3c C:\Users\rpokeefe\repos\373\ants_master\SoftConsole\ants_master_MSS_MSS_CM3_0\ants_master_MSS_MSS_CM3_0_hw_platform\Debug\libants_master_MSS_MSS_CM3_0_hw_platform.a(mss_uart.o)
 .text.MSS_UART_init
                0x20001220      0x204 C:\Users\rpokeefe\repos\373\ants_master\SoftConsole\ants_master_MSS_MSS_CM3_0\ants_master_MSS_MSS_CM3_0_hw_platform\Debug\libants_master_MSS_MSS_CM3_0_hw_platform.a(mss_uart.o)
                0x20001220                MSS_UART_init
 .text.MSS_UART_polled_tx
                0x20001424       0xe4 C:\Users\rpokeefe\repos\373\ants_master\SoftConsole\ants_master_MSS_MSS_CM3_0\ants_master_MSS_MSS_CM3_0_hw_platform\Debug\libants_master_MSS_MSS_CM3_0_hw_platform.a(mss_uart.o)
                0x20001424                MSS_UART_polled_tx
 .text.MSS_UART_isr
                0x20001508      0x11c C:\Users\rpokeefe\repos\373\ants_master\SoftConsole\ants_master_MSS_MSS_CM3_0\ants_master_MSS_MSS_CM3_0_hw_platform\Debug\libants_master_MSS_MSS_CM3_0_hw_platform.a(mss_uart.o)
 .text.default_tx_handler
                0x20001624      0x108 C:\Users\rpokeefe\repos\373\ants_master\SoftConsole\ants_master_MSS_MSS_CM3_0\ants_master_MSS_MSS_CM3_0_hw_platform\Debug\libants_master_MSS_MSS_CM3_0_hw_platform.a(mss_uart.o)
 .text.UART0_IRQHandler
                0x2000172c       0x2c C:\Users\rpokeefe\repos\373\ants_master\SoftConsole\ants_master_MSS_MSS_CM3_0\ants_master_MSS_MSS_CM3_0_hw_platform\Debug\libants_master_MSS_MSS_CM3_0_hw_platform.a(mss_uart.o)
                0x2000172c                UART0_IRQHandler
 .text.UART1_IRQHandler
                0x20001758       0x2c C:\Users\rpokeefe\repos\373\ants_master\SoftConsole\ants_master_MSS_MSS_CM3_0\ants_master_MSS_MSS_CM3_0_hw_platform\Debug\libants_master_MSS_MSS_CM3_0_hw_platform.a(mss_uart.o)
                0x20001758                UART1_IRQHandler
 .text.NVIC_EnableIRQ
                0x20001784       0x38 C:\Users\rpokeefe\repos\373\ants_master\SoftConsole\ants_master_MSS_MSS_CM3_0\ants_master_MSS_MSS_CM3_0_hw_platform\Debug\libants_master_MSS_MSS_CM3_0_hw_platform.a(mss_spi.o)
 .text.NVIC_DisableIRQ
                0x200017bc       0x3c C:\Users\rpokeefe\repos\373\ants_master\SoftConsole\ants_master_MSS_MSS_CM3_0\ants_master_MSS_MSS_CM3_0_hw_platform\Debug\libants_master_MSS_MSS_CM3_0_hw_platform.a(mss_spi.o)
 .text.NVIC_ClearPendingIRQ
                0x200017f8       0x3c C:\Users\rpokeefe\repos\373\ants_master\SoftConsole\ants_master_MSS_MSS_CM3_0\ants_master_MSS_MSS_CM3_0_hw_platform\Debug\libants_master_MSS_MSS_CM3_0_hw_platform.a(mss_spi.o)
 .text.MSS_SPI_init
                0x20001834      0x134 C:\Users\rpokeefe\repos\373\ants_master\SoftConsole\ants_master_MSS_MSS_CM3_0\ants_master_MSS_MSS_CM3_0_hw_platform\Debug\libants_master_MSS_MSS_CM3_0_hw_platform.a(mss_spi.o)
                0x20001834                MSS_SPI_init
 .text.recover_from_rx_overflow
                0x20001968      0x160 C:\Users\rpokeefe\repos\373\ants_master\SoftConsole\ants_master_MSS_MSS_CM3_0\ants_master_MSS_MSS_CM3_0_hw_platform\Debug\libants_master_MSS_MSS_CM3_0_hw_platform.a(mss_spi.o)
 .text.MSS_SPI_configure_master_mode
                0x20001ac8      0x120 C:\Users\rpokeefe\repos\373\ants_master\SoftConsole\ants_master_MSS_MSS_CM3_0\ants_master_MSS_MSS_CM3_0_hw_platform\Debug\libants_master_MSS_MSS_CM3_0_hw_platform.a(mss_spi.o)
                0x20001ac8                MSS_SPI_configure_master_mode
 .text.MSS_SPI_set_slave_select
                0x20001be8      0x108 C:\Users\rpokeefe\repos\373\ants_master\SoftConsole\ants_master_MSS_MSS_CM3_0\ants_master_MSS_MSS_CM3_0_hw_platform\Debug\libants_master_MSS_MSS_CM3_0_hw_platform.a(mss_spi.o)
                0x20001be8                MSS_SPI_set_slave_select
 .text.MSS_SPI_clear_slave_select
                0x20001cf0       0x90 C:\Users\rpokeefe\repos\373\ants_master\SoftConsole\ants_master_MSS_MSS_CM3_0\ants_master_MSS_MSS_CM3_0_hw_platform\Debug\libants_master_MSS_MSS_CM3_0_hw_platform.a(mss_spi.o)
                0x20001cf0                MSS_SPI_clear_slave_select
 .text.MSS_SPI_transfer_frame
                0x20001d80       0xec C:\Users\rpokeefe\repos\373\ants_master\SoftConsole\ants_master_MSS_MSS_CM3_0\ants_master_MSS_MSS_CM3_0_hw_platform\Debug\libants_master_MSS_MSS_CM3_0_hw_platform.a(mss_spi.o)
                0x20001d80                MSS_SPI_transfer_frame
 .text.fill_slave_tx_fifo
                0x20001e6c       0xe0 C:\Users\rpokeefe\repos\373\ants_master\SoftConsole\ants_master_MSS_MSS_CM3_0\ants_master_MSS_MSS_CM3_0_hw_platform\Debug\libants_master_MSS_MSS_CM3_0_hw_platform.a(mss_spi.o)
 .text.read_slave_rx_fifo
                0x20001f4c       0xac C:\Users\rpokeefe\repos\373\ants_master\SoftConsole\ants_master_MSS_MSS_CM3_0\ants_master_MSS_MSS_CM3_0_hw_platform\Debug\libants_master_MSS_MSS_CM3_0_hw_platform.a(mss_spi.o)
 .text.mss_spi_isr
                0x20001ff8      0x2b0 C:\Users\rpokeefe\repos\373\ants_master\SoftConsole\ants_master_MSS_MSS_CM3_0\ants_master_MSS_MSS_CM3_0_hw_platform\Debug\libants_master_MSS_MSS_CM3_0_hw_platform.a(mss_spi.o)
 .text.SPI0_IRQHandler
                0x200022a8       0x2c C:\Users\rpokeefe\repos\373\ants_master\SoftConsole\ants_master_MSS_MSS_CM3_0\ants_master_MSS_MSS_CM3_0_hw_platform\Debug\libants_master_MSS_MSS_CM3_0_hw_platform.a(mss_spi.o)
                0x200022a8                SPI0_IRQHandler
 .text.SPI1_IRQHandler
                0x200022d4       0x2c C:\Users\rpokeefe\repos\373\ants_master\SoftConsole\ants_master_MSS_MSS_CM3_0\ants_master_MSS_MSS_CM3_0_hw_platform\Debug\libants_master_MSS_MSS_CM3_0_hw_platform.a(mss_spi.o)
                0x200022d4                SPI1_IRQHandler
 .text.NVIC_ClearPendingIRQ
                0x20002300       0x3c C:\Users\rpokeefe\repos\373\ants_master\SoftConsole\ants_master_MSS_MSS_CM3_0\ants_master_MSS_MSS_CM3_0_hw_platform\Debug\libants_master_MSS_MSS_CM3_0_hw_platform.a(mss_gpio.o)
 .text.MSS_GPIO_init
                0x2000233c       0x6c C:\Users\rpokeefe\repos\373\ants_master\SoftConsole\ants_master_MSS_MSS_CM3_0\ants_master_MSS_MSS_CM3_0_hw_platform\Debug\libants_master_MSS_MSS_CM3_0_hw_platform.a(mss_gpio.o)
                0x2000233c                MSS_GPIO_init
 .text.MSS_GPIO_config
                0x200023a8       0x3c C:\Users\rpokeefe\repos\373\ants_master\SoftConsole\ants_master_MSS_MSS_CM3_0\ants_master_MSS_MSS_CM3_0_hw_platform\Debug\libants_master_MSS_MSS_CM3_0_hw_platform.a(mss_gpio.o)
                0x200023a8                MSS_GPIO_config
 .text.MSS_GPIO_set_output
                0x200023e4       0x40 C:\Users\rpokeefe\repos\373\ants_master\SoftConsole\ants_master_MSS_MSS_CM3_0\ants_master_MSS_MSS_CM3_0_hw_platform\Debug\libants_master_MSS_MSS_CM3_0_hw_platform.a(mss_gpio.o)
                0x200023e4                MSS_GPIO_set_output
 .text.SystemInit
                0x20002424        0xc C:\Users\rpokeefe\repos\373\ants_master\SoftConsole\ants_master_MSS_MSS_CM3_0\ants_master_MSS_MSS_CM3_0_hw_platform\Debug\libants_master_MSS_MSS_CM3_0_hw_platform.a(system_a2fxxxm3.o)
                0x20002424                SystemInit
 .text.SystemCoreClockUpdate
                0x20002430      0x150 C:\Users\rpokeefe\repos\373\ants_master\SoftConsole\ants_master_MSS_MSS_CM3_0\ants_master_MSS_MSS_CM3_0_hw_platform\Debug\libants_master_MSS_MSS_CM3_0_hw_platform.a(system_a2fxxxm3.o)
                0x20002430                SystemCoreClockUpdate
 .text.GetSystemClock
                0x20002580       0xe8 C:\Users\rpokeefe\repos\373\ants_master\SoftConsole\ants_master_MSS_MSS_CM3_0\ants_master_MSS_MSS_CM3_0_hw_platform\Debug\libants_master_MSS_MSS_CM3_0_hw_platform.a(system_a2fxxxm3.o)
 .text.NVIC_ClearPendingIRQ
                0x20002668       0x3c C:\Users\rpokeefe\repos\373\ants_master\SoftConsole\ants_master_MSS_MSS_CM3_0\ants_master_MSS_MSS_CM3_0_hw_platform\Debug\libants_master_MSS_MSS_CM3_0_hw_platform.a(ace_flags.o)
 .text.process_flag_irq
                0x200026a4       0x14 C:\Users\rpokeefe\repos\373\ants_master\SoftConsole\ants_master_MSS_MSS_CM3_0\ants_master_MSS_MSS_CM3_0_hw_platform\Debug\libants_master_MSS_MSS_CM3_0_hw_platform.a(ace_flags.o)
 .text.ACE_PPE_Flag0_IRQHandler
                0x200026b8       0x28 C:\Users\rpokeefe\repos\373\ants_master\SoftConsole\ants_master_MSS_MSS_CM3_0\ants_master_MSS_MSS_CM3_0_hw_platform\Debug\libants_master_MSS_MSS_CM3_0_hw_platform.a(ace_flags.o)
                0x200026b8                ACE_PPE_Flag0_IRQHandler
 .text.ACE_PPE_Flag1_IRQHandler
                0x200026e0       0x28 C:\Users\rpokeefe\repos\373\ants_master\SoftConsole\ants_master_MSS_MSS_CM3_0\ants_master_MSS_MSS_CM3_0_hw_platform\Debug\libants_master_MSS_MSS_CM3_0_hw_platform.a(ace_flags.o)
                0x200026e0                ACE_PPE_Flag1_IRQHandler
 .text.ACE_PPE_Flag2_IRQHandler
                0x20002708       0x28 C:\Users\rpokeefe\repos\373\ants_master\SoftConsole\ants_master_MSS_MSS_CM3_0\ants_master_MSS_MSS_CM3_0_hw_platform\Debug\libants_master_MSS_MSS_CM3_0_hw_platform.a(ace_flags.o)
                0x20002708                ACE_PPE_Flag2_IRQHandler
 .text.ACE_PPE_Flag3_IRQHandler
                0x20002730       0x28 C:\Users\rpokeefe\repos\373\ants_master\SoftConsole\ants_master_MSS_MSS_CM3_0\ants_master_MSS_MSS_CM3_0_hw_platform\Debug\libants_master_MSS_MSS_CM3_0_hw_platform.a(ace_flags.o)
                0x20002730                ACE_PPE_Flag3_IRQHandler
 .text.ACE_PPE_Flag4_IRQHandler
                0x20002758       0x28 C:\Users\rpokeefe\repos\373\ants_master\SoftConsole\ants_master_MSS_MSS_CM3_0\ants_master_MSS_MSS_CM3_0_hw_platform\Debug\libants_master_MSS_MSS_CM3_0_hw_platform.a(ace_flags.o)
                0x20002758                ACE_PPE_Flag4_IRQHandler
 .text.ACE_PPE_Flag5_IRQHandler
                0x20002780       0x28 C:\Users\rpokeefe\repos\373\ants_master\SoftConsole\ants_master_MSS_MSS_CM3_0\ants_master_MSS_MSS_CM3_0_hw_platform\Debug\libants_master_MSS_MSS_CM3_0_hw_platform.a(ace_flags.o)
                0x20002780                ACE_PPE_Flag5_IRQHandler
 .text.ACE_PPE_Flag6_IRQHandler
                0x200027a8       0x28 C:\Users\rpokeefe\repos\373\ants_master\SoftConsole\ants_master_MSS_MSS_CM3_0\ants_master_MSS_MSS_CM3_0_hw_platform\Debug\libants_master_MSS_MSS_CM3_0_hw_platform.a(ace_flags.o)
                0x200027a8                ACE_PPE_Flag6_IRQHandler
 .text.ACE_PPE_Flag7_IRQHandler
                0x200027d0       0x28 C:\Users\rpokeefe\repos\373\ants_master\SoftConsole\ants_master_MSS_MSS_CM3_0\ants_master_MSS_MSS_CM3_0_hw_platform\Debug\libants_master_MSS_MSS_CM3_0_hw_platform.a(ace_flags.o)
                0x200027d0                ACE_PPE_Flag7_IRQHandler
 .text.ACE_PPE_Flag8_IRQHandler
                0x200027f8       0x28 C:\Users\rpokeefe\repos\373\ants_master\SoftConsole\ants_master_MSS_MSS_CM3_0\ants_master_MSS_MSS_CM3_0_hw_platform\Debug\libants_master_MSS_MSS_CM3_0_hw_platform.a(ace_flags.o)
                0x200027f8                ACE_PPE_Flag8_IRQHandler
 .text.ACE_PPE_Flag9_IRQHandler
                0x20002820       0x28 C:\Users\rpokeefe\repos\373\ants_master\SoftConsole\ants_master_MSS_MSS_CM3_0\ants_master_MSS_MSS_CM3_0_hw_platform\Debug\libants_master_MSS_MSS_CM3_0_hw_platform.a(ace_flags.o)
                0x20002820                ACE_PPE_Flag9_IRQHandler
 .text.ACE_PPE_Flag10_IRQHandler
                0x20002848       0x28 C:\Users\rpokeefe\repos\373\ants_master\SoftConsole\ants_master_MSS_MSS_CM3_0\ants_master_MSS_MSS_CM3_0_hw_platform\Debug\libants_master_MSS_MSS_CM3_0_hw_platform.a(ace_flags.o)
                0x20002848                ACE_PPE_Flag10_IRQHandler
 .text.ACE_PPE_Flag11_IRQHandler
                0x20002870       0x28 C:\Users\rpokeefe\repos\373\ants_master\SoftConsole\ants_master_MSS_MSS_CM3_0\ants_master_MSS_MSS_CM3_0_hw_platform\Debug\libants_master_MSS_MSS_CM3_0_hw_platform.a(ace_flags.o)
                0x20002870                ACE_PPE_Flag11_IRQHandler
 .text.ACE_PPE_Flag12_IRQHandler
                0x20002898       0x28 C:\Users\rpokeefe\repos\373\ants_master\SoftConsole\ants_master_MSS_MSS_CM3_0\ants_master_MSS_MSS_CM3_0_hw_platform\Debug\libants_master_MSS_MSS_CM3_0_hw_platform.a(ace_flags.o)
                0x20002898                ACE_PPE_Flag12_IRQHandler
 .text.ACE_PPE_Flag13_IRQHandler
                0x200028c0       0x28 C:\Users\rpokeefe\repos\373\ants_master\SoftConsole\ants_master_MSS_MSS_CM3_0\ants_master_MSS_MSS_CM3_0_hw_platform\Debug\libants_master_MSS_MSS_CM3_0_hw_platform.a(ace_flags.o)
                0x200028c0                ACE_PPE_Flag13_IRQHandler
 .text.ACE_PPE_Flag14_IRQHandler
                0x200028e8       0x28 C:\Users\rpokeefe\repos\373\ants_master\SoftConsole\ants_master_MSS_MSS_CM3_0\ants_master_MSS_MSS_CM3_0_hw_platform\Debug\libants_master_MSS_MSS_CM3_0_hw_platform.a(ace_flags.o)
                0x200028e8                ACE_PPE_Flag14_IRQHandler
 .text.ACE_PPE_Flag15_IRQHandler
                0x20002910       0x28 C:\Users\rpokeefe\repos\373\ants_master\SoftConsole\ants_master_MSS_MSS_CM3_0\ants_master_MSS_MSS_CM3_0_hw_platform\Debug\libants_master_MSS_MSS_CM3_0_hw_platform.a(ace_flags.o)
                0x20002910                ACE_PPE_Flag15_IRQHandler
 .text.ACE_PPE_Flag16_IRQHandler
                0x20002938       0x28 C:\Users\rpokeefe\repos\373\ants_master\SoftConsole\ants_master_MSS_MSS_CM3_0\ants_master_MSS_MSS_CM3_0_hw_platform\Debug\libants_master_MSS_MSS_CM3_0_hw_platform.a(ace_flags.o)
                0x20002938                ACE_PPE_Flag16_IRQHandler
 .text.ACE_PPE_Flag17_IRQHandler
                0x20002960       0x28 C:\Users\rpokeefe\repos\373\ants_master\SoftConsole\ants_master_MSS_MSS_CM3_0\ants_master_MSS_MSS_CM3_0_hw_platform\Debug\libants_master_MSS_MSS_CM3_0_hw_platform.a(ace_flags.o)
                0x20002960                ACE_PPE_Flag17_IRQHandler
 .text.ACE_PPE_Flag18_IRQHandler
                0x20002988       0x28 C:\Users\rpokeefe\repos\373\ants_master\SoftConsole\ants_master_MSS_MSS_CM3_0\ants_master_MSS_MSS_CM3_0_hw_platform\Debug\libants_master_MSS_MSS_CM3_0_hw_platform.a(ace_flags.o)
                0x20002988                ACE_PPE_Flag18_IRQHandler
 .text.ACE_PPE_Flag19_IRQHandler
                0x200029b0       0x28 C:\Users\rpokeefe\repos\373\ants_master\SoftConsole\ants_master_MSS_MSS_CM3_0\ants_master_MSS_MSS_CM3_0_hw_platform\Debug\libants_master_MSS_MSS_CM3_0_hw_platform.a(ace_flags.o)
                0x200029b0                ACE_PPE_Flag19_IRQHandler
 .text.ACE_PPE_Flag20_IRQHandler
                0x200029d8       0x28 C:\Users\rpokeefe\repos\373\ants_master\SoftConsole\ants_master_MSS_MSS_CM3_0\ants_master_MSS_MSS_CM3_0_hw_platform\Debug\libants_master_MSS_MSS_CM3_0_hw_platform.a(ace_flags.o)
                0x200029d8                ACE_PPE_Flag20_IRQHandler
 .text.ACE_PPE_Flag21_IRQHandler
                0x20002a00       0x28 C:\Users\rpokeefe\repos\373\ants_master\SoftConsole\ants_master_MSS_MSS_CM3_0\ants_master_MSS_MSS_CM3_0_hw_platform\Debug\libants_master_MSS_MSS_CM3_0_hw_platform.a(ace_flags.o)
                0x20002a00                ACE_PPE_Flag21_IRQHandler
 .text.ACE_PPE_Flag22_IRQHandler
                0x20002a28       0x28 C:\Users\rpokeefe\repos\373\ants_master\SoftConsole\ants_master_MSS_MSS_CM3_0\ants_master_MSS_MSS_CM3_0_hw_platform\Debug\libants_master_MSS_MSS_CM3_0_hw_platform.a(ace_flags.o)
                0x20002a28                ACE_PPE_Flag22_IRQHandler
 .text.ACE_PPE_Flag23_IRQHandler
                0x20002a50       0x28 C:\Users\rpokeefe\repos\373\ants_master\SoftConsole\ants_master_MSS_MSS_CM3_0\ants_master_MSS_MSS_CM3_0_hw_platform\Debug\libants_master_MSS_MSS_CM3_0_hw_platform.a(ace_flags.o)
                0x20002a50                ACE_PPE_Flag23_IRQHandler
 .text.ACE_PPE_Flag24_IRQHandler
                0x20002a78       0x28 C:\Users\rpokeefe\repos\373\ants_master\SoftConsole\ants_master_MSS_MSS_CM3_0\ants_master_MSS_MSS_CM3_0_hw_platform\Debug\libants_master_MSS_MSS_CM3_0_hw_platform.a(ace_flags.o)
                0x20002a78                ACE_PPE_Flag24_IRQHandler
 .text.ACE_PPE_Flag25_IRQHandler
                0x20002aa0       0x28 C:\Users\rpokeefe\repos\373\ants_master\SoftConsole\ants_master_MSS_MSS_CM3_0\ants_master_MSS_MSS_CM3_0_hw_platform\Debug\libants_master_MSS_MSS_CM3_0_hw_platform.a(ace_flags.o)
                0x20002aa0                ACE_PPE_Flag25_IRQHandler
 .text.ACE_PPE_Flag26_IRQHandler
                0x20002ac8       0x28 C:\Users\rpokeefe\repos\373\ants_master\SoftConsole\ants_master_MSS_MSS_CM3_0\ants_master_MSS_MSS_CM3_0_hw_platform\Debug\libants_master_MSS_MSS_CM3_0_hw_platform.a(ace_flags.o)
                0x20002ac8                ACE_PPE_Flag26_IRQHandler
 .text.ACE_PPE_Flag27_IRQHandler
                0x20002af0       0x28 C:\Users\rpokeefe\repos\373\ants_master\SoftConsole\ants_master_MSS_MSS_CM3_0\ants_master_MSS_MSS_CM3_0_hw_platform\Debug\libants_master_MSS_MSS_CM3_0_hw_platform.a(ace_flags.o)
                0x20002af0                ACE_PPE_Flag27_IRQHandler
 .text.ACE_PPE_Flag28_IRQHandler
                0x20002b18       0x28 C:\Users\rpokeefe\repos\373\ants_master\SoftConsole\ants_master_MSS_MSS_CM3_0\ants_master_MSS_MSS_CM3_0_hw_platform\Debug\libants_master_MSS_MSS_CM3_0_hw_platform.a(ace_flags.o)
                0x20002b18                ACE_PPE_Flag28_IRQHandler
 .text.ACE_PPE_Flag29_IRQHandler
                0x20002b40       0x28 C:\Users\rpokeefe\repos\373\ants_master\SoftConsole\ants_master_MSS_MSS_CM3_0\ants_master_MSS_MSS_CM3_0_hw_platform\Debug\libants_master_MSS_MSS_CM3_0_hw_platform.a(ace_flags.o)
                0x20002b40                ACE_PPE_Flag29_IRQHandler
 .text.ACE_PPE_Flag30_IRQHandler
                0x20002b68       0x28 C:\Users\rpokeefe\repos\373\ants_master\SoftConsole\ants_master_MSS_MSS_CM3_0\ants_master_MSS_MSS_CM3_0_hw_platform\Debug\libants_master_MSS_MSS_CM3_0_hw_platform.a(ace_flags.o)
                0x20002b68                ACE_PPE_Flag30_IRQHandler
 .text.ACE_PPE_Flag31_IRQHandler
                0x20002b90       0x28 C:\Users\rpokeefe\repos\373\ants_master\SoftConsole\ants_master_MSS_MSS_CM3_0\ants_master_MSS_MSS_CM3_0_hw_platform\Debug\libants_master_MSS_MSS_CM3_0_hw_platform.a(ace_flags.o)
                0x20002b90                ACE_PPE_Flag31_IRQHandler
 .text          0x20002bb8      0x370 c:/actel/libero_v9.1/softconsole/sourcery-g++/bin/../lib/gcc/arm-none-eabi/4.4.1/thumb2\libgcc.a(_arm_addsubdf3.o)
                0x20002bb8                __aeabi_drsub
                0x20002bc0                __aeabi_dsub
                0x20002bc0                __subdf3
                0x20002bc4                __aeabi_dadd
                0x20002bc4                __adddf3
                0x20002e3c                __floatunsidf
                0x20002e3c                __aeabi_ui2d
                0x20002e5c                __floatsidf
                0x20002e5c                __aeabi_i2d
                0x20002e80                __aeabi_f2d
                0x20002e80                __extendsfdf2
                0x20002ebc                __floatundidf
                0x20002ebc                __aeabi_ul2d
                0x20002ecc                __floatdidf
                0x20002ecc                __aeabi_l2d
 .text          0x20002f28      0x424 c:/actel/libero_v9.1/softconsole/sourcery-g++/bin/../lib/gcc/arm-none-eabi/4.4.1/thumb2\libgcc.a(_arm_muldivdf3.o)
                0x20002f28                __aeabi_dmul
                0x20002f28                __muldf3
                0x2000317c                __divdf3
                0x2000317c                __aeabi_ddiv
 .text          0x2000334c       0x50 c:/actel/libero_v9.1/softconsole/sourcery-g++/bin/../lib/gcc/arm-none-eabi/4.4.1/../../../../arm-none-eabi/lib/thumb2\libc.a(lib_a-init.o)
                0x2000334c                __libc_init_array
 .text          0x2000339c       0x20 c:/actel/libero_v9.1/softconsole/sourcery-g++/bin/../lib/gcc/arm-none-eabi/4.4.1/../../../../arm-none-eabi/lib/thumb2\libc.a(lib_a-malloc.o)
                0x2000339c                free
                0x200033ac                malloc
 .text          0x200033bc      0x5a4 c:/actel/libero_v9.1/softconsole/sourcery-g++/bin/../lib/gcc/arm-none-eabi/4.4.1/../../../../arm-none-eabi/lib/thumb2\libc.a(lib_a-mallocr.o)
                0x200033bc                _malloc_r
 .text          0x20003960      0x190 c:/actel/libero_v9.1/softconsole/sourcery-g++/bin/../lib/gcc/arm-none-eabi/4.4.1/../../../../arm-none-eabi/lib/thumb2\libc.a(lib_a-memcpy.o)
                0x20003960                memcpy
 .text          0x20003af0       0xd4 c:/actel/libero_v9.1/softconsole/sourcery-g++/bin/../lib/gcc/arm-none-eabi/4.4.1/../../../../arm-none-eabi/lib/thumb2\libc.a(lib_a-memset.o)
                0x20003af0                memset
 .text          0x20003bc4        0x8 c:/actel/libero_v9.1/softconsole/sourcery-g++/bin/../lib/gcc/arm-none-eabi/4.4.1/../../../../arm-none-eabi/lib/thumb2\libc.a(lib_a-mlock.o)
                0x20003bc4                __malloc_lock
                0x20003bc8                __malloc_unlock
 .text          0x20003bcc       0x64 c:/actel/libero_v9.1/softconsole/sourcery-g++/bin/../lib/gcc/arm-none-eabi/4.4.1/../../../../arm-none-eabi/lib/thumb2\libc.a(lib_a-printf.o)
                0x20003bcc                printf
                0x20003c04                _printf_r
 .text          0x20003c30       0x88 c:/actel/libero_v9.1/softconsole/sourcery-g++/bin/../lib/gcc/arm-none-eabi/4.4.1/../../../../arm-none-eabi/lib/thumb2\libc.a(lib_a-puts.o)
                0x20003c30                _puts_r
                0x20003ca8                puts
 .text          0x20003cb8       0x28 c:/actel/libero_v9.1/softconsole/sourcery-g++/bin/../lib/gcc/arm-none-eabi/4.4.1/../../../../arm-none-eabi/lib/thumb2\libc.a(lib_a-sbrkr.o)
                0x20003cb8                _sbrk_r
 .text          0x20003ce0       0x60 c:/actel/libero_v9.1/softconsole/sourcery-g++/bin/../lib/gcc/arm-none-eabi/4.4.1/../../../../arm-none-eabi/lib/thumb2\libc.a(lib_a-strlen.o)
                0x20003ce0                strlen
 .text          0x20003d40     0x1940 c:/actel/libero_v9.1/softconsole/sourcery-g++/bin/../lib/gcc/arm-none-eabi/4.4.1/../../../../arm-none-eabi/lib/thumb2\libc.a(lib_a-vfprintf.o)
                0x20003d5c                _vfprintf_r
                0x20005664                vfprintf
 .text          0x20005680      0x104 c:/actel/libero_v9.1/softconsole/sourcery-g++/bin/../lib/gcc/arm-none-eabi/4.4.1/../../../../arm-none-eabi/lib/thumb2\libc.a(lib_a-wsetup.o)
                0x20005680                __swsetup_r
 *fill*         0x20005784        0x4 00
 .text          0x20005788      0xfb8 c:/actel/libero_v9.1/softconsole/sourcery-g++/bin/../lib/gcc/arm-none-eabi/4.4.1/../../../../arm-none-eabi/lib/thumb2\libc.a(lib_a-dtoa.o)
                0x200058a8                _dtoa_r
 .text          0x20006740      0x178 c:/actel/libero_v9.1/softconsole/sourcery-g++/bin/../lib/gcc/arm-none-eabi/4.4.1/../../../../arm-none-eabi/lib/thumb2\libc.a(lib_a-fflush.o)
                0x20006740                _fflush_r
                0x20006890                fflush
 .text          0x200068b8      0x1c8 c:/actel/libero_v9.1/softconsole/sourcery-g++/bin/../lib/gcc/arm-none-eabi/4.4.1/../../../../arm-none-eabi/lib/thumb2\libc.a(lib_a-findfp.o)
                0x200068b8                __sfp_lock_acquire
                0x200068bc                __sfp_lock_release
                0x200068c0                __sinit_lock_acquire
                0x200068c4                __sinit_lock_release
                0x200068d0                __fp_unlock_all
                0x200068e8                __fp_lock_all
                0x20006900                _cleanup_r
                0x2000690c                _cleanup
                0x20006968                __sfmoreglue
                0x20006998                __sfp
                0x20006a20                __sinit
 .text          0x20006a80      0x268 c:/actel/libero_v9.1/softconsole/sourcery-g++/bin/../lib/gcc/arm-none-eabi/4.4.1/../../../../arm-none-eabi/lib/thumb2\libc.a(lib_a-freer.o)
                0x20006a80                _malloc_trim_r
                0x20006b28                _free_r
 .text          0x20006ce8      0x334 c:/actel/libero_v9.1/softconsole/sourcery-g++/bin/../lib/gcc/arm-none-eabi/4.4.1/../../../../arm-none-eabi/lib/thumb2\libc.a(lib_a-fvwrite.o)
                0x20006ce8                __sfvwrite_r
 .text          0x2000701c       0xa0 c:/actel/libero_v9.1/softconsole/sourcery-g++/bin/../lib/gcc/arm-none-eabi/4.4.1/../../../../arm-none-eabi/lib/thumb2\libc.a(lib_a-fwalk.o)
                0x2000701c                _fwalk_reent
                0x20007070                _fwalk
 .text          0x200070bc       0x74 c:/actel/libero_v9.1/softconsole/sourcery-g++/bin/../lib/gcc/arm-none-eabi/4.4.1/../../../../arm-none-eabi/lib/thumb2\libc.a(lib_a-locale.o)
                0x200070bc                __locale_charset
                0x200070c8                _localeconv_r
                0x200070d0                localeconv
                0x200070d8                _setlocale_r
                0x20007120                setlocale
 .text          0x20007130       0xdc c:/actel/libero_v9.1/softconsole/sourcery-g++/bin/../lib/gcc/arm-none-eabi/4.4.1/../../../../arm-none-eabi/lib/thumb2\libc.a(lib_a-makebuf.o)
                0x20007130                __smakebuf_r
 .text          0x2000720c       0x74 c:/actel/libero_v9.1/softconsole/sourcery-g++/bin/../lib/gcc/arm-none-eabi/4.4.1/../../../../arm-none-eabi/lib/thumb2\libc.a(lib_a-memchr.o)
                0x2000720c                memchr
 .text          0x20007280       0xb8 c:/actel/libero_v9.1/softconsole/sourcery-g++/bin/../lib/gcc/arm-none-eabi/4.4.1/../../../../arm-none-eabi/lib/thumb2\libc.a(lib_a-memmove.o)
                0x20007280                memmove
 .text          0x20007338      0x958 c:/actel/libero_v9.1/softconsole/sourcery-g++/bin/../lib/gcc/arm-none-eabi/4.4.1/../../../../arm-none-eabi/lib/thumb2\libc.a(lib_a-mprec.o)
                0x20007338                __hi0bits
                0x20007378                __lo0bits
                0x200073dc                __mcmp
                0x2000741c                __ulp
                0x20007468                __b2d
                0x20007510                __ratio
                0x20007570                _mprec_log10
                0x200075a8                __copybits
                0x200075f8                __any_on
                0x20007650                _Bfree
                0x20007688                _Balloc
                0x200076f4                __d2b
                0x200077c4                __mdiff
                0x200078bc                __lshift
                0x20007978                __multiply
                0x20007aac                __i2b
                0x20007ac0                __multadd
                0x20007b48                __pow5mult
                0x20007bf4                __s2b
 .text          0x20007c90      0x3b4 c:/actel/libero_v9.1/softconsole/sourcery-g++/bin/../lib/gcc/arm-none-eabi/4.4.1/../../../../arm-none-eabi/lib/thumb2\libc.a(lib_a-reallocr.o)
                0x20007c90                _realloc_r
 .text          0x20008044       0x24 c:/actel/libero_v9.1/softconsole/sourcery-g++/bin/../lib/gcc/arm-none-eabi/4.4.1/../../../../arm-none-eabi/lib/thumb2\libc.a(lib_a-s_isinfd.o)
                0x20008044                __isinfd
 .text          0x20008068       0x1c c:/actel/libero_v9.1/softconsole/sourcery-g++/bin/../lib/gcc/arm-none-eabi/4.4.1/../../../../arm-none-eabi/lib/thumb2\libc.a(lib_a-s_isnand.o)
                0x20008068                __isnand
 .text          0x20008084       0x90 c:/actel/libero_v9.1/softconsole/sourcery-g++/bin/../lib/gcc/arm-none-eabi/4.4.1/../../../../arm-none-eabi/lib/thumb2\libc.a(lib_a-stdio.o)
                0x20008084                __sclose
                0x2000808c                __sseek
                0x200080b4                __swrite
                0x200080f0                __sread
 .text          0x20008114      0x1dc c:/actel/libero_v9.1/softconsole/sourcery-g++/bin/../lib/gcc/arm-none-eabi/4.4.1/../../../../arm-none-eabi/lib/thumb2\libc.a(lib_a-strcmp.o)
                0x20008114                strcmp
 .text          0x200082f0       0x5c c:/actel/libero_v9.1/softconsole/sourcery-g++/bin/../lib/gcc/arm-none-eabi/4.4.1/../../../../arm-none-eabi/lib/thumb2\libc.a(lib_a-callocr.o)
                0x200082f0                _calloc_r
 .text          0x2000834c       0x28 c:/actel/libero_v9.1/softconsole/sourcery-g++/bin/../lib/gcc/arm-none-eabi/4.4.1/../../../../arm-none-eabi/lib/thumb2\libc.a(lib_a-closer.o)
                0x2000834c                _close_r
 .text          0x20008374       0xcc c:/actel/libero_v9.1/softconsole/sourcery-g++/bin/../lib/gcc/arm-none-eabi/4.4.1/../../../../arm-none-eabi/lib/thumb2\libc.a(lib_a-fclose.o)
                0x20008374                _fclose_r
                0x20008430                fclose
 .text          0x20008440       0x2c c:/actel/libero_v9.1/softconsole/sourcery-g++/bin/../lib/gcc/arm-none-eabi/4.4.1/../../../../arm-none-eabi/lib/thumb2\libc.a(lib_a-fstatr.o)
                0x20008440                _fstat_r
 .text          0x2000846c       0x28 c:/actel/libero_v9.1/softconsole/sourcery-g++/bin/../lib/gcc/arm-none-eabi/4.4.1/../../../../arm-none-eabi/lib/thumb2\libc.a(lib_a-isattyr.o)
                0x2000846c                _isatty_r
 .text          0x20008494       0x2c c:/actel/libero_v9.1/softconsole/sourcery-g++/bin/../lib/gcc/arm-none-eabi/4.4.1/../../../../arm-none-eabi/lib/thumb2\libc.a(lib_a-lseekr.o)
                0x20008494                _lseek_r
 .text          0x200084c0       0x2c c:/actel/libero_v9.1/softconsole/sourcery-g++/bin/../lib/gcc/arm-none-eabi/4.4.1/../../../../arm-none-eabi/lib/thumb2\libc.a(lib_a-readr.o)
                0x200084c0                _read_r
 *fill*         0x200084ec        0x4 00
 .text          0x200084f0      0x278 c:/actel/libero_v9.1/softconsole/sourcery-g++/bin/../lib/gcc/arm-none-eabi/4.4.1/thumb2\libgcc.a(_udivsi3.o)
                0x200084f0                __aeabi_uidiv
                0x200084f0                __udivsi3
                0x2000874c                __aeabi_uidivmod
 .text          0x20008768        0x4 c:/actel/libero_v9.1/softconsole/sourcery-g++/bin/../lib/gcc/arm-none-eabi/4.4.1/thumb2\libgcc.a(_dvmd_tls.o)
                0x20008768                __aeabi_idiv0
                0x20008768                __aeabi_ldiv0
 .text          0x2000876c      0x110 c:/actel/libero_v9.1/softconsole/sourcery-g++/bin/../lib/gcc/arm-none-eabi/4.4.1/thumb2\libgcc.a(_arm_cmpdf2.o)
                0x2000876c                __gtdf2
                0x2000876c                __gedf2
                0x20008774                __ltdf2
                0x20008774                __ledf2
                0x2000877c                __nedf2
                0x2000877c                __eqdf2
                0x2000877c                __cmpdf2
                0x200087f8                __aeabi_cdrcmple
                0x20008808                __aeabi_cdcmpeq
                0x20008808                __aeabi_cdcmple
                0x20008818                __aeabi_dcmpeq
                0x2000882c                __aeabi_dcmplt
                0x20008840                __aeabi_dcmple
                0x20008854                __aeabi_dcmpge
                0x20008868                __aeabi_dcmpgt
 .text          0x2000887c       0x50 c:/actel/libero_v9.1/softconsole/sourcery-g++/bin/../lib/gcc/arm-none-eabi/4.4.1/thumb2\libgcc.a(_arm_fixdfsi.o)
                0x2000887c                __aeabi_d2iz
                0x2000887c                __fixdfsi
 .text          0x200088cc       0x2c c:/actel/libero_v9.1/softconsole/sourcery-g++/bin/../lib/gcc/arm-none-eabi/4.4.1/thumb2\libgcc.a(_aeabi_uldivmod.o)
                0x200088cc                __aeabi_uldivmod
 .text          0x200088f8       0x58 c:/actel/libero_v9.1/softconsole/sourcery-g++/bin/../lib/gcc/arm-none-eabi/4.4.1/thumb2\libgcc.a(bpabi.o)
                0x200088f8                __gnu_uldivmod_helper
                0x20008924                __gnu_ldivmod_helper
 .text          0x20008950      0x364 c:/actel/libero_v9.1/softconsole/sourcery-g++/bin/../lib/gcc/arm-none-eabi/4.4.1/thumb2\libgcc.a(_divdi3.o)
                0x20008950                __divdi3
 .text          0x20008cb4      0x300 c:/actel/libero_v9.1/softconsole/sourcery-g++/bin/../lib/gcc/arm-none-eabi/4.4.1/thumb2\libgcc.a(_udivdi3.o)
                0x20008cb4                __udivdi3
 *(.plt)
 *(.gnu.warning)
 *(.glue_7t)
 .glue_7t       0x00000000        0x0 linker stubs
 *(.glue_7)
 .glue_7        0x00000000        0x0 linker stubs
 *(.vfp11_veneer)
 .vfp11_veneer  0x00000000        0x0 linker stubs
                0x20008fb4                . = ALIGN (0x4)
 *crtbegin.o(.ctors)
 *(EXCLUDE_FILE(*crtend.o) .ctors)
 *(SORT(.ctors.*))
 *crtend.o(.ctors)
 *crtbegin.o(.dtors)
 *(EXCLUDE_FILE(*crtend.o) .dtors)
 *(SORT(.dtors.*))
 *crtend.o(.dtors)
 *(.rodata .rodata.* .gnu.linkonce.r.*)
 .rodata        0x20008fb4      0x1bc ./main.o
 .rodata        0x20009170       0x44 ./drivers/Pixy_SPI.o
 .rodata        0x200091b4       0x50 ./drivers/servo_control.o
 .rodata        0x20009204       0x1c C:/Users/rpokeefe/repos/373/ants_master/SoftConsole/ants_master_MSS_MSS_CM3_0/ants_master_MSS_MSS_CM3_0_hw_platform/Debug/CMSIS/startup_gcc/newlib_stubs.o
 .rodata.g_config_reg_lut
                0x20009220       0x80 C:\Users\rpokeefe\repos\373\ants_master\SoftConsole\ants_master_MSS_MSS_CM3_0\ants_master_MSS_MSS_CM3_0_hw_platform\Debug\libants_master_MSS_MSS_CM3_0_hw_platform.a(mss_gpio.o)
 .rodata.g_gpio_irqn_lut
                0x200092a0       0x40 C:\Users\rpokeefe\repos\373\ants_master\SoftConsole\ants_master_MSS_MSS_CM3_0\ants_master_MSS_MSS_CM3_0_hw_platform\Debug\libants_master_MSS_MSS_CM3_0_hw_platform.a(mss_gpio.o)
 .rodata.C.18.2576
                0x200092e0       0x10 C:\Users\rpokeefe\repos\373\ants_master\SoftConsole\ants_master_MSS_MSS_CM3_0\ants_master_MSS_MSS_CM3_0_hw_platform\Debug\libants_master_MSS_MSS_CM3_0_hw_platform.a(system_a2fxxxm3.o)
 .rodata        0x200092f0        0x4 c:/actel/libero_v9.1/softconsole/sourcery-g++/bin/../lib/gcc/arm-none-eabi/4.4.1/../../../../arm-none-eabi/lib/thumb2\libc.a(lib_a-impure.o)
                0x200092f0                _global_impure_ptr
 .rodata.str1.4
                0x200092f4        0x2 c:/actel/libero_v9.1/softconsole/sourcery-g++/bin/../lib/gcc/arm-none-eabi/4.4.1/../../../../arm-none-eabi/lib/thumb2\libc.a(lib_a-impure.o)
                                  0x4 (size before relaxing)
 *fill*         0x200092f6        0x2 00
 .rodata.str1.4
                0x200092f8        0x2 c:/actel/libero_v9.1/softconsole/sourcery-g++/bin/../lib/gcc/arm-none-eabi/4.4.1/../../../../arm-none-eabi/lib/thumb2\libc.a(lib_a-puts.o)
                                  0x4 (size before relaxing)
 *fill*         0x200092fa        0x2 00
 .rodata        0x200092fc       0x20 c:/actel/libero_v9.1/softconsole/sourcery-g++/bin/../lib/gcc/arm-none-eabi/4.4.1/../../../../arm-none-eabi/lib/thumb2\libc.a(lib_a-vfprintf.o)
 .rodata.str1.4
                0x2000931c       0x42 c:/actel/libero_v9.1/softconsole/sourcery-g++/bin/../lib/gcc/arm-none-eabi/4.4.1/../../../../arm-none-eabi/lib/thumb2\libc.a(lib_a-vfprintf.o)
                                 0x44 (size before relaxing)
 *fill*         0x2000935e        0x2 00
 .rodata.str1.4
                0x20009360       0x10 c:/actel/libero_v9.1/softconsole/sourcery-g++/bin/../lib/gcc/arm-none-eabi/4.4.1/../../../../arm-none-eabi/lib/thumb2\libc.a(lib_a-dtoa.o)
                                 0x14 (size before relaxing)
 .rodata        0x20009370       0x60 c:/actel/libero_v9.1/softconsole/sourcery-g++/bin/../lib/gcc/arm-none-eabi/4.4.1/../../../../arm-none-eabi/lib/thumb2\libc.a(lib_a-findfp.o)
                0x20009370                __sf_fake_stdin
                0x20009390                __sf_fake_stdout
                0x200093b0                __sf_fake_stderr
 .rodata        0x200093d0       0x34 c:/actel/libero_v9.1/softconsole/sourcery-g++/bin/../lib/gcc/arm-none-eabi/4.4.1/../../../../arm-none-eabi/lib/thumb2\libc.a(lib_a-locale.o)
 .rodata.str1.4
                0x20009404       0x10 c:/actel/libero_v9.1/softconsole/sourcery-g++/bin/../lib/gcc/arm-none-eabi/4.4.1/../../../../arm-none-eabi/lib/thumb2\libc.a(lib_a-locale.o)
                                 0x18 (size before relaxing)
 *fill*         0x20009414        0x4 00
 .rodata        0x20009418      0x128 c:/actel/libero_v9.1/softconsole/sourcery-g++/bin/../lib/gcc/arm-none-eabi/4.4.1/../../../../arm-none-eabi/lib/thumb2\libc.a(lib_a-mprec.o)
                0x20009418                __mprec_tens
                0x200094f0                __mprec_bigtens
                0x20009518                __mprec_tinytens
 *(.ARM.extab* .gnu.linkonce.armextab.*)
 *(.gcc_except_table)
 *(.eh_frame_hdr)
 *(.eh_frame)
 *(.init)
 .init          0x20009540        0x4 c:/actel/libero_v9.1/softconsole/sourcery-g++/bin/../lib/gcc/arm-none-eabi/4.4.1/thumb2/crti.o
                0x20009540                _init
 .init          0x20009544        0x8 c:/actel/libero_v9.1/softconsole/sourcery-g++/bin/../lib/gcc/arm-none-eabi/4.4.1/thumb2/crtn.o
 *(.fini)
 .fini          0x2000954c        0x4 c:/actel/libero_v9.1/softconsole/sourcery-g++/bin/../lib/gcc/arm-none-eabi/4.4.1/thumb2/crti.o
                0x2000954c                _fini
 .fini          0x20009550        0x8 c:/actel/libero_v9.1/softconsole/sourcery-g++/bin/../lib/gcc/arm-none-eabi/4.4.1/thumb2/crtn.o
                0x20009558                PROVIDE (__preinit_array_start, .)
 *(.preinit_array)
                0x20009558                PROVIDE (__preinit_array_end, .)
                0x20009558                PROVIDE (__init_array_start, .)
 *(SORT(.init_array.*))
 *(.init_array)
 .init_array    0x20009558        0x4 c:/actel/libero_v9.1/softconsole/sourcery-g++/bin/../lib/gcc/arm-none-eabi/4.4.1/thumb2/crtbegin.o
                0x2000955c                PROVIDE (__init_array_end, .)
                0x2000955c                PROVIDE (__fini_array_start, .)
 *(.fini_array)
 .fini_array    0x2000955c        0x4 c:/actel/libero_v9.1/softconsole/sourcery-g++/bin/../lib/gcc/arm-none-eabi/4.4.1/thumb2/crtbegin.o
 *(SORT(.fini_array.*))
                0x20009560                PROVIDE (__fini_array_end, .)
                0x20009560                __exidx_start = .

.v4_bx          0x20009560        0x0
 .v4_bx         0x00000000        0x0 linker stubs

.ARM.exidx      0x20009560        0x8
 *(.ARM.exidx* .gnu.linkonce.armexidx.*)
 .ARM.exidx     0x20009560        0x8 c:/actel/libero_v9.1/softconsole/sourcery-g++/bin/../lib/gcc/arm-none-eabi/4.4.1/thumb2\libgcc.a(_divdi3.o)
 .ARM.exidx     0x20009568        0x0 c:/actel/libero_v9.1/softconsole/sourcery-g++/bin/../lib/gcc/arm-none-eabi/4.4.1/thumb2\libgcc.a(_udivdi3.o)
                                  0x8 (size before relaxing)
                0x20009568                __exidx_end = .
                0x20009568                _etext = .
                0x20009568                PROVIDE (__text_end, .)

.data           0x20009568      0x530
                0x20009568                __data_load = LOADADDR (.data)
                0x20009568                _sidata = LOADADDR (.data)
                0x20009568                __data_start = .
                0x20009568                _sdata = .
 *(.jcr)
 .jcr           0x20009568        0x0 c:/actel/libero_v9.1/softconsole/sourcery-g++/bin/../lib/gcc/arm-none-eabi/4.4.1/thumb2/crtbegin.o
 .jcr           0x20009568        0x4 c:/actel/libero_v9.1/softconsole/sourcery-g++/bin/../lib/gcc/arm-none-eabi/4.4.1/thumb2/crtend.o
 *(.got.plt)
 *(.got)
 *(.shdata)
 *(.data .data.* .gnu.linkonce.d.*)
 .data.milliseconds.4689
                0x2000956c        0x4 ./main.o
 .data.increment.4690
                0x20009570        0x4 ./main.o
 .data.current_pw.2229
                0x20009574        0x4 ./drivers/servo_control.o
 .data.current_pw.2218
                0x20009578        0x4 ./drivers/servo_control.o
 .data.SystemFrequency
                0x2000957c        0x4 C:\Users\rpokeefe\repos\373\ants_master\SoftConsole\ants_master_MSS_MSS_CM3_0\ants_master_MSS_MSS_CM3_0_hw_platform\Debug\libants_master_MSS_MSS_CM3_0_hw_platform.a(system_a2fxxxm3.o)
                0x2000957c                SystemFrequency
 .data.SystemCoreClock
                0x20009580        0x4 C:\Users\rpokeefe\repos\373\ants_master\SoftConsole\ants_master_MSS_MSS_CM3_0\ants_master_MSS_MSS_CM3_0_hw_platform\Debug\libants_master_MSS_MSS_CM3_0_hw_platform.a(system_a2fxxxm3.o)
                0x20009580                SystemCoreClock
 .data.g_FrequencyPCLK0
                0x20009584        0x4 C:\Users\rpokeefe\repos\373\ants_master\SoftConsole\ants_master_MSS_MSS_CM3_0\ants_master_MSS_MSS_CM3_0_hw_platform\Debug\libants_master_MSS_MSS_CM3_0_hw_platform.a(system_a2fxxxm3.o)
                0x20009584                g_FrequencyPCLK0
 .data.g_FrequencyPCLK1
                0x20009588        0x4 C:\Users\rpokeefe\repos\373\ants_master\SoftConsole\ants_master_MSS_MSS_CM3_0\ants_master_MSS_MSS_CM3_0_hw_platform\Debug\libants_master_MSS_MSS_CM3_0_hw_platform.a(system_a2fxxxm3.o)
                0x20009588                g_FrequencyPCLK1
 .data.g_FrequencyACE
                0x2000958c        0x4 C:\Users\rpokeefe\repos\373\ants_master\SoftConsole\ants_master_MSS_MSS_CM3_0\ants_master_MSS_MSS_CM3_0_hw_platform\Debug\libants_master_MSS_MSS_CM3_0_hw_platform.a(system_a2fxxxm3.o)
                0x2000958c                g_FrequencyACE
 .data.g_FrequencyFPGA
                0x20009590        0x4 C:\Users\rpokeefe\repos\373\ants_master\SoftConsole\ants_master_MSS_MSS_CM3_0\ants_master_MSS_MSS_CM3_0_hw_platform\Debug\libants_master_MSS_MSS_CM3_0_hw_platform.a(system_a2fxxxm3.o)
                0x20009590                g_FrequencyFPGA
 .data          0x20009594       0xf4 c:/actel/libero_v9.1/softconsole/sourcery-g++/bin/../lib/gcc/arm-none-eabi/4.4.1/../../../../arm-none-eabi/lib/thumb2\libc.a(lib_a-impure.o)
                0x20009594                _impure_ptr
 .data          0x20009688      0x410 c:/actel/libero_v9.1/softconsole/sourcery-g++/bin/../lib/gcc/arm-none-eabi/4.4.1/../../../../arm-none-eabi/lib/thumb2\libc.a(lib_a-mallocr.o)
                0x20009688                __malloc_av_
                0x20009a90                __malloc_sbrk_base
                0x20009a94                __malloc_trim_threshold
                0x20009a98                . = ALIGN (0x4)
                0x20009a98                _edata = .

.bss            0x20009a98      0x1f8
                0x20009a98                __bss_start__ = .
                0x20009a98                _sbss = .
 *(.shbss)
 *(.bss .bss.* .gnu.linkonce.b.*)
 .bss           0x20009a98        0x1 c:/actel/libero_v9.1/softconsole/sourcery-g++/bin/../lib/gcc/arm-none-eabi/4.4.1/thumb2/crtbegin.o
 *fill*         0x20009a99        0x3 00
 .bss.analog_pwm_vals.4734
                0x20009a9c        0x8 ./main.o
 .bss.g_outBuf  0x20009aa4       0x40 ./drivers/Pixy_SPI.o
 .bss.g_outLen  0x20009ae4        0x1 ./drivers/Pixy_SPI.o
 .bss.g_outReadIndex
                0x20009ae5        0x1 ./drivers/Pixy_SPI.o
 *fill*         0x20009ae6        0x2 00
 .bss.g_skipStart
                0x20009ae8        0x4 ./drivers/Pixy_SPI.o
 .bss.g_stdio_uart_init_done
                0x20009aec        0x4 C:/Users/rpokeefe/repos/373/ants_master/SoftConsole/ants_master_MSS_MSS_CM3_0/ants_master_MSS_MSS_CM3_0_hw_platform/Debug/CMSIS/startup_gcc/newlib_stubs.o
 .bss.heap_end.3594
                0x20009af0        0x4 C:/Users/rpokeefe/repos/373/ants_master/SoftConsole/ants_master_MSS_MSS_CM3_0/ants_master_MSS_MSS_CM3_0_hw_platform/Debug/CMSIS/startup_gcc/newlib_stubs.o
 .bss           0x20009af4       0x34 c:/actel/libero_v9.1/softconsole/sourcery-g++/bin/../lib/gcc/arm-none-eabi/4.4.1/../../../../arm-none-eabi/lib/thumb2\libc.a(lib_a-mallocr.o)
                0x20009af4                __malloc_top_pad
                0x20009af8                __malloc_current_mallinfo
                0x20009b20                __malloc_max_sbrked_mem
                0x20009b24                __malloc_max_total_mem
 *(COMMON)
 COMMON         0x20009b28        0x5 ./drivers/Pixy_SPI.o
                0x20009b28                g_blocks
                0x20009b2c                g_blockType
 *fill*         0x20009b2d        0x3 00
 COMMON         0x20009b30       0x50 C:\Users\rpokeefe\repos\373\ants_master\SoftConsole\ants_master_MSS_MSS_CM3_0\ants_master_MSS_MSS_CM3_0_hw_platform\Debug\libants_master_MSS_MSS_CM3_0_hw_platform.a(mss_uart.o)
                0x20009b30                g_mss_uart1
                0x20009b58                g_mss_uart0
 COMMON         0x20009b80      0x108 C:\Users\rpokeefe\repos\373\ants_master\SoftConsole\ants_master_MSS_MSS_CM3_0\ants_master_MSS_MSS_CM3_0_hw_platform\Debug\libants_master_MSS_MSS_CM3_0_hw_platform.a(mss_spi.o)
                0x20009b80                g_mss_spi1
                0x20009c04                g_mss_spi0
 COMMON         0x20009c88        0x4 c:/actel/libero_v9.1/softconsole/sourcery-g++/bin/../lib/gcc/arm-none-eabi/4.4.1/../../../../arm-none-eabi/lib/thumb2\libc.a(lib_a-reent.o)
                0x20009c88                errno
                0x20009c90                . = ALIGN (0x8)
 *fill*         0x20009c8c        0x4 00
                0x20009c90                __bss_end__ = .
                0x20009c90                _end = .
                0x20009c90                __end = _end
                0x20009c90                _ebss = .
                0x20009c90                PROVIDE (end, .)

.stack          0x20009c90     0x3000
                0x20009c90                . = ALIGN (0x4)
                0x2000ac90                . = (. + PROCESS_STACK_SIZE)
 *fill*         0x20009c90     0x1000 00
                0x2000ac90                . = ALIGN (0x4)
                0x2000cc90                . = (. + MAIN_STACK_SIZE)
 *fill*         0x2000ac90     0x2000 00
                0x2000cc90                . = ALIGN (0x4)

.stab
 *(.stab)

.stabstr
 *(.stabstr)

.debug
 *(.debug)

.line
 *(.line)

.debug_srcinfo
 *(.debug_srcinfo)

.debug_sfnames
 *(.debug_sfnames)

.comment        0x00000000      0x25a
 .comment       0x00000000       0x2b ./main.o
 .comment       0x0000002b       0x2b ./drivers/Pixy_SPI.o
 .comment       0x00000056       0x2b ./drivers/dsensor_driver.o
 .comment       0x00000081       0x2b ./drivers/n64_driver.o
 .comment       0x000000ac       0x2b ./drivers/servo_control.o
 .comment       0x000000d7       0x2b C:/Users/rpokeefe/repos/373/ants_master/SoftConsole/ants_master_MSS_MSS_CM3_0/ants_master_MSS_MSS_CM3_0_hw_platform/Debug/CMSIS/startup_gcc/newlib_stubs.o
 .comment       0x00000102       0x2b C:\Users\rpokeefe\repos\373\ants_master\SoftConsole\ants_master_MSS_MSS_CM3_0\ants_master_MSS_MSS_CM3_0_hw_platform\Debug\libants_master_MSS_MSS_CM3_0_hw_platform.a(mss_uart.o)
 .comment       0x0000012d       0x2b C:\Users\rpokeefe\repos\373\ants_master\SoftConsole\ants_master_MSS_MSS_CM3_0\ants_master_MSS_MSS_CM3_0_hw_platform\Debug\libants_master_MSS_MSS_CM3_0_hw_platform.a(mss_spi.o)
 .comment       0x00000158       0x2b C:\Users\rpokeefe\repos\373\ants_master\SoftConsole\ants_master_MSS_MSS_CM3_0\ants_master_MSS_MSS_CM3_0_hw_platform\Debug\libants_master_MSS_MSS_CM3_0_hw_platform.a(mss_gpio.o)
 .comment       0x00000183       0x2b C:\Users\rpokeefe\repos\373\ants_master\SoftConsole\ants_master_MSS_MSS_CM3_0\ants_master_MSS_MSS_CM3_0_hw_platform\Debug\libants_master_MSS_MSS_CM3_0_hw_platform.a(mss_ace.o)
 .comment       0x000001ae       0x2b C:\Users\rpokeefe\repos\373\ants_master\SoftConsole\ants_master_MSS_MSS_CM3_0\ants_master_MSS_MSS_CM3_0_hw_platform\Debug\libants_master_MSS_MSS_CM3_0_hw_platform.a(system_a2fxxxm3.o)
 .comment       0x000001d9       0x2b C:\Users\rpokeefe\repos\373\ants_master\SoftConsole\ants_master_MSS_MSS_CM3_0\ants_master_MSS_MSS_CM3_0_hw_platform\Debug\libants_master_MSS_MSS_CM3_0_hw_platform.a(ace_config.o)
 .comment       0x00000204       0x2b C:\Users\rpokeefe\repos\373\ants_master\SoftConsole\ants_master_MSS_MSS_CM3_0\ants_master_MSS_MSS_CM3_0_hw_platform\Debug\libants_master_MSS_MSS_CM3_0_hw_platform.a(ace_convert.o)
 .comment       0x0000022f       0x2b C:\Users\rpokeefe\repos\373\ants_master\SoftConsole\ants_master_MSS_MSS_CM3_0\ants_master_MSS_MSS_CM3_0_hw_platform\Debug\libants_master_MSS_MSS_CM3_0_hw_platform.a(ace_flags.o)

.debug_aranges  0x00000000      0x7d8
 *(.debug_aranges)
 .debug_aranges
                0x00000000       0x60 ./main.o
 .debug_aranges
                0x00000060       0x70 ./drivers/Pixy_SPI.o
 .debug_aranges
                0x000000d0       0x28 ./drivers/dsensor_driver.o
 .debug_aranges
                0x000000f8       0x48 ./drivers/n64_driver.o
 .debug_aranges
                0x00000140       0x30 ./drivers/servo_control.o
 .debug_aranges
                0x00000170       0xa8 C:/Users/rpokeefe/repos/373/ants_master/SoftConsole/ants_master_MSS_MSS_CM3_0/ants_master_MSS_MSS_CM3_0_hw_platform/Debug/CMSIS/startup_gcc/newlib_stubs.o
 .debug_aranges
                0x00000218       0xd8 C:\Users\rpokeefe\repos\373\ants_master\SoftConsole\ants_master_MSS_MSS_CM3_0\ants_master_MSS_MSS_CM3_0_hw_platform\Debug\libants_master_MSS_MSS_CM3_0_hw_platform.a(mss_uart.o)
 .debug_aranges
                0x000002f0       0xe0 C:\Users\rpokeefe\repos\373\ants_master\SoftConsole\ants_master_MSS_MSS_CM3_0\ants_master_MSS_MSS_CM3_0_hw_platform\Debug\libants_master_MSS_MSS_CM3_0_hw_platform.a(mss_spi.o)
 .debug_aranges
                0x000003d0       0x60 C:\Users\rpokeefe\repos\373\ants_master\SoftConsole\ants_master_MSS_MSS_CM3_0\ants_master_MSS_MSS_CM3_0_hw_platform\Debug\libants_master_MSS_MSS_CM3_0_hw_platform.a(mss_gpio.o)
 .debug_aranges
                0x00000430       0xe0 C:\Users\rpokeefe\repos\373\ants_master\SoftConsole\ants_master_MSS_MSS_CM3_0\ants_master_MSS_MSS_CM3_0_hw_platform\Debug\libants_master_MSS_MSS_CM3_0_hw_platform.a(mss_ace.o)
 .debug_aranges
                0x00000510       0x30 C:\Users\rpokeefe\repos\373\ants_master\SoftConsole\ants_master_MSS_MSS_CM3_0\ants_master_MSS_MSS_CM3_0_hw_platform\Debug\libants_master_MSS_MSS_CM3_0_hw_platform.a(system_a2fxxxm3.o)
 .debug_aranges
                0x00000540       0xb0 C:\Users\rpokeefe\repos\373\ants_master\SoftConsole\ants_master_MSS_MSS_CM3_0\ants_master_MSS_MSS_CM3_0_hw_platform\Debug\libants_master_MSS_MSS_CM3_0_hw_platform.a(ace_convert.o)
 .debug_aranges
                0x000005f0      0x1e8 C:\Users\rpokeefe\repos\373\ants_master\SoftConsole\ants_master_MSS_MSS_CM3_0\ants_master_MSS_MSS_CM3_0_hw_platform\Debug\libants_master_MSS_MSS_CM3_0_hw_platform.a(ace_flags.o)

.debug_pubnames
                0x00000000     0x157c
 *(.debug_pubnames)
 .debug_pubnames
                0x00000000       0xcf ./main.o
 .debug_pubnames
                0x000000cf       0xdf ./drivers/Pixy_SPI.o
 .debug_pubnames
                0x000001ae       0x36 ./drivers/dsensor_driver.o
 .debug_pubnames
                0x000001e4       0x8d ./drivers/n64_driver.o
 .debug_pubnames
                0x00000271       0x5e ./drivers/servo_control.o
 .debug_pubnames
                0x000002cf       0xeb C:/Users/rpokeefe/repos/373/ants_master/SoftConsole/ants_master_MSS_MSS_CM3_0/ants_master_MSS_MSS_CM3_0_hw_platform/Debug/CMSIS/startup_gcc/newlib_stubs.o
 .debug_pubnames
                0x000003ba      0x21c C:\Users\rpokeefe\repos\373\ants_master\SoftConsole\ants_master_MSS_MSS_CM3_0\ants_master_MSS_MSS_CM3_0_hw_platform\Debug\libants_master_MSS_MSS_CM3_0_hw_platform.a(mss_uart.o)
 .debug_pubnames
                0x000005d6      0x21a C:\Users\rpokeefe\repos\373\ants_master\SoftConsole\ants_master_MSS_MSS_CM3_0\ants_master_MSS_MSS_CM3_0_hw_platform\Debug\libants_master_MSS_MSS_CM3_0_hw_platform.a(mss_spi.o)
 .debug_pubnames
                0x000007f0       0xb1 C:\Users\rpokeefe\repos\373\ants_master\SoftConsole\ants_master_MSS_MSS_CM3_0\ants_master_MSS_MSS_CM3_0_hw_platform\Debug\libants_master_MSS_MSS_CM3_0_hw_platform.a(mss_gpio.o)
 .debug_pubnames
                0x000008a1      0x292 C:\Users\rpokeefe\repos\373\ants_master\SoftConsole\ants_master_MSS_MSS_CM3_0\ants_master_MSS_MSS_CM3_0_hw_platform\Debug\libants_master_MSS_MSS_CM3_0_hw_platform.a(mss_ace.o)
 .debug_pubnames
                0x00000b33       0xb4 C:\Users\rpokeefe\repos\373\ants_master\SoftConsole\ants_master_MSS_MSS_CM3_0\ants_master_MSS_MSS_CM3_0_hw_platform\Debug\libants_master_MSS_MSS_CM3_0_hw_platform.a(system_a2fxxxm3.o)
 .debug_pubnames
                0x00000be7      0x14a C:\Users\rpokeefe\repos\373\ants_master\SoftConsole\ants_master_MSS_MSS_CM3_0\ants_master_MSS_MSS_CM3_0_hw_platform\Debug\libants_master_MSS_MSS_CM3_0_hw_platform.a(ace_config.o)
 .debug_pubnames
                0x00000d31      0x1ec C:\Users\rpokeefe\repos\373\ants_master\SoftConsole\ants_master_MSS_MSS_CM3_0\ants_master_MSS_MSS_CM3_0_hw_platform\Debug\libants_master_MSS_MSS_CM3_0_hw_platform.a(ace_convert.o)
 .debug_pubnames
                0x00000f1d      0x65f C:\Users\rpokeefe\repos\373\ants_master\SoftConsole\ants_master_MSS_MSS_CM3_0\ants_master_MSS_MSS_CM3_0_hw_platform\Debug\libants_master_MSS_MSS_CM3_0_hw_platform.a(ace_flags.o)

.debug_info     0x00000000     0xb27b
 *(.debug_info .gnu.linkonce.wi.*)
 .debug_info    0x00000000      0x5ad ./main.o
 .debug_info    0x000005ad      0xcd5 ./drivers/Pixy_SPI.o
 .debug_info    0x00001282      0x113 ./drivers/dsensor_driver.o
 .debug_info    0x00001395      0x34d ./drivers/n64_driver.o
 .debug_info    0x000016e2      0x16f ./drivers/servo_control.o
 .debug_info    0x00001851     0x10f0 C:/Users/rpokeefe/repos/373/ants_master/SoftConsole/ants_master_MSS_MSS_CM3_0/ants_master_MSS_MSS_CM3_0_hw_platform/Debug/CMSIS/startup_gcc/newlib_stubs.o
 .debug_info    0x00002941     0x15a4 C:\Users\rpokeefe\repos\373\ants_master\SoftConsole\ants_master_MSS_MSS_CM3_0\ants_master_MSS_MSS_CM3_0_hw_platform\Debug\libants_master_MSS_MSS_CM3_0_hw_platform.a(mss_uart.o)
 .debug_info    0x00003ee5     0x1472 C:\Users\rpokeefe\repos\373\ants_master\SoftConsole\ants_master_MSS_MSS_CM3_0\ants_master_MSS_MSS_CM3_0_hw_platform\Debug\libants_master_MSS_MSS_CM3_0_hw_platform.a(mss_spi.o)
 .debug_info    0x00005357     0x1114 C:\Users\rpokeefe\repos\373\ants_master\SoftConsole\ants_master_MSS_MSS_CM3_0\ants_master_MSS_MSS_CM3_0_hw_platform\Debug\libants_master_MSS_MSS_CM3_0_hw_platform.a(mss_gpio.o)
 .debug_info    0x0000646b     0x1afb C:\Users\rpokeefe\repos\373\ants_master\SoftConsole\ants_master_MSS_MSS_CM3_0\ants_master_MSS_MSS_CM3_0_hw_platform\Debug\libants_master_MSS_MSS_CM3_0_hw_platform.a(mss_ace.o)
 .debug_info    0x00007f66      0x53c C:\Users\rpokeefe\repos\373\ants_master\SoftConsole\ants_master_MSS_MSS_CM3_0\ants_master_MSS_MSS_CM3_0_hw_platform\Debug\libants_master_MSS_MSS_CM3_0_hw_platform.a(system_a2fxxxm3.o)
 .debug_info    0x000084a2      0x480 C:\Users\rpokeefe\repos\373\ants_master\SoftConsole\ants_master_MSS_MSS_CM3_0\ants_master_MSS_MSS_CM3_0_hw_platform\Debug\libants_master_MSS_MSS_CM3_0_hw_platform.a(ace_config.o)
 .debug_info    0x00008922     0x1aa2 C:\Users\rpokeefe\repos\373\ants_master\SoftConsole\ants_master_MSS_MSS_CM3_0\ants_master_MSS_MSS_CM3_0_hw_platform\Debug\libants_master_MSS_MSS_CM3_0_hw_platform.a(ace_convert.o)
 .debug_info    0x0000a3c4      0xeb7 C:\Users\rpokeefe\repos\373\ants_master\SoftConsole\ants_master_MSS_MSS_CM3_0\ants_master_MSS_MSS_CM3_0_hw_platform\Debug\libants_master_MSS_MSS_CM3_0_hw_platform.a(ace_flags.o)

.debug_abbrev   0x00000000     0x147e
 *(.debug_abbrev)
 .debug_abbrev  0x00000000      0x194 ./main.o
 .debug_abbrev  0x00000194      0x1f2 ./drivers/Pixy_SPI.o
 .debug_abbrev  0x00000386       0x8d ./drivers/dsensor_driver.o
 .debug_abbrev  0x00000413      0x10c ./drivers/n64_driver.o
 .debug_abbrev  0x0000051f       0x9c ./drivers/servo_control.o
 .debug_abbrev  0x000005bb      0x1f4 C:/Users/rpokeefe/repos/373/ants_master/SoftConsole/ants_master_MSS_MSS_CM3_0/ants_master_MSS_MSS_CM3_0_hw_platform/Debug/CMSIS/startup_gcc/newlib_stubs.o
 .debug_abbrev  0x000007af      0x245 C:\Users\rpokeefe\repos\373\ants_master\SoftConsole\ants_master_MSS_MSS_CM3_0\ants_master_MSS_MSS_CM3_0_hw_platform\Debug\libants_master_MSS_MSS_CM3_0_hw_platform.a(mss_uart.o)
 .debug_abbrev  0x000009f4      0x219 C:\Users\rpokeefe\repos\373\ants_master\SoftConsole\ants_master_MSS_MSS_CM3_0\ants_master_MSS_MSS_CM3_0_hw_platform\Debug\libants_master_MSS_MSS_CM3_0_hw_platform.a(mss_spi.o)
 .debug_abbrev  0x00000c0d      0x181 C:\Users\rpokeefe\repos\373\ants_master\SoftConsole\ants_master_MSS_MSS_CM3_0\ants_master_MSS_MSS_CM3_0_hw_platform\Debug\libants_master_MSS_MSS_CM3_0_hw_platform.a(mss_gpio.o)
 .debug_abbrev  0x00000d8e      0x225 C:\Users\rpokeefe\repos\373\ants_master\SoftConsole\ants_master_MSS_MSS_CM3_0\ants_master_MSS_MSS_CM3_0_hw_platform\Debug\libants_master_MSS_MSS_CM3_0_hw_platform.a(mss_ace.o)
 .debug_abbrev  0x00000fb3      0x111 C:\Users\rpokeefe\repos\373\ants_master\SoftConsole\ants_master_MSS_MSS_CM3_0\ants_master_MSS_MSS_CM3_0_hw_platform\Debug\libants_master_MSS_MSS_CM3_0_hw_platform.a(system_a2fxxxm3.o)
 .debug_abbrev  0x000010c4       0xbd C:\Users\rpokeefe\repos\373\ants_master\SoftConsole\ants_master_MSS_MSS_CM3_0\ants_master_MSS_MSS_CM3_0_hw_platform\Debug\libants_master_MSS_MSS_CM3_0_hw_platform.a(ace_config.o)
 .debug_abbrev  0x00001181      0x191 C:\Users\rpokeefe\repos\373\ants_master\SoftConsole\ants_master_MSS_MSS_CM3_0\ants_master_MSS_MSS_CM3_0_hw_platform\Debug\libants_master_MSS_MSS_CM3_0_hw_platform.a(ace_convert.o)
 .debug_abbrev  0x00001312      0x16c C:\Users\rpokeefe\repos\373\ants_master\SoftConsole\ants_master_MSS_MSS_CM3_0\ants_master_MSS_MSS_CM3_0_hw_platform\Debug\libants_master_MSS_MSS_CM3_0_hw_platform.a(ace_flags.o)

.debug_line     0x00000000     0x43cc
 *(.debug_line)
 .debug_line    0x00000000      0x89b ./main.o
 .debug_line    0x0000089b      0x597 ./drivers/Pixy_SPI.o
 .debug_line    0x00000e32      0x314 ./drivers/dsensor_driver.o
 .debug_line    0x00001146      0x39a ./drivers/n64_driver.o
 .debug_line    0x000014e0      0x32b ./drivers/servo_control.o
 .debug_line    0x0000180b      0x515 C:/Users/rpokeefe/repos/373/ants_master/SoftConsole/ants_master_MSS_MSS_CM3_0/ants_master_MSS_MSS_CM3_0_hw_platform/Debug/CMSIS/startup_gcc/newlib_stubs.o
 .debug_line    0x00001d20      0x581 C:\Users\rpokeefe\repos\373\ants_master\SoftConsole\ants_master_MSS_MSS_CM3_0\ants_master_MSS_MSS_CM3_0_hw_platform\Debug\libants_master_MSS_MSS_CM3_0_hw_platform.a(mss_uart.o)
 .debug_line    0x000022a1      0x70a C:\Users\rpokeefe\repos\373\ants_master\SoftConsole\ants_master_MSS_MSS_CM3_0\ants_master_MSS_MSS_CM3_0_hw_platform\Debug\libants_master_MSS_MSS_CM3_0_hw_platform.a(mss_spi.o)
 .debug_line    0x000029ab      0x32f C:\Users\rpokeefe\repos\373\ants_master\SoftConsole\ants_master_MSS_MSS_CM3_0\ants_master_MSS_MSS_CM3_0_hw_platform\Debug\libants_master_MSS_MSS_CM3_0_hw_platform.a(mss_gpio.o)
 .debug_line    0x00002cda      0x605 C:\Users\rpokeefe\repos\373\ants_master\SoftConsole\ants_master_MSS_MSS_CM3_0\ants_master_MSS_MSS_CM3_0_hw_platform\Debug\libants_master_MSS_MSS_CM3_0_hw_platform.a(mss_ace.o)
 .debug_line    0x000032df      0x284 C:\Users\rpokeefe\repos\373\ants_master\SoftConsole\ants_master_MSS_MSS_CM3_0\ants_master_MSS_MSS_CM3_0_hw_platform\Debug\libants_master_MSS_MSS_CM3_0_hw_platform.a(system_a2fxxxm3.o)
 .debug_line    0x00003563      0x1ac C:\Users\rpokeefe\repos\373\ants_master\SoftConsole\ants_master_MSS_MSS_CM3_0\ants_master_MSS_MSS_CM3_0_hw_platform\Debug\libants_master_MSS_MSS_CM3_0_hw_platform.a(ace_config.o)
 .debug_line    0x0000370f      0x4de C:\Users\rpokeefe\repos\373\ants_master\SoftConsole\ants_master_MSS_MSS_CM3_0\ants_master_MSS_MSS_CM3_0_hw_platform\Debug\libants_master_MSS_MSS_CM3_0_hw_platform.a(ace_convert.o)
 .debug_line    0x00003bed      0x7df C:\Users\rpokeefe\repos\373\ants_master\SoftConsole\ants_master_MSS_MSS_CM3_0\ants_master_MSS_MSS_CM3_0_hw_platform\Debug\libants_master_MSS_MSS_CM3_0_hw_platform.a(ace_flags.o)

.debug_frame    0x00000000     0x26ac
 *(.debug_frame)
 .debug_frame   0x00000000      0x124 ./main.o
 .debug_frame   0x00000124      0x168 ./drivers/Pixy_SPI.o
 .debug_frame   0x0000028c       0x54 ./drivers/dsensor_driver.o
 .debug_frame   0x000002e0       0xd0 ./drivers/n64_driver.o
 .debug_frame   0x000003b0       0x70 ./drivers/servo_control.o
 .debug_frame   0x00000420      0x220 C:/Users/rpokeefe/repos/373/ants_master/SoftConsole/ants_master_MSS_MSS_CM3_0/ants_master_MSS_MSS_CM3_0_hw_platform/Debug/CMSIS/startup_gcc/newlib_stubs.o
 .debug_frame   0x00000640      0x2e4 C:\Users\rpokeefe\repos\373\ants_master\SoftConsole\ants_master_MSS_MSS_CM3_0\ants_master_MSS_MSS_CM3_0_hw_platform\Debug\libants_master_MSS_MSS_CM3_0_hw_platform.a(mss_uart.o)
 .debug_frame   0x00000924      0x320 C:\Users\rpokeefe\repos\373\ants_master\SoftConsole\ants_master_MSS_MSS_CM3_0\ants_master_MSS_MSS_CM3_0_hw_platform\Debug\libants_master_MSS_MSS_CM3_0_hw_platform.a(mss_spi.o)
 .debug_frame   0x00000c44      0x118 C:\Users\rpokeefe\repos\373\ants_master\SoftConsole\ants_master_MSS_MSS_CM3_0\ants_master_MSS_MSS_CM3_0_hw_platform\Debug\libants_master_MSS_MSS_CM3_0_hw_platform.a(mss_gpio.o)
 .debug_frame   0x00000d5c      0x2cc C:\Users\rpokeefe\repos\373\ants_master\SoftConsole\ants_master_MSS_MSS_CM3_0\ants_master_MSS_MSS_CM3_0_hw_platform\Debug\libants_master_MSS_MSS_CM3_0_hw_platform.a(mss_ace.o)
 .debug_frame   0x00001028       0x64 C:\Users\rpokeefe\repos\373\ants_master\SoftConsole\ants_master_MSS_MSS_CM3_0\ants_master_MSS_MSS_CM3_0_hw_platform\Debug\libants_master_MSS_MSS_CM3_0_hw_platform.a(system_a2fxxxm3.o)
 .debug_frame   0x0000108c      0x24c C:\Users\rpokeefe\repos\373\ants_master\SoftConsole\ants_master_MSS_MSS_CM3_0\ants_master_MSS_MSS_CM3_0_hw_platform\Debug\libants_master_MSS_MSS_CM3_0_hw_platform.a(ace_convert.o)
 .debug_frame   0x000012d8      0x764 C:\Users\rpokeefe\repos\373\ants_master\SoftConsole\ants_master_MSS_MSS_CM3_0\ants_master_MSS_MSS_CM3_0_hw_platform\Debug\libants_master_MSS_MSS_CM3_0_hw_platform.a(ace_flags.o)
 .debug_frame   0x00001a3c       0x20 c:/actel/libero_v9.1/softconsole/sourcery-g++/bin/../lib/gcc/arm-none-eabi/4.4.1/../../../../arm-none-eabi/lib/thumb2\libc.a(lib_a-errno.o)
 .debug_frame   0x00001a5c       0x2c c:/actel/libero_v9.1/softconsole/sourcery-g++/bin/../lib/gcc/arm-none-eabi/4.4.1/../../../../arm-none-eabi/lib/thumb2\libc.a(lib_a-init.o)
 .debug_frame   0x00001a88       0x30 c:/actel/libero_v9.1/softconsole/sourcery-g++/bin/../lib/gcc/arm-none-eabi/4.4.1/../../../../arm-none-eabi/lib/thumb2\libc.a(lib_a-malloc.o)
 .debug_frame   0x00001ab8       0x3c c:/actel/libero_v9.1/softconsole/sourcery-g++/bin/../lib/gcc/arm-none-eabi/4.4.1/../../../../arm-none-eabi/lib/thumb2\libc.a(lib_a-mallocr.o)
 .debug_frame   0x00001af4       0x34 c:/actel/libero_v9.1/softconsole/sourcery-g++/bin/../lib/gcc/arm-none-eabi/4.4.1/../../../../arm-none-eabi/lib/thumb2\libc.a(lib_a-memcpy.o)
 .debug_frame   0x00001b28       0x28 c:/actel/libero_v9.1/softconsole/sourcery-g++/bin/../lib/gcc/arm-none-eabi/4.4.1/../../../../arm-none-eabi/lib/thumb2\libc.a(lib_a-memset.o)
 .debug_frame   0x00001b50       0x30 c:/actel/libero_v9.1/softconsole/sourcery-g++/bin/../lib/gcc/arm-none-eabi/4.4.1/../../../../arm-none-eabi/lib/thumb2\libc.a(lib_a-mlock.o)
 .debug_frame   0x00001b80       0x5c c:/actel/libero_v9.1/softconsole/sourcery-g++/bin/../lib/gcc/arm-none-eabi/4.4.1/../../../../arm-none-eabi/lib/thumb2\libc.a(lib_a-printf.o)
 .debug_frame   0x00001bdc       0x40 c:/actel/libero_v9.1/softconsole/sourcery-g++/bin/../lib/gcc/arm-none-eabi/4.4.1/../../../../arm-none-eabi/lib/thumb2\libc.a(lib_a-puts.o)
 .debug_frame   0x00001c1c       0x2c c:/actel/libero_v9.1/softconsole/sourcery-g++/bin/../lib/gcc/arm-none-eabi/4.4.1/../../../../arm-none-eabi/lib/thumb2\libc.a(lib_a-sbrkr.o)
 .debug_frame   0x00001c48       0x20 c:/actel/libero_v9.1/softconsole/sourcery-g++/bin/../lib/gcc/arm-none-eabi/4.4.1/../../../../arm-none-eabi/lib/thumb2\libc.a(lib_a-strlen.o)
 .debug_frame   0x00001c68       0x28 c:/actel/libero_v9.1/softconsole/sourcery-g++/bin/../lib/gcc/arm-none-eabi/4.4.1/../../../../arm-none-eabi/lib/thumb2\libc.a(lib_a-strncmp.o)
 .debug_frame   0x00001c90       0x70 c:/actel/libero_v9.1/softconsole/sourcery-g++/bin/../lib/gcc/arm-none-eabi/4.4.1/../../../../arm-none-eabi/lib/thumb2\libc.a(lib_a-vfprintf.o)
 .debug_frame   0x00001d00       0x2c c:/actel/libero_v9.1/softconsole/sourcery-g++/bin/../lib/gcc/arm-none-eabi/4.4.1/../../../../arm-none-eabi/lib/thumb2\libc.a(lib_a-wsetup.o)
 .debug_frame   0x00001d2c       0x64 c:/actel/libero_v9.1/softconsole/sourcery-g++/bin/../lib/gcc/arm-none-eabi/4.4.1/../../../../arm-none-eabi/lib/thumb2\libc.a(lib_a-dtoa.o)
 .debug_frame   0x00001d90       0x40 c:/actel/libero_v9.1/softconsole/sourcery-g++/bin/../lib/gcc/arm-none-eabi/4.4.1/../../../../arm-none-eabi/lib/thumb2\libc.a(lib_a-fflush.o)
 .debug_frame   0x00001dd0      0x11c c:/actel/libero_v9.1/softconsole/sourcery-g++/bin/../lib/gcc/arm-none-eabi/4.4.1/../../../../arm-none-eabi/lib/thumb2\libc.a(lib_a-findfp.o)
 .debug_frame   0x00001eec       0x50 c:/actel/libero_v9.1/softconsole/sourcery-g++/bin/../lib/gcc/arm-none-eabi/4.4.1/../../../../arm-none-eabi/lib/thumb2\libc.a(lib_a-freer.o)
 .debug_frame   0x00001f3c       0x3c c:/actel/libero_v9.1/softconsole/sourcery-g++/bin/../lib/gcc/arm-none-eabi/4.4.1/../../../../arm-none-eabi/lib/thumb2\libc.a(lib_a-fvwrite.o)
 .debug_frame   0x00001f78       0x54 c:/actel/libero_v9.1/softconsole/sourcery-g++/bin/../lib/gcc/arm-none-eabi/4.4.1/../../../../arm-none-eabi/lib/thumb2\libc.a(lib_a-fwalk.o)
 .debug_frame   0x00001fcc       0x6c c:/actel/libero_v9.1/softconsole/sourcery-g++/bin/../lib/gcc/arm-none-eabi/4.4.1/../../../../arm-none-eabi/lib/thumb2\libc.a(lib_a-locale.o)
 .debug_frame   0x00002038       0x34 c:/actel/libero_v9.1/softconsole/sourcery-g++/bin/../lib/gcc/arm-none-eabi/4.4.1/../../../../arm-none-eabi/lib/thumb2\libc.a(lib_a-makebuf.o)
 .debug_frame   0x0000206c       0x28 c:/actel/libero_v9.1/softconsole/sourcery-g++/bin/../lib/gcc/arm-none-eabi/4.4.1/../../../../arm-none-eabi/lib/thumb2\libc.a(lib_a-memchr.o)
 .debug_frame   0x00002094       0x2c c:/actel/libero_v9.1/softconsole/sourcery-g++/bin/../lib/gcc/arm-none-eabi/4.4.1/../../../../arm-none-eabi/lib/thumb2\libc.a(lib_a-memmove.o)
 .debug_frame   0x000020c0      0x240 c:/actel/libero_v9.1/softconsole/sourcery-g++/bin/../lib/gcc/arm-none-eabi/4.4.1/../../../../arm-none-eabi/lib/thumb2\libc.a(lib_a-mprec.o)
 .debug_frame   0x00002300       0x3c c:/actel/libero_v9.1/softconsole/sourcery-g++/bin/../lib/gcc/arm-none-eabi/4.4.1/../../../../arm-none-eabi/lib/thumb2\libc.a(lib_a-reallocr.o)
 .debug_frame   0x0000233c       0x64 c:/actel/libero_v9.1/softconsole/sourcery-g++/bin/../lib/gcc/arm-none-eabi/4.4.1/../../../../arm-none-eabi/lib/thumb2\libc.a(lib_a-reent.o)
 .debug_frame   0x000023a0       0x20 c:/actel/libero_v9.1/softconsole/sourcery-g++/bin/../lib/gcc/arm-none-eabi/4.4.1/../../../../arm-none-eabi/lib/thumb2\libc.a(lib_a-s_isinfd.o)
 .debug_frame   0x000023c0       0x20 c:/actel/libero_v9.1/softconsole/sourcery-g++/bin/../lib/gcc/arm-none-eabi/4.4.1/../../../../arm-none-eabi/lib/thumb2\libc.a(lib_a-s_isnand.o)
 .debug_frame   0x000023e0       0x70 c:/actel/libero_v9.1/softconsole/sourcery-g++/bin/../lib/gcc/arm-none-eabi/4.4.1/../../../../arm-none-eabi/lib/thumb2\libc.a(lib_a-stdio.o)
 .debug_frame   0x00002450       0x30 c:/actel/libero_v9.1/softconsole/sourcery-g++/bin/../lib/gcc/arm-none-eabi/4.4.1/../../../../arm-none-eabi/lib/thumb2\libc.a(lib_a-strcmp.o)
 .debug_frame   0x00002480       0x2c c:/actel/libero_v9.1/softconsole/sourcery-g++/bin/../lib/gcc/arm-none-eabi/4.4.1/../../../../arm-none-eabi/lib/thumb2\libc.a(lib_a-callocr.o)
 .debug_frame   0x000024ac       0x2c c:/actel/libero_v9.1/softconsole/sourcery-g++/bin/../lib/gcc/arm-none-eabi/4.4.1/../../../../arm-none-eabi/lib/thumb2\libc.a(lib_a-closer.o)
 .debug_frame   0x000024d8       0x3c c:/actel/libero_v9.1/softconsole/sourcery-g++/bin/../lib/gcc/arm-none-eabi/4.4.1/../../../../arm-none-eabi/lib/thumb2\libc.a(lib_a-fclose.o)
 .debug_frame   0x00002514       0x2c c:/actel/libero_v9.1/softconsole/sourcery-g++/bin/../lib/gcc/arm-none-eabi/4.4.1/../../../../arm-none-eabi/lib/thumb2\libc.a(lib_a-fstatr.o)
 .debug_frame   0x00002540       0x2c c:/actel/libero_v9.1/softconsole/sourcery-g++/bin/../lib/gcc/arm-none-eabi/4.4.1/../../../../arm-none-eabi/lib/thumb2\libc.a(lib_a-isattyr.o)
 .debug_frame   0x0000256c       0x2c c:/actel/libero_v9.1/softconsole/sourcery-g++/bin/../lib/gcc/arm-none-eabi/4.4.1/../../../../arm-none-eabi/lib/thumb2\libc.a(lib_a-lseekr.o)
 .debug_frame   0x00002598       0x2c c:/actel/libero_v9.1/softconsole/sourcery-g++/bin/../lib/gcc/arm-none-eabi/4.4.1/../../../../arm-none-eabi/lib/thumb2\libc.a(lib_a-readr.o)
 .debug_frame   0x000025c4       0x20 c:/actel/libero_v9.1/softconsole/sourcery-g++/bin/../lib/gcc/arm-none-eabi/4.4.1/thumb2\libgcc.a(_udivsi3.o)
 .debug_frame   0x000025e4       0x50 c:/actel/libero_v9.1/softconsole/sourcery-g++/bin/../lib/gcc/arm-none-eabi/4.4.1/thumb2\libgcc.a(bpabi.o)
 .debug_frame   0x00002634       0x3c c:/actel/libero_v9.1/softconsole/sourcery-g++/bin/../lib/gcc/arm-none-eabi/4.4.1/thumb2\libgcc.a(_divdi3.o)
 .debug_frame   0x00002670       0x3c c:/actel/libero_v9.1/softconsole/sourcery-g++/bin/../lib/gcc/arm-none-eabi/4.4.1/thumb2\libgcc.a(_udivdi3.o)

.debug_str      0x00000000     0x43eb
 *(.debug_str)
 .debug_str     0x00000000      0x457 ./main.o
                                0x4cc (size before relaxing)
 .debug_str     0x00000457     0x100c ./drivers/Pixy_SPI.o
                               0x11de (size before relaxing)
 .debug_str     0x00001463       0x55 ./drivers/dsensor_driver.o
                                0x16e (size before relaxing)
 .debug_str     0x000014b8       0x8a ./drivers/n64_driver.o
                                0x242 (size before relaxing)
 .debug_str     0x00001542       0x95 ./drivers/servo_control.o
                                0x1ad (size before relaxing)
 .debug_str     0x000015d7      0x504 C:/Users/rpokeefe/repos/373/ants_master/SoftConsole/ants_master_MSS_MSS_CM3_0/ants_master_MSS_MSS_CM3_0_hw_platform/Debug/CMSIS/startup_gcc/newlib_stubs.o
                               0x10ba (size before relaxing)
 .debug_str     0x00001adb      0x618 C:\Users\rpokeefe\repos\373\ants_master\SoftConsole\ants_master_MSS_MSS_CM3_0\ants_master_MSS_MSS_CM3_0_hw_platform\Debug\libants_master_MSS_MSS_CM3_0_hw_platform.a(mss_uart.o)
                               0x14cb (size before relaxing)
 .debug_str     0x000020f3      0x35d C:\Users\rpokeefe\repos\373\ants_master\SoftConsole\ants_master_MSS_MSS_CM3_0\ants_master_MSS_MSS_CM3_0_hw_platform\Debug\libants_master_MSS_MSS_CM3_0_hw_platform.a(mss_spi.o)
                               0x16dc (size before relaxing)
 .debug_str     0x00002450      0x2df C:\Users\rpokeefe\repos\373\ants_master\SoftConsole\ants_master_MSS_MSS_CM3_0\ants_master_MSS_MSS_CM3_0_hw_platform\Debug\libants_master_MSS_MSS_CM3_0_hw_platform.a(mss_gpio.o)
                               0x12a3 (size before relaxing)
 .debug_str     0x0000272f     0x1023 C:\Users\rpokeefe\repos\373\ants_master\SoftConsole\ants_master_MSS_MSS_CM3_0\ants_master_MSS_MSS_CM3_0_hw_platform\Debug\libants_master_MSS_MSS_CM3_0_hw_platform.a(mss_ace.o)
                               0x12e9 (size before relaxing)
 .debug_str     0x00003752       0xf7 C:\Users\rpokeefe\repos\373\ants_master\SoftConsole\ants_master_MSS_MSS_CM3_0\ants_master_MSS_MSS_CM3_0_hw_platform\Debug\libants_master_MSS_MSS_CM3_0_hw_platform.a(system_a2fxxxm3.o)
                                0x46e (size before relaxing)
 .debug_str     0x00003849      0x1ec C:\Users\rpokeefe\repos\373\ants_master\SoftConsole\ants_master_MSS_MSS_CM3_0\ants_master_MSS_MSS_CM3_0_hw_platform\Debug\libants_master_MSS_MSS_CM3_0_hw_platform.a(ace_config.o)
                                0x454 (size before relaxing)
 .debug_str     0x00003a35      0x32c C:\Users\rpokeefe\repos\373\ants_master\SoftConsole\ants_master_MSS_MSS_CM3_0\ants_master_MSS_MSS_CM3_0_hw_platform\Debug\libants_master_MSS_MSS_CM3_0_hw_platform.a(ace_convert.o)
                                0xfbb (size before relaxing)
 .debug_str     0x00003d61      0x68a C:\Users\rpokeefe\repos\373\ants_master\SoftConsole\ants_master_MSS_MSS_CM3_0\ants_master_MSS_MSS_CM3_0_hw_platform\Debug\libants_master_MSS_MSS_CM3_0_hw_platform.a(ace_flags.o)
                               0x1309 (size before relaxing)

.debug_loc      0x00000000     0x2b5b
 *(.debug_loc)
 .debug_loc     0x00000000      0x1cb ./main.o
 .debug_loc     0x000001cb      0x251 ./drivers/Pixy_SPI.o
 .debug_loc     0x0000041c       0x6e ./drivers/dsensor_driver.o
 .debug_loc     0x0000048a      0x14b ./drivers/n64_driver.o
 .debug_loc     0x000005d5       0xa5 ./drivers/servo_control.o
 .debug_loc     0x0000067a      0x3c6 C:/Users/rpokeefe/repos/373/ants_master/SoftConsole/ants_master_MSS_MSS_CM3_0/ants_master_MSS_MSS_CM3_0_hw_platform/Debug/CMSIS/startup_gcc/newlib_stubs.o
 .debug_loc     0x00000a40      0x510 C:\Users\rpokeefe\repos\373\ants_master\SoftConsole\ants_master_MSS_MSS_CM3_0\ants_master_MSS_MSS_CM3_0_hw_platform\Debug\libants_master_MSS_MSS_CM3_0_hw_platform.a(mss_uart.o)
 .debug_loc     0x00000f50      0x549 C:\Users\rpokeefe\repos\373\ants_master\SoftConsole\ants_master_MSS_MSS_CM3_0\ants_master_MSS_MSS_CM3_0_hw_platform\Debug\libants_master_MSS_MSS_CM3_0_hw_platform.a(mss_spi.o)
 .debug_loc     0x00001499      0x1ef C:\Users\rpokeefe\repos\373\ants_master\SoftConsole\ants_master_MSS_MSS_CM3_0\ants_master_MSS_MSS_CM3_0_hw_platform\Debug\libants_master_MSS_MSS_CM3_0_hw_platform.a(mss_gpio.o)
 .debug_loc     0x00001688      0x53b C:\Users\rpokeefe\repos\373\ants_master\SoftConsole\ants_master_MSS_MSS_CM3_0\ants_master_MSS_MSS_CM3_0_hw_platform\Debug\libants_master_MSS_MSS_CM3_0_hw_platform.a(mss_ace.o)
 .debug_loc     0x00001bc3       0x99 C:\Users\rpokeefe\repos\373\ants_master\SoftConsole\ants_master_MSS_MSS_CM3_0\ants_master_MSS_MSS_CM3_0_hw_platform\Debug\libants_master_MSS_MSS_CM3_0_hw_platform.a(system_a2fxxxm3.o)
 .debug_loc     0x00001c5c      0x415 C:\Users\rpokeefe\repos\373\ants_master\SoftConsole\ants_master_MSS_MSS_CM3_0\ants_master_MSS_MSS_CM3_0_hw_platform\Debug\libants_master_MSS_MSS_CM3_0_hw_platform.a(ace_convert.o)
 .debug_loc     0x00002071      0xaea C:\Users\rpokeefe\repos\373\ants_master\SoftConsole\ants_master_MSS_MSS_CM3_0\ants_master_MSS_MSS_CM3_0_hw_platform\Debug\libants_master_MSS_MSS_CM3_0_hw_platform.a(ace_flags.o)

.debug_macinfo  0x00000000    0x5bc71
 *(.debug_macinfo)
 .debug_macinfo
                0x00000000     0xaccb ./main.o
 .debug_macinfo
                0x0000accb     0x8fd2 ./drivers/Pixy_SPI.o
 .debug_macinfo
                0x00013c9d     0x4f55 ./drivers/dsensor_driver.o
 .debug_macinfo
                0x00018bf2     0x500c ./drivers/n64_driver.o
 .debug_macinfo
                0x0001dbfe     0x5179 ./drivers/servo_control.o
 .debug_macinfo
                0x00022d77     0x9965 C:/Users/rpokeefe/repos/373/ants_master/SoftConsole/ants_master_MSS_MSS_CM3_0/ants_master_MSS_MSS_CM3_0_hw_platform/Debug/CMSIS/startup_gcc/newlib_stubs.o
 .debug_macinfo
                0x0002c6dc     0x63e4 C:\Users\rpokeefe\repos\373\ants_master\SoftConsole\ants_master_MSS_MSS_CM3_0\ants_master_MSS_MSS_CM3_0_hw_platform\Debug\libants_master_MSS_MSS_CM3_0_hw_platform.a(mss_uart.o)
 .debug_macinfo
                0x00032ac0     0x755a C:\Users\rpokeefe\repos\373\ants_master\SoftConsole\ants_master_MSS_MSS_CM3_0\ants_master_MSS_MSS_CM3_0_hw_platform\Debug\libants_master_MSS_MSS_CM3_0_hw_platform.a(mss_spi.o)
 .debug_macinfo
                0x0003a01a     0x5cfb C:\Users\rpokeefe\repos\373\ants_master\SoftConsole\ants_master_MSS_MSS_CM3_0\ants_master_MSS_MSS_CM3_0_hw_platform\Debug\libants_master_MSS_MSS_CM3_0_hw_platform.a(mss_gpio.o)
 .debug_macinfo
                0x0003fd15     0x77f7 C:\Users\rpokeefe\repos\373\ants_master\SoftConsole\ants_master_MSS_MSS_CM3_0\ants_master_MSS_MSS_CM3_0_hw_platform\Debug\libants_master_MSS_MSS_CM3_0_hw_platform.a(mss_ace.o)
 .debug_macinfo
                0x0004750c     0x5a99 C:\Users\rpokeefe\repos\373\ants_master\SoftConsole\ants_master_MSS_MSS_CM3_0\ants_master_MSS_MSS_CM3_0_hw_platform\Debug\libants_master_MSS_MSS_CM3_0_hw_platform.a(system_a2fxxxm3.o)
 .debug_macinfo
                0x0004cfa5     0x18c9 C:\Users\rpokeefe\repos\373\ants_master\SoftConsole\ants_master_MSS_MSS_CM3_0\ants_master_MSS_MSS_CM3_0_hw_platform\Debug\libants_master_MSS_MSS_CM3_0_hw_platform.a(ace_config.o)
 .debug_macinfo
                0x0004e86e     0x5b95 C:\Users\rpokeefe\repos\373\ants_master\SoftConsole\ants_master_MSS_MSS_CM3_0\ants_master_MSS_MSS_CM3_0_hw_platform\Debug\libants_master_MSS_MSS_CM3_0_hw_platform.a(ace_convert.o)
 .debug_macinfo
                0x00054403     0x786e C:\Users\rpokeefe\repos\373\ants_master\SoftConsole\ants_master_MSS_MSS_CM3_0\ants_master_MSS_MSS_CM3_0_hw_platform\Debug\libants_master_MSS_MSS_CM3_0_hw_platform.a(ace_flags.o)

.debug_weaknames
 *(.debug_weaknames)

.debug_funcnames
 *(.debug_funcnames)

.debug_typenames
 *(.debug_typenames)

.debug_varnames
 *(.debug_varnames)

.note.gnu.arm.ident
 *(.note.gnu.arm.ident)

.ARM.attributes
                0x00000000       0x25
 *(.ARM.attributes)
 .ARM.attributes
                0x00000000       0x19 c:/actel/libero_v9.1/softconsole/sourcery-g++/bin/../lib/gcc/arm-none-eabi/4.4.1/thumb2/crti.o
 .ARM.attributes
                0x00000019       0x29 c:/actel/libero_v9.1/softconsole/sourcery-g++/bin/../lib/gcc/arm-none-eabi/4.4.1/thumb2/crtbegin.o
 .ARM.attributes
                0x00000042       0x31 ./main.o
 .ARM.attributes
                0x00000073       0x31 ./drivers/Pixy_SPI.o
 .ARM.attributes
                0x000000a4       0x31 ./drivers/dsensor_driver.o
 .ARM.attributes
                0x000000d5       0x31 ./drivers/n64_driver.o
 .ARM.attributes
                0x00000106       0x31 ./drivers/servo_control.o
 .ARM.attributes
                0x00000137       0x21 C:/Users/rpokeefe/repos/373/ants_master/SoftConsole/ants_master_MSS_MSS_CM3_0/ants_master_MSS_MSS_CM3_0_hw_platform/Debug/CMSIS/startup_gcc/startup_a2fxxxm3.o
 .ARM.attributes
                0x00000158       0x31 C:/Users/rpokeefe/repos/373/ants_master/SoftConsole/ants_master_MSS_MSS_CM3_0/ants_master_MSS_MSS_CM3_0_hw_platform/Debug/CMSIS/startup_gcc/newlib_stubs.o
 .ARM.attributes
                0x00000189       0x31 C:\Users\rpokeefe\repos\373\ants_master\SoftConsole\ants_master_MSS_MSS_CM3_0\ants_master_MSS_MSS_CM3_0_hw_platform\Debug\libants_master_MSS_MSS_CM3_0_hw_platform.a(mss_uart.o)
 .ARM.attributes