Microsemi Libero Software
Version: 11.5.3.10
Release: v11.5 SP3

Info: The design led_blink.adb was last modified by software version 11.5.3.10.
Opened an existing Libero design led_blink.adb.
'BA_NAME' set to 'led_blink_ba'
'IDE_DESIGNERVIEW_NAME' set to 'Impl1'
'IDE_DESIGNERVIEW_COUNT' set to '1'
'IDE_DESIGNERVIEW_REV0' set to 'Impl1'
'IDE_DESIGNERVIEW_REVNUM0' set to '1'
'IDE_DESIGNERVIEW_ROOTDIR' set to 'C:\Users\rpokeefe\led_blink\designer'
'IDE_DESIGNERVIEW_LASTREV' set to '1'

 Netlist Reading Time = 0.0 seconds
Imported the file:
   C:\Users\rpokeefe\led_blink\synthesis\led_blink.edn

The Import command succeeded ( 00:00:06 )
=====================================================================
Parameters used to run compile:
===============================

Family      : SmartFusion
Device      : A2F200M3F
Package     : 484 FBGA
Source      : C:\Users\rpokeefe\led_blink\synthesis\led_blink.edn
Format      : EDIF
Topcell     : led_blink
Speed grade : STD
Temp        : 0:25:85
Voltage     : 1.58:1.50:1.42

Keep Existing Physical Constraints : No
Keep Existing Timing Constraints   : Yes

pdc_abort_on_error                 : Yes
pdc_eco_display_unmatched_objects  : No
pdc_eco_max_warnings               : 10000

demote_globals                     : No
promote_globals                    : No
localclock_max_shared_instances    : 12
localclock_buffer_tree_max_fanout  : 12

combine_register                   : No
delete_buffer_tree                 : No

report_high_fanout_nets_limit      : 10

=====================================================================
Compile starts ...

Warning: Top level port MSS_RESET_N is not connected to any IO pad

Netlist Optimization Report
===========================

Optimized macros:
  - Dangling net drivers:   0
  - Buffers:                0
  - Inverters:              0
  - Tieoff:                 0
  - Logic combining:        0

    Total macros optimized  0
Error: CMP010: A design must contain at least one net.

There were 1 error(s) and 1 warning(s) in this design.

The Compile command failed ( 00:00:02 )
Error: Failure when executing Tcl script. [ Line 21 ]

The Execute Script command failed ( 00:00:11 )
Warning: The database was closed without a save, modifications are lost
Design closed.

