Target Part: A2F200M3F_FBGA484_STD
Report for cell led_blink.verilog
  Core Cell usage:
              cell count     area count*area
              AND2     8      1.0        8.0
              AND3    36      1.0       36.0
              AO1B     1      1.0        1.0
              AO1C     1      1.0        1.0
             AOI1B     1      1.0        1.0
            CLKINT     1      0.0        0.0
               GND     5      0.0        0.0
               INV     7      1.0        7.0
           MSS_CCC     1      0.0        0.0
              NOR2     3      1.0        3.0
             NOR2A    14      1.0       14.0
             NOR2B     7      1.0        7.0
              NOR3     2      1.0        2.0
             NOR3A     1      1.0        1.0
             NOR3C     6      1.0        6.0
              OA1A     1      1.0        1.0
              OA1C     4      1.0        4.0
              OAI1     4      1.0        4.0
              OR2A     1      1.0        1.0
              OR2B     1      1.0        1.0
              OR3B     1      1.0        1.0
             RCOSC     1      0.0        0.0
               VCC     5      0.0        0.0
              XOR2    25      1.0       25.0


              DFN1    35      1.0       35.0
                   -----          ----------
             TOTAL   172               159.0


  IO Cell usage:
              cell count
             INBUF     1
            OUTBUF     8
                   -----
             TOTAL     9


Core Cells         : 159 of 4608 (3%)
IO Cells           : 9

  RAM/ROM Usage Summary
Block Rams : 0 of 8 (0%)

