Microsemi Libero Software
Version: 11.5.3.10
Release: v11.5 SP3

Info: The design mytimer.adb was last modified by software version 11.5.3.10.
Opened an existing Libero design mytimer.adb.
'BA_NAME' set to 'mytimer_ba'
'IDE_DESIGNERVIEW_NAME' set to 'Impl1'
'IDE_DESIGNERVIEW_COUNT' set to '1'
'IDE_DESIGNERVIEW_REV0' set to 'Impl1'
'IDE_DESIGNERVIEW_REVNUM0' set to '1'
'IDE_DESIGNERVIEW_ROOTDIR' set to 'C:\Actelprj\msstimer\msstimer\designer'
'IDE_DESIGNERVIEW_LASTREV' set to '1'
***** Layout Variables *********************************************

Mode: TIMING_DRIVEN
Power-driven Layout: OFF
Incremental Placement: OFF
Incremental Route: OFF


Info: I/O Bank Assigner detected (1) out of (6) I/O Bank(s) with locked I/O technologies.

Running I/O Bank Assigner.

I/O Bank Assigner completed successfully.
 

Planning global net placement...


Global net placement completed successfully.

                        o - o - o - o - o - o

Timing-driven Placer Started: Tue Sep 29 16:30:30 2015

Placer Finished: Tue Sep 29 16:30:34 2015
Total Placer CPU Time:     00:00:04

                        o - o - o - o - o - o


Timing-driven Router 
Design: mytimer                         Started: Tue Sep 29 16:30:38 2015

 

Timing-driven Router completed successfully.

Design: mytimer                         
Finished: Tue Sep 29 16:30:47 2015
Total CPU Time:     00:00:08            Total Elapsed Time: 00:00:09
Total Memory Usage: 157.3 Mbytes
                        o - o - o - o - o - o

Loading the Timing data for the design.
Finished loading the Timing data.
TIMER: Max delay timing requirements have been met.
TIMER: Min delay timing requirements have been met.

The Layout command succeeded ( 00:00:25 )
Wrote status report to file: mytimer_place_and_route_report.txt

The Report command succeeded ( 00:00:00 )
Wrote globalnet report to file: mytimer_globalnet_report.txt

The Report command succeeded ( 00:00:00 )
Wrote globalusage report to file: mytimer_globalusage_report.txt

The Report command succeeded ( 00:00:00 )
Wrote iobank report to file: mytimer_iobank_report.txt

The Report command succeeded ( 00:00:00 )
Wrote pin report to file: mytimer_report_pin_byname.txt

The Report command succeeded ( 00:00:00 )
Wrote pin report to file: mytimer_report_pin_bynumber.txt

The Report command succeeded ( 00:00:01 )
Design saved to file C:\Actelprj\msstimer\msstimer\designer\impl1\mytimer.adb.

The Execute Script command succeeded ( 00:00:33 )
Design closed.

