Archive member included because of file (symbol)

C:\Users\rpokeefe\repos\373\n64ControlLibero\SoftConsole\n64ControlLibero_MSS_MSS_CM3_0\n64ControlLibero_MSS_MSS_CM3_0_hw_platform\Debug\libn64ControlLibero_MSS_MSS_CM3_0_hw_platform.a(mss_uart.o)
                              C:/Users/rpokeefe/repos/373/n64ControlLibero/SoftConsole/n64ControlLibero_MSS_MSS_CM3_0/n64ControlLibero_MSS_MSS_CM3_0_hw_platform/Debug/CMSIS/startup_gcc/newlib_stubs.o (MSS_UART_polled_tx)
C:\Users\rpokeefe\repos\373\n64ControlLibero\SoftConsole\n64ControlLibero_MSS_MSS_CM3_0\n64ControlLibero_MSS_MSS_CM3_0_hw_platform\Debug\libn64ControlLibero_MSS_MSS_CM3_0_hw_platform.a(mss_gpio.o)
                              ./main.o (MSS_GPIO_init)
C:\Users\rpokeefe\repos\373\n64ControlLibero\SoftConsole\n64ControlLibero_MSS_MSS_CM3_0\n64ControlLibero_MSS_MSS_CM3_0_hw_platform\Debug\libn64ControlLibero_MSS_MSS_CM3_0_hw_platform.a(system_a2fxxxm3.o)
                              C:/Users/rpokeefe/repos/373/n64ControlLibero/SoftConsole/n64ControlLibero_MSS_MSS_CM3_0/n64ControlLibero_MSS_MSS_CM3_0_hw_platform/Debug/CMSIS/startup_gcc/startup_a2fxxxm3.o (SystemInit)
c:/actel/libero_v9.1/softconsole/sourcery-g++/bin/../lib/gcc/arm-none-eabi/4.4.1/../../../../arm-none-eabi/lib/thumb2\libc.a(lib_a-errno.o)
                              C:/Users/rpokeefe/repos/373/n64ControlLibero/SoftConsole/n64ControlLibero_MSS_MSS_CM3_0/n64ControlLibero_MSS_MSS_CM3_0_hw_platform/Debug/CMSIS/startup_gcc/newlib_stubs.o (__errno)
c:/actel/libero_v9.1/softconsole/sourcery-g++/bin/../lib/gcc/arm-none-eabi/4.4.1/../../../../arm-none-eabi/lib/thumb2\libc.a(lib_a-impure.o)
                              c:/actel/libero_v9.1/softconsole/sourcery-g++/bin/../lib/gcc/arm-none-eabi/4.4.1/../../../../arm-none-eabi/lib/thumb2\libc.a(lib_a-errno.o) (_impure_ptr)
c:/actel/libero_v9.1/softconsole/sourcery-g++/bin/../lib/gcc/arm-none-eabi/4.4.1/../../../../arm-none-eabi/lib/thumb2\libc.a(lib_a-init.o)
                              C:/Users/rpokeefe/repos/373/n64ControlLibero/SoftConsole/n64ControlLibero_MSS_MSS_CM3_0/n64ControlLibero_MSS_MSS_CM3_0_hw_platform/Debug/CMSIS/startup_gcc/startup_a2fxxxm3.o (__libc_init_array)
c:/actel/libero_v9.1/softconsole/sourcery-g++/bin/../lib/gcc/arm-none-eabi/4.4.1/../../../../arm-none-eabi/lib/thumb2\libc.a(lib_a-memcpy.o)
                              ./n64_driver.o (memcpy)
c:/actel/libero_v9.1/softconsole/sourcery-g++/bin/../lib/gcc/arm-none-eabi/4.4.1/../../../../arm-none-eabi/lib/thumb2\libc.a(lib_a-printf.o)
                              ./main.o (printf)
c:/actel/libero_v9.1/softconsole/sourcery-g++/bin/../lib/gcc/arm-none-eabi/4.4.1/../../../../arm-none-eabi/lib/thumb2\libc.a(lib_a-puts.o)
                              ./main.o (puts)
c:/actel/libero_v9.1/softconsole/sourcery-g++/bin/../lib/gcc/arm-none-eabi/4.4.1/../../../../arm-none-eabi/lib/thumb2\libc.a(lib_a-strlen.o)
                              c:/actel/libero_v9.1/softconsole/sourcery-g++/bin/../lib/gcc/arm-none-eabi/4.4.1/../../../../arm-none-eabi/lib/thumb2\libc.a(lib_a-puts.o) (strlen)
c:/actel/libero_v9.1/softconsole/sourcery-g++/bin/../lib/gcc/arm-none-eabi/4.4.1/../../../../arm-none-eabi/lib/thumb2\libc.a(lib_a-vfprintf.o)
                              c:/actel/libero_v9.1/softconsole/sourcery-g++/bin/../lib/gcc/arm-none-eabi/4.4.1/../../../../arm-none-eabi/lib/thumb2\libc.a(lib_a-printf.o) (_vfprintf_r)
c:/actel/libero_v9.1/softconsole/sourcery-g++/bin/../lib/gcc/arm-none-eabi/4.4.1/../../../../arm-none-eabi/lib/thumb2\libc.a(lib_a-wsetup.o)
                              c:/actel/libero_v9.1/softconsole/sourcery-g++/bin/../lib/gcc/arm-none-eabi/4.4.1/../../../../arm-none-eabi/lib/thumb2\libc.a(lib_a-vfprintf.o) (__swsetup_r)
c:/actel/libero_v9.1/softconsole/sourcery-g++/bin/../lib/gcc/arm-none-eabi/4.4.1/../../../../arm-none-eabi/lib/thumb2\libc.a(lib_a-dtoa.o)
                              c:/actel/libero_v9.1/softconsole/sourcery-g++/bin/../lib/gcc/arm-none-eabi/4.4.1/../../../../arm-none-eabi/lib/thumb2\libc.a(lib_a-vfprintf.o) (_dtoa_r)
c:/actel/libero_v9.1/softconsole/sourcery-g++/bin/../lib/gcc/arm-none-eabi/4.4.1/../../../../arm-none-eabi/lib/thumb2\libc.a(lib_a-fflush.o)
                              c:/actel/libero_v9.1/softconsole/sourcery-g++/bin/../lib/gcc/arm-none-eabi/4.4.1/../../../../arm-none-eabi/lib/thumb2\libc.a(lib_a-vfprintf.o) (_fflush_r)
c:/actel/libero_v9.1/softconsole/sourcery-g++/bin/../lib/gcc/arm-none-eabi/4.4.1/../../../../arm-none-eabi/lib/thumb2\libc.a(lib_a-findfp.o)
                              c:/actel/libero_v9.1/softconsole/sourcery-g++/bin/../lib/gcc/arm-none-eabi/4.4.1/../../../../arm-none-eabi/lib/thumb2\libc.a(lib_a-printf.o) (__sinit)
c:/actel/libero_v9.1/softconsole/sourcery-g++/bin/../lib/gcc/arm-none-eabi/4.4.1/../../../../arm-none-eabi/lib/thumb2\libc.a(lib_a-freer.o)
[...]
Memory Configuration

Name             Origin             Length             Attributes
ram              0x20000000         0x00010000         xrw
*default*        0x00000000         0xffffffff

Linker script and memory map

LOAD c:/actel/libero_v9.1/softconsole/sourcery-g++/bin/../lib/gcc/arm-none-eabi/4.4.1/thumb2/crti.o
LOAD c:/actel/libero_v9.1/softconsole/sourcery-g++/bin/../lib/gcc/arm-none-eabi/4.4.1/thumb2/crtbegin.o
LOAD ./main.o
LOAD ./n64_driver.o
LOAD C:/Users/rpokeefe/repos/373/n64ControlLibero/SoftConsole/n64ControlLibero_MSS_MSS_CM3_0/n64ControlLibero_MSS_MSS_CM3_0_hw_platform/Debug/CMSIS/startup_gcc/startup_a2fxxxm3.o
LOAD C:/Users/rpokeefe/repos/373/n64ControlLibero/SoftConsole/n64ControlLibero_MSS_MSS_CM3_0/n64ControlLibero_MSS_MSS_CM3_0_hw_platform/Debug/CMSIS/startup_gcc/newlib_stubs.o
LOAD C:\Users\rpokeefe\repos\373\n64ControlLibero\SoftConsole\n64ControlLibero_MSS_MSS_CM3_0\n64ControlLibero_MSS_MSS_CM3_0_hw_platform\Debug\libn64ControlLibero_MSS_MSS_CM3_0_hw_platform.a
START GROUP
LOAD c:/actel/libero_v9.1/softconsole/sourcery-g++/bin/../lib/gcc/arm-none-eabi/4.4.1/thumb2\libgcc.a
LOAD c:/actel/libero_v9.1/softconsole/sourcery-g++/bin/../lib/gcc/arm-none-eabi/4.4.1/../../../../arm-none-eabi/lib/thumb2\libc.a
END GROUP
LOAD c:/actel/libero_v9.1/softconsole/sourcery-g++/bin/../lib/gcc/arm-none-eabi/4.4.1/thumb2/crtend.o
LOAD c:/actel/libero_v9.1/softconsole/sourcery-g++/bin/../lib/gcc/arm-none-eabi/4.4.1/thumb2/crtn.o
START GROUP
LOAD c:/actel/libero_v9.1/softconsole/sourcery-g++/bin/../lib/gcc/arm-none-eabi/4.4.1/../../../../arm-none-eabi/lib/thumb2\libc.a
LOAD c:/actel/libero_v9.1/softconsole/sourcery-g++/bin/../lib/gcc/arm-none-eabi/4.4.1/thumb2\libgcc.a
LOAD c:/actel/libero_v9.1/softconsole/sourcery-g++/bin/../lib/gcc/arm-none-eabi/4.4.1/../../../../arm-none-eabi/lib/thumb2\libm.a
END GROUP
                0x00000000                __DYNAMIC = 0x0
                0x20000000                RAM_START_ADDRESS = 0x20000000
                0x00010000                RAM_SIZE = 0x10000
                0x00002000                MAIN_STACK_SIZE = 0x2000
                0x00001000                PROCESS_STACK_SIZE = 0x1000
                0x20010000                PROVIDE (__main_stack_start, (RAM_START_ADDRESS + RAM_SIZE))
                0x2000e000                PROVIDE (__process_stack_start, (__main_stack_start - MAIN_STACK_SIZE))
                0x20010000                PROVIDE (_estack, __main_stack_start)
                0x00000000                PROVIDE (__mirrored_nvm, 0x0)

.text           0x20000000     0x7530
 CREATE_OBJECT_SYMBOLS
                0x20000000                __text_load = LOADADDR (.text)
                0x20000000                __text_start = .
                0x20000000                __vector_table_vma_base_address = .
 *(.isr_vector)
 .isr_vector    0x20000000      0x470 C:/Users/rpokeefe/repos/373/n64ControlLibero/SoftConsole/n64ControlLibero_MSS_MSS_CM3_0/n64ControlLibero_MSS_MSS_CM3_0_hw_platform/Debug/CMSIS/startup_gcc/startup_a2fxxxm3.o
                0x20000000                g_pfnVectors
                0x20000298                Reset_Handler
                0x20000308                NMI_Handler
                0x2000030a                HardFault_Handler
                0x2000030c                MemManage_Handler
                0x2000030e                BusFault_Handler
                0x20000310                UsageFault_Handler
                0x20000312                SVC_Handler
                0x20000314                DebugMon_Handler
                0x20000316                PendSV_Handler
                0x20000318                SysTick_Handler
                0x2000031a                WdogWakeup_IRQHandler
                0x2000031c                BrownOut_1_5V_IRQHandler
                0x2000031e                BrownOut_3_3V_IRQHandler
                0x20000320                RTC_Match_IRQHandler
                0x20000322                RTCIF_Pub_IRQHandler
                0x20000324                EthernetMAC_IRQHandler
                0x20000326                IAP_IRQHandler
                0x20000328                ENVM0_IRQHandler
                0x2000032a                ENVM1_IRQHandler
                0x2000032c                DMA_IRQHandler
                0x20000332                SPI0_IRQHandler
                0x20000334                SPI1_IRQHandler
                0x20000336                I2C0_IRQHandler
                0x20000338                I2C0_SMBAlert_IRQHandler
                0x2000033a                I2C0_SMBus_IRQHandler
                0x2000033c                I2C1_IRQHandler
                0x2000033e                I2C1_SMBAlert_IRQHandler
                0x20000340                I2C1_SMBus_IRQHandler
                0x20000342                Timer1_IRQHandler
                0x20000344                Timer2_IRQHandler
                0x20000346                PLL_Lock_IRQHandler
                0x20000348                PLL_LockLost_IRQHandler
                0x2000034a                CommError_IRQHandler
                0x2000034c                Fabric_IRQHandler
                0x2000034e                GPIO0_IRQHandler
                0x20000350                GPIO1_IRQHandler
                0x20000352                GPIO2_IRQHandler
                0x20000354                GPIO3_IRQHandler
                0x20000356                GPIO4_IRQHandler
                0x20000358                GPIO5_IRQHandler
                0x2000035a                GPIO6_IRQHandler
                0x2000035c                GPIO7_IRQHandler
                0x2000035e                GPIO8_IRQHandler
                0x20000360                GPIO9_IRQHandler
                0x20000362                GPIO10_IRQHandler
                0x20000364                GPIO11_IRQHandler
                0x20000366                GPIO12_IRQHandler
                0x20000368                GPIO13_IRQHandler
                0x2000036a                GPIO14_IRQHandler
                0x2000036c                GPIO15_IRQHandler
                0x2000036e                GPIO16_IRQHandler
                0x20000370                GPIO17_IRQHandler
                0x20000372                GPIO18_IRQHandler
                0x20000374                GPIO19_IRQHandler
                0x20000376                GPIO20_IRQHandler
                0x20000378                GPIO21_IRQHandler
                0x2000037a                GPIO22_IRQHandler
                0x2000037c                GPIO23_IRQHandler
                0x2000037e                GPIO24_IRQHandler
                0x20000380                GPIO25_IRQHandler
                0x20000382                GPIO26_IRQHandler
                0x20000384                GPIO27_IRQHandler
                0x20000386                GPIO28_IRQHandler
                0x20000388                GPIO29_IRQHandler
                0x2000038a                GPIO30_IRQHandler
                0x2000038c                GPIO31_IRQHandler
                0x2000038e                ACE_PC0_Flag0_IRQHandler
                0x20000390                ACE_PC0_Flag1_IRQHandler
                0x20000392                ACE_PC0_Flag2_IRQHandler
                0x20000394                ACE_PC0_Flag3_IRQHandler
                0x20000396                ACE_PC1_Flag0_IRQHandler
                0x20000398                ACE_PC1_Flag1_IRQHandler
                0x2000039a                ACE_PC1_Flag2_IRQHandler
                0x2000039c                ACE_PC1_Flag3_IRQHandler
                0x2000039e                ACE_PC2_Flag0_IRQHandler
                0x200003a0                ACE_PC2_Flag1_IRQHandler
                0x200003a2                ACE_PC2_Flag2_IRQHandler
                0x200003a4                ACE_PC2_Flag3_IRQHandler
                0x200003a6                ACE_ADC0_DataValid_IRQHandler
                0x200003a8                ACE_ADC1_DataValid_IRQHandler
                0x200003aa                ACE_ADC2_DataValid_IRQHandler
                0x200003ac                ACE_ADC0_CalDone_IRQHandler
                0x200003ae                ACE_ADC1_CalDone_IRQHandler
                0x200003b0                ACE_ADC2_CalDone_IRQHandler
                0x200003b2                ACE_ADC0_CalStart_IRQHandler
                0x200003b4                ACE_ADC1_CalStart_IRQHandler
                0x200003b6                ACE_ADC2_CalStart_IRQHandler
                0x200003b8                ACE_Comp0_Fall_IRQHandler
                0x200003ba                ACE_Comp1_Fall_IRQHandler
                0x200003bc                ACE_Comp2_Fall_IRQHandler
                0x200003be                ACE_Comp3_Fall_IRQHandler
                0x200003c0                ACE_Comp4_Fall_IRQHandler
                0x200003c2                ACE_Comp5_Fall_IRQHandler
                0x200003c4                ACE_Comp6_Fall_IRQHandler
                0x200003c6                ACE_Comp7_Fall_IRQHandler
                0x200003c8                ACE_Comp8_Fall_IRQHandler
                0x200003ca                ACE_Comp9_Fall_IRQHandler
                0x200003cc                ACE_Comp10_Fall_IRQHandler
                0x200003ce                ACE_Comp11_Fall_IRQHandler
                0x200003d0                ACE_Comp0_Rise_IRQHandler
                0x200003d2                ACE_Comp1_Rise_IRQHandler
                0x200003d4                ACE_Comp2_Rise_IRQHandler
                0x200003d6                ACE_Comp3_Rise_IRQHandler
                0x200003d8                ACE_Comp4_Rise_IRQHandler
                0x200003da                ACE_Comp5_Rise_IRQHandler
                0x200003dc                ACE_Comp6_Rise_IRQHandler
                0x200003de                ACE_Comp7_Rise_IRQHandler
                0x200003e0                ACE_Comp8_Rise_IRQHandler
                0x200003e2                ACE_Comp9_Rise_IRQHandler
                0x200003e4                ACE_Comp10_Rise_IRQHandler
                0x200003e6                ACE_Comp11_Rise_IRQHandler
                0x200003e8                ACE_ADC0_FifoFull_IRQHandler
                0x200003ea                ACE_ADC0_FifoAFull_IRQHandler
                0x200003ec                ACE_ADC0_FifoEmpty_IRQHandler
                0x200003ee                ACE_ADC1_FifoFull_IRQHandler
                0x200003f0                ACE_ADC1_FifoAFull_IRQHandler
                0x200003f2                ACE_ADC1_FifoEmpty_IRQHandler
                0x200003f4                ACE_ADC2_FifoFull_IRQHandler
                0x200003f6                ACE_ADC2_FifoAFull_IRQHandler
                0x200003f8                ACE_ADC2_FifoEmpty_IRQHandler
                0x200003fa                ACE_PPE_Flag0_IRQHandler
                0x200003fc                ACE_PPE_Flag1_IRQHandler
                0x200003fe                ACE_PPE_Flag2_IRQHandler
                0x20000400                ACE_PPE_Flag3_IRQHandler
                0x20000402                ACE_PPE_Flag4_IRQHandler
                0x20000404                ACE_PPE_Flag5_IRQHandler
                0x20000406                ACE_PPE_Flag6_IRQHandler
                0x20000408                ACE_PPE_Flag7_IRQHandler
                0x2000040a                ACE_PPE_Flag8_IRQHandler
                0x2000040c                ACE_PPE_Flag9_IRQHandler
                0x2000040e                ACE_PPE_Flag10_IRQHandler
                0x20000410                ACE_PPE_Flag11_IRQHandler
                0x20000412                ACE_PPE_Flag12_IRQHandler
                0x20000414                ACE_PPE_Flag13_IRQHandler
                0x20000416                ACE_PPE_Flag14_IRQHandler
                0x20000418                ACE_PPE_Flag15_IRQHandler
                0x2000041a                ACE_PPE_Flag16_IRQHandler
                0x2000041c                ACE_PPE_Flag17_IRQHandler
                0x2000041e                ACE_PPE_Flag18_IRQHandler
                0x20000420                ACE_PPE_Flag19_IRQHandler
                0x20000422                ACE_PPE_Flag20_IRQHandler
                0x20000424                ACE_PPE_Flag21_IRQHandler
                0x20000426                ACE_PPE_Flag22_IRQHandler
                0x20000428                ACE_PPE_Flag23_IRQHandler
                0x2000042a                ACE_PPE_Flag24_IRQHandler
                0x2000042c                ACE_PPE_Flag25_IRQHandler
                0x2000042e                ACE_PPE_Flag26_IRQHandler
                0x20000430                ACE_PPE_Flag27_IRQHandler
                0x20000432                ACE_PPE_Flag28_IRQHandler
                0x20000434                ACE_PPE_Flag29_IRQHandler
                0x20000436                ACE_PPE_Flag30_IRQHandler
                0x20000438                ACE_PPE_Flag31_IRQHandler
 *(.text .text.* .gnu.linkonce.t.*)
 .text          0x20000470       0x30 c:/actel/libero_v9.1/softconsole/sourcery-g++/bin/../lib/gcc/arm-none-eabi/4.4.1/thumb2/crtbegin.o
 .text.trigger_solenoid_activate
                0x200004a0       0x3c ./main.o
                0x200004a0                trigger_solenoid_activate
 .text.main     0x200004dc      0x15c ./main.o
                0x200004dc                main
 .text.n64_get_state
                0x20000638       0x30 ./n64_driver.o
                0x20000638                n64_get_state
 .text.n64_reset
                0x20000668       0x24 ./n64_driver.o
                0x20000668                n64_reset
 .text.n64_enable
                0x2000068c       0x24 ./n64_driver.o
                0x2000068c                n64_enable
 .text._close   0x200006b0        0x8 C:/Users/rpokeefe/repos/373/n64ControlLibero/SoftConsole/n64ControlLibero_MSS_MSS_CM3_0/n64ControlLibero_MSS_MSS_CM3_0_hw_platform/Debug/CMSIS/startup_gcc/newlib_stubs.o
                0x200006b0                _close
 .text._exit    0x200006b8        0x4 C:/Users/rpokeefe/repos/373/n64ControlLibero/SoftConsole/n64ControlLibero_MSS_MSS_CM3_0/n64ControlLibero_MSS_MSS_CM3_0_hw_platform/Debug/CMSIS/startup_gcc/newlib_stubs.o
                0x200006b8                _exit
 .text._fstat   0x200006bc        0xc C:/Users/rpokeefe/repos/373/n64ControlLibero/SoftConsole/n64ControlLibero_MSS_MSS_CM3_0/n64ControlLibero_MSS_MSS_CM3_0_hw_platform/Debug/CMSIS/startup_gcc/newlib_stubs.o
                0x200006bc                _fstat
 .text._isatty  0x200006c8        0x8 C:/Users/rpokeefe/repos/373/n64ControlLibero/SoftConsole/n64ControlLibero_MSS_MSS_CM3_0/n64ControlLibero_MSS_MSS_CM3_0_hw_platform/Debug/CMSIS/startup_gcc/newlib_stubs.o
                0x200006c8                _isatty
 .text._lseek   0x200006d0        0x8 C:/Users/rpokeefe/repos/373/n64ControlLibero/SoftConsole/n64ControlLibero_MSS_MSS_CM3_0/n64ControlLibero_MSS_MSS_CM3_0_hw_platform/Debug/CMSIS/startup_gcc/newlib_stubs.o
                0x200006d0                _lseek
 .text._read    0x200006d8        0x8 C:/Users/rpokeefe/repos/373/n64ControlLibero/SoftConsole/n64ControlLibero_MSS_MSS_CM3_0/n64ControlLibero_MSS_MSS_CM3_0_hw_platform/Debug/CMSIS/startup_gcc/newlib_stubs.o
                0x200006d8                _read
 .text._write_r
                0x200006e0       0x48 C:/Users/rpokeefe/repos/373/n64ControlLibero/SoftConsole/n64ControlLibero_MSS_MSS_CM3_0/n64ControlLibero_MSS_MSS_CM3_0_hw_platform/Debug/CMSIS/startup_gcc/newlib_stubs.o
                0x200006e0                _write_r
 .text._sbrk    0x20000728       0x64 C:/Users/rpokeefe/repos/373/n64ControlLibero/SoftConsole/n64ControlLibero_MSS_MSS_CM3_0/n64ControlLibero_MSS_MSS_CM3_0_hw_platform/Debug/CMSIS/startup_gcc/newlib_stubs.o
                0x20000728                _sbrk
 .text.MSS_UART_polled_tx
                0x2000078c       0xac C:\Users\rpokeefe\repos\373\n64ControlLibero\SoftConsole\n64ControlLibero_MSS_MSS_CM3_0\n64ControlLibero_MSS_MSS_CM3_0_hw_platform\Debug\libn64ControlLibero_MSS_MSS_CM3_0_hw_platform.a(mss_uart.o)
                0x2000078c                MSS_UART_polled_tx
 .text.MSS_UART_isr
                0x20000838       0x70 C:\Users\rpokeefe\repos\373\n64ControlLibero\SoftConsole\n64ControlLibero_MSS_MSS_CM3_0\n64ControlLibero_MSS_MSS_CM3_0_hw_platform\Debug\libn64ControlLibero_MSS_MSS_CM3_0_hw_platform.a(mss_uart.o)
 .text.default_tx_handler
                0x200008a8       0xa8 C:\Users\rpokeefe\repos\373\n64ControlLibero\SoftConsole\n64ControlLibero_MSS_MSS_CM3_0\n64ControlLibero_MSS_MSS_CM3_0_hw_platform\Debug\libn64ControlLibero_MSS_MSS_CM3_0_hw_platform.a(mss_uart.o)
 .text.UART0_IRQHandler
                0x20000950       0x30 C:\Users\rpokeefe\repos\373\n64ControlLibero\SoftConsole\n64ControlLibero_MSS_MSS_CM3_0\n64ControlLibero_MSS_MSS_CM3_0_hw_platform\Debug\libn64ControlLibero_MSS_MSS_CM3_0_hw_platform.a(mss_uart.o)
                0x20000950                UART0_IRQHandler
 .text.UART1_IRQHandler
                0x20000980       0x30 C:\Users\rpokeefe\repos\373\n64ControlLibero\SoftConsole\n64ControlLibero_MSS_MSS_CM3_0\n64ControlLibero_MSS_MSS_CM3_0_hw_platform\Debug\libn64ControlLibero_MSS_MSS_CM3_0_hw_platform.a(mss_uart.o)
                0x20000980                UART1_IRQHandler
 .text.MSS_UART_init
                0x200009b0      0x150 C:\Users\rpokeefe\repos\373\n64ControlLibero\SoftConsole\n64ControlLibero_MSS_MSS_CM3_0\n64ControlLibero_MSS_MSS_CM3_0_hw_platform\Debug\libn64ControlLibero_MSS_MSS_CM3_0_hw_platform.a(mss_uart.o)
                0x200009b0                MSS_UART_init
 .text.MSS_GPIO_init
                0x20000b00       0x60 C:\Users\rpokeefe\repos\373\n64ControlLibero\SoftConsole\n64ControlLibero_MSS_MSS_CM3_0\n64ControlLibero_MSS_MSS_CM3_0_hw_platform\Debug\libn64ControlLibero_MSS_MSS_CM3_0_hw_platform.a(mss_gpio.o)
                0x20000b00                MSS_GPIO_init
 .text.MSS_GPIO_config
                0x20000b60       0x18 C:\Users\rpokeefe\repos\373\n64ControlLibero\SoftConsole\n64ControlLibero_MSS_MSS_CM3_0\n64ControlLibero_MSS_MSS_CM3_0_hw_platform\Debug\libn64ControlLibero_MSS_MSS_CM3_0_hw_platform.a(mss_gpio.o)
                0x20000b60                MSS_GPIO_config
 .text.MSS_GPIO_set_output
                0x20000b78       0x1c C:\Users\rpokeefe\repos\373\n64ControlLibero\SoftConsole\n64ControlLibero_MSS_MSS_CM3_0\n64ControlLibero_MSS_MSS_CM3_0_hw_platform\Debug\libn64ControlLibero_MSS_MSS_CM3_0_hw_platform.a(mss_gpio.o)
                0x20000b78                MSS_GPIO_set_output
 .text.SystemInit
                0x20000b94        0x4 C:\Users\rpokeefe\repos\373\n64ControlLibero\SoftConsole\n64ControlLibero_MSS_MSS_CM3_0\n64ControlLibero_MSS_MSS_CM3_0_hw_platform\Debug\libn64ControlLibero_MSS_MSS_CM3_0_hw_platform.a(system_a2fxxxm3.o)
                0x20000b94                SystemInit
 .text.SystemCoreClockUpdate
                0x20000b98      0x130 C:\Users\rpokeefe\repos\373\n64ControlLibero\SoftConsole\n64ControlLibero_MSS_MSS_CM3_0\n64ControlLibero_MSS_MSS_CM3_0_hw_platform\Debug\libn64ControlLibero_MSS_MSS_CM3_0_hw_platform.a(system_a2fxxxm3.o)
                0x20000b98                SystemCoreClockUpdate
 .text          0x20000cc8       0x50 c:/actel/libero_v9.1/softconsole/sourcery-g++/bin/../lib/gcc/arm-none-eabi/4.4.1/../../../../arm-none-eabi/lib/thumb2\libc.a(lib_a-init.o)
                0x20000cc8                __libc_init_array
 .text          0x20000d18      0x190 c:/actel/libero_v9.1/softconsole/sourcery-g++/bin/../lib/gcc/arm-none-eabi/4.4.1/../../../../arm-none-eabi/lib/thumb2\libc.a(lib_a-memcpy.o)
                0x20000d18                memcpy
 .text          0x20000ea8       0x64 c:/actel/libero_v9.1/softconsole/sourcery-g++/bin/../lib/gcc/arm-none-eabi/4.4.1/../../../../arm-none-eabi/lib/thumb2\libc.a(lib_a-printf.o)
                0x20000ea8                printf
                0x20000ee0                _printf_r
 .text          0x20000f0c       0x88 c:/actel/libero_v9.1/softconsole/sourcery-g++/bin/../lib/gcc/arm-none-eabi/4.4.1/../../../../arm-none-eabi/lib/thumb2\libc.a(lib_a-puts.o)
                0x20000f0c                _puts_r
                0x20000f84                puts
 .text          0x20000f94       0x60 c:/actel/libero_v9.1/softconsole/sourcery-g++/bin/../lib/gcc/arm-none-eabi/4.4.1/../../../../arm-none-eabi/lib/thumb2\libc.a(lib_a-strlen.o)
                0x20000f94                strlen
 .text          0x20000ff4     0x1940 c:/actel/libero_v9.1/softconsole/sourcery-g++/bin/../lib/gcc/arm-none-eabi/4.4.1/../../../../arm-none-eabi/lib/thumb2\libc.a(lib_a-vfprintf.o)
                0x20001010                _vfprintf_r
                0x20002918                vfprintf
 .text          0x20002934      0x104 c:/actel/libero_v9.1/softconsole/sourcery-g++/bin/../lib/gcc/arm-none-eabi/4.4.1/../../../../arm-none-eabi/lib/thumb2\libc.a(lib_a-wsetup.o)
                0x20002934                __swsetup_r
 .text          0x20002a38      0xfb8 c:/actel/libero_v9.1/softconsole/sourcery-g++/bin/../lib/gcc/arm-none-eabi/4.4.1/../../../../arm-none-eabi/lib/thumb2\libc.a(lib_a-dtoa.o)
                0x20002b58                _dtoa_r
 .text          0x200039f0      0x178 c:/actel/libero_v9.1/softconsole/sourcery-g++/bin/../lib/gcc/arm-none-eabi/4.4.1/../../../../arm-none-eabi/lib/thumb2\libc.a(lib_a-fflush.o)
                0x200039f0                _fflush_r
                0x20003b40                fflush
 .text          0x20003b68      0x1c8 c:/actel/libero_v9.1/softconsole/sourcery-g++/bin/../lib/gcc/arm-none-eabi/4.4.1/../../../../arm-none-eabi/lib/thumb2\libc.a(lib_a-findfp.o)
                0x20003b68                __sfp_lock_acquire
                0x20003b6c                __sfp_lock_release
                0x20003b70                __sinit_lock_acquire
                0x20003b74                __sinit_lock_release
                0x20003b80                __fp_unlock_all
                0x20003b98                __fp_lock_all
                0x20003bb0                _cleanup_r
                0x20003bbc                _cleanup
                0x20003c18                __sfmoreglue
                0x20003c48                __sfp
                0x20003cd0                __sinit
 .text          0x20003d30      0x268 c:/actel/libero_v9.1/softconsole/sourcery-g++/bin/../lib/gcc/arm-none-eabi/4.4.1/../../../../arm-none-eabi/lib/thumb2\libc.a(lib_a-freer.o)
                0x20003d30                _malloc_trim_r
                0x20003dd8                _free_r
 .text          0x20003f98      0x334 c:/actel/libero_v9.1/softconsole/sourcery-g++/bin/../lib/gcc/arm-none-eabi/4.4.1/../../../../arm-none-eabi/lib/thumb2\libc.a(lib_a-fvwrite.o)
                0x20003f98                __sfvwrite_r
 .text          0x200042cc       0xa0 c:/actel/libero_v9.1/softconsole/sourcery-g++/bin/../lib/gcc/arm-none-eabi/4.4.1/../../../../arm-none-eabi/lib/thumb2\libc.a(lib_a-fwalk.o)
                0x200042cc                _fwalk_reent
                0x20004320                _fwalk
 .text          0x2000436c       0x74 c:/actel/libero_v9.1/softconsole/sourcery-g++/bin/../lib/gcc/arm-none-eabi/4.4.1/../../../../arm-none-eabi/lib/thumb2\libc.a(lib_a-locale.o)
                0x2000436c                __locale_charset
                0x20004378                _localeconv_r
                0x20004380                localeconv
                0x20004388                _setlocale_r
                0x200043d0                setlocale
 .text          0x200043e0       0xdc c:/actel/libero_v9.1/softconsole/sourcery-g++/bin/../lib/gcc/arm-none-eabi/4.4.1/../../../../arm-none-eabi/lib/thumb2\libc.a(lib_a-makebuf.o)
                0x200043e0                __smakebuf_r
 .text          0x200044bc       0x20 c:/actel/libero_v9.1/softconsole/sourcery-g++/bin/../lib/gcc/arm-none-eabi/4.4.1/../../../../arm-none-eabi/lib/thumb2\libc.a(lib_a-malloc.o)
                0x200044bc                free
                0x200044cc                malloc
 .text          0x200044dc      0x5a4 c:/actel/libero_v9.1/softconsole/sourcery-g++/bin/../lib/gcc/arm-none-eabi/4.4.1/../../../../arm-none-eabi/lib/thumb2\libc.a(lib_a-mallocr.o)
                0x200044dc                _malloc_r
 .text          0x20004a80       0x74 c:/actel/libero_v9.1/softconsole/sourcery-g++/bin/../lib/gcc/arm-none-eabi/4.4.1/../../../../arm-none-eabi/lib/thumb2\libc.a(lib_a-memchr.o)
                0x20004a80                memchr
 .text          0x20004af4       0xb8 c:/actel/libero_v9.1/softconsole/sourcery-g++/bin/../lib/gcc/arm-none-eabi/4.4.1/../../../../arm-none-eabi/lib/thumb2\libc.a(lib_a-memmove.o)
                0x20004af4                memmove
 .text          0x20004bac       0xd4 c:/actel/libero_v9.1/softconsole/sourcery-g++/bin/../lib/gcc/arm-none-eabi/4.4.1/../../../../arm-none-eabi/lib/thumb2\libc.a(lib_a-memset.o)
                0x20004bac                memset
 .text          0x20004c80        0x8 c:/actel/libero_v9.1/softconsole/sourcery-g++/bin/../lib/gcc/arm-none-eabi/4.4.1/../../../../arm-none-eabi/lib/thumb2\libc.a(lib_a-mlock.o)
                0x20004c80                __malloc_lock
                0x20004c84                __malloc_unlock
 .text          0x20004c88      0x958 c:/actel/libero_v9.1/softconsole/sourcery-g++/bin/../lib/gcc/arm-none-eabi/4.4.1/../../../../arm-none-eabi/lib/thumb2\libc.a(lib_a-mprec.o)
                0x20004c88                __hi0bits
                0x20004cc8                __lo0bits
                0x20004d2c                __mcmp
                0x20004d6c                __ulp
                0x20004db8                __b2d
                0x20004e60                __ratio
                0x20004ec0                _mprec_log10
                0x20004ef8                __copybits
                0x20004f48                __any_on
                0x20004fa0                _Bfree
                0x20004fd8                _Balloc
                0x20005044                __d2b
                0x20005114                __mdiff
                0x2000520c                __lshift
                0x200052c8                __multiply
                0x200053fc                __i2b
                0x20005410                __multadd
                0x20005498                __pow5mult
                0x20005544                __s2b
 .text          0x200055e0      0x3b4 c:/actel/libero_v9.1/softconsole/sourcery-g++/bin/../lib/gcc/arm-none-eabi/4.4.1/../../../../arm-none-eabi/lib/thumb2\libc.a(lib_a-reallocr.o)
                0x200055e0                _realloc_r
 .text          0x20005994       0x24 c:/actel/libero_v9.1/softconsole/sourcery-g++/bin/../lib/gcc/arm-none-eabi/4.4.1/../../../../arm-none-eabi/lib/thumb2\libc.a(lib_a-s_isinfd.o)
                0x20005994                __isinfd
 .text          0x200059b8       0x1c c:/actel/libero_v9.1/softconsole/sourcery-g++/bin/../lib/gcc/arm-none-eabi/4.4.1/../../../../arm-none-eabi/lib/thumb2\libc.a(lib_a-s_isnand.o)
                0x200059b8                __isnand
 .text          0x200059d4       0x28 c:/actel/libero_v9.1/softconsole/sourcery-g++/bin/../lib/gcc/arm-none-eabi/4.4.1/../../../../arm-none-eabi/lib/thumb2\libc.a(lib_a-sbrkr.o)
                0x200059d4                _sbrk_r
 .text          0x200059fc       0x90 c:/actel/libero_v9.1/softconsole/sourcery-g++/bin/../lib/gcc/arm-none-eabi/4.4.1/../../../../arm-none-eabi/lib/thumb2\libc.a(lib_a-stdio.o)
                0x200059fc                __sclose
                0x20005a04                __sseek
                0x20005a2c                __swrite
                0x20005a68                __sread
 .text          0x20005a8c      0x1dc c:/actel/libero_v9.1/softconsole/sourcery-g++/bin/../lib/gcc/arm-none-eabi/4.4.1/../../../../arm-none-eabi/lib/thumb2\libc.a(lib_a-strcmp.o)
                0x20005a8c                strcmp
 .text          0x20005c68       0x5c c:/actel/libero_v9.1/softconsole/sourcery-g++/bin/../lib/gcc/arm-none-eabi/4.4.1/../../../../arm-none-eabi/lib/thumb2\libc.a(lib_a-callocr.o)
                0x20005c68                _calloc_r
 .text          0x20005cc4       0x28 c:/actel/libero_v9.1/softconsole/sourcery-g++/bin/../lib/gcc/arm-none-eabi/4.4.1/../../../../arm-none-eabi/lib/thumb2\libc.a(lib_a-closer.o)
                0x20005cc4                _close_r
 .text          0x20005cec       0xcc c:/actel/libero_v9.1/softconsole/sourcery-g++/bin/../lib/gcc/arm-none-eabi/4.4.1/../../../../arm-none-eabi/lib/thumb2\libc.a(lib_a-fclose.o)
                0x20005cec                _fclose_r
                0x20005da8                fclose
 .text          0x20005db8       0x2c c:/actel/libero_v9.1/softconsole/sourcery-g++/bin/../lib/gcc/arm-none-eabi/4.4.1/../../../../arm-none-eabi/lib/thumb2\libc.a(lib_a-fstatr.o)
                0x20005db8                _fstat_r
 .text          0x20005de4       0x28 c:/actel/libero_v9.1/softconsole/sourcery-g++/bin/../lib/gcc/arm-none-eabi/4.4.1/../../../../arm-none-eabi/lib/thumb2\libc.a(lib_a-isattyr.o)
                0x20005de4                _isatty_r
 .text          0x20005e0c       0x2c c:/actel/libero_v9.1/softconsole/sourcery-g++/bin/../lib/gcc/arm-none-eabi/4.4.1/../../../../arm-none-eabi/lib/thumb2\libc.a(lib_a-lseekr.o)
                0x20005e0c                _lseek_r
 .text          0x20005e38       0x2c c:/actel/libero_v9.1/softconsole/sourcery-g++/bin/../lib/gcc/arm-none-eabi/4.4.1/../../../../arm-none-eabi/lib/thumb2\libc.a(lib_a-readr.o)
                0x20005e38                _read_r
 *fill*         0x20005e64        0x4 00
 .text          0x20005e68      0x278 c:/actel/libero_v9.1/softconsole/sourcery-g++/bin/../lib/gcc/arm-none-eabi/4.4.1/thumb2\libgcc.a(_udivsi3.o)
                0x20005e68                __aeabi_uidiv
                0x20005e68                __udivsi3
                0x200060c4                __aeabi_uidivmod
 .text          0x200060e0        0x4 c:/actel/libero_v9.1/softconsole/sourcery-g++/bin/../lib/gcc/arm-none-eabi/4.4.1/thumb2\libgcc.a(_dvmd_tls.o)
                0x200060e0                __aeabi_idiv0
                0x200060e0                __aeabi_ldiv0
 .text          0x200060e4      0x370 c:/actel/libero_v9.1/softconsole/sourcery-g++/bin/../lib/gcc/arm-none-eabi/4.4.1/thumb2\libgcc.a(_arm_addsubdf3.o)
                0x200060e4                __aeabi_drsub
                0x200060ec                __aeabi_dsub
                0x200060ec                __subdf3
                0x200060f0                __aeabi_dadd
                0x200060f0                __adddf3
                0x20006368                __floatunsidf
                0x20006368                __aeabi_ui2d
                0x20006388                __floatsidf
                0x20006388                __aeabi_i2d
                0x200063ac                __aeabi_f2d
                0x200063ac                __extendsfdf2
                0x200063e8                __floatundidf
                0x200063e8                __aeabi_ul2d
                0x200063f8                __floatdidf
                0x200063f8                __aeabi_l2d
 .text          0x20006454      0x424 c:/actel/libero_v9.1/softconsole/sourcery-g++/bin/../lib/gcc/arm-none-eabi/4.4.1/thumb2\libgcc.a(_arm_muldivdf3.o)
                0x20006454                __aeabi_dmul
                0x20006454                __muldf3
                0x200066a8                __divdf3
                0x200066a8                __aeabi_ddiv
 .text          0x20006878      0x110 c:/actel/libero_v9.1/softconsole/sourcery-g++/bin/../lib/gcc/arm-none-eabi/4.4.1/thumb2\libgcc.a(_arm_cmpdf2.o)
                0x20006878                __gtdf2
                0x20006878                __gedf2
                0x20006880                __ltdf2
                0x20006880                __ledf2
                0x20006888                __nedf2
                0x20006888                __eqdf2
                0x20006888                __cmpdf2
                0x20006904                __aeabi_cdrcmple
                0x20006914                __aeabi_cdcmpeq
                0x20006914                __aeabi_cdcmple
                0x20006924                __aeabi_dcmpeq
                0x20006938                __aeabi_dcmplt
                0x2000694c                __aeabi_dcmple
                0x20006960                __aeabi_dcmpge
                0x20006974                __aeabi_dcmpgt
 .text          0x20006988       0x50 c:/actel/libero_v9.1/softconsole/sourcery-g++/bin/../lib/gcc/arm-none-eabi/4.4.1/thumb2\libgcc.a(_arm_fixdfsi.o)
                0x20006988                __aeabi_d2iz
                0x20006988                __fixdfsi
 .text          0x200069d8       0x2c c:/actel/libero_v9.1/softconsole/sourcery-g++/bin/../lib/gcc/arm-none-eabi/4.4.1/thumb2\libgcc.a(_aeabi_uldivmod.o)
                0x200069d8                __aeabi_uldivmod
 .text          0x20006a04       0x58 c:/actel/libero_v9.1/softconsole/sourcery-g++/bin/../lib/gcc/arm-none-eabi/4.4.1/thumb2\libgcc.a(bpabi.o)
                0x20006a04                __gnu_uldivmod_helper
                0x20006a30                __gnu_ldivmod_helper
 .text          0x20006a5c      0x364 c:/actel/libero_v9.1/softconsole/sourcery-g++/bin/../lib/gcc/arm-none-eabi/4.4.1/thumb2\libgcc.a(_divdi3.o)
                0x20006a5c                __divdi3
 .text          0x20006dc0      0x300 c:/actel/libero_v9.1/softconsole/sourcery-g++/bin/../lib/gcc/arm-none-eabi/4.4.1/thumb2\libgcc.a(_udivdi3.o)
                0x20006dc0                __udivdi3
 *(.plt)
 *(.gnu.warning)
 *(.glue_7t)
 .glue_7t       0x00000000        0x0 linker stubs
 *(.glue_7)
 .glue_7        0x00000000        0x0 linker stubs
 *(.vfp11_veneer)
 .vfp11_veneer  0x00000000        0x0 linker stubs
                0x200070c0                . = ALIGN (0x4)
 *crtbegin.o(.ctors)
 *(EXCLUDE_FILE(*crtend.o) .ctors)
 *(SORT(.ctors.*))
 *crtend.o(.ctors)
 *crtbegin.o(.dtors)
 *(EXCLUDE_FILE(*crtend.o) .dtors)
 *(SORT(.dtors.*))
 *crtend.o(.dtors)
 *(.rodata .rodata.* .gnu.linkonce.r.*)
 .rodata        0x200070c0      0x11c ./main.o
 .rodata.str1.4
                0x200071dc       0x1a C:/Users/rpokeefe/repos/373/n64ControlLibero/SoftConsole/n64ControlLibero_MSS_MSS_CM3_0/n64ControlLibero_MSS_MSS_CM3_0_hw_platform/Debug/CMSIS/startup_gcc/newlib_stubs.o
                                 0x1c (size before relaxing)
 *fill*         0x200071f6        0x2 00
 .rodata.g_gpio_irqn_lut
                0x200071f8       0x40 C:\Users\rpokeefe\repos\373\n64ControlLibero\SoftConsole\n64ControlLibero_MSS_MSS_CM3_0\n64ControlLibero_MSS_MSS_CM3_0_hw_platform\Debug\libn64ControlLibero_MSS_MSS_CM3_0_hw_platform.a(mss_gpio.o)
 .rodata.g_config_reg_lut
                0x20007238       0x80 C:\Users\rpokeefe\repos\373\n64ControlLibero\SoftConsole\n64ControlLibero_MSS_MSS_CM3_0\n64ControlLibero_MSS_MSS_CM3_0_hw_platform\Debug\libn64ControlLibero_MSS_MSS_CM3_0_hw_platform.a(mss_gpio.o)
 .rodata.C.16.2565
                0x200072b8       0x10 C:\Users\rpokeefe\repos\373\n64ControlLibero\SoftConsole\n64ControlLibero_MSS_MSS_CM3_0\n64ControlLibero_MSS_MSS_CM3_0_hw_platform\Debug\libn64ControlLibero_MSS_MSS_CM3_0_hw_platform.a(system_a2fxxxm3.o)
 .rodata        0x200072c8        0x4 c:/actel/libero_v9.1/softconsole/sourcery-g++/bin/../lib/gcc/arm-none-eabi/4.4.1/../../../../arm-none-eabi/lib/thumb2\libc.a(lib_a-impure.o)
                0x200072c8                _global_impure_ptr
 .rodata.str1.4
                0x200072cc        0x2 c:/actel/libero_v9.1/softconsole/sourcery-g++/bin/../lib/gcc/arm-none-eabi/4.4.1/../../../../arm-none-eabi/lib/thumb2\libc.a(lib_a-impure.o)
                                  0x4 (size before relaxing)
 .rodata.str1.4
                0x00000000        0x2 c:/actel/libero_v9.1/softconsole/sourcery-g++/bin/../lib/gcc/arm-none-eabi/4.4.1/../../../../arm-none-eabi/lib/thumb2\libc.a(lib_a-puts.o)
                                  0x4 (size before relaxing)
 *fill*         0x200072ce        0x2 00
 .rodata        0x200072d0       0x20 c:/actel/libero_v9.1/softconsole/sourcery-g++/bin/../lib/gcc/arm-none-eabi/4.4.1/../../../../arm-none-eabi/lib/thumb2\libc.a(lib_a-vfprintf.o)
 .rodata.str1.4
                0x200072f0       0x42 c:/actel/libero_v9.1/softconsole/sourcery-g++/bin/../lib/gcc/arm-none-eabi/4.4.1/../../../../arm-none-eabi/lib/thumb2\libc.a(lib_a-vfprintf.o)
                                 0x44 (size before relaxing)
 *fill*         0x20007332        0x2 00
 .rodata.str1.4
                0x20007334       0x10 c:/actel/libero_v9.1/softconsole/sourcery-g++/bin/../lib/gcc/arm-none-eabi/4.4.1/../../../../arm-none-eabi/lib/thumb2\libc.a(lib_a-dtoa.o)
                                 0x14 (size before relaxing)
 .rodata        0x20007344       0x60 c:/actel/libero_v9.1/softconsole/sourcery-g++/bin/../lib/gcc/arm-none-eabi/4.4.1/../../../../arm-none-eabi/lib/thumb2\libc.a(lib_a-findfp.o)
                0x20007344                __sf_fake_stdin
                0x20007364                __sf_fake_stdout
                0x20007384                __sf_fake_stderr
 .rodata        0x200073a4       0x34 c:/actel/libero_v9.1/softconsole/sourcery-g++/bin/../lib/gcc/arm-none-eabi/4.4.1/../../../../arm-none-eabi/lib/thumb2\libc.a(lib_a-locale.o)
 .rodata.str1.4
                0x200073d8       0x10 c:/actel/libero_v9.1/softconsole/sourcery-g++/bin/../lib/gcc/arm-none-eabi/4.4.1/../../../../arm-none-eabi/lib/thumb2\libc.a(lib_a-locale.o)
                                 0x18 (size before relaxing)
 .rodata        0x200073e8      0x128 c:/actel/libero_v9.1/softconsole/sourcery-g++/bin/../lib/gcc/arm-none-eabi/4.4.1/../../../../arm-none-eabi/lib/thumb2\libc.a(lib_a-mprec.o)
                0x200073e8                __mprec_tens
                0x200074c0                __mprec_bigtens
                0x200074e8                __mprec_tinytens
 *(.ARM.extab* .gnu.linkonce.armextab.*)
 *(.gcc_except_table)
 *(.eh_frame_hdr)
 *(.eh_frame)
 *(.init)
 .init          0x20007510        0x4 c:/actel/libero_v9.1/softconsole/sourcery-g++/bin/../lib/gcc/arm-none-eabi/4.4.1/thumb2/crti.o
                0x20007510                _init
 .init          0x20007514        0x8 c:/actel/libero_v9.1/softconsole/sourcery-g++/bin/../lib/gcc/arm-none-eabi/4.4.1/thumb2/crtn.o
 *(.fini)
 .fini          0x2000751c        0x4 c:/actel/libero_v9.1/softconsole/sourcery-g++/bin/../lib/gcc/arm-none-eabi/4.4.1/thumb2/crti.o
                0x2000751c                _fini
 .fini          0x20007520        0x8 c:/actel/libero_v9.1/softconsole/sourcery-g++/bin/../lib/gcc/arm-none-eabi/4.4.1/thumb2/crtn.o
                0x20007528                PROVIDE (__preinit_array_start, .)
 *(.preinit_array)
                0x20007528                PROVIDE (__preinit_array_end, .)
                0x20007528                PROVIDE (__init_array_start, .)
 *(SORT(.init_array.*))
 *(.init_array)
 .init_array    0x20007528        0x4 c:/actel/libero_v9.1/softconsole/sourcery-g++/bin/../lib/gcc/arm-none-eabi/4.4.1/thumb2/crtbegin.o
                0x2000752c                PROVIDE (__init_array_end, .)
                0x2000752c                PROVIDE (__fini_array_start, .)
 *(.fini_array)
 .fini_array    0x2000752c        0x4 c:/actel/libero_v9.1/softconsole/sourcery-g++/bin/../lib/gcc/arm-none-eabi/4.4.1/thumb2/crtbegin.o
 *(SORT(.fini_array.*))
                0x20007530                PROVIDE (__fini_array_end, .)
                0x20007530                __exidx_start = .

.v4_bx          0x20007530        0x0
 .v4_bx         0x00000000        0x0 linker stubs

.ARM.exidx      0x20007530        0x8
 *(.ARM.exidx* .gnu.linkonce.armexidx.*)
 .ARM.exidx     0x20007530        0x8 c:/actel/libero_v9.1/softconsole/sourcery-g++/bin/../lib/gcc/arm-none-eabi/4.4.1/thumb2\libgcc.a(_divdi3.o)
 .ARM.exidx     0x20007538        0x0 c:/actel/libero_v9.1/softconsole/sourcery-g++/bin/../lib/gcc/arm-none-eabi/4.4.1/thumb2\libgcc.a(_udivdi3.o)
                                  0x8 (size before relaxing)
                0x20007538                __exidx_end = .
                0x20007538                _etext = .
                0x20007538                PROVIDE (__text_end, .)

.data           0x20007538      0x520
                0x20007538                __data_load = LOADADDR (.data)
                0x20007538                _sidata = LOADADDR (.data)
                0x20007538                __data_start = .
                0x20007538                _sdata = .
 *(.jcr)
 .jcr           0x20007538        0x0 c:/actel/libero_v9.1/softconsole/sourcery-g++/bin/../lib/gcc/arm-none-eabi/4.4.1/thumb2/crtbegin.o
 .jcr           0x20007538        0x4 c:/actel/libero_v9.1/softconsole/sourcery-g++/bin/../lib/gcc/arm-none-eabi/4.4.1/thumb2/crtend.o
 *(.got.plt)
 *(.got)
 *(.shdata)
 *(.data .data.* .gnu.linkonce.d.*)
 .data.g_FrequencyACE
                0x2000753c        0x4 C:\Users\rpokeefe\repos\373\n64ControlLibero\SoftConsole\n64ControlLibero_MSS_MSS_CM3_0\n64ControlLibero_MSS_MSS_CM3_0_hw_platform\Debug\libn64ControlLibero_MSS_MSS_CM3_0_hw_platform.a(system_a2fxxxm3.o)
                0x2000753c                g_FrequencyACE
 .data.g_FrequencyFPGA
                0x20007540        0x4 C:\Users\rpokeefe\repos\373\n64ControlLibero\SoftConsole\n64ControlLibero_MSS_MSS_CM3_0\n64ControlLibero_MSS_MSS_CM3_0_hw_platform\Debug\libn64ControlLibero_MSS_MSS_CM3_0_hw_platform.a(system_a2fxxxm3.o)
                0x20007540                g_FrequencyFPGA
 .data.g_FrequencyPCLK0
                0x20007544        0x4 C:\Users\rpokeefe\repos\373\n64ControlLibero\SoftConsole\n64ControlLibero_MSS_MSS_CM3_0\n64ControlLibero_MSS_MSS_CM3_0_hw_platform\Debug\libn64ControlLibero_MSS_MSS_CM3_0_hw_platform.a(system_a2fxxxm3.o)
                0x20007544                g_FrequencyPCLK0
 .data.g_FrequencyPCLK1
                0x20007548        0x4 C:\Users\rpokeefe\repos\373\n64ControlLibero\SoftConsole\n64ControlLibero_MSS_MSS_CM3_0\n64ControlLibero_MSS_MSS_CM3_0_hw_platform\Debug\libn64ControlLibero_MSS_MSS_CM3_0_hw_platform.a(system_a2fxxxm3.o)
                0x20007548                g_FrequencyPCLK1
 .data.SystemCoreClock
                0x2000754c        0x4 C:\Users\rpokeefe\repos\373\n64ControlLibero\SoftConsole\n64ControlLibero_MSS_MSS_CM3_0\n64ControlLibero_MSS_MSS_CM3_0_hw_platform\Debug\libn64ControlLibero_MSS_MSS_CM3_0_hw_platform.a(system_a2fxxxm3.o)
                0x2000754c                SystemCoreClock
 .data.SystemFrequency
                0x20007550        0x4 C:\Users\rpokeefe\repos\373\n64ControlLibero\SoftConsole\n64ControlLibero_MSS_MSS_CM3_0\n64ControlLibero_MSS_MSS_CM3_0_hw_platform\Debug\libn64ControlLibero_MSS_MSS_CM3_0_hw_platform.a(system_a2fxxxm3.o)
                0x20007550                SystemFrequency
 .data          0x20007554       0xf4 c:/actel/libero_v9.1/softconsole/sourcery-g++/bin/../lib/gcc/arm-none-eabi/4.4.1/../../../../arm-none-eabi/lib/thumb2\libc.a(lib_a-impure.o)
                0x20007554                _impure_ptr
 .data          0x20007648      0x410 c:/actel/libero_v9.1/softconsole/sourcery-g++/bin/../lib/gcc/arm-none-eabi/4.4.1/../../../../arm-none-eabi/lib/thumb2\libc.a(lib_a-mallocr.o)
                0x20007648                __malloc_av_
                0x20007a50                __malloc_sbrk_base
                0x20007a54                __malloc_trim_threshold
                0x20007a58                . = ALIGN (0x4)
                0x20007a58                _edata = .

.bss            0x20007a58       0x98
                0x20007a58                __bss_start__ = .
                0x20007a58                _sbss = .
 *(.shbss)
 *(.bss .bss.* .gnu.linkonce.b.*)
 .bss           0x20007a58        0x1 c:/actel/libero_v9.1/softconsole/sourcery-g++/bin/../lib/gcc/arm-none-eabi/4.4.1/thumb2/crtbegin.o
 *fill*         0x20007a59        0x3 00
 .bss.heap_end.3592
                0x20007a5c        0x4 C:/Users/rpokeefe/repos/373/n64ControlLibero/SoftConsole/n64ControlLibero_MSS_MSS_CM3_0/n64ControlLibero_MSS_MSS_CM3_0_hw_platform/Debug/CMSIS/startup_gcc/newlib_stubs.o
 .bss.g_stdio_uart_init_done
                0x20007a60        0x4 C:/Users/rpokeefe/repos/373/n64ControlLibero/SoftConsole/n64ControlLibero_MSS_MSS_CM3_0/n64ControlLibero_MSS_MSS_CM3_0_hw_platform/Debug/CMSIS/startup_gcc/newlib_stubs.o
 .bss           0x20007a64       0x34 c:/actel/libero_v9.1/softconsole/sourcery-g++/bin/../lib/gcc/arm-none-eabi/4.4.1/../../../../arm-none-eabi/lib/thumb2\libc.a(lib_a-mallocr.o)
                0x20007a64                __malloc_top_pad
                0x20007a68                __malloc_current_mallinfo
                0x20007a90                __malloc_max_sbrked_mem
                0x20007a94                __malloc_max_total_mem
 *(COMMON)
 COMMON         0x20007a98       0x50 C:\Users\rpokeefe\repos\373\n64ControlLibero\SoftConsole\n64ControlLibero_MSS_MSS_CM3_0\n64ControlLibero_MSS_MSS_CM3_0_hw_platform\Debug\libn64ControlLibero_MSS_MSS_CM3_0_hw_platform.a(mss_uart.o)
                0x20007a98                g_mss_uart1
                0x20007ac0                g_mss_uart0
 COMMON         0x20007ae8        0x4 c:/actel/libero_v9.1/softconsole/sourcery-g++/bin/../lib/gcc/arm-none-eabi/4.4.1/../../../../arm-none-eabi/lib/thumb2\libc.a(lib_a-reent.o)
                0x20007ae8                errno
                0x20007af0                . = ALIGN (0x8)
 *fill*         0x20007aec        0x4 00
                0x20007af0                __bss_end__ = .
                0x20007af0                _end = .
                0x20007af0                __end = _end
                0x20007af0                _ebss = .
                0x20007af0                PROVIDE (end, .)

.stack          0x20007af0     0x3000
                0x20007af0                . = ALIGN (0x4)
                0x20008af0                . = (. + PROCESS_STACK_SIZE)
 *fill*         0x20007af0     0x1000 00
                0x20008af0                . = ALIGN (0x4)
                0x2000aaf0                . = (. + MAIN_STACK_SIZE)
 *fill*         0x20008af0     0x2000 00
                0x2000aaf0                . = ALIGN (0x4)

.stab
 *(.stab)

.stabstr
 *(.stabstr)

.debug
 *(.debug)

.line
 *(.line)

.debug_srcinfo
 *(.debug_srcinfo)

.debug_sfnames
 *(.debug_sfnames)

.comment        0x00000000      0x102
 .comment       0x00000000       0x2b ./main.o
 .comment       0x0000002b       0x2b ./n64_driver.o
 .comment       0x00000056       0x2b C:/Users/rpokeefe/repos/373/n64ControlLibero/SoftConsole/n64ControlLibero_MSS_MSS_CM3_0/n64ControlLibero_MSS_MSS_CM3_0_hw_platform/Debug/CMSIS/startup_gcc/newlib_stubs.o
 .comment       0x00000081       0x2b C:\Users\rpokeefe\repos\373\n64ControlLibero\SoftConsole\n64ControlLibero_MSS_MSS_CM3_0\n64ControlLibero_MSS_MSS_CM3_0_hw_platform\Debug\libn64ControlLibero_MSS_MSS_CM3_0_hw_platform.a(mss_uart.o)
 .comment       0x000000ac       0x2b C:\Users\rpokeefe\repos\373\n64ControlLibero\SoftConsole\n64ControlLibero_MSS_MSS_CM3_0\n64ControlLibero_MSS_MSS_CM3_0_hw_platform\Debug\libn64ControlLibero_MSS_MSS_CM3_0_hw_platform.a(mss_gpio.o)
 .comment       0x000000d7       0x2b C:\Users\rpokeefe\repos\373\n64ControlLibero\SoftConsole\n64ControlLibero_MSS_MSS_CM3_0\n64ControlLibero_MSS_MSS_CM3_0_hw_platform\Debug\libn64ControlLibero_MSS_MSS_CM3_0_hw_platform.a(system_a2fxxxm3.o)

.debug_aranges  0x00000000      0x240
 *(.debug_aranges)
 .debug_aranges
                0x00000000       0x28 ./main.o
 .debug_aranges
                0x00000028       0x38 ./n64_driver.o
 .debug_aranges
                0x00000060       0xa8 C:/Users/rpokeefe/repos/373/n64ControlLibero/SoftConsole/n64ControlLibero_MSS_MSS_CM3_0/n64ControlLibero_MSS_MSS_CM3_0_hw_platform/Debug/CMSIS/startup_gcc/newlib_stubs.o
 .debug_aranges
                0x00000108       0xc0 C:\Users\rpokeefe\repos\373\n64ControlLibero\SoftConsole\n64ControlLibero_MSS_MSS_CM3_0\n64ControlLibero_MSS_MSS_CM3_0_hw_platform\Debug\libn64ControlLibero_MSS_MSS_CM3_0_hw_platform.a(mss_uart.o)
 .debug_aranges
                0x000001c8       0x50 C:\Users\rpokeefe\repos\373\n64ControlLibero\SoftConsole\n64ControlLibero_MSS_MSS_CM3_0\n64ControlLibero_MSS_MSS_CM3_0_hw_platform\Debug\libn64ControlLibero_MSS_MSS_CM3_0_hw_platform.a(mss_gpio.o)
 .debug_aranges
                0x00000218       0x28 C:\Users\rpokeefe\repos\373\n64ControlLibero\SoftConsole\n64ControlLibero_MSS_MSS_CM3_0\n64ControlLibero_MSS_MSS_CM3_0_hw_platform\Debug\libn64ControlLibero_MSS_MSS_CM3_0_hw_platform.a(system_a2fxxxm3.o)

.debug_pubnames
                0x00000000      0x4fa
 *(.debug_pubnames)
 .debug_pubnames
                0x00000000       0x39 ./main.o
 .debug_pubnames
                0x00000039       0x55 ./n64_driver.o
 .debug_pubnames
                0x0000008e       0xeb C:/Users/rpokeefe/repos/373/n64ControlLibero/SoftConsole/n64ControlLibero_MSS_MSS_CM3_0/n64ControlLibero_MSS_MSS_CM3_0_hw_platform/Debug/CMSIS/startup_gcc/newlib_stubs.o
 .debug_pubnames
                0x00000179      0x21c C:\Users\rpokeefe\repos\373\n64ControlLibero\SoftConsole\n64ControlLibero_MSS_MSS_CM3_0\n64ControlLibero_MSS_MSS_CM3_0_hw_platform\Debug\libn64ControlLibero_MSS_MSS_CM3_0_hw_platform.a(mss_uart.o)
 .debug_pubnames
                0x00000395       0xb1 C:\Users\rpokeefe\repos\373\n64ControlLibero\SoftConsole\n64ControlLibero_MSS_MSS_CM3_0\n64ControlLibero_MSS_MSS_CM3_0_hw_platform\Debug\libn64ControlLibero_MSS_MSS_CM3_0_hw_platform.a(mss_gpio.o)
 .debug_pubnames
                0x00000446       0xb4 C:\Users\rpokeefe\repos\373\n64ControlLibero\SoftConsole\n64ControlLibero_MSS_MSS_CM3_0\n64ControlLibero_MSS_MSS_CM3_0_hw_platform\Debug\libn64ControlLibero_MSS_MSS_CM3_0_hw_platform.a(system_a2fxxxm3.o)

.debug_info     0x00000000     0x44b7
 *(.debug_info .gnu.linkonce.wi.*)
 .debug_info    0x00000000      0x366 ./main.o
 .debug_info    0x00000366      0x28d ./n64_driver.o
 .debug_info    0x000005f3     0x10eb C:/Users/rpokeefe/repos/373/n64ControlLibero/SoftConsole/n64ControlLibero_MSS_MSS_CM3_0/n64ControlLibero_MSS_MSS_CM3_0_hw_platform/Debug/CMSIS/startup_gcc/newlib_stubs.o
 .debug_info    0x000016de     0x1740 C:\Users\rpokeefe\repos\373\n64ControlLibero\SoftConsole\n64ControlLibero_MSS_MSS_CM3_0\n64ControlLibero_MSS_MSS_CM3_0_hw_platform\Debug\libn64ControlLibero_MSS_MSS_CM3_0_hw_platform.a(mss_uart.o)
 .debug_info    0x00002e1e     0x1124 C:\Users\rpokeefe\repos\373\n64ControlLibero\SoftConsole\n64ControlLibero_MSS_MSS_CM3_0\n64ControlLibero_MSS_MSS_CM3_0_hw_platform\Debug\libn64ControlLibero_MSS_MSS_CM3_0_hw_platform.a(mss_gpio.o)
 .debug_info    0x00003f42      0x575 C:\Users\rpokeefe\repos\373\n64ControlLibero\SoftConsole\n64ControlLibero_MSS_MSS_CM3_0\n64ControlLibero_MSS_MSS_CM3_0_hw_platform\Debug\libn64ControlLibero_MSS_MSS_CM3_0_hw_platform.a(system_a2fxxxm3.o)

.debug_abbrev   0x00000000      0xab3
 *(.debug_abbrev)
 .debug_abbrev  0x00000000      0x11e ./main.o
 .debug_abbrev  0x0000011e       0xf9 ./n64_driver.o
 .debug_abbrev  0x00000217      0x251 C:/Users/rpokeefe/repos/373/n64ControlLibero/SoftConsole/n64ControlLibero_MSS_MSS_CM3_0/n64ControlLibero_MSS_MSS_CM3_0_hw_platform/Debug/CMSIS/startup_gcc/newlib_stubs.o
 .debug_abbrev  0x00000468      0x306 C:\Users\rpokeefe\repos\373\n64ControlLibero\SoftConsole\n64ControlLibero_MSS_MSS_CM3_0\n64ControlLibero_MSS_MSS_CM3_0_hw_platform\Debug\libn64ControlLibero_MSS_MSS_CM3_0_hw_platform.a(mss_uart.o)
 .debug_abbrev  0x0000076e      0x1f1 C:\Users\rpokeefe\repos\373\n64ControlLibero\SoftConsole\n64ControlLibero_MSS_MSS_CM3_0\n64ControlLibero_MSS_MSS_CM3_0_hw_platform\Debug\libn64ControlLibero_MSS_MSS_CM3_0_hw_platform.a(mss_gpio.o)
 .debug_abbrev  0x0000095f      0x154 C:\Users\rpokeefe\repos\373\n64ControlLibero\SoftConsole\n64ControlLibero_MSS_MSS_CM3_0\n64ControlLibero_MSS_MSS_CM3_0_hw_platform\Debug\libn64ControlLibero_MSS_MSS_CM3_0_hw_platform.a(system_a2fxxxm3.o)

.debug_line     0x00000000     0x189b
 *(.debug_line)
 .debug_line    0x00000000      0x4cb ./main.o
 .debug_line    0x000004cb      0x36a ./n64_driver.o
 .debug_line    0x00000835      0x50f C:/Users/rpokeefe/repos/373/n64ControlLibero/SoftConsole/n64ControlLibero_MSS_MSS_CM3_0/n64ControlLibero_MSS_MSS_CM3_0_hw_platform/Debug/CMSIS/startup_gcc/newlib_stubs.o
 .debug_line    0x00000d44      0x5d5 C:\Users\rpokeefe\repos\373\n64ControlLibero\SoftConsole\n64ControlLibero_MSS_MSS_CM3_0\n64ControlLibero_MSS_MSS_CM3_0_hw_platform\Debug\libn64ControlLibero_MSS_MSS_CM3_0_hw_platform.a(mss_uart.o)
 .debug_line    0x00001319      0x315 C:\Users\rpokeefe\repos\373\n64ControlLibero\SoftConsole\n64ControlLibero_MSS_MSS_CM3_0\n64ControlLibero_MSS_MSS_CM3_0_hw_platform\Debug\libn64ControlLibero_MSS_MSS_CM3_0_hw_platform.a(mss_gpio.o)
 .debug_line    0x0000162e      0x26d C:\Users\rpokeefe\repos\373\n64ControlLibero\SoftConsole\n64ControlLibero_MSS_MSS_CM3_0\n64ControlLibero_MSS_MSS_CM3_0_hw_platform\Debug\libn64ControlLibero_MSS_MSS_CM3_0_hw_platform.a(system_a2fxxxm3.o)

.debug_frame    0x00000000     0x1154
 *(.debug_frame)
 .debug_frame   0x00000000       0x50 ./main.o
 .debug_frame   0x00000050       0x94 ./n64_driver.o
 .debug_frame   0x000000e4      0x174 C:/Users/rpokeefe/repos/373/n64ControlLibero/SoftConsole/n64ControlLibero_MSS_MSS_CM3_0/n64ControlLibero_MSS_MSS_CM3_0_hw_platform/Debug/CMSIS/startup_gcc/newlib_stubs.o
 .debug_frame   0x00000258      0x1f0 C:\Users\rpokeefe\repos\373\n64ControlLibero\SoftConsole\n64ControlLibero_MSS_MSS_CM3_0\n64ControlLibero_MSS_MSS_CM3_0_hw_platform\Debug\libn64ControlLibero_MSS_MSS_CM3_0_hw_platform.a(mss_uart.o)
 .debug_frame   0x00000448       0x88 C:\Users\rpokeefe\repos\373\n64ControlLibero\SoftConsole\n64ControlLibero_MSS_MSS_CM3_0\n64ControlLibero_MSS_MSS_CM3_0_hw_platform\Debug\libn64ControlLibero_MSS_MSS_CM3_0_hw_platform.a(mss_gpio.o)
 .debug_frame   0x000004d0       0x3c C:\Users\rpokeefe\repos\373\n64ControlLibero\SoftConsole\n64ControlLibero_MSS_MSS_CM3_0\n64ControlLibero_MSS_MSS_CM3_0_hw_platform\Debug\libn64ControlLibero_MSS_MSS_CM3_0_hw_platform.a(system_a2fxxxm3.o)
 .debug_frame   0x0000050c       0x20 c:/actel/libero_v9.1/softconsole/sourcery-g++/bin/../lib/gcc/arm-none-eabi/4.4.1/../../../../arm-none-eabi/lib/thumb2\libc.a(lib_a-errno.o)
 .debug_frame   0x0000052c       0x2c c:/actel/libero_v9.1/softconsole/sourcery-g++/bin/../lib/gcc/arm-none-eabi/4.4.1/../../../../arm-none-eabi/lib/thumb2\libc.a(lib_a-init.o)
 .debug_frame   0x00000558       0x34 c:/actel/libero_v9.1/softconsole/sourcery-g++/bin/../lib/gcc/arm-none-eabi/4.4.1/../../../../arm-none-eabi/lib/thumb2\libc.a(lib_a-memcpy.o)
 .debug_frame   0x0000058c       0x5c c:/actel/libero_v9.1/softconsole/sourcery-g++/bin/../lib/gcc/arm-none-eabi/4.4.1/../../../../arm-none-eabi/lib/thumb2\libc.a(lib_a-printf.o)
 .debug_frame   0x000005e8       0x40 c:/actel/libero_v9.1/softconsole/sourcery-g++/bin/../lib/gcc/arm-none-eabi/4.4.1/../../../../arm-none-eabi/lib/thumb2\libc.a(lib_a-puts.o)
 .debug_frame   0x00000628       0x20 c:/actel/libero_v9.1/softconsole/sourcery-g++/bin/../lib/gcc/arm-none-eabi/4.4.1/../../../../arm-none-eabi/lib/thumb2\libc.a(lib_a-strlen.o)
 .debug_frame   0x00000648       0x70 c:/actel/libero_v9.1/softconsole/sourcery-g++/bin/../lib/gcc/arm-none-eabi/4.4.1/../../../../arm-none-eabi/lib/thumb2\libc.a(lib_a-vfprintf.o)
 .debug_frame   0x000006b8       0x2c c:/actel/libero_v9.1/softconsole/sourcery-g++/bin/../lib/gcc/arm-none-eabi/4.4.1/../../../../arm-none-eabi/lib/thumb2\libc.a(lib_a-wsetup.o)
 .debug_frame   0x000006e4       0x64 c:/actel/libero_v9.1/softconsole/sourcery-g++/bin/../lib/gcc/arm-none-eabi/4.4.1/../../../../arm-none-eabi/lib/thumb2\libc.a(lib_a-dtoa.o)
 .debug_frame   0x00000748       0x40 c:/actel/libero_v9.1/softconsole/sourcery-g++/bin/../lib/gcc/arm-none-eabi/4.4.1/../../../../arm-none-eabi/lib/thumb2\libc.a(lib_a-fflush.o)
 .debug_frame   0x00000788      0x11c c:/actel/libero_v9.1/softconsole/sourcery-g++/bin/../lib/gcc/arm-none-eabi/4.4.1/../../../../arm-none-eabi/lib/thumb2\libc.a(lib_a-findfp.o)
 .debug_frame   0x000008a4       0x50 c:/actel/libero_v9.1/softconsole/sourcery-g++/bin/../lib/gcc/arm-none-eabi/4.4.1/../../../../arm-none-eabi/lib/thumb2\libc.a(lib_a-freer.o)
 .debug_frame   0x000008f4       0x3c c:/actel/libero_v9.1/softconsole/sourcery-g++/bin/../lib/gcc/arm-none-eabi/4.4.1/../../../../arm-none-eabi/lib/thumb2\libc.a(lib_a-fvwrite.o)
 .debug_frame   0x00000930       0x54 c:/actel/libero_v9.1/softconsole/sourcery-g++/bin/../lib/gcc/arm-none-eabi/4.4.1/../../../../arm-none-eabi/lib/thumb2\libc.a(lib_a-fwalk.o)
 .debug_frame   0x00000984       0x6c c:/actel/libero_v9.1/softconsole/sourcery-g++/bin/../lib/gcc/arm-none-eabi/4.4.1/../../../../arm-none-eabi/lib/thumb2\libc.a(lib_a-locale.o)
 .debug_frame   0x000009f0       0x34 c:/actel/libero_v9.1/softconsole/sourcery-g++/bin/../lib/gcc/arm-none-eabi/4.4.1/../../../../arm-none-eabi/lib/thumb2\libc.a(lib_a-makebuf.o)
 .debug_frame   0x00000a24       0x30 c:/actel/libero_v9.1/softconsole/sourcery-g++/bin/../lib/gcc/arm-none-eabi/4.4.1/../../../../arm-none-eabi/lib/thumb2\libc.a(lib_a-malloc.o)
 .debug_frame   0x00000a54       0x3c c:/actel/libero_v9.1/softconsole/sourcery-g++/bin/../lib/gcc/arm-none-eabi/4.4.1/../../../../arm-none-eabi/lib/thumb2\libc.a(lib_a-mallocr.o)
 .debug_frame   0x00000a90       0x28 c:/actel/libero_v9.1/softconsole/sourcery-g++/bin/../lib/gcc/arm-none-eabi/4.4.1/../../../../arm-none-eabi/lib/thumb2\libc.a(lib_a-memchr.o)
 .debug_frame   0x00000ab8       0x2c c:/actel/libero_v9.1/softconsole/sourcery-g++/bin/../lib/gcc/arm-none-eabi/4.4.1/../../../../arm-none-eabi/lib/thumb2\libc.a(lib_a-memmove.o)
 .debug_frame   0x00000ae4       0x28 c:/actel/libero_v9.1/softconsole/sourcery-g++/bin/../lib/gcc/arm-none-eabi/4.4.1/../../../../arm-none-eabi/lib/thumb2\libc.a(lib_a-memset.o)
 .debug_frame   0x00000b0c       0x30 c:/actel/libero_v9.1/softconsole/sourcery-g++/bin/../lib/gcc/arm-none-eabi/4.4.1/../../../../arm-none-eabi/lib/thumb2\libc.a(lib_a-mlock.o)
 .debug_frame   0x00000b3c      0x240 c:/actel/libero_v9.1/softconsole/sourcery-g++/bin/../lib/gcc/arm-none-eabi/4.4.1/../../../../arm-none-eabi/lib/thumb2\libc.a(lib_a-mprec.o)
 .debug_frame   0x00000d7c       0x3c c:/actel/libero_v9.1/softconsole/sourcery-g++/bin/../lib/gcc/arm-none-eabi/4.4.1/../../../../arm-none-eabi/lib/thumb2\libc.a(lib_a-reallocr.o)
 .debug_frame   0x00000db8       0x20 c:/actel/libero_v9.1/softconsole/sourcery-g++/bin/../lib/gcc/arm-none-eabi/4.4.1/../../../../arm-none-eabi/lib/thumb2\libc.a(lib_a-s_isinfd.o)
 .debug_frame   0x00000dd8       0x20 c:/actel/libero_v9.1/softconsole/sourcery-g++/bin/../lib/gcc/arm-none-eabi/4.4.1/../../../../arm-none-eabi/lib/thumb2\libc.a(lib_a-s_isnand.o)
 .debug_frame   0x00000df8       0x2c c:/actel/libero_v9.1/softconsole/sourcery-g++/bin/../lib/gcc/arm-none-eabi/4.4.1/../../../../arm-none-eabi/lib/thumb2\libc.a(lib_a-sbrkr.o)
 .debug_frame   0x00000e24       0x70 c:/actel/libero_v9.1/softconsole/sourcery-g++/bin/../lib/gcc/arm-none-eabi/4.4.1/../../../../arm-none-eabi/lib/thumb2\libc.a(lib_a-stdio.o)
 .debug_frame   0x00000e94       0x30 c:/actel/libero_v9.1/softconsole/sourcery-g++/bin/../lib/gcc/arm-none-eabi/4.4.1/../../../../arm-none-eabi/lib/thumb2\libc.a(lib_a-strcmp.o)
 .debug_frame   0x00000ec4       0x2c c:/actel/libero_v9.1/softconsole/sourcery-g++/bin/../lib/gcc/arm-none-eabi/4.4.1/../../../../arm-none-eabi/lib/thumb2\libc.a(lib_a-callocr.o)
 .debug_frame   0x00000ef0       0x2c c:/actel/libero_v9.1/softconsole/sourcery-g++/bin/../lib/gcc/arm-none-eabi/4.4.1/../../../../arm-none-eabi/lib/thumb2\libc.a(lib_a-closer.o)
 .debug_frame   0x00000f1c       0x3c c:/actel/libero_v9.1/softconsole/sourcery-g++/bin/../lib/gcc/arm-none-eabi/4.4.1/../../../../arm-none-eabi/lib/thumb2\libc.a(lib_a-fclose.o)
 .debug_frame   0x00000f58       0x2c c:/actel/libero_v9.1/softconsole/sourcery-g++/bin/../lib/gcc/arm-none-eabi/4.4.1/../../../../arm-none-eabi/lib/thumb2\libc.a(lib_a-fstatr.o)
 .debug_frame   0x00000f84       0x2c c:/actel/libero_v9.1/softconsole/sourcery-g++/bin/../lib/gcc/arm-none-eabi/4.4.1/../../../../arm-none-eabi/lib/thumb2\libc.a(lib_a-isattyr.o)
 .debug_frame   0x00000fb0       0x2c c:/actel/libero_v9.1/softconsole/sourcery-g++/bin/../lib/gcc/arm-none-eabi/4.4.1/../../../../arm-none-eabi/lib/thumb2\libc.a(lib_a-lseekr.o)
 .debug_frame   0x00000fdc       0x2c c:/actel/libero_v9.1/softconsole/sourcery-g++/bin/../lib/gcc/arm-none-eabi/4.4.1/../../../../arm-none-eabi/lib/thumb2\libc.a(lib_a-readr.o)
 .debug_frame   0x00001008       0x64 c:/actel/libero_v9.1/softconsole/sourcery-g++/bin/../lib/gcc/arm-none-eabi/4.4.1/../../../../arm-none-eabi/lib/thumb2\libc.a(lib_a-reent.o)
 .debug_frame   0x0000106c       0x20 c:/actel/libero_v9.1/softconsole/sourcery-g++/bin/../lib/gcc/arm-none-eabi/4.4.1/thumb2\libgcc.a(_udivsi3.o)
 .debug_frame   0x0000108c       0x50 c:/actel/libero_v9.1/softconsole/sourcery-g++/bin/../lib/gcc/arm-none-eabi/4.4.1/thumb2\libgcc.a(bpabi.o)
 .debug_frame   0x000010dc       0x3c c:/actel/libero_v9.1/softconsole/sourcery-g++/bin/../lib/gcc/arm-none-eabi/4.4.1/thumb2\libgcc.a(_divdi3.o)
 .debug_frame   0x00001118       0x3c c:/actel/libero_v9.1/softconsole/sourcery-g++/bin/../lib/gcc/arm-none-eabi/4.4.1/thumb2\libgcc.a(_udivdi3.o)

.debug_str      0x00000000     0x1d21
 *(.debug_str)
 .debug_str     0x00000000      0x335 ./main.o
                                0x388 (size before relaxing)
 .debug_str     0x00000335       0x43 ./n64_driver.o
                                0x1d9 (size before relaxing)
 .debug_str     0x00000378      0xfab C:/Users/rpokeefe/repos/373/n64ControlLibero/SoftConsole/n64ControlLibero_MSS_MSS_CM3_0/n64ControlLibero_MSS_MSS_CM3_0_hw_platform/Debug/CMSIS/startup_gcc/newlib_stubs.o
                               0x10c9 (size before relaxing)
 .debug_str     0x00001323      0x628 C:\Users\rpokeefe\repos\373\n64ControlLibero\SoftConsole\n64ControlLibero_MSS_MSS_CM3_0\n64ControlLibero_MSS_MSS_CM3_0_hw_platform\Debug\libn64ControlLibero_MSS_MSS_CM3_0_hw_platform.a(mss_uart.o)
                               0x14da (size before relaxing)
 .debug_str     0x0000194b      0x2df C:\Users\rpokeefe\repos\373\n64ControlLibero\SoftConsole\n64ControlLibero_MSS_MSS_CM3_0\n64ControlLibero_MSS_MSS_CM3_0_hw_platform\Debug\libn64ControlLibero_MSS_MSS_CM3_0_hw_platform.a(mss_gpio.o)
                               0x12b2 (size before relaxing)
 .debug_str     0x00001c2a       0xf7 C:\Users\rpokeefe\repos\373\n64ControlLibero\SoftConsole\n64ControlLibero_MSS_MSS_CM3_0\n64ControlLibero_MSS_MSS_CM3_0_hw_platform\Debug\libn64ControlLibero_MSS_MSS_CM3_0_hw_platform.a(system_a2fxxxm3.o)
                                0x47d (size before relaxing)

.debug_loc      0x00000000      0xe90
 *(.debug_loc)
 .debug_loc     0x00000000       0x6e ./main.o
 .debug_loc     0x0000006e       0xdd ./n64_driver.o
 .debug_loc     0x0000014b      0x30d C:/Users/rpokeefe/repos/373/n64ControlLibero/SoftConsole/n64ControlLibero_MSS_MSS_CM3_0/n64ControlLibero_MSS_MSS_CM3_0_hw_platform/Debug/CMSIS/startup_gcc/newlib_stubs.o
 .debug_loc     0x00000458      0x894 C:\Users\rpokeefe\repos\373\n64ControlLibero\SoftConsole\n64ControlLibero_MSS_MSS_CM3_0\n64ControlLibero_MSS_MSS_CM3_0_hw_platform\Debug\libn64ControlLibero_MSS_MSS_CM3_0_hw_platform.a(mss_uart.o)
 .debug_loc     0x00000cec       0xf1 C:\Users\rpokeefe\repos\373\n64ControlLibero\SoftConsole\n64ControlLibero_MSS_MSS_CM3_0\n64ControlLibero_MSS_MSS_CM3_0_hw_platform\Debug\libn64ControlLibero_MSS_MSS_CM3_0_hw_platform.a(mss_gpio.o)
 .debug_loc     0x00000ddd       0xb3 C:\Users\rpokeefe\repos\373\n64ControlLibero\SoftConsole\n64ControlLibero_MSS_MSS_CM3_0\n64ControlLibero_MSS_MSS_CM3_0_hw_platform\Debug\libn64ControlLibero_MSS_MSS_CM3_0_hw_platform.a(system_a2fxxxm3.o)

.debug_macinfo  0x00000000    0x2a828
 *(.debug_macinfo)
 .debug_macinfo
                0x00000000     0xa2ed ./main.o
 .debug_macinfo
                0x0000a2ed     0x4fb5 ./n64_driver.o
 .debug_macinfo
                0x0000f2a2     0x99f3 C:/Users/rpokeefe/repos/373/n64ControlLibero/SoftConsole/n64ControlLibero_MSS_MSS_CM3_0/n64ControlLibero_MSS_MSS_CM3_0_hw_platform/Debug/CMSIS/startup_gcc/newlib_stubs.o
 .debug_macinfo
                0x00018c95     0x63ed C:\Users\rpokeefe\repos\373\n64ControlLibero\SoftConsole\n64ControlLibero_MSS_MSS_CM3_0\n64ControlLibero_MSS_MSS_CM3_0_hw_platform\Debug\libn64ControlLibero_MSS_MSS_CM3_0_hw_platform.a(mss_uart.o)
 .debug_macinfo
                0x0001f082     0x5d04 C:\Users\rpokeefe\repos\373\n64ControlLibero\SoftConsole\n64ControlLibero_MSS_MSS_CM3_0\n64ControlLibero_MSS_MSS_CM3_0_hw_platform\Debug\libn64ControlLibero_MSS_MSS_CM3_0_hw_platform.a(mss_gpio.o)
 .debug_macinfo
                0x00024d86     0x5aa2 C:\Users\rpokeefe\repos\373\n64ControlLibero\SoftConsole\n64ControlLibero_MSS_MSS_CM3_0\n64ControlLibero_MSS_MSS_CM3_0_hw_platform\Debug\libn64ControlLibero_MSS_MSS_CM3_0_hw_platform.a(system_a2fxxxm3.o)

.debug_weaknames
 *(.debug_weaknames)

.debug_funcnames
 *(.debug_funcnames)

.debug_typenames
 *(.debug_typenames)

.debug_varnames
 *(.debug_varnames)

.note.gnu.arm.ident
 *(.note.gnu.arm.ident)

.ARM.attributes
                0x00000000       0x25
 *(.ARM.attributes)
 .ARM.attributes
                0x00000000       0x19 c:/actel/libero_v9.1/softconsole/sourcery-g++/bin/../lib/gcc/arm-none-eabi/4.4.1/thumb2/crti.o
 .ARM.attributes
                0x00000019       0x29 c:/actel/libero_v9.1/softconsole/sourcery-g++/bin/../lib/gcc/arm-none-eabi/4.4.1/thumb2/crtbegin.o
 .ARM.attributes
                0x00000042       0x31 ./main.o
 .ARM.attributes
                0x00000073       0x31 ./n64_driver.o
 .ARM.attributes
                0x000000a4       0x21 C:/Users/rpokeefe/repos/373/n64ControlLibero/SoftConsole/n64ControlLibero_MSS_MSS_CM3_0/n64ControlLibero_MSS_MSS_CM3_0_hw_platform/Debug/CMSIS/startup_gcc/startup_a2fxxxm3.o
 .ARM.attributes
                0x000000c5       0x31 C:/Users/rpokeefe/repos/373/n64ControlLibero/SoftConsole/n64ControlLibero_MSS_MSS_CM3_0/n64ControlLibero_MSS_MSS_CM3_0_hw_platform/Debug/CMSIS/startup_gcc/newlib_stubs.o
 .ARM.attributes
                0x000000f6       0x31 C:\Users\rpokeefe\repos\373\n64ControlLibero\SoftConsole\n64ControlLibero_MSS_MSS_CM3_0\n64ControlLibero_MSS_MSS_CM3_0_hw_platform\Debug\libn64ControlLibero_MSS_MSS_CM3_0_hw_platform.a(mss_uart.o)
 .ARM.attributes
                0x00000127       0x31 C:\Users\rpokeefe\repos\373\n64ControlLibero\SoftConsole\n64ControlLibero_MSS_MSS_CM3_0\n64ControlLibero_MSS_MSS_CM3_0_hw_platform\Debug\libn64ControlLibero_MSS_MSS_CM3_0_hw_platform.a(mss_gpio.o)
 .ARM.attributes
                0x00000158       0x31 C:\Users\rpokeefe\repos\373\n64ControlLibero\SoftConsole\n64ControlLibero_MSS_MSS_CM3_0\n64ControlLibero_MSS_MSS_CM3_0_hw_platform\Debug\libn64ControlLibero_MSS_MSS_CM3_0_hw_platform.a(system_a2fxxxm3.o)
 .ARM.attributes
                0x00000189       0x29 c:/actel/libero_v9.1/softconsole/sourcery-g++/bin/../lib/gcc/arm-none-eabi/4.4.1/../../../../arm-none-eabi/lib/thumb2\libc.a(lib_a-errno.o)
 .ARM.attributes
                0x000001b2       0x29 c:/actel/libero_v9.1/softconsole/sourcery-g++/bin/../lib/gcc/arm-none-eabi/4.4.1/../../../../arm-none-eabi/lib/thumb2\libc.a(lib_a-impure.o)
 .ARM.attributes
                0x000001db       0x29 c:/actel/libero_v9.1/softconsole/sourcery-g++/bin/../lib/gcc/arm-none-eabi/4.4.1/../../../../arm-none-eabi/lib/thumb2\libc.a(lib_a-init.o)
 .ARM.attributes
                0x00000204       0x29 c:/actel/libero_v9.1/softconsole/sourcery-g++/bin/../lib/gcc/arm-none-eabi/4.4.1/../../../../arm-none-eabi/lib/thumb2\libc.a(lib_a-memcpy.o)
 .ARM.attributes
                0x0000022d       0x29 c:/actel/libero_v9.1/softconsole/sourcery-g++/bin/../lib/gcc/arm-none-eabi/4.4.1/../../../../arm-none-eabi/lib/thumb2\libc.a(lib_a-printf.o)
 .ARM.attributes
                0x00000256       0x29 c:/actel/libero_v9.1/softconsole/sourcery-g++/bin/../lib/gcc/arm-none-eabi/4.4.1/../../../../arm-none-eabi/lib/thumb2\libc.a(lib_a-puts.o)
 .ARM.attributes
                0x0000027f       0x29 c:/actel/libero_v9.1/softconsole/sourcery-g++/bin/../lib/gcc/arm-none-eabi/4.4.1/../../../../arm-none-eabi/lib/thumb2\libc.a(lib_a-strlen.o)
 .ARM.attributes
                0x000002a8       0x29 c:/actel/libero_v9.1/softconsole/sourcery-g++/bin/../lib/gcc/arm-none-eabi/4.4.1/../../../../arm-none-eabi/lib/thumb2\libc.a(lib_a-vfprintf.o)
 .ARM.attributes
                0x000002d1       0x29 c:/actel/libero_v9.1/softconsole/sourcery-g++/bin/../lib/gcc/arm-none-eabi/4.4.1/../../../../arm-none-eabi/lib/thumb2\libc.a(lib_a-wsetup.o)
 .ARM.attributes
                0x000002fa       0x29 c:/actel/libero_v9.1/softconsole/sourcery-g++/bin/../lib/gcc/arm-none-eabi/4.4.1/../../../../arm-none-eabi/lib/thumb2\libc.a(lib_a-dtoa.o)
 .ARM.attributes
                0x00000323       0x29 c:/actel/libero_v9.1/softconsole/sourcery-g++/bin/../lib/gcc/arm-none-eabi/4.4.1/../../../../arm-none-eabi/lib/thumb2\libc.a(lib_a-fflush.o)
 .ARM.attributes
                0x0000034c       0x29 c:/actel/libero_v9.1/softconsole/sourcery-g++/bin/../lib/gcc/arm-none-eabi/4.4.1/../../../../arm-none-eabi/lib/thumb2\libc.a(lib_a-findfp.o)
 .ARM.attributes
                0x00000375       0x29 c:/actel/libero_v9.1/softconsole/sourcery-g++/bin/../lib/gcc/arm-none-eabi/4.4.1/../../../../arm-none-eabi/lib/thumb2\libc.a(lib_a-freer.o)
 .ARM.attributes
                0x0000039e       0x29 c:/actel/libero_v9.1/softconsole/sourcery-g++/bin/../lib/gcc/arm-none-eabi/4.4.1/../../../../arm-none-eabi/lib/thumb2\libc.a(lib_a-fvwrite.o)
 .ARM.attributes
                0x000003c7       0x29 c:/actel/libero_v9.1/softconsole/sourcery-g++/bin/../lib/gcc/arm-none-eabi/4.4.1/../../../../arm-none-eabi/lib/thumb2\libc.a(lib_a-fwalk.o)
 .ARM.attributes
                0x000003f0       0x29 c:/actel/libero_v9.1/softconsole/sourcery-g++/bin/../lib/gcc/arm-none-eabi/4.4.1/../../../../arm-none-eabi/lib/thumb2\libc.a(lib_a-locale.o)
 .ARM.attributes
                0x00000419       0x29 c:/actel/libero_v9.1/softconsole/sourcery-g++/bin/../lib/gcc/arm-none-eabi/4.4.1/../../../../arm-none-eabi/lib/thumb2\libc.a(lib_a-makebuf.o)
 .ARM.attributes
                0x00000442       0x29 c:/actel/libero_v9.1/softconsole/sourcery-g++/bin/../lib/gcc/arm-none-eabi/4.4.1/../../../../arm-none-eabi/lib/thumb2\libc.a(lib_a-malloc.o)
 .ARM.attributes
                0x0000046b       0x29 c:/actel/libero_v9.1/softconsole/sourcery-g++/bin/../lib/gcc/arm-none-eabi/4.4.1/../../../../arm-none-eabi/lib/thumb2\libc.a(lib_a-mallocr.o)
 .ARM.attributes
                0x00000494       0x29 c:/actel/libero_v9.1/softconsole/sourcery-g++/bin/../lib/gcc/arm-none-eabi/4.4.1/../../../../arm-none-eabi/lib/thumb2\libc.a(lib_a-memchr.o)
 .ARM.attributes
                0x000004bd       0x29 c:/actel/libero_v9.1/softconsole/sourcery-g++/bin/../lib/gcc/arm-none-eabi/4.4.1/../../../../arm-none-eabi/lib/thumb2\libc.a(lib_a-memmove.o)
 .ARM.attributes
                0x000004e6       0x29 c:/actel/libero_v9.1/softconsole/sourcery-g++/bin/../lib/gcc/arm-none-eabi/4.4.1/../../../../arm-none-eabi/lib/thumb2\libc.a(lib_a-memset.o)
 .ARM.attributes
                0x0000050f       0x29 c:/actel/libero_v9.1/softconsole/sourcery-g++/bin/../lib/gcc/arm-none-eabi/4.4.1/../../../../arm-none-eabi/lib/thumb2\libc.a(lib_a-mlock.o)
 .ARM.attributes
                0x00000538       0x29 c:/actel/libero_v9.1/softconsole/sourcery-g++/bin/../lib/gcc/arm-none-eabi/4.4.1/../../../../arm-none-eabi/lib/thumb2\libc.a(lib_a-mprec.o)
 .ARM.attributes
                0x00000561       0x29 c:/actel/libero_v9.1/softconsole/sourcery-g++/bin/../lib/gcc/arm-none-eabi/4.4.1/../../../../arm-none-eabi/lib/thumb2\libc.a(lib_a-reallocr.o)
 .ARM.attributes
                0x0000058a       0x29 c:/actel/libero_v9.1/softconsole/sourcery-g++/bin/../lib/gcc/arm-none-eabi/4.4.1/../../../../arm-none-eabi/lib/thumb2\libc.a(lib_a-s_isinfd.o)
 .ARM.attributes
                0x000005b3       0x29 c:/actel/libero_v9.1/softconsole/sourcery-g++/bin/../lib/gcc/arm-none-eabi/4.4.1/../../../../arm-none-eabi/lib/thumb2\libc.a(lib_a-s_isnand.o)
 .ARM.attributes
                0x000005dc       0x29 c:/actel/libero_v9.1/softconsole/sourcery-g++/bin/../lib/gcc/arm-none-eabi/4.4.1/../../../../arm-none-eabi/lib/thumb2\libc.a(lib_a-sbrkr.o)
 .ARM.attributes
                0x00000605       0x29 c:/actel/libero_v9.1/softconsole/sourcery-g++/bin/../lib/gcc/arm-none-eabi/4.4.1/../../../../arm-none-eabi/lib/thumb2\libc.a(lib_a-stdio.o)
 .ARM.attributes
                0x0000062e       0x29 c:/actel/libero_v9.1/softconsole/sourcery-g++/bin/../lib/gcc/arm-none-eabi/4.4.1/../../../../arm-none-eabi/lib/thumb2\libc.a(lib_a-strcmp.o)
 .ARM.attributes
                0x00000657       0x29 c:/actel/libero_v9.1/softconsole/sourcery-g++/bin/../lib/gcc/arm-none-eabi/4.4.1/../../../../arm-none-eabi/lib/thumb2\libc.a(lib_a-callocr.o)
 .ARM.attributes
                0x00000680       0x29 c:/actel/libero_v9.1/softconsole/sourcery-g++/bin/../lib/gcc/arm-none-eabi/4.4.1/../../../../arm-none-eabi/lib/thumb2\libc.a(lib_a-closer.o)
 .ARM.attributes
                0x000006a9       0x29 c:/actel/libero_v9.1/softconsole/sourcery-g++/bin/../lib/gcc/arm-none-eabi/4.4.1/../../../../arm-none-eabi/lib/thumb2\libc.a(lib_a-fclose.o)
 .ARM.attributes
                0x000006d2       0x29 c:/actel/libero_v9.1/softconsole/sourcery-g++/bin/../lib/gcc/arm-none-eabi/4.4.1/../../../../arm-none-eabi/lib/thumb2\libc.a(lib_a-fstatr.o)
 .ARM.attributes
                0x000006fb       0x29 c:/actel/libero_v9.1/softconsole/sourcery-g++/bin/../lib/gcc/arm-none-eabi/4.4.1/../../../../arm-none-eabi/lib/thumb2\libc.a(lib_a-isattyr.o)
 .ARM.attributes
                0x00000724       0x29 c:/actel/libero_v9.1/softconsole/sourcery-g++/bin/../lib/gcc/arm-none-eabi/4.4.1/../../../../arm-none-eabi/lib/thumb2\libc.a(lib_a-lseekr.o)
 .ARM.attributes
                0x0000074d       0x29 c:/actel/libero_v9.1/softconsole/sourcery-g++/bin/../lib/gcc/arm-none-eabi/4.4.1/../../../../arm-none-eabi/lib/thumb2\libc.a(lib_a-readr.o)
 .ARM.attributes
                0x00000776       0x29 c:/actel/libero_v9.1/softconsole/sourcery-g++/bin/../lib/gcc/arm-none-eabi/4.4.1/../../../../arm-none-eabi/lib/thumb2\libc.a(lib_a-reent.o)
 .ARM.attributes
                0x0000079f       0x1b c:/actel/libero_v9.1/softconsole/sourcery-g++/bin/../lib/gcc/arm-none-eabi/4.4.1/thumb2\libgcc.a(_udivsi3.o)
 .ARM.attributes
                0x000007ba       0x1b c:/actel/libero_v9.1/softconsole/sourcery-g++/bin/../lib/gcc/arm-none-eabi/4.4.1/thumb2\libgcc.a(_dvmd_tls.o)
 .ARM.attributes
                0x000007d5       0x1b c:/actel/libero_v9.1/softconsole/sourcery-g++/bin/../lib/gcc/arm-none-eabi/4.4.1/thumb2\libgcc.a(_arm_addsubdf3.o)
 .ARM.attributes
                0x000007f0       0x1b c:/actel/libero_v9.1/softconsole/sourcery-g++/bin/../lib/gcc/arm-none-eabi/4.4.1/thumb2\libgcc.a(_arm_muldivdf3.o)
 .ARM.attributes
                0x0000080b       0x1b c:/actel/libero_v9.1/softconsole/sourcery-g++/bin/../lib/gcc/arm-none-eabi/4.4.1/thumb2\libgcc.a(_arm_cmpdf2.o)
 .ARM.attributes
                0x00000826       0x1b c:/actel/libero_v9.1/softconsole/sourcery-g++/bin/../lib/gcc/arm-none-eabi/4.4.1/thumb2\libgcc.a(_arm_fixdfsi.o)
 .ARM.attributes
                0x00000841       0x1b c:/actel/libero_v9.1/softconsole/sourcery-g++/bin/../lib/gcc/arm-none-eabi/4.4.1/thumb2\libgcc.a(_aeabi_uldivmod.o)
 .ARM.attributes
                0x0000085c       0x29 c:/actel/libero_v9.1/softconsole/sourcery-g++/bin/../lib/gcc/arm-none-eabi/4.4.1/thumb2\libgcc.a(bpabi.o)
 .ARM.attributes
                0x00000885       0x29 c:/actel/libero_v9.1/softconsole/sourcery-g++/bin/../lib/gcc/arm-none-eabi/4.4.1/thumb2\libgcc.a(_divdi3.o)
 .ARM.attributes
                0x000008ae       0x29 c:/actel/libero_v9.1/softconsole/sourcery-g++/bin/../lib/gcc/arm-none-eabi/4.4.1/thumb2\libgcc.a(_udivdi3.o)
 .ARM.attributes
                0x000008d7       0x29 c:/actel/libero_v9.1/softconsole/sourcery-g++/bin/../lib/gcc/arm-none-eabi/4.4.1/thumb2/crtend.o
 .ARM.attributes
                0x00000900       0x19 c:/actel/libero_v9.1/softconsole/sourcery-g++/bin/../lib/gcc/arm-none-eabi/4.4.1/thumb2/crtn.o

/DISCARD/
 *(.note.GNU-stack)
 *(.isr_vector)
OUTPUT(n64ControlLibero_MSS_MSS_CM3_0_app elf32-littlearm)

.debug_ranges   0x00000000      0x240
 .debug_ranges  0x00000000       0x20 ./main.o
 .debug_ranges  0x00000020       0x30 ./n64_driver.o
 .debug_ranges  0x00000050       0xa0 C:/Users/rpokeefe/repos/373/n64ControlLibero/SoftConsole/n64ControlLibero_MSS_MSS_CM3_0/n64ControlLibero_MSS_MSS_CM3_0_hw_platform/Debug/CMSIS/startup_gcc/newlib_stubs.o
 .debug_ranges  0x000000f0       0xd0 C:\Users\rpokeefe\repos\373\n64ControlLibero\SoftConsole\n64ControlLibero_MSS_MSS_CM3_0\n64ControlLibero_MSS_MSS_CM3_0_hw_platform\Debug\libn64ControlLibero_MSS_MSS_CM3_0_hw_platform.a(mss_uart.o)
 .debug_ranges  0x000001c0       0x60 C:\Users\rpokeefe\repos\373\n64ControlLibero\SoftConsole\n64ControlLibero_MSS_MSS_CM3_0\n64ControlLibero_MSS_MSS_CM3_0_hw_platform\Debug\libn64ControlLibero_MSS_MSS_CM3_0_hw_platform.a(mss_gpio.o)
 .debug_ranges  0x00000220       0x20 C:\Users\rpokeefe\repos\373\n64ControlLibero\SoftConsole\n64ControlLibero_MSS_MSS_CM3_0\n64ControlLibero_MSS_MSS_CM3_0_hw_platform\Debug\libn64ControlLibero_MSS_MSS_CM3_0_hw_platform.a(system_a2fxxxm3.o)
