Target Part: A2F200M3F_FBGA484_STD
Report for cell n64ControlLibero.verilog
  Core Cell usage:
              cell count     area count*area
              AND2     9      1.0        9.0
              AND3    18      1.0       18.0
              AO1A     1      1.0        1.0
              AO1B     1      1.0        1.0
              AO1C     1      1.0        1.0
             AOI1B     1      1.0        1.0
              AX1C     1      1.0        1.0
               GND     9      0.0        0.0
           MSS_APB     1      0.0        0.0
           MSS_CCC     1      0.0        0.0
               MX2    10      1.0       10.0
              NOR2    23      1.0       23.0
             NOR2A     6      1.0        6.0
             NOR2B    60      1.0       60.0
              NOR3     3      1.0        3.0
             NOR3A    11      1.0       11.0
             NOR3B     6      1.0        6.0
             NOR3C    13      1.0       13.0
               OA1     6      1.0        6.0
              OA1B     2      1.0        2.0
              OAI1     1      1.0        1.0
               OR2     2      1.0        2.0
              OR2A     1      1.0        1.0
              OR2B     4      1.0        4.0
              OR3B     2      1.0        2.0
             RCOSC     1      0.0        0.0
               VCC     9      0.0        0.0
               XA1     1      1.0        1.0
              XOR2    26      1.0       26.0


              DFN1    66      1.0       66.0
            DFN1E0     4      1.0        4.0
            DFN1E1     8      1.0        8.0
                   -----          ----------
             TOTAL   308               287.0


  IO Cell usage:
              cell count
         INBUF_MSS     2
            OUTBUF     4
        OUTBUF_MSS     1
           TRIBUFF     1
                   -----
             TOTAL     8


Core Cells         : 287 of 4608 (6%)
IO Cells           : 8

  RAM/ROM Usage Summary
Block Rams : 0 of 8 (0%)

