Target Part: A2F200M3F_FBGA484_STD
Report for cell n64ControlLibero.verilog
  Core Cell usage:
              cell count     area count*area
              AND2     8      1.0        8.0
              AND3    18      1.0       18.0
              AO1A     2      1.0        2.0
               AX1     2      1.0        2.0
              AX1C     1      1.0        1.0
               GND     9      0.0        0.0
           MSS_APB     1      0.0        0.0
           MSS_CCC     1      0.0        0.0
               MX2     2      1.0        2.0
              NOR2    23      1.0       23.0
             NOR2A     5      1.0        5.0
             NOR2B    50      1.0       50.0
             NOR3A    11      1.0       11.0
             NOR3B     5      1.0        5.0
             NOR3C    14      1.0       14.0
               OA1     7      1.0        7.0
              OA1B     1      1.0        1.0
              OAI1     1      1.0        1.0
               OR2     1      1.0        1.0
              OR2A     2      1.0        2.0
              OR2B     4      1.0        4.0
               OR3     1      1.0        1.0
              OR3B     2      1.0        2.0
              OR3C     4      1.0        4.0
             RCOSC     1      0.0        0.0
               VCC     9      0.0        0.0
               XA1     1      1.0        1.0
              XA1A     3      1.0        3.0
              XOR2    21      1.0       21.0


              DFN1    64      1.0       64.0
            DFN1E0     5      1.0        5.0
                   -----          ----------
             TOTAL   279               258.0


  IO Cell usage:
              cell count
         INBUF_MSS     2
            OUTBUF     2
        OUTBUF_MSS     1
           TRIBUFF     1
                   -----
             TOTAL     6


Core Cells         : 258 of 4608 (6%)
IO Cells           : 6

  RAM/ROM Usage Summary
Block Rams : 0 of 8 (0%)

